Raw-background shadow-mask exclusions 53
rejected observations 51 Rint before rejection 0.07547767168889853
scale factors runs2..6,module1 [0.97235705 0.93622248 0.88492154 0.97317594 0.9574415  0.99638425]
N raw/valid/unique 5816 3810 673 Rint 0.04178792175629895 Rint strong 0.04054386377974868
SYSTEMATIC ABSENCES [[ 0.          0.          1.          0.2245626   0.2590198   2.
  12.29723784  1.        ]
 [ 0.          0.          3.          0.21986413  1.01188092  2.
   4.09907928  1.        ]
 [ 0.          0.          5.          0.61048147  1.14784733  4.
   2.45944757  1.        ]
 [ 0.          0.          7.         -0.34512717  0.97564884  4.
   1.75674826  1.        ]
 [ 0.          0.          9.         -0.49548542  1.17934173  4.
   1.36635976  1.        ]
 [ 0.          0.         11.          0.52786678  1.50371925  4.
   1.11793071  1.        ]
 [ 0.          0.         13.          0.98030742  1.63935879  3.
   0.94594137  1.        ]
 [ 0.          0.         15.          0.84789541  2.66886857  2.
   0.81981586  1.        ]
 [ 0.          0.         17.          7.50382121  4.05660351  1.
   0.72336693  1.        ]
 [ 0.          1.          0.          0.3245091   1.45717146  1.
   5.96930346  1.        ]
 [ 0.          3.          0.          2.47169968  2.99815389  1.
   1.98976782  1.        ]
 [ 0.          5.          0.          2.102026    3.52035426  1.
   1.19386069  1.        ]
 [ 0.          7.          0.          8.10788264  4.81400609  1.
   0.85275764  1.        ]
 [ 1.          0.          0.          0.02889349  0.82666106  2.
   5.7956112   1.        ]
 [ 3.          0.          0.         -2.12382776  1.5343292   2.
   1.9318704   1.        ]
 [ 5.          0.          0.         -0.60042628  0.82044681  4.
   1.15912224  1.        ]
 [ 7.          0.          0.          0.02664174  1.95015853  2.
   0.82794446  1.        ]]
{
  "n_predicted": 5816,
  "n_used": 3810,
  "n_unique": 673,
  "n_unique_allowed": 656,
  "n_gt_2sigma": 594,
  "Rint": 0.04178792175629895,
  "Rint_strong": 0.04054386377974868,
  "scale_parameters": [
    -0.028032207184752387,
    -0.06590213836217397,
    -0.12225629614077667,
    -0.027190391650993028,
    -0.04349065722245465,
    -0.0036223063340019472
  ],
  "scale_factors": [
    0.9723570494137914,
    0.93622248007398,
    0.884921537460967,
    0.9731759393111072,
    0.9574414992121205,
    0.9963842463033125
  ],
  "n_outlier_gt5sigma": 62,
  "outliers_omitted": true,
  "n_rejected": 51,
  "Rint_before_rejection": 0.07547767168889853,
  "rejection_rule": "at least 3 equivalents, median SNR>5, deviation from median greater than max(8sigma,30 percent median); symmetry-only, no structural model",
  "median_I_sigma": 13.059516057902655,
  "completeness_d0.85": {
    "observed": 449,
    "possible": 449,
    "fraction": 1.0
  },
  "completeness_d0.8": {
    "observed": 540,
    "possible": 540,
    "fraction": 1.0
  },
  "completeness_d0.75": {
    "observed": 622,
    "possible": 642,
    "fraction": 0.9688473520249221
  },
  "completeness_d0.72": {
    "observed": 648,
    "possible": 720,
    "fraction": 0.9
  },
  "completeness_d0.71": {
    "observed": 655,
    "possible": 754,
    "fraction": 0.8687002652519894
  },
  "completeness_d0.7": {
    "observed": 656,
    "possible": 788,
    "fraction": 0.8324873096446701
  }
}
