scales [1.         1.03634652 1.06340341 1.13602939 1.02436512 1.04304869] Rint 0.07103494317671219 Rint_filtered 0.04406693350690184 rejected 50 Rrms 0.14320613567804427 unique 666 observed 590
absences  h  k  l         I    sigma  multiplicity         d  absent_212121
 0  0  1 -0.012911 0.592241             3 12.301802           True
 0  0  3  0.570882 1.025551             2  4.100601           True
 0  0  5  0.460723 0.842656             4  2.460360           True
 0  0  7  0.331540 0.809130             4  1.757400           True
 0  0  9 -0.910350 0.761484             5  1.366867           True
 0  0 11  0.451362 1.408896             3  1.118346           True
 0  0 13  0.929927 1.429671             3  0.946292           True
 0  0 15  0.820386 2.097907             2  0.820120           True
 0  0 17  0.803550 2.023455             1  0.723635           True
 0  1  0 -0.110858 1.362683             1  5.971057           True
 0  3  0 -2.248991 1.958277             1  1.990352           True
 0  5  0 -1.256489 1.674786             2  1.194211           True
 0  7  0  0.530377 3.031609             1  0.853008           True
 1  0  0  0.664735 1.256053             1  5.797030           True
 3  0  0 -0.294076 1.304906             2  1.932343           True
 5  0  0 -0.572971 0.805760             4  1.159406           True
 7  0  0  0.635379 1.653835             2  0.828147           True
scale validation 0.07243796775506493 0.0511476519330944
scales [0.99848493 1.03008205 1.07670635 1.13344539 1.03241887 1.04241742] Rint 0.0677857413943958 Rint_filtered 0.040865653251563744 rejected 51 Rrms 0.14007793375657154 unique 666 observed 591
absences  h  k  l         I    sigma  multiplicity         d  absent_212121
 0  0  1 -0.014296 0.592548             3 12.301802           True
 0  0  3  0.579640 1.034420             2  4.100601           True
 0  0  5  0.467255 0.848605             4  2.460360           True
 0  0  7  0.326816 0.804900             4  1.757400           True
 0  0  9 -0.890939 0.751562             5  1.366867           True
 0  0 11  0.461979 1.401744             3  1.118346           True
 0  0 13  0.932487 1.428164             3  0.946292           True
 0  0 15  0.820778 2.099324             2  0.820120           True
 0  0 17  0.810712 2.037100             1  0.723635           True
 0  1  0 -0.107065 1.341367             1  5.971057           True
 0  3  0 -2.158212 1.900161             1  1.990352           True
 0  5  0 -1.216704 1.630468             2  1.194211           True
 0  7  0  0.526886 3.013829             1  0.853008           True
 1  0  0  0.659331 1.252324             1  5.797030           True
 3  0  0 -0.303633 1.320720             2  1.932343           True
 5  0  0 -0.577007 0.807844             4  1.159406           True
 7  0  0  0.623128 1.637725             2  0.828147           True
scale validation 0.06996870928808312 0.048865274148843584
chosen scan polynomial True
scales [0.99915903 1.02848178 1.07597241 1.13096128 1.03080035 1.04455345] Rint 0.06766071200695194 Rint_filtered 0.040725563097153944 rejected 51 Rrms 0.1401753948809758 unique 666 observed 591
absences  h  k  l         I    sigma  multiplicity         d  absent_212121
 0  0  1 -0.014448 0.592539             3 12.301802           True
 0  0  3  0.579955 1.034553             2  4.100601           True
 0  0  5  0.467526 0.847484             4  2.460360           True
 0  0  7  0.326015 0.804148             4  1.757400           True
 0  0  9 -0.892868 0.752754             5  1.366867           True
 0  0 11  0.460215 1.403570             3  1.118346           True
 0  0 13  0.932913 1.429557             3  0.946292           True
 0  0 15  0.821463 2.102406             2  0.820120           True
 0  0 17  0.813785 2.042964             1  0.723635           True
 0  1  0 -0.107240 1.342339             1  5.971057           True
 0  3  0 -2.163066 1.903252             1  1.990352           True
 0  5  0 -1.219109 1.633133             2  1.194211           True
 0  7  0  0.527255 3.015711             1  0.853008           True
 1  0  0  0.660850 1.253370             1  5.797030           True
 3  0  0 -0.304288 1.322266             2  1.932343           True
 5  0  0 -0.579576 0.808750             4  1.159406           True
 7  0  0  0.623617 1.636171             2  0.828147           True
