predictions 3895
integrated 0 3895
integrated 500 3895
integrated 1000 3895
integrated 1500 3895
integrated 2000 3895
integrated 2500 3895
integrated 3000 3895
integrated 3500 3895
masked 68 of 3895
scales [1.         1.03679536 1.06483547 1.13195851 1.02539648 1.04681657] Rint 0.071039340195782 Rint_filtered 0.044071800580497 rejected 50 Rrms 0.14318362565595544 unique 666 observed 590
absences  h  k  l         I    sigma  multiplicity         d  absent_212121
 0  0  1 -0.012955 0.592038             3 12.301802           True
 0  0  3  0.568665 1.021979             2  4.100601           True
 0  0  5  0.457914 0.839023             4  2.460360           True
 0  0  7  0.327807 0.805844             4  1.757400           True
 0  0  9 -0.905548 0.758853             5  1.366867           True
 0  0 11  0.448163 1.404018             3  1.118346           True
 0  0 13  0.925491 1.424420             3  0.946292           True
 0  0 15  0.813549 2.091033             2  0.820120           True
 0  0 17  0.801739 2.020010             1  0.723635           True
 0  1  0 -0.109852 1.356986             1  5.971057           True
 0  3  0 -2.228514 1.945112             1  1.990352           True
 0  5  0 -1.244923 1.662310             2  1.194211           True
 0  7  0  0.525557 3.007068             1  0.853008           True
 1  0  0  0.660219 1.252936             1  5.797030           True
 3  0  0 -0.291480 1.297615             2  1.932343           True
 5  0  0 -0.570044 0.803534             4  1.159406           True
 7  0  0  0.631946 1.646613             2  0.828147           True
selected final 623 of 666
