best 0 99 map 0.6450449952429972 model 0.6286758521187263 time 0.3654646873474121
best 0 199 map 0.45178136012584547 model 0.3684658326439889 time 0.7331295013427734
best 0 399 map 0.47589659563275033 model 0.3595616622116758 time 1.4753727912902832
trial 0 best 0.3595616622116758
trial 1 best 0.3595616622116758
trial 2 best 0.3595616622116758
trial 3 best 0.3595616622116758
trial 4 best 0.3595616622116758
best 5 99 map 0.48171200783726453 model 0.35956166221167574 time 16.789172649383545
trial 5 best 0.35956166221167574
best 6 899 map 0.46463910798540853 model 0.3595616622116757 time 22.856468200683594
trial 6 best 0.3595616622116757
trial 7 best 0.3595616622116757
trial 8 best 0.3595616622116757
trial 9 best 0.3595616622116757
trial 10 best 0.3595616622116757
trial 11 best 0.3595616622116757
trial 12 best 0.3595616622116757
trial 13 best 0.3595616622116757
trial 14 best 0.3595616622116757
trial 15 best 0.3595616622116757
trial 16 best 0.3595616622116757
trial 17 best 0.3595616622116757
trial 18 best 0.3595616622116757
trial 19 best 0.3595616622116757
best 20 199 map 0.46206259473541533 model 0.3595616622116755 time 65.34083724021912
trial 20 best 0.3595616622116755
trial 21 best 0.3595616622116755
trial 22 best 0.3595616622116755
trial 23 best 0.3595616622116755
