
 +++++++++++++++++++++++++++++++++++++++++++++++++++++++++++++++++++
 +  SHELXL -  CRYSTAL STRUCTURE REFINEMENT  -   MULTI-CPU VERSION  +
 +  Copyright(C) George M. Sheldrick 1993-2023     Version 2019/3  +
 +  job                        started at 19:41:06 on 21-Sep-2026  +
 +++++++++++++++++++++++++++++++++++++++++++++++++++++++++++++++++++

 Command line parameters: job -a50000 -b3000 -c624 -g0 -m0 -t4

 -a sets the approximate maximum number of atoms including hydrogens.
 -b sets the maximum number of full-matrix parameters (not used by CGLS).
 For example -b9000 allows refinement of 1000 anisotropic atoms or 3000
 with BLOC 1. For a 32-bit version, -b times the square root of the
 number of threads should not exceed about 65500. -c sets the reflection
 buffer size. This depends on the CPU cache size but will rarely
 need changing.

 -g sets the number of reflection groups used for calculating R_complete,
 This must be greater than 1 but not greater than the total number of
 reflections for refinement. -m sets the current reflection group number.
 This may not be less than 1 nor greater than the number set by -g. These
 command line flags override other ways of defining free-R reflections.
 The -m value is also used as a seed for the WIGL pseudo-random shifts.

 -t sets the number of threads, otherwise it is set to the apparent
 number of CPUs. For optimal performance on hyperthreading systems,
 -t should be set to a little more than half the number of CPUs;
 e.g. -t4 or -t5 for an Intel i7 processor.

 Running  4 threads on  4 processors

 TITL CrystalPilot cross-check in P 6/m m m
 CELL 0.68883 39.19000 39.19000 16.61000 90.0000 90.0000 120.0000
 ZERR 24 0.00000 0.00000 0.00000 0.0000 0.0000 0.0000
 LATT 1
 SYMM X-Y,X,Z
 SYMM Y,-X+Y,Z
 SYMM -Y,X-Y,Z
 SYMM -X+Y,-X,Z
 SYMM X-Y,-Y,-Z
 SYMM -X,-X+Y,-Z
 SYMM -X,-Y,Z
 SYMM Y,X,-Z
 SYMM -Y,-X,-Z
 SYMM -X+Y,Y,-Z
 SYMM X,X-Y,-Z
 SFAC C O Zr
 REM DISP lambda 0.68883 A is not a SHELXL built-in line (Cu/Mo/Ag K-alpha):
 REM DISP f'/f'' from cctbx (sasaki: C O Zr), mu = NIST attenuation in
 REM DISP barn/atom
 DISP $C 0.002 0.002 10.99
 DISP $O 0.007 0.006 30.28
 DISP $Zr -9.041 2.772 14341.91
 UNIT 528.0 112.0 18.0

 V =    22092.79     F(000) =    4784.0     Mu =   1.21 mm-1      Cell Wt =     9775.24    Rho =  0.735

  
 L.S. 6
 BOND $H
 CONF
 ACTA
 FMAP 2
 PLAN 20
  
 SHEL 999 1.000
  
 WGHT 0.100000 0.000000
 FVAR 0.05146
 ZR01  3   0.463835   0.536165   0.500000    10.25000     0.08664     0.08664 =
       0.06685     0.00000     0.00000     0.05480
 ZR02  3   0.544739   0.544739   0.393713    10.50000     0.09267     0.09267 =
       0.08406     0.01368     0.01368     0.05893
 O003  2   0.481260   0.586428   0.581178    11.00000     0.10557     0.10794 =
       0.09354    -0.00310    -0.00431     0.07257
 O004  2   0.533910   0.592828   0.649892    11.00000     0.11516     0.11937 =
       0.12307    -0.04070    -0.02921     0.07170
 O005  2   0.526661   0.562541   0.500000    10.50000     0.11986     0.22399 =
       0.10875     0.00000     0.00000     0.11536
 O006  2   0.538267   0.538267   0.262137    10.50000     0.20326     0.20326 =
       0.08732     0.02037     0.02037     0.15809
 O007  2   0.601029   0.601029   0.411655    10.50000     0.09298     0.09298 =
       0.28254     0.00827     0.00827     0.04372
 O008  2   0.517261   0.482739   0.393078    10.50000     0.11772     0.11772 =
       0.15113     0.02723    -0.02723     0.06194
 C009  1   0.507829   0.601595   0.634113    11.00000     0.10372     0.11140 =
       0.10641     0.00263    -0.00793     0.07074
 C00A  1   0.505000   0.689858   0.780162    11.00000     0.24770     0.11311 =
       0.08676     0.00284    -0.00561     0.12755
 O00B  1   0.477256   0.641379   0.673598    11.00000     0.16177     0.11845 =
       0.11398    -0.02339    -0.01098     0.10202
 C00C  1   0.507310   0.632652   0.686587    11.00000     0.15077     0.09777 =
       0.10975    -0.01910    -0.01615     0.08440
 O00D  1   0.474660   0.669158   0.722752    11.00000     0.21671     0.12802 =
       0.10392    -0.03247    -0.03446     0.10925
 C00E  1   0.504988   0.721803   0.831666    11.00000     0.22633     0.11231 =
       0.09659    -0.02486    -0.01495     0.11723
 O00F  1   0.504581   0.752290   0.787581    10.50000     0.21512     0.08984 =
       0.14596    -0.02337    -0.04673     0.10756
 O00G  1   0.538043   0.652445   0.741619    11.00000     0.18213     0.11087 =
       0.10030    -0.04160    -0.03651     0.08159
 C00H  1   0.504574   0.721260   0.914200    11.00000     0.25236     0.11525 =
       0.05850    -0.01455    -0.00667     0.10534
 C00I  1   0.502754   0.751377   0.957567    10.50000     0.28108     0.11800 =
       0.07482    -0.01165    -0.02329     0.14054
 O00J  1   0.537833   0.681877   0.791031    11.00000     0.25611     0.12728 =
       0.11027    -0.00340    -0.01521     0.13210
 O00L  1   0.504724   0.687496   0.958527    11.00000     0.27992     0.15238 =
       0.08608     0.01881     0.01344     0.14499
 C00M  1   0.739087   0.533480   0.500000    10.50000     0.27481
 C00O  1   0.628239   0.628239   0.464327    10.50000     0.90775
 C00P  1   0.768763   0.384381   0.500000    10.25000     0.59848
 C00Q  1   0.800483   0.400241   0.500000    10.25000     0.41081
 C00R  1   0.594771   0.672025   0.000000    10.50000     0.33543
 C00S  1   0.704197   0.560648   0.500000    10.50000     0.39336
 C00T  1   0.539253   0.460747   0.207711    10.50000     0.39239
 C00U  1   0.664960   0.584773   0.500000    10.50000     0.44759
 C00V  1   0.712205   0.424409   0.500000    10.25000     0.08805
 C00W  1   1.000000   1.000000   0.027156    10.08333     0.30203
 C00X  1   0.719243   0.621423   0.500000    10.50000     1.34362
 C00Y  1   0.586186   0.642208   0.065737    11.00000     0.85501
 C00Z  1   0.482216   0.408973   0.104805    11.00000     0.73624
 C010  1   0.770363   0.540727   0.500000    10.25000     0.54652
 C011  1   0.961978   0.923956   0.500000    10.25000     1.31055
 O012  2   0.643731   0.643731   0.239579    10.50000     0.64257
 C013  1   0.547432   0.452568   0.125261    10.50000     1.91423
 C014  1   0.930166   0.860332   0.597830    10.50000     1.29521
 O015  2   0.666667   0.333333   0.138550    10.16667     1.05749
 C016  1   1.000000   1.000000   0.130352    10.08333     2.00000
 C018  1   1.000000   1.000000   0.709858    10.08333     2.00000
 C019  1   0.747620   0.428955   0.500000    10.50000     0.92122
 C01B  1   0.926752   0.853505   0.727727    10.50000     1.21103
 C01C  1   0.780922   0.390461   0.579990    10.50000     1.37023
 C01D  1   0.752868   0.574630   0.603303    11.00000     0.73173
 C01E  1   0.935847   0.489832   0.500000    10.50000     1.56576
 HKLF 4



 Covalent radii and connectivity table for  CrystalPilot cross-check in P 6/m m m                                      
 C      0.770
 O      0.660
 ZR     1.590

 Zr01 - C01E_$13 C01E_$14 O005_$5 O005 O008_$3 O008_$1 O003_$4 O003_$6 O003_$5 O003 Zr02_$4 Zr02_$3
 Zr02 - O008_$3 O008 O005 O005_$7 O006 O007 O004_$7 O004_$4 Zr01_$1 Zr01 Zr02_$3 Zr02_$4
 O003 - C009 Zr01
 O004 - C009 Zr02_$4
 O005 - C01E_$13 Zr01 Zr02_$4 Zr02
 O006 - Zr02
 O007 - C00O Zr02
 O008 - Zr02 Zr02_$3 Zr01_$1
 C009 - O004 O003 C00C
 C00A - O00D O00J C00E
 O00B - C00C O00D
 C00C - O00B O00G C009
 O00D - O00B C00A
 C00E - C00H O00F C00A
 O00F - C00E C00E_$8
 O00G - C00C O00J
 C00H - C00E C00I O00L
 C00I - C00I_$9 C00H_$8 C00H
 O00J - O00G C00A
 O00L - O00L_$9 C00H
 C00M - C010
 C00O - C00O_$4 O007
 C00P - C00Q C01C_$4 C01C
 C00Q - C00P C01C_$4 C01C
 C00R - C00Y_$12 C00Y
 C00S - no bonds found
 C00T - C013
 C00U - C00X
 C00V - C019 C019_$10
 C00W - C00W_$11 C016
 C00X - C00U
 C00Y - C00R
 C00Z - no bonds found
 C010 - C00M C00M_$10
 C011 - no bonds found
 O012 - no bonds found
 C013 - C00T
 C014 - no bonds found
 O015 - no bonds found
 C016 - C00W
 C018 - no bonds found
 C019 - C00V
 C01B - no bonds found
 C01C - C00P C00Q
 C01D - no bonds found
 C01E - Zr01_$2 O005_$2 C01E_$15


 Operators for generating equivalent atoms:
 $1   -x+1, -y+1, -z+1
 $2   x-y+1, x, z
 $3   -x+1, -y+1, z
 $4   x, y, -z+1
 $5   -y+1, -x+1, z
 $6   -y+1, -x+1, -z+1
 $7   y, x, -z+1
 $8   x, x-y+1, z
 $9   x, y, -z+2
 $10  -x+y+1, y, z
 $11  -x+2, -y+2, -z
 $12  x, y, -z
 $13  y, -x+y+1, z
 $14  x-y, -y+1, -z+1
 $15  x, x-y, z

   179481  Reflections outside SHEL resolution limits rejected


   337815  Reflections read, of which  179481  rejected

 -39 =< h =< 39,    -39 =< k =< 39,    -16 =< l =< 16,   Max. 2-theta =   40.28

        0  Systematic absence violations (I>3sig(I)) before merging

        0  Inconsistent equivalents

     4395  Unique reflections, of which       0  suppressed

 R(int) = 0.5659     R(sigma) = 0.1066      Friedel opposites merged

 Maximum memory for data reduction =     6076 /    48177


 Reflection statistics for all twin components combined (TWST 0 set)
 Number of data for d > 1.000A (CIF: max) and d > 1.000A (CIF: full)
 (ignoring systematic absences):
 Unique reflections found (point group)       4395    4395
 Unique reflections possible (point group)    4401    4401
 Unique reflections found (Laue group)        4395    4395
 Unique reflections possible (Laue group)     4401    4401

 Special position constraints for Zr01
 z =  0.5000   y = -1.0 * x + 1.0000   U22 = 1.0 * U11   U23 = 0   U13 = 0   
 sof = 0.25000   
 Input constraints retained (at least in part) for  sof

 Special position constraints for Zr02
 y =  1.0 * x + 0.0000   U22 = 1.0 * U11   U13 = 1.0 * U23   sof = 0.50000   
 Input constraints retained (at least in part) for  sof

 Special position constraints for O005
 z =  0.5000   U23 = 0   U13 = 0   sof = 0.50000   
 Input constraints retained (at least in part) for  sof

 Special position constraints for O006
 y =  1.0 * x + 0.0000   U22 = 1.0 * U11   U13 = 1.0 * U23   sof = 0.50000   
 Input constraints retained (at least in part) for  sof

 Special position constraints for O007
 y =  1.0 * x + 0.0000   U22 = 1.0 * U11   U13 = 1.0 * U23   sof = 0.50000   
 Input constraints retained (at least in part) for  sof

 Special position constraints for O008
 y = -1.0 * x + 1.0000   U22 = 1.0 * U11   U13 =-1.0 * U23   sof = 0.50000   
 Input constraints retained (at least in part) for  sof

 Special position constraints for O00F
 y =  0.5 * x + 0.5000   U13 = 2.0 * U23   U12 = 0.5 * U11   sof = 0.50000   
 Input constraints retained (at least in part) for  sof

 Special position constraints for C00I
 y =  0.5 * x + 0.5000   U13 = 2.0 * U23   U12 = 0.5 * U11   sof = 0.50000   
 Input constraints retained (at least in part) for  sof

 Special position constraints for C00M
 z =  0.5000   sof = 0.50000   
 Input constraints retained (at least in part) for  sof

 Special position constraints for C00O
 y =  1.0 * x + 0.0000   sof = 0.50000   
 Input constraints retained (at least in part) for  sof

 Special position constraints for C00P
 z =  0.5000   y =  0.5 * x + 0.0000   sof = 0.25000   
 Input constraints retained (at least in part) for  sof

 Special position constraints for C00Q
 z =  0.5000   y =  0.5 * x + 0.0000   sof = 0.25000   
 Input constraints retained (at least in part) for  sof

 Special position constraints for C00R
 z =  0.0000   sof = 0.50000   
 Input constraints retained (at least in part) for  sof

 Special position constraints for C00S
 z =  0.5000   sof = 0.50000   
 Input constraints retained (at least in part) for  sof

 Special position constraints for C00T
 y = -1.0 * x + 1.0000   sof = 0.50000   
 Input constraints retained (at least in part) for  sof

 Special position constraints for C00U
 z =  0.5000   sof = 0.50000   
 Input constraints retained (at least in part) for  sof

 Special position constraints for C00V
 z =  0.5000   y =  2.0 * x - 1.0000   sof = 0.25000   
 Input constraints retained (at least in part) for  sof

 Special position constraints for C00W
 x =  1.0000   y =  1.0000   sof = 0.08333   
 Input constraints retained (at least in part) for  sof

 Special position constraints for C00X
 z =  0.5000   sof = 0.50000   
 Input constraints retained (at least in part) for  sof

 Special position constraints for C010
 z =  0.5000   y =  2.0 * x - 1.0000   sof = 0.25000   
 Input constraints retained (at least in part) for  sof

 Special position constraints for C011
 z =  0.5000   y =  2.0 * x - 1.0000   sof = 0.25000   
 Input constraints retained (at least in part) for  sof

 Special position constraints for O012
 y =  1.0 * x + 0.0000   sof = 0.50000   
 Input constraints retained (at least in part) for  sof

 Special position constraints for C013
 y = -1.0 * x + 1.0000   sof = 0.50000   
 Input constraints retained (at least in part) for  sof

 Special position constraints for C014
 y =  2.0 * x - 1.0000   sof = 0.50000   
 Input constraints retained (at least in part) for  sof

 Special position constraints for O015
 x =  0.6667   y =  0.3333   sof = 0.16667   
 Input constraints retained (at least in part) for  sof

 Special position constraints for C016
 x =  1.0000   y =  1.0000   sof = 0.08333   
 Input constraints retained (at least in part) for  sof

 Special position constraints for C018
 x =  1.0000   y =  1.0000   sof = 0.08333   
 Input constraints retained (at least in part) for  sof

 Special position constraints for C019
 z =  0.5000   sof = 0.50000   
 Input constraints retained (at least in part) for  sof

 Special position constraints for C01B
 y =  2.0 * x - 1.0000   sof = 0.50000   
 Input constraints retained (at least in part) for  sof

 Special position constraints for C01C
 y =  0.5 * x + 0.0000   sof = 0.50000   
 Input constraints retained (at least in part) for  sof

 Special position constraints for C01E
 z =  0.5000   sof = 0.50000   
 Input constraints retained (at least in part) for  sof


 Least-squares cycle   1   Maximum vector length =  623   Memory required =     73 /   6699 /   335963

 wR2 =  0.4354 before cycle   1 for    4395 data and    227 /    227 parameters

 GooF = S =     2.166;     Restrained GooF =      2.166 for       0 restraints

 Weight = 1 / [ sigma^2(Fo^2) + ( 0.1000 * P )^2 +   0.00 * P ]   where  P = ( Max ( Fo^2, 0 ) + 2 * Fc^2 ) / 3


     N      value        esd    shift/esd  parameter

     1     0.05083     0.00040    -1.553    OSF
   172     0.53559     0.00108    -3.396     x  C00T
   179     0.19392     0.00955    11.084    U11 C00V
   194     1.26249     0.14138     5.064    U11 C010
   200     0.61948     0.00866     8.320     x  C013
   202    -0.40000     0.61009    -4.554    U11 C013
   213     0.45309     0.00586     4.116     y  C019
   221     0.74213     0.00288    -3.734     x  C01D

 Mean shift/esd =   0.702  Maximum =    11.084 for  U11 C00V     

 Max. shift = 2.864 A for C013        Max. dU =-2.314 for C013     


 Least-squares cycle   2   Maximum vector length =  623   Memory required =     73 /   6699 /   335963

 wR2 =  0.5101 before cycle   2 for    4395 data and    227 /    227 parameters

 GooF = S =     2.727;     Restrained GooF =      2.727 for       0 restraints

 Weight = 1 / [ sigma^2(Fo^2) + ( 0.1000 * P )^2 +   0.00 * P ]   where  P = ( Max ( Fo^2, 0 ) + 2 * Fc^2 ) / 3

 Shifts scaled down to reduce maximum shift/esd from   29.10  to   15.00


     N      value        esd    shift/esd  parameter

     1     0.04840     0.00046    -5.228    OSF
   179     0.28260     0.02685     3.303    U11 C00V
   202     0.02207     0.00308     7.500    U11 C013

 Mean shift/esd =   0.359  Maximum =     7.500 for  U11 C013     

 Max. shift =12.528 A for C00O        Max. dU =-0.801 for C016     


 Least-squares cycle   3   Maximum vector length =  623   Memory required =     73 /   6699 /   335963

 wR2 =  0.4789 before cycle   3 for    4395 data and    227 /    227 parameters

 GooF = S =     2.407;     Restrained GooF =      2.407 for       0 restraints

 Weight = 1 / [ sigma^2(Fo^2) + ( 0.1000 * P )^2 +   0.00 * P ]   where  P = ( Max ( Fo^2, 0 ) + 2 * Fc^2 ) / 3

 Shifts scaled down to reduce maximum shift/esd from   26.90  to   15.00


     N      value        esd    shift/esd  parameter

     1     0.04842     0.00042     0.047    OSF
   202     0.07784     0.00393    14.184    U11 C013

 Mean shift/esd =   0.358  Maximum =    14.184 for  U11 C013     

 Max. shift =10.437 A for C018        Max. dU =-0.325 for C018     


 Least-squares cycle   4   Maximum vector length =  623   Memory required =     73 /   6699 /   335963

 wR2 =  0.4416 before cycle   4 for    4395 data and    227 /    227 parameters

 GooF = S =     2.169;     Restrained GooF =      2.169 for       0 restraints

 Weight = 1 / [ sigma^2(Fo^2) + ( 0.1000 * P )^2 +   0.00 * P ]   where  P = ( Max ( Fo^2, 0 ) + 2 * Fc^2 ) / 3

 Shifts scaled down to reduce maximum shift/esd from   22.21  to   15.00


     N      value        esd    shift/esd  parameter

     1     0.04939     0.00038     2.507    OSF
   159     0.70923     0.01529     3.186     x  C00O
   202     0.16405     0.00635    13.571    U11 C013

 Mean shift/esd =   0.328  Maximum =    13.571 for  U11 C013     

 Max. shift = 1.937 A for C00O        Max. dU = 0.355 for C010     


 Least-squares cycle   5   Maximum vector length =  623   Memory required =     73 /   6699 /   335963

 wR2 =  0.4184 before cycle   5 for    4395 data and    227 /    227 parameters

 GooF = S =     2.045;     Restrained GooF =      2.045 for       0 restraints

 Weight = 1 / [ sigma^2(Fo^2) + ( 0.1000 * P )^2 +   0.00 * P ]   where  P = ( Max ( Fo^2, 0 ) + 2 * Fc^2 ) / 3

 Shifts scaled down to reduce maximum shift/esd from   16.58  to   15.00


     N      value        esd    shift/esd  parameter

     1     0.05034     0.00037     2.614    OSF
   201     0.14410     0.00184    -3.339     z  C013
   202     0.31487     0.01129    13.360    U11 C013

 Mean shift/esd =   0.400  Maximum =    13.360 for  U11 C013     

 Max. shift = 1.567 A for C018        Max. dU = 0.603 for C016     


 Least-squares cycle   6   Maximum vector length =  623   Memory required =     73 /   6699 /   335963

 wR2 =  0.4014 before cycle   6 for    4395 data and    227 /    227 parameters

 GooF = S =     1.944;     Restrained GooF =      1.944 for       0 restraints

 Weight = 1 / [ sigma^2(Fo^2) + ( 0.1000 * P )^2 +   0.00 * P ]   where  P = ( Max ( Fo^2, 0 ) + 2 * Fc^2 ) / 3


     N      value        esd    shift/esd  parameter

     1     0.05076     0.00036     1.181    OSF
   160     1.23631     0.02483    -1.148     z  C00O
   162     0.74650     0.01307    -1.548     x  C00P
   172     0.55052     0.00152     3.992     x  C00T
   173     0.16406     0.00678    -1.132     z  C00T
   190     0.41660     0.00370     1.246     y  C00Z
   193     0.78611     0.00725     1.333     x  C010
   197     0.64562     0.00199     1.427     x  O012
   200     0.62142     0.00070     1.294     x  C013
   201     0.13060     0.00295    -4.579     z  C013
   202     0.52287     0.02254     9.226    U11 C013
   203     0.91718     0.00314     1.182     x  C014
   204     0.63313     0.01385     1.084     z  C014
   215     0.90590     0.00401    -1.035     x  C01B
   216     0.78821     0.01965     1.120     z  C01B
   218     0.79764     0.01294     1.849     x  C01C
   220     0.99986     0.23760    -1.249    U11 C01C
   221     0.73443     0.00296    -1.179     x  C01D

 Mean shift/esd =   0.388  Maximum =     9.226 for  U11 C013     

 Max. shift = 0.985 A for C016        Max. dU =-2.242 for C016     


 Largest correlation matrix elements

    -0.990 U11 C018 / U11 C016               0.755 U12 O005 / U11 O005               0.677 U12 O003 / U22 O003
    -0.975 z C018 / z C016                   0.741 U12 O00J / U22 O00J               0.677 U12 C00A / U11 C00A
     0.930 U12 O006 / U11 O006               0.732 U12 O00L / U11 O00L               0.673 U12 C00A / U22 C00A
     0.870 U12 Zr01 / U11 Zr01               0.728 U12 O005 / U22 O005               0.672 y O005 / x O005
     0.870 U12 Zr02 / U11 Zr02               0.705 U12 O00L / U22 O00L               0.665 U12 C00C / U11 C00C
    -0.849 x C01C / x C00P                   0.696 U12 O00J / U11 O00J               0.661 y C019 / x C019
     0.824 U12 O008 / U11 O008               0.691 y C00Y / x C00Y                  -0.661 x C019 / U11 C00V
     0.800 U12 O007 / U11 O007               0.684 U12 C00E / U11 C00E               0.653 U12 O003 / U11 O003



  CrystalPilot cross-check in P 6/m m m                                      

 ATOM           x        y        z         sof        U11      U22      U33      U23      U13      U12       Ueq

 Zr01        0.46389  0.53611  0.50000    0.25000    0.08432  0.08432  0.06617  0.00000  0.00000  0.05379   0.07310
   0.00000   0.00005  0.00005  0.00000    0.00000    0.00215  0.00215  0.00237  0.00000  0.00000  0.00241   0.00124

 Zr02        0.54474  0.54474  0.39387    0.50000    0.09080  0.09080  0.08192  0.01363  0.01363  0.05758   0.08243
   0.00620   0.00007  0.00007  0.00015    0.00000    0.00166  0.00166  0.00195  0.00144  0.00144  0.00179   0.00107

 O003        0.48154  0.58651  0.58218    1.00000    0.10742  0.10466  0.08432 -0.00852 -0.00726  0.07072   0.09094
   0.02455   0.00031  0.00029  0.00059    0.00000    0.00797  0.00786  0.00698  0.00626  0.00614  0.00679   0.00307

 O004        0.53415  0.59287  0.64976    1.00000    0.11317  0.12100  0.12797 -0.04081 -0.02682  0.07556   0.11315
   0.02200   0.00031  0.00030  0.00066    0.00000    0.00867  0.00867  0.00878  0.00688  0.00691  0.00753   0.00368

 O005        0.52739  0.56348  0.50000    0.50000    0.13185  0.23385  0.10701  0.00000  0.00000  0.12825   0.14120
   0.04568   0.00058  0.00069  0.00000    0.00000    0.01423  0.02101  0.01160  0.00000  0.00000  0.01495   0.00730

 O006        0.53846  0.53846  0.26142    0.50000    0.20452  0.20452  0.07774  0.01224  0.01224  0.16159   0.13589
   0.03927   0.00046  0.00046  0.00080    0.00000    0.01261  0.01261  0.00968  0.00941  0.00941  0.01396   0.00566

 O007        0.60094  0.60094  0.41344    0.50000    0.09323  0.09323  0.29760  0.01075  0.01075  0.04247   0.16319
   0.03629   0.00036  0.00036  0.00128    0.00000    0.00776  0.00776  0.02135  0.01100  0.01100  0.00932   0.00717

 O008        0.51757  0.48243  0.39373    0.50000    0.10937  0.10937  0.13868  0.02324 -0.02324  0.05657   0.11830
   0.01516   0.00021  0.00021  0.00091    0.00000    0.00812  0.00812  0.01321  0.00499  0.00499  0.00931   0.00516

 C009        0.50824  0.60208  0.63314    1.00000    0.11135  0.11384  0.08850  0.00162 -0.00250  0.07273   0.09726
   0.04518   0.00057  0.00051  0.00104    0.00000    0.01572  0.01468  0.01305  0.01103  0.01141  0.01291   0.00504

 C00A        0.50468  0.68937  0.78092    1.00000    0.28437  0.09986  0.08134 -0.00446 -0.00767  0.13122   0.13956
   0.05192   0.00078  0.00053  0.00103    0.00000    0.02722  0.01465  0.01248  0.01102  0.01547  0.01753   0.00767

 O00B        0.47737  0.64180  0.67374    1.00000    0.16439  0.11132  0.11025 -0.02890 -0.01456  0.09136   0.11868
   0.03818   0.00055  0.00049  0.00101    0.00000    0.01647  0.01362  0.01312  0.01093  0.01195  0.01316   0.00564

 C00C        0.50825  0.63333  0.68682    1.00000    0.14158  0.08957  0.12103 -0.00802 -0.00219  0.07987   0.10758
   0.04311   0.00057  0.00048  0.00109    0.00000    0.01637  0.01258  0.01400  0.01115  0.01274  0.01276   0.00522

 O00D        0.47433  0.66938  0.72370    1.00000    0.20482  0.11383  0.10548 -0.03669 -0.02472  0.08917   0.13715
   0.04625   0.00060  0.00055  0.00119    0.00000    0.02090  0.01482  0.01438  0.01228  0.01397  0.01510   0.00687

 C00E        0.50386  0.72028  0.83272    1.00000    0.24344  0.10349  0.10204 -0.00635 -0.00526  0.11668   0.13635
   0.04270   0.00062  0.00049  0.00113    0.00000    0.02253  0.01410  0.01401  0.01179  0.01426  0.01510   0.00686

 O00F        0.50305  0.75152  0.79037    0.50000    0.22201  0.11204  0.11636 -0.01660 -0.03321  0.11100   0.13792
   0.05150   0.00083  0.00041  0.00146    0.00000    0.02929  0.01328  0.02020  0.00979  0.01959  0.01464   0.00962

 O00G        0.53927  0.65248  0.74245    1.00000    0.18840  0.11707  0.10635 -0.04820 -0.06050  0.08782   0.13218
   0.04318   0.00059  0.00054  0.00107    0.00000    0.01836  0.01494  0.01325  0.01167  0.01349  0.01448   0.00654

 C00H        0.50370  0.72013  0.91546    1.00000    0.25186  0.12117  0.05773 -0.02231 -0.01274  0.10286   0.13932
   0.04097   0.00063  0.00052  0.00098    0.00000    0.02326  0.01563  0.01158  0.01055  0.01274  0.01581   0.00741

 C00I        0.50093  0.75047  0.95626    0.50000    0.26395  0.12651  0.07549 -0.01004 -0.02009  0.13198   0.14005
   0.05345   0.00085  0.00043  0.00123    0.00000    0.03163  0.01246  0.01526  0.00858  0.01715  0.01581   0.00995

 O00J        0.53889  0.68246  0.79198    1.00000    0.28184  0.14258  0.11186 -0.00263 -0.01809  0.15679   0.15623
   0.04801   0.00071  0.00059  0.00111    0.00000    0.02614  0.01716  0.01477  0.01284  0.01588  0.01916   0.00807

 O00L        0.50384  0.68682  0.95850    1.00000    0.29122  0.14037  0.09201  0.02902  0.01661  0.14728   0.15703
   0.04352   0.00064  0.00052  0.00086    0.00000    0.02498  0.01481  0.01174  0.01011  0.01299  0.01706   0.00800

 C00M        0.73704  0.53200  0.50000    0.50000    0.28751
   0.10980   0.00163  0.00158  0.00000    0.00000    0.02277

 C00O        0.69791  0.69791  1.23631    0.50000    2.00000
   0.95123   0.01089  0.01089  0.02483    0.00000    0.43188

 C00P        0.74650  0.37325  0.50000    0.25000    0.89640
   0.76803   0.01307  0.00653  0.00000    0.00000    0.23745

 C00Q        0.80036  0.40018  0.50000    0.25000    0.40604
   0.23293   0.00396  0.00198  0.00000    0.00000    0.05996

 C00R        0.59687  0.67507  0.00000    0.50000    0.36836
   0.12162   0.00174  0.00182  0.00000    0.00000    0.02822

 C00S        0.70215  0.55836  0.50000    0.50000    0.41072
   0.13187   0.00204  0.00199  0.00000    0.00000    0.03264

 C00T        0.55052  0.44948  0.16406    0.50000    0.66265
   0.11259   0.00152  0.00152  0.00678    0.00000    0.06407

 C00U        0.66251  0.58265  0.50000    0.50000    0.38620
   0.15145   0.00218  0.00226  0.00000    0.00000    0.03392

 C00V        0.71261  0.42522  0.50000    0.25000    0.57507
   0.28882   0.00246  0.00491  0.00000    0.00000    0.09343

 C00W        1.00000  1.00000  0.03646    0.08333    0.95717
   0.47043   0.00000  0.00000  0.02832    0.00000    0.27645

 C00X        0.69016  0.61925  0.50000    0.50000    1.48226
   0.75105   0.01143  0.01056  0.00000    0.00000    0.38114

 C00Y        0.57293  0.63748  0.06559    1.00000    1.05070
   0.28498   0.00396  0.00397  0.00650    0.00000    0.10440

 C00Z        0.48664  0.41660  0.12309    1.00000    0.86433
   0.29006   0.00360  0.00370  0.00630    0.00000    0.06933

 C010        0.78611  0.57221  0.50000    0.25000    1.51992
   0.85266   0.00725  0.01450  0.00000    0.00000    0.45373

 C011        0.96119  0.92239  0.50000    0.25000    1.83755
   0.82988   0.00706  0.01412  0.00000    0.00000    0.57327

 O012        0.64562  0.64562  0.24555    0.50000    0.69209
   0.17716   0.00199  0.00199  0.00498    0.00000    0.04639

 C013        0.62142  0.37858  0.13060    0.50000    0.52287
   0.04897   0.00070  0.00070  0.00295    0.00000    0.02254

 C014        0.91718  0.83436  0.63313    0.50000    1.18720
   0.42445   0.00314  0.00628  0.01385    0.00000    0.15689

 O015        0.66667  0.33333  0.18620    0.16667    1.37622
   0.30053   0.00000  0.00000  0.01809    0.00000    0.22266

 C016        1.00000  1.00000  0.36378    0.08333   -0.00100
   6.60012   0.00000  0.00000  0.39736    0.00000    8.41110

 C018        1.00000  1.00000  1.27669    0.08333    2.00000
   6.02839   0.00000  0.00000  0.36294    0.00000    6.48837

 C019        0.74755  0.45444  0.50000    0.50000    0.59234
   0.23920   0.00340  0.00330  0.00000    0.00000    0.08154

 C01B        0.90590  0.81181  0.78821    0.50000    1.44789
   0.55482   0.00401  0.00801  0.01965    0.00000    0.26431

 C01C        0.79764  0.39882  0.56981    0.50000    0.99986
   0.80280   0.01294  0.00647  0.01517    0.00000    0.23760

 C01D        0.73443  0.58734  0.60044    1.00000    0.75257
   0.20877   0.00296  0.00255  0.00514    0.00000    0.06229

 C01E        0.96500  0.51550  0.50000    0.50000    0.62774
   0.22925   0.00336  0.00337  0.00000    0.00000    0.10115



 Final Structure Factor Calculation for  CrystalPilot cross-check in P 6/m m m                                      

 Total number of l.s. parameters =   227  Maximum vector length =  623   Memory required =     73 /   6472 /    26789

 wR2 =  0.4147 before cycle   7 for    4395 data and      0 /    227 parameters

 GooF = S =     2.019;     Restrained GooF =      2.019 for       0 restraints

 Weight = 1 / [ sigma^2(Fo^2) + ( 0.1000 * P )^2 +   0.00 * P ]   where  P = ( Max ( Fo^2, 0 ) + 2 * Fc^2 ) / 3

 wR2 = 0.4147, GooF = S = 2.019, Restrained GooF = 2.019 for all data
 R1 = 0.1622 for 2063 Fo > 4sig(Fo) and 0.2518 for all 4395 data

 Occupancy sum of asymmetric unit =    27.42 for non-hydrogen and     0.00 for H and D atoms



 Principal mean square atomic displacements U

   0.0921   0.0662   0.0611   Zr01  
   0.1083   0.0725   0.0665   Zr02  
   0.1202   0.0822   0.0704   O003  
   0.1692   0.0929   0.0773   O004  
   0.2350   0.1070   0.0816   O005  
   0.2453   0.0859   0.0766   O006    may be split into  0.5443  0.5414  0.2624  and  0.5326  0.5355  0.2604
   0.2983   0.1015   0.0897   O007    may be split into  0.6013  0.6011  0.4268  and  0.6005  0.6007  0.4001
   0.1715   0.1106   0.0728   O008  
   0.1236   0.0901   0.0780   C009  
   0.2853   0.0811   0.0522   C00A    may be split into  0.5102  0.6890  0.7804  and  0.4991  0.6897  0.7814
   0.1713   0.1178   0.0670   O00B  
   0.1434   0.1215   0.0579   C00C  
   0.2113   0.1308   0.0693   O00D  
   0.2438   0.1024   0.0629   C00E  
   0.2316   0.1068   0.0754   O00F  
   0.2206   0.1137   0.0623   O00G  
   0.2571   0.1113   0.0496   C00H  
   0.2661   0.0807   0.0734   C00I    may be split into  0.5064  0.7505  0.9549  and  0.4955  0.7505  0.9576
   0.2852   0.1122   0.0713   O00J    may be split into  0.5444  0.6830  0.7907  and  0.5334  0.6820  0.7932
   0.2927   0.1129   0.0655   O00L    may be split into  0.5093  0.6869  0.9596  and  0.4984  0.6867  0.9574
  -0.0010  -0.0010  -0.0010   C016   ** NON POSITIVE DEFINITE **

 ** Warning:     6  atoms may be split and     1  atoms NPD **



 Analysis of variance for reflections employed in refinement      K = Mean[Fo^2] / Mean[Fc^2]  for group


 Fc/Fc(max)       0.000    0.005    0.009    0.013    0.019    0.024    0.032    0.041    0.057    0.095    1.000

 Number in group       450.     449.     420.     503.     378.     473.     411.     429.     443.     439.

            GooF      0.872    1.053    1.121    1.322    1.428    1.836    1.917    2.369    3.083    3.348

             K        1.016    1.271    1.150    1.166    1.071    1.164    1.035    1.036    1.158    1.088


 Resolution(A)    1.00     1.04     1.08     1.13     1.20     1.28     1.38     1.52     1.77     2.26     inf

 Number in group       445.     444.     438.     443.     436.     431.     437.     444.     437.     440.

            GooF      1.042    1.032    1.116    1.176    1.138    1.244    1.349    1.431    2.451    4.763

             K        1.149    1.081    1.086    1.042    0.980    0.913    1.000    1.011    1.106    1.133

             R1       0.443    0.363    0.332    0.300    0.312    0.296    0.161    0.126    0.148    0.229


 Recommended weighting scheme:  WGHT    0.2000    0.0000
 [Weight parameters refined to    0.3811        9.72  but appear excessive]


 Most Disagreeable Reflections (* if suppressed or used for Rfree).
 Error/esd is calculated as sqrt(wD^2/<wD^2>) where w is given by the weight
 formula, D = Fo^2-Fc^2 and <> refers to the average over all reflections.

     h   k   l          Fo^2          Fc^2    Error/esd  Fc/Fc(max)  Resolution(A)

    -1   4   1      19153.86        538.94      11.08       0.029       8.19
    -2   4   0     154795.59       2355.40       8.00       0.061       9.80
    -5  15   1       4696.81        321.69       7.88       0.023       2.54
    -3   6   1      10837.03       1259.11       7.88       0.045       6.08
     0   4   1      34037.29       5691.98       7.34       0.095       7.56
    -1   5   4       8179.19       2027.51       6.59       0.057       3.62
     0   3   4       3156.40        145.37       6.39       0.015       3.90
    -1   9   1      29586.35       8394.17       6.25       0.115       3.86
     0  10   2       5730.98       1013.30       6.11       0.040       3.14
     0   7   3       8529.61       1794.96       6.06       0.053       3.65
     0   7   7      12591.11       3275.11       5.74       0.072       2.13
    -2   5   0       4688.53      24606.72       5.60       0.197       7.79
    -1   5   1       3641.78       1114.02       5.31       0.042       6.76
    -2  10   0      71338.78      24340.32       5.09       0.196       3.70
    -2   7   1       7535.05       2664.10       5.07       0.065       5.17
     0   5   2      20504.88       6769.68       4.99       0.103       5.26
    -7  15   0       5561.37       1577.99       4.75       0.050       2.61
    -4   8   3      16934.63       6096.75       4.75       0.098       3.67
     0   5   5        712.84       3929.92       4.73       0.079       2.98
    -1   7   0       1049.70       4438.77       4.67       0.084       5.18
     0  10   1      15973.14       5910.84       4.62       0.097       3.33
    -3  12   0      16896.00       6314.23       4.58       0.100       3.14
    -1   7   2      13078.35       5214.99       4.58       0.091       4.39
    -1  10   0      43259.67      16535.67       4.57       0.162       3.56
     0   7   2      29434.14      11211.27       4.54       0.133       4.19
     0   4   5      29637.23      11699.02       4.44       0.136       3.09
     0   7   4      28730.50      11350.08       4.38       0.134       3.15
    -2   5   1      12878.08      39197.23       4.37       0.249       7.05
    -1   4   5      29074.54      12558.56       4.31       0.141       3.13
    -2   6   0       6943.65       2708.23       4.30       0.065       6.41
    -3  10   1       2870.16        860.17       4.25       0.037       3.72
    -1  11   3       2068.94        529.13       4.24       0.029       2.78
    -3   9   1        415.64       2129.32       4.18       0.058       4.14
    -1   9   4       1056.42       3610.01       4.16       0.075       2.87
    -1   9   3       7548.97       3193.05       4.14       0.071       3.23
    -3  12   4       2931.39        868.01       4.12       0.037       2.50
    -3  11   3        395.41       2129.67       4.12       0.058       2.93
    -1   7   1       1422.13       4273.19       4.12       0.082       4.94
     0   5   4      73494.57      31269.54       4.10       0.222       3.54
     0   1   1      27363.58      76582.41       4.06       0.348      14.92
    -3  13   3       1808.69       5307.13       4.00       0.092       2.55
    -1  11   1      26823.01      12373.88       3.98       0.140       3.16
    -2  10   1       7204.99       3172.56       3.97       0.071       3.61
    -4  15   3        515.38       2252.26       3.95       0.060       2.30
    -5  11   1       5109.34       2194.18       3.91       0.059       3.48
    -2   7   2       8751.88       4012.90       3.88       0.080       4.55
    -7  14   3       1172.83       4097.16       3.88       0.080       2.50
    -3  10   0      12359.64       5390.11       3.82       0.092       3.82
    -1  12   0      20298.45       9178.97       3.80       0.120       2.94
    -2   5   4       1672.65        500.18       3.72       0.028       3.66



 Bond lengths and angles

 Zr01 -          Distance        Angles
 C01E_$13  1.8075 (0.1143) 
 C01E_$14  1.8074 (0.1142)   91.35 (7.19)
 O005_$5   2.1615 (0.0197)  101.13 (3.33)   9.78 (3.93)
 O005      2.1618 (0.0196)    9.78 (3.94) 101.13 (3.33) 110.91 (1.16)
 O008_$3   2.1679 (0.0135)   66.07 (1.61)  66.07 (1.61)  70.78 (0.38)  70.78 (0.38)
 O008_$1   2.1679 (0.0135)   66.07 (1.61)  66.07 (1.61)  70.78 (0.38)  70.78 (0.38) 109.02 (0.84)
 O003_$4   2.2085 (0.0102)   85.40 (2.82) 141.60 (0.45) 141.52 (0.25)  77.77 (0.52)  77.82 (0.42) 142.70 (0.25)
 O003_$6   2.2084 (0.0102)  141.60 (0.45)  85.40 (2.82)  77.77 (0.52) 141.52 (0.25)  77.82 (0.42) 142.71 (0.25)  74.28 (0.51)
 O003_$5   2.2084 (0.0102)  141.60 (0.45)  85.40 (2.82)  77.77 (0.52) 141.52 (0.25) 142.71 (0.25)  77.82 (0.42) 119.54 (0.56)
 O003      2.2086 (0.0102)   85.40 (2.82) 141.60 (0.45) 141.52 (0.25)  77.77 (0.52) 142.70 (0.25)  77.82 (0.42)  76.34 (0.49)
 Zr02_$4   3.4913 (0.0030)   31.81 (1.05)  82.46 (3.10)  90.89 (0.51)  35.73 (0.29)  90.20 (0.37)  35.05 (0.21) 111.24 (0.26)
 Zr02_$3   3.4911 (0.0030)   82.46 (3.10)  31.81 (1.05)  35.73 (0.29)  90.90 (0.51)  35.05 (0.21)  90.21 (0.37) 110.16 (0.25)
                 Zr01            C01E_$13      C01E_$14      O005_$5       O005          O008_$3       O008_$1       O003_$4      

 Zr02 -          Distance        Angles
 O008_$3   2.1204 (0.0081) 
 O008      2.1204 (0.0081)   68.44 (0.63)
 O005      2.1470 (0.0106)   71.97 (0.67) 109.41 (0.77)
 O005_$7   2.1469 (0.0106)  109.40 (0.77)  71.97 (0.66)  69.59 (0.78)
 O006      2.2134 (0.0138)   84.65 (0.59)  84.80 (0.59) 144.71 (0.38) 144.97 (0.38)
 O007      2.2261 (0.0149)  144.91 (0.32) 144.90 (0.32)  82.39 (0.76)  82.39 (0.76) 104.71 (0.74)
 O004_$7   2.2444 (0.0103)  140.35 (0.43)  76.78 (0.44) 140.14 (0.52)  75.78 (0.54)  73.57 (0.35)  73.91 (0.35)
 O004_$4   2.2445 (0.0102)   76.78 (0.44) 140.35 (0.44)  75.78 (0.54) 140.14 (0.52)  73.32 (0.35)  73.92 (0.35) 125.22 (0.57)
 Zr01_$1   3.4911 (0.0030)   88.85 (0.39)  35.95 (0.36)  89.56 (0.51)  36.01 (0.53) 116.64 (0.30) 115.03 (0.35)  72.80 (0.28)
 Zr01      3.4913 (0.0030)   35.95 (0.36)  88.86 (0.39)  36.02 (0.53)  89.56 (0.51) 116.43 (0.30) 115.03 (0.35) 161.98 (0.29)
 Zr02_$3   3.5067 (0.0055)   34.21 (0.32)  34.22 (0.32)  90.72 (0.61)  90.72 (0.62)  83.69 (0.48) 171.60 (0.55) 109.13 (0.28)
 Zr02_$4   3.5257 (0.0051)   90.06 (0.42)  90.06 (0.42)  34.81 (0.39)  34.80 (0.39) 173.69 (0.49)  81.60 (0.55) 108.84 (0.30)
                 Zr02            O008_$3       O008          O005          O005_$7       O006          O007          O004_$7      

 O003 -          Distance        Angles
 C009      1.2431 (0.0173) 
 Zr01      2.2086 (0.0102)  132.07 (1.06)
                 O003            C009         

 O004 -          Distance        Angles
 C009      1.2666 (0.0165) 
 Zr02_$4   2.2446 (0.0102)  132.89 (1.10)
                 O004            C009         

 O005 -          Distance        Angles
 C01E_$13  0.4889 (0.1269) 
 Zr01      2.1618 (0.0196)   38.90 (9.99)
 Zr02_$4   2.1469 (0.0106)   86.79 (8.46) 108.25 (0.71)
 Zr02      2.1470 (0.0106)   86.79 (8.46) 108.25 (0.71) 110.39 (0.79)
                 O005            C01E_$13      Zr01          Zr02_$4      

 O006 -          Distance        Angles
 Zr02      2.2134 (0.0138) 
                 O006           

 O007 -          Distance        Angles
 C00O     14.1990 (0.4154) 
 Zr02      2.2261 (0.0148)  114.12 (1.80)
                 O007            C00O         

 O008 -          Distance        Angles
 Zr02      2.1204 (0.0081) 
 Zr02_$3   2.1205 (0.0081)  111.56 (0.63)
 Zr01_$1   2.1677 (0.0134)  108.99 (0.47) 109.00 (0.47)
                 O008            Zr02          Zr02_$3      

 C009 -          Distance        Angles
 O004      1.2666 (0.0165) 
 O003      1.2431 (0.0172)  127.35 (1.66)
 C00C      1.5149 (0.0206)  115.22 (1.71) 117.22 (1.62)
                 C009            O004          O003         

 C00A -          Distance        Angles
 O00D      1.4142 (0.0233) 
 O00J      1.5061 (0.0247)  124.06 (1.64)
 C00E      1.4991 (0.0208)  118.79 (2.08) 117.12 (1.98)
                 C00A            O00D          O00J         

 O00B -          Distance        Angles
 C00C      1.4222 (0.0197) 
 O00D      1.4143 (0.0201)  119.68 (1.66)
                 O00B            C00C         

 C00C -          Distance        Angles
 O00B      1.4222 (0.0197) 
 O00G      1.4081 (0.0198)  125.78 (1.61)
 C009      1.5149 (0.0205)  116.25 (1.72) 117.91 (1.72)
                 C00C            O00B          O00G         

 O00D -          Distance        Angles
 O00B      1.4143 (0.0201) 
 C00A      1.4142 (0.0234)  116.68 (1.78)
                 O00D            O00B         

 C00E -          Distance        Angles
 C00H      1.3742 (0.0196) 
 O00F      1.4289 (0.0183)  119.60 (1.73)
 C00A      1.4991 (0.0208)  124.92 (1.51) 115.48 (1.59)
                 C00E            C00H          O00F         

 O00F -          Distance        Angles
 C00E      1.4289 (0.0183) 
 C00E_$8   1.4238 (0.0183)  120.85 (2.22)
                 O00F            C00E         

 O00G -          Distance        Angles
 C00C      1.4081 (0.0198) 
 O00J      1.4405 (0.0218)  116.81 (1.75)
                 O00G            C00C         

 C00H -          Distance        Angles
 C00E      1.3742 (0.0196) 
 C00I      1.4160 (0.0172)  118.51 (1.77)
 O00L      1.4908 (0.0197)  118.77 (1.46) 122.60 (1.48)
                 C00H            C00E          C00I         

 C00I -          Distance        Angles
 C00I_$9   1.4531 (0.0407) 
 C00H_$8   1.4217 (0.0171)  118.48 (1.04)
 C00H      1.4160 (0.0172)  118.59 (1.04) 122.33 (2.10)
                 C00I            C00I_$9       C00H_$8      

 O00J -          Distance        Angles
 O00G      1.4405 (0.0217) 
 C00A      1.5061 (0.0248)  116.76 (1.78)
                 O00J            O00G         

 O00L -          Distance        Angles
 O00L_$9   1.3785 (0.0287) 
 C00H      1.4908 (0.0197)  118.65 (0.85)
                 O00L            O00L_$9      

 C00M -          Distance        Angles
 C010      1.6714 (0.2088) 
                 C00M           

 C00O -          Distance        Angles
 C00O_$4  24.4601 (0.8252) 
 O007     14.1990 (0.4145)   15.72 (1.72)
                 C00O            C00O_$4      

 C00P -          Distance        Angles
 C00Q      1.8579 (0.3947) 
 C01C_$4   2.2596 (0.6603)   34.49 (9.99)
 C01C      2.2596 (0.6603)   34.49 (9.99)  61.75 (9.99)
                 C00P            C00Q          C01C_$4      

 C00Q -          Distance        Angles
 C00P      1.8579 (0.3963) 
 C01C_$4   1.2797 (0.2329)   90.20 (9.99)
 C01C      1.2797 (0.2329)   90.20 (9.99) 129.96 (9.99)
                 C00Q            C00P          C01C_$4      

 C00R -          Distance        Angles
 C00Y_$12  1.6896 (0.1383) 
 C00Y      1.6898 (0.1383)   80.30 (8.35)
                 C00R            C00Y_$12     

 C00T -          Distance        Angles
 C013      5.0201 (0.1115) 
                 C00T           

 C00U -          Distance        Angles
 C00X      1.2950 (0.3848) 
                 C00U           

 C00V -          Distance        Angles
 C019      1.2650 (0.1502) 
 C019_$10  1.2523 (0.1497)   78.53 (9.99)
                 C00V            C019         

 C00W -          Distance        Angles
 C00W_$11  1.2112 (0.9409) 
 C016      5.4368 (6.4036)  180.00 (3.30)
                 C00W            C00W_$11     

 C00X -          Distance        Angles
 C00U      1.2950 (0.3827) 
                 C00X           

 C00Y -          Distance        Angles
 C00R      1.6898 (0.1386) 
                 C00Y           

 C010 -          Distance        Angles
 C00M      1.6714 (0.2098) 
 C00M_$10  1.0363 (0.3428)  111.77 (9.99)
                 C010            C00M         

 C013 -          Distance        Angles
 C00T      5.0201 (0.1115) 
                 C013           

 C016 -          Distance        Angles
 C00W      5.4368 (6.4036) 
                 C016           

 C019 -          Distance        Angles
 C00V      1.2650 (0.1493) 
                 C019           

 C01C -          Distance        Angles
 C00P      2.2596 (0.6605) 
 C00Q      1.2797 (0.2328)   55.31 (9.99)
                 C01C            C00P         

 C01E -          Distance        Angles
 Zr01_$2   1.8076 (0.1145) 
 O005_$2   0.4887 (0.1259)  131.30 (9.99)
 C01E_$15  2.5862 (0.2273)   44.32 (3.61) 175.62 (9.99)
                 C01E            Zr01_$2       O005_$2      



 Selected torsion angles

    -3.79 ( 2.58)  Zr02_$4 - O004 - C009 - O003
   170.71 ( 1.00)  Zr02_$4 - O004 - C009 - C00C
     2.28 ( 2.50)  Zr01 - O003 - C009 - O004
  -172.13 ( 0.91)  Zr01 - O003 - C009 - C00C
    -5.50 ( 2.82)  O00D - O00B - C00C - O00G
   177.26 ( 1.50)  O00D - O00B - C00C - C009
  -174.88 ( 1.49)  O004 - C009 - C00C - O00B
     0.20 ( 2.21)  O003 - C009 - C00C - O00B
     7.65 ( 2.22)  O004 - C009 - C00C - O00G
  -177.26 ( 1.51)  O003 - C009 - C00C - O00G
     4.69 ( 2.61)  C00C - O00B - O00D - C00A
    -1.02 ( 2.79)  O00J - C00A - O00D - O00B
   177.16 ( 1.58)  C00E - C00A - O00D - O00B
   123.18 ( 2.32)  O00D - C00A - C00E - C00H
   -58.52 ( 3.01)  O00J - C00A - C00E - C00H
   -56.56 ( 2.84)  O00D - C00A - C00E - O00F
   121.74 ( 2.18)  O00J - C00A - C00E - O00F
     2.85 ( 4.47)  C00H - C00E - O00F - C00E_$8
  -177.40 ( 1.86)  C00A - C00E - O00F - C00E_$8
     1.95 ( 2.80)  O00B - C00C - O00G - O00J
   179.15 ( 1.55)  C009 - C00C - O00G - O00J
     2.81 ( 3.75)  O00F - C00E - C00H - C00I
  -176.92 ( 2.29)  C00A - C00E - C00H - C00I
   178.93 ( 2.12)  O00F - C00E - C00H - O00L
    -0.80 ( 3.61)  C00A - C00E - C00H - O00L
  -179.74 ( 1.54)  C00E - C00H - C00I - C00I_$9
     4.31 ( 2.81)  O00L - C00H - C00I - C00I_$9
    -8.75 ( 4.58)  C00E - C00H - C00I - C00H_$8
   175.29 ( 1.68)  O00L - C00H - C00I - C00H_$8
     1.81 ( 2.62)  C00C - O00G - O00J - C00A
    -2.30 ( 2.85)  O00D - C00A - O00J - O00G
   179.49 ( 1.65)  C00E - C00A - O00J - O00G
   179.74 ( 1.56)  C00E - C00H - O00L - O00L_$9
    -4.31 ( 2.81)  C00I - C00H - O00L - O00L_$9
   129.96 (11.82)  C01C - C00P - C00Q - C01C_$4
  -129.96 (11.82)  C01C_$4 - C00P - C00Q - C01C


 FMAP and GRID set by program

 FMAP   2   1 167
 GRID    -0.610  -1  -1     0.610   1   1

 R1 =  0.2449 for   4395 unique reflections after merging for Fourier


 Electron density synthesis with coefficients Fo-Fc

 Highest peak    1.57  at  0.5724  0.4277  0.1388  [  1.54 A from C00T ]
 Deepest hole   -4.31  at  0.0000  0.0000  0.3627  [  0.02 A from C016 ]


 Fourier peaks appended to .res file

              x       y       z       sof     U      Peak   Distances to nearest atoms (including eq.)

 Q1    1   0.5724  0.4276  0.1388   0.50000  0.05    1.57   1.54 C00T^a  3.18 C00Z  3.33 C013^a  3.95 O00B
 Q2    1   0.5945  0.4055  0.0980   0.50000  0.05    1.33   1.91 C013^a  3.18 C00T^a  3.86 O00L  4.09 O00D
 Q3    1   0.6171  0.6171  0.5000   0.25000  0.05    0.80   1.57 O007  2.72 C00U  2.82 C00X  3.06 O005
 Q4    1   0.5555  0.5555  0.3848   0.50000  0.05    0.64   0.45 ZR02  1.84 O007  2.10 O004  2.16 O006
 Q5    1   0.5295  0.4705  0.2124   0.50000  0.05    0.64   1.64 C00T^a  2.44 C00Z  2.63 O006  3.12 O008
 Q6    1   0.5000  0.5000  0.1513   0.25000  0.05    0.55   2.37 O006  3.08 C00Z  3.44 C00T^a  4.20 O008
 Q7    1   0.7775  0.3887  0.5000   0.25000  0.05    0.45   0.78 C00Q  1.05 C00P  1.35 C01C  3.32 C019
 Q8    1   0.9209  0.8419  0.5000   0.25000  0.05    0.44   2.23 C014^a  2.73 C011  4.65 C011  4.65 C011
 Q9    1   0.5906  0.6455  0.0790   1.00000  0.05    0.44   0.64 C00Y  1.69 C00R  2.48 C00Y  2.87 C00Z
 Q10   1   0.5000  0.5000  0.2348   0.25000  0.05    0.43   1.57 O006  2.90 O008  3.17 ZR02  3.56 C00Z
 Q11   1   0.6533  0.6533  0.5000   0.25000  0.05    0.43   2.41 C00X  2.50 O007  2.97 C00U  4.24 O012
 Q12   1   0.6109  0.6109  0.1911   0.50000  0.05    0.43   1.63 O012  3.03 C00Y  3.07 O006  3.49 C00O
 Q13   1   1.0000  1.0000  1.1873   0.08333  0.05    0.43   1.48 C018  2.51 C00W  2.93 C016  3.72 C00W
 Q14   1   0.5844  0.6573  0.0000   0.50000  0.05    0.41   0.62 C00R  1.28 C00Y  3.50 C00Z  3.93 O00L
 Q15   1   0.6046  0.3023  0.1434   0.50000  0.05    0.41   2.22 O015  2.73 C013^a  3.81 O00F  3.90 C00E
 Q16   1   0.6866  0.6170  0.5998   1.00000  0.05    0.36   1.66 C00X  2.04 C00U  2.65 C01D  3.10 O007
 Q17   1   0.7508  0.5539  0.5805   1.00000  0.05    0.35   1.53 C00M  1.75 C01D  1.80 C010  2.40 C00S
 Q18   1   1.0163  1.0163  1.2483   0.50000  0.05    0.35   0.79 C018  2.02 C016  3.58 C00W  4.68 C011
 Q19   1   0.5959  0.7229  0.0000   0.50000  0.05    0.35   1.89 C00R  3.19 C00Y  3.22 O00L  3.83 C00H
 Q20   1   0.7096  0.7096  0.5000   0.25000  0.05    0.35   3.23 C00X  4.36 C00U  4.40 C00O  4.49 O007

 Shortest distances between peaks (including symmetry equivalents)

     18  18  0.64     18  18  1.10     13  18  1.20     18  18  1.27      6  10  1.39      3  11  1.42      9  14  1.45
      1   2  1.65      5  10  2.04     17  17  2.05     11  20  2.21      5   6  2.24     14  19  2.38      9   9  2.62
      9  12  2.65     17  17  2.67     11  16  2.89


 Time profile in seconds
 -----------------------

      0.02: Read and process instructions
      0.00: Fit rigid groups
      0.00: Interpret restraints etc.
      0.00: Generate connectivity array
      0.00: Analyse DFIX and DANG restraints
      0.00: Analyse SAME, SADI and NCSY restraints
      0.00: Generate CHIV restraints
      0.00: Check if bonds in residues restrained
      0.00: Generate DELU and RIGU restraints
      0.00: Generate SIMU restraints
      0.00: Generate ISOR restraints
      0.00: Analyse electron density
      0.00: Analyse other restraints etc.
      0.45: Read intensity data, sort/merge etc.
      0.01: Set up constraints
      0.00: OSF, H-atoms from difference map
      0.01: Set up l.s. refinement
      0.00: Generate idealized H-atoms
      0.10: Structure factors and derivatives
      0.00: Sum l.s. matrices
      0.00: Generate and apply antibumping restraints
      0.00: Apply other restraints
      0.01: Solve l.s. equations
      0.00: Generate HTAB table
      4.62: Other dependent quantities, CIF, tables
      0.01: Analysis of variance
      0.07: Merge reflections for Fourier and .fcf
      0.04: Fourier summations
      0.05: Peaksearch
      0.00: Analyse peaklist

 ** WARNING: These times are only approximate for multiple threads.
             To get better estimates run with -t1 **

   Please cite: G.M. Sheldrick (2015) "Crystal structure refinement with
   SHELXL", Acta Cryst., C71, 3-8 (Open Access) if SHELXL proves useful.

 +++++++++++++++++++++++++++++++++++++++++++++++++++++++++++++++++++++++++++++
 +  job           finished at 19:41:11   Total elapsed time:      5.38 secs  +
 +++++++++++++++++++++++++++++++++++++++++++++++++++++++++++++++++++++++++++++
