Raw-background shadow-mask exclusions 69
rejected observations 45 Rint before rejection 0.07338718686971644
scale factors runs2..6,module1 [0.96860416 0.94118105 0.87753379 0.97626625 0.95922529 0.99701602]
N raw/valid/unique 5746 3821 666 Rint 0.04160589517212346 Rint strong 0.040095163232910035
SYSTEMATIC ABSENCES [[ 0.00000000e+00  0.00000000e+00  1.00000000e+00 -6.39547176e-01
   4.09610335e-01  2.00000000e+00  1.22972378e+01  1.00000000e+00]
 [ 0.00000000e+00  0.00000000e+00  3.00000000e+00  3.55128088e-01
   1.20904381e+00  2.00000000e+00  4.09907928e+00  1.00000000e+00]
 [ 0.00000000e+00  0.00000000e+00  5.00000000e+00  1.40696870e+00
   1.15402718e+00  4.00000000e+00  2.45944757e+00  1.00000000e+00]
 [ 0.00000000e+00  0.00000000e+00  7.00000000e+00  4.37436629e-01
   1.19520752e+00  4.00000000e+00  1.75674826e+00  1.00000000e+00]
 [ 0.00000000e+00  0.00000000e+00  9.00000000e+00 -9.19691892e-01
   1.41089906e+00  4.00000000e+00  1.36635976e+00  1.00000000e+00]
 [ 0.00000000e+00  0.00000000e+00  1.10000000e+01  1.42883021e+00
   3.26668269e+00  4.00000000e+00  1.11793071e+00  1.00000000e+00]
 [ 0.00000000e+00  0.00000000e+00  1.30000000e+01  8.14588266e-01
   2.26574230e+00  3.00000000e+00  9.45941372e-01  1.00000000e+00]
 [ 0.00000000e+00  0.00000000e+00  1.50000000e+01  2.32836142e+00
   3.30229607e+00  2.00000000e+00  8.19815856e-01  1.00000000e+00]
 [ 0.00000000e+00  0.00000000e+00  1.70000000e+01  2.21881088e+00
   4.25033739e+00  1.00000000e+00  7.23366932e-01  1.00000000e+00]
 [ 0.00000000e+00  1.00000000e+00  0.00000000e+00  8.33675924e-01
   1.78234332e+00  1.00000000e+00  5.96930346e+00  1.00000000e+00]
 [ 0.00000000e+00  3.00000000e+00  0.00000000e+00 -9.65655028e-03
   3.47889202e+00  1.00000000e+00  1.98976782e+00  1.00000000e+00]
 [ 0.00000000e+00  5.00000000e+00  0.00000000e+00  4.91114442e-01
   3.03639522e+00  2.00000000e+00  1.19386069e+00  1.00000000e+00]
 [ 0.00000000e+00  7.00000000e+00  0.00000000e+00  5.33755674e+00
   5.72205258e+00  1.00000000e+00  8.52757638e-01  1.00000000e+00]
 [ 1.00000000e+00  0.00000000e+00  0.00000000e+00  1.47623300e+00
   1.05093546e+00  2.00000000e+00  5.79561120e+00  1.00000000e+00]
 [ 3.00000000e+00  0.00000000e+00  0.00000000e+00 -1.04994700e+00
   1.85120571e+00  2.00000000e+00  1.93187040e+00  1.00000000e+00]
 [ 5.00000000e+00  0.00000000e+00  0.00000000e+00  9.00979710e-01
   9.88353929e-01  4.00000000e+00  1.15912224e+00  1.00000000e+00]
 [ 7.00000000e+00  0.00000000e+00  0.00000000e+00  7.63386955e-02
   2.30511719e+00  2.00000000e+00  8.27944458e-01  1.00000000e+00]]
{
  "n_predicted": 5746,
  "n_used": 3821,
  "n_unique": 666,
  "n_unique_allowed": 649,
  "n_gt_2sigma": 581,
  "Rint": 0.04160589517212346,
  "Rint_strong": 0.040095163232910035,
  "scale_parameters": [
    -0.03189925313671228,
    -0.06061975880028637,
    -0.13063982129739354,
    -0.02401992904477133,
    -0.04162931381119928,
    -0.0029884424116294528
  ],
  "scale_factors": [
    0.9686041609947179,
    0.9411810475557393,
    0.8775337864579189,
    0.9762662535101628,
    0.9592252862434515,
    0.9970160185375248
  ],
  "n_outlier_gt5sigma": 53,
  "outliers_omitted": true,
  "n_rejected": 45,
  "Rint_before_rejection": 0.07338718686971644,
  "rejection_rule": "at least 3 equivalents, median SNR>5, deviation from median greater than max(8sigma,30 percent median); symmetry-only, no structural model",
  "median_I_sigma": 13.417558019792548,
  "completeness_d0.85": {
    "observed": 449,
    "possible": 449,
    "fraction": 1.0
  },
  "completeness_d0.8": {
    "observed": 540,
    "possible": 540,
    "fraction": 1.0
  },
  "completeness_d0.75": {
    "observed": 620,
    "possible": 642,
    "fraction": 0.9657320872274143
  },
  "completeness_d0.72": {
    "observed": 644,
    "possible": 720,
    "fraction": 0.8944444444444445
  },
  "completeness_d0.71": {
    "observed": 648,
    "possible": 754,
    "fraction": 0.8594164456233422
  },
  "completeness_d0.7": {
    "observed": 649,
    "possible": 788,
    "fraction": 0.8236040609137056
  }
}
