
 +++++++++++++++++++++++++++++++++++++++++++++++++++++++++++++++++++
 +  SHELXL -  CRYSTAL STRUCTURE REFINEMENT  -   MULTI-CPU VERSION  +
 +  Copyright(C) George M. Sheldrick 1993-2023     Version 2019/3  +
 +  job                        started at 19:42:17 on 21-Sep-2026  +
 +++++++++++++++++++++++++++++++++++++++++++++++++++++++++++++++++++

 Command line parameters: job -a50000 -b3000 -c624 -g0 -m0 -t4

 -a sets the approximate maximum number of atoms including hydrogens.
 -b sets the maximum number of full-matrix parameters (not used by CGLS).
 For example -b9000 allows refinement of 1000 anisotropic atoms or 3000
 with BLOC 1. For a 32-bit version, -b times the square root of the
 number of threads should not exceed about 65500. -c sets the reflection
 buffer size. This depends on the CPU cache size but will rarely
 need changing.

 -g sets the number of reflection groups used for calculating R_complete,
 This must be greater than 1 but not greater than the total number of
 reflections for refinement. -m sets the current reflection group number.
 This may not be less than 1 nor greater than the number set by -g. These
 command line flags override other ways of defining free-R reflections.
 The -m value is also used as a seed for the WIGL pseudo-random shifts.

 -t sets the number of threads, otherwise it is set to the apparent
 number of CPUs. For optimal performance on hyperthreading systems,
 -t should be set to a little more than half the number of CPUs;
 e.g. -t4 or -t5 for an Intel i7 processor.

 Running  4 threads on  4 processors

 TITL CrystalPilot cross-check in P 6/m m m
 CELL 0.68883 39.19000 39.19000 16.61000 90.0000 90.0000 120.0000
 ZERR 24 0.00000 0.00000 0.00000 0.0000 0.0000 0.0000
 LATT 1
 SYMM X-Y,X,Z
 SYMM Y,-X+Y,Z
 SYMM -Y,X-Y,Z
 SYMM -X+Y,-X,Z
 SYMM X-Y,-Y,-Z
 SYMM -X,-X+Y,-Z
 SYMM -X,-Y,Z
 SYMM Y,X,-Z
 SYMM -Y,-X,-Z
 SYMM -X+Y,Y,-Z
 SYMM X,X-Y,-Z
 SFAC C O Zr
 REM DISP lambda 0.68883 A is not a SHELXL built-in line (Cu/Mo/Ag K-alpha):
 REM DISP f'/f'' from cctbx (sasaki: C O Zr), mu = NIST attenuation in
 REM DISP barn/atom
 DISP $C 0.002 0.002 10.99
 DISP $O 0.007 0.006 30.28
 DISP $Zr -9.041 2.772 14341.91
 UNIT 558.0 112.0 18.0

 V =    22092.79     F(000) =    4964.0     Mu =   1.21 mm-1      Cell Wt =    10135.54    Rho =  0.762

  
 L.S. 6
 BOND $H
 CONF
 ACTA
 FMAP 2
 PLAN 20
  
 SHEL 999 1.000
  
 WGHT 0.100000 0.000000
 FVAR 0.05146
 ZR01  3   0.463835   0.536165   0.500000    10.25000     0.08664     0.08664 =
       0.06685     0.00000     0.00000     0.05480
 ZR02  3   0.544739   0.544739   0.393713    10.50000     0.09267     0.09267 =
       0.08406     0.01368     0.01368     0.05893
 O003  2   0.481260   0.586428   0.581178    11.00000     0.10557     0.10794 =
       0.09354    -0.00310    -0.00431     0.07257
 O004  2   0.533910   0.592828   0.649892    11.00000     0.11516     0.11937 =
       0.12307    -0.04070    -0.02921     0.07170
 O005  2   0.526661   0.562541   0.500000    10.50000     0.11986     0.22399 =
       0.10875     0.00000     0.00000     0.11536
 O006  2   0.538267   0.538267   0.262137    10.50000     0.20326     0.20326 =
       0.08732     0.02037     0.02037     0.15809
 O007  2   0.601029   0.601029   0.411655    10.50000     0.09298     0.09298 =
       0.28254     0.00827     0.00827     0.04372
 O008  2   0.517261   0.482739   0.393078    10.50000     0.11772     0.11772 =
       0.15113     0.02723    -0.02723     0.06194
 C009  1   0.507829   0.601595   0.634113    11.00000     0.10372     0.11140 =
       0.10641     0.00263    -0.00793     0.07074
 C00A  1   0.505000   0.689858   0.780162    11.00000     0.24770     0.11311 =
       0.08676     0.00284    -0.00561     0.12755
 O00B  1   0.477256   0.641379   0.673598    11.00000     0.16177     0.11845 =
       0.11398    -0.02339    -0.01098     0.10202
 C00C  1   0.507310   0.632652   0.686587    11.00000     0.15077     0.09777 =
       0.10975    -0.01910    -0.01615     0.08440
 O00D  1   0.474660   0.669158   0.722752    11.00000     0.21671     0.12802 =
       0.10392    -0.03247    -0.03446     0.10925
 C00E  1   0.504988   0.721803   0.831666    11.00000     0.22633     0.11231 =
       0.09659    -0.02486    -0.01495     0.11723
 O00F  1   0.504581   0.752290   0.787581    10.50000     0.21512     0.08984 =
       0.14596    -0.02337    -0.04673     0.10756
 O00G  1   0.538043   0.652445   0.741619    11.00000     0.18213     0.11087 =
       0.10030    -0.04160    -0.03651     0.08159
 C00H  1   0.504574   0.721260   0.914200    11.00000     0.25236     0.11525 =
       0.05850    -0.01455    -0.00667     0.10534
 C00I  1   0.502754   0.751377   0.957567    10.50000     0.28108     0.11800 =
       0.07482    -0.01165    -0.02329     0.14054
 O00J  1   0.537833   0.681877   0.791031    11.00000     0.25611     0.12728 =
       0.11027    -0.00340    -0.01521     0.13210
 O00K  2   0.570754   0.429246   0.134123    10.50000     0.29240
 O00L  1   0.504724   0.687496   0.958527    11.00000     0.27992     0.15238 =
       0.08608     0.01881     0.01344     0.14499
 C00M  1   0.739087   0.533480   0.500000    10.50000     0.27481
 C00N  1   0.594346   0.405654   0.098508    10.50000     0.20372
 C00O  1   0.628239   0.628239   0.464327    10.50000     0.90775
 C00P  1   0.768763   0.384381   0.500000    10.25000     0.59848
 C00Q  1   0.800483   0.400241   0.500000    10.25000     0.41081
 C00R  1   0.594771   0.672025   0.000000    10.50000     0.33543
 C00S  1   0.704197   0.560648   0.500000    10.50000     0.39336
 C00T  1   0.539253   0.460747   0.207711    10.50000     0.39239
 C00U  1   0.664960   0.584773   0.500000    10.50000     0.44759
 C00V  1   0.712205   0.424409   0.500000    10.25000     0.08805
 C00W  1   1.000000   1.000000   0.027156    10.08333     0.30203
 C00X  1   0.719243   0.621423   0.500000    10.50000     1.34362
 C00Y  1   0.586186   0.642208   0.065737    11.00000     0.85501
 C00Z  1   0.482216   0.408973   0.104805    11.00000     0.73624
 C010  1   0.770363   0.540727   0.500000    10.25000     0.54652
 C011  1   0.961978   0.923956   0.500000    10.25000     1.31055
 C013  1   0.547432   0.452568   0.125261    10.50000     1.91423
 C014  1   0.930166   0.860332   0.597830    10.50000     1.29521
 O015  2   0.666667   0.333333   0.138550    10.16667     1.05749
 C016  1   1.000000   1.000000   0.130352    10.08333     2.00000
 C017  1   0.554718   0.445282  -0.156960    10.50000     1.25031
 C018  1   1.000000   1.000000   0.709858    10.08333     2.00000
 C019  1   0.747620   0.428955   0.500000    10.50000     0.92122
 C01A  1   0.550493   0.449507   0.000000    10.25000     1.37690
 C01B  1   0.926752   0.853505   0.727727    10.50000     1.21103
 C01C  1   0.780922   0.390461   0.579990    10.50000     1.37023
 C01D  1   0.752868   0.574630   0.603303    11.00000     0.73173
 C01E  1   0.935847   0.489832   0.500000    10.50000     1.56576
 HKLF 4



 Covalent radii and connectivity table for  CrystalPilot cross-check in P 6/m m m                                      
 C      0.770
 O      0.660
 ZR     1.590

 Zr01 - C01E_$13 C01E_$14 O005_$5 O005 O008_$3 O008_$1 O003_$4 O003_$6 O003_$5 O003 Zr02_$4 Zr02_$3
 Zr02 - O008_$3 O008 O005 O005_$7 O006 O007 O004_$7 O004_$4 Zr01_$1 Zr01 Zr02_$3 Zr02_$4
 O003 - C009 Zr01
 O004 - C009 Zr02_$4
 O005 - C01E_$13 Zr01 Zr02_$4 Zr02
 O006 - Zr02
 O007 - C00O Zr02
 O008 - Zr02 Zr02_$3 Zr01_$1
 C009 - O004 O003 C00C
 C00A - O00D O00J C00E
 O00B - C00C O00D
 C00C - O00B O00G C009
 O00D - O00B C00A
 C00E - C00H O00F C00A
 O00F - C00E C00E_$8
 O00G - C00C O00J
 C00H - C00E C00I O00L
 C00I - C00I_$9 C00H_$8 C00H
 O00J - O00G C00A
 O00K - C017_$10 C013 C00N
 O00L - O00L_$9 C00H
 C00M - C010
 C00N - O00K
 C00O - C00O_$4 O007
 C00P - C00Q C01C_$4 C01C
 C00Q - C00P C01C_$4 C01C
 C00R - C00Y_$10 C00Y
 C00S - no bonds found
 C00T - C017_$10 C013
 C00U - C00X
 C00V - C019 C019_$11
 C00W - C00W_$12 C016
 C00X - C00U
 C00Y - C00R
 C00Z - no bonds found
 C010 - C00M C00M_$11
 C011 - no bonds found
 C013 - C017_$10 C00T O00K
 C014 - no bonds found
 O015 - no bonds found
 C016 - C00W
 C017 - C013_$10 O00K_$10 C00T_$10
 C018 - no bonds found
 C019 - C00V
 C01A - no bonds found
 C01B - no bonds found
 C01C - C00P C00Q
 C01D - no bonds found
 C01E - Zr01_$2 O005_$2 C01E_$15


 Operators for generating equivalent atoms:
 $1   -x+1, -y+1, -z+1
 $2   x-y+1, x, z
 $3   -x+1, -y+1, z
 $4   x, y, -z+1
 $5   -y+1, -x+1, z
 $6   -y+1, -x+1, -z+1
 $7   y, x, -z+1
 $8   x, x-y+1, z
 $9   x, y, -z+2
 $10  x, y, -z
 $11  -x+y+1, y, z
 $12  -x+2, -y+2, -z
 $13  y, -x+y+1, z
 $14  x-y, -y+1, -z+1
 $15  x, x-y, z

   179481  Reflections outside SHEL resolution limits rejected


   337815  Reflections read, of which  179481  rejected

 -39 =< h =< 39,    -39 =< k =< 39,    -16 =< l =< 16,   Max. 2-theta =   40.28

        0  Systematic absence violations (I>3sig(I)) before merging

        0  Inconsistent equivalents

     4395  Unique reflections, of which       0  suppressed

 R(int) = 0.5659     R(sigma) = 0.1066      Friedel opposites merged

 Maximum memory for data reduction =     6364 /    48177


 Reflection statistics for all twin components combined (TWST 0 set)
 Number of data for d > 1.000A (CIF: max) and d > 1.000A (CIF: full)
 (ignoring systematic absences):
 Unique reflections found (point group)       4395    4395
 Unique reflections possible (point group)    4401    4401
 Unique reflections found (Laue group)        4395    4395
 Unique reflections possible (Laue group)     4401    4401

 Special position constraints for Zr01
 z =  0.5000   y = -1.0 * x + 1.0000   U22 = 1.0 * U11   U23 = 0   U13 = 0   
 sof = 0.25000   
 Input constraints retained (at least in part) for  sof

 Special position constraints for Zr02
 y =  1.0 * x + 0.0000   U22 = 1.0 * U11   U13 = 1.0 * U23   sof = 0.50000   
 Input constraints retained (at least in part) for  sof

 Special position constraints for O005
 z =  0.5000   U23 = 0   U13 = 0   sof = 0.50000   
 Input constraints retained (at least in part) for  sof

 Special position constraints for O006
 y =  1.0 * x + 0.0000   U22 = 1.0 * U11   U13 = 1.0 * U23   sof = 0.50000   
 Input constraints retained (at least in part) for  sof

 Special position constraints for O007
 y =  1.0 * x + 0.0000   U22 = 1.0 * U11   U13 = 1.0 * U23   sof = 0.50000   
 Input constraints retained (at least in part) for  sof

 Special position constraints for O008
 y = -1.0 * x + 1.0000   U22 = 1.0 * U11   U13 =-1.0 * U23   sof = 0.50000   
 Input constraints retained (at least in part) for  sof

 Special position constraints for O00F
 y =  0.5 * x + 0.5000   U13 = 2.0 * U23   U12 = 0.5 * U11   sof = 0.50000   
 Input constraints retained (at least in part) for  sof

 Special position constraints for C00I
 y =  0.5 * x + 0.5000   U13 = 2.0 * U23   U12 = 0.5 * U11   sof = 0.50000   
 Input constraints retained (at least in part) for  sof

 Special position constraints for O00K
 y = -1.0 * x + 1.0000   sof = 0.50000   
 Input constraints retained (at least in part) for  sof

 Special position constraints for C00M
 z =  0.5000   sof = 0.50000   
 Input constraints retained (at least in part) for  sof

 Special position constraints for C00N
 y = -1.0 * x + 1.0000   sof = 0.50000   
 Input constraints retained (at least in part) for  sof

 Special position constraints for C00O
 y =  1.0 * x + 0.0000   sof = 0.50000   
 Input constraints retained (at least in part) for  sof

 Special position constraints for C00P
 z =  0.5000   y =  0.5 * x + 0.0000   sof = 0.25000   
 Input constraints retained (at least in part) for  sof

 Special position constraints for C00Q
 z =  0.5000   y =  0.5 * x + 0.0000   sof = 0.25000   
 Input constraints retained (at least in part) for  sof

 Special position constraints for C00R
 z =  0.0000   sof = 0.50000   
 Input constraints retained (at least in part) for  sof

 Special position constraints for C00S
 z =  0.5000   sof = 0.50000   
 Input constraints retained (at least in part) for  sof

 Special position constraints for C00T
 y = -1.0 * x + 1.0000   sof = 0.50000   
 Input constraints retained (at least in part) for  sof

 Special position constraints for C00U
 z =  0.5000   sof = 0.50000   
 Input constraints retained (at least in part) for  sof

 Special position constraints for C00V
 z =  0.5000   y =  2.0 * x - 1.0000   sof = 0.25000   
 Input constraints retained (at least in part) for  sof

 Special position constraints for C00W
 x =  1.0000   y =  1.0000   sof = 0.08333   
 Input constraints retained (at least in part) for  sof

 Special position constraints for C00X
 z =  0.5000   sof = 0.50000   
 Input constraints retained (at least in part) for  sof

 Special position constraints for C010
 z =  0.5000   y =  2.0 * x - 1.0000   sof = 0.25000   
 Input constraints retained (at least in part) for  sof

 Special position constraints for C011
 z =  0.5000   y =  2.0 * x - 1.0000   sof = 0.25000   
 Input constraints retained (at least in part) for  sof

 Special position constraints for C013
 y = -1.0 * x + 1.0000   sof = 0.50000   
 Input constraints retained (at least in part) for  sof

 Special position constraints for C014
 y =  2.0 * x - 1.0000   sof = 0.50000   
 Input constraints retained (at least in part) for  sof

 Special position constraints for O015
 x =  0.6667   y =  0.3333   sof = 0.16667   
 Input constraints retained (at least in part) for  sof

 Special position constraints for C016
 x =  1.0000   y =  1.0000   sof = 0.08333   
 Input constraints retained (at least in part) for  sof

 Special position constraints for C017
 y = -1.0 * x + 1.0000   sof = 0.50000   
 Input constraints retained (at least in part) for  sof

 Special position constraints for C018
 x =  1.0000   y =  1.0000   sof = 0.08333   
 Input constraints retained (at least in part) for  sof

 Special position constraints for C019
 z =  0.5000   sof = 0.50000   
 Input constraints retained (at least in part) for  sof

 Special position constraints for C01A
 z =  0.0000   y = -1.0 * x + 1.0000   sof = 0.25000   
 Input constraints retained (at least in part) for  sof

 Special position constraints for C01B
 y =  2.0 * x - 1.0000   sof = 0.50000   
 Input constraints retained (at least in part) for  sof

 Special position constraints for C01C
 y =  0.5 * x + 0.0000   sof = 0.50000   
 Input constraints retained (at least in part) for  sof

 Special position constraints for C01E
 z =  0.5000   sof = 0.50000   
 Input constraints retained (at least in part) for  sof


 Least-squares cycle   1   Maximum vector length =  623   Memory required =     76 /   7013 /   347799

 wR2 =  0.3792 before cycle   1 for    4395 data and    235 /    235 parameters

 GooF = S =     1.825;     Restrained GooF =      1.825 for       0 restraints

 Weight = 1 / [ sigma^2(Fo^2) + ( 0.1000 * P )^2 +   0.00 * P ]   where  P = ( Max ( Fo^2, 0 ) + 2 * Fc^2 ) / 3

 Shifts scaled down to reduce maximum shift/esd from   17.58  to   15.00


     N      value        esd    shift/esd  parameter

     1     0.05150     0.00035     0.124    OSF
   185     0.17837     0.00803    11.250    U11 C00V
   200     1.12611     0.12050     4.810    U11 C010
   219     0.45017     0.00472     4.499     y  C019

 Mean shift/esd =   0.447  Maximum =    11.250 for  U11 C00V     

 Max. shift = 1.703 A for C018        Max. dU =-0.830 for C013     


 Least-squares cycle   2   Maximum vector length =  623   Memory required =     76 /   7013 /   347799

 wR2 =  0.3569 before cycle   2 for    4395 data and    235 /    235 parameters

 GooF = S =     1.699;     Restrained GooF =      1.699 for       0 restraints

 Weight = 1 / [ sigma^2(Fo^2) + ( 0.1000 * P )^2 +   0.00 * P ]   where  P = ( Max ( Fo^2, 0 ) + 2 * Fc^2 ) / 3


     N      value        esd    shift/esd  parameter

     1     0.05184     0.00033     1.001    OSF
   185     0.34093     0.01477    11.005    U11 C00V
   211    -0.75443     0.28058    -3.413     z  C016
   216    -0.16278     0.26963    -3.617     z  C018
   219     0.47110     0.00643     3.254     y  C019

 Mean shift/esd =   0.477  Maximum =    11.005 for  U11 C00V     

 Max. shift =16.198 A for C018        Max. dU =-1.587 for C016     


 Least-squares cycle   3   Maximum vector length =  623   Memory required =     76 /   7013 /   347799

 wR2 =  0.3493 before cycle   3 for    4395 data and    235 /    235 parameters

 GooF = S =     1.663;     Restrained GooF =      1.663 for       0 restraints

 Weight = 1 / [ sigma^2(Fo^2) + ( 0.1000 * P )^2 +   0.00 * P ]   where  P = ( Max ( Fo^2, 0 ) + 2 * Fc^2 ) / 3


     N      value        esd    shift/esd  parameter

     1     0.05187     0.00032     0.096    OSF
   168     0.72438     0.01427    -3.375     x  C00P
   185     0.52304     0.03313     5.497    U11 C00V
   211    -0.78544     0.00950    -3.263     z  C016
   212     0.64300     0.06991     3.284    U11 C016
   217     2.00000     0.96858     5.156    U11 C018
   226     0.78829     0.00880     4.518     x  C01C
   227     0.73960     0.07329     3.478     z  C01C
   228     2.00000     0.48078     3.238    U11 C01C

 Mean shift/esd =   0.458  Maximum =     5.497 for  U11 C00V     

 Max. shift = 7.351 A for C01E        Max. dU = 0.680 for C010     


 Least-squares cycle   4   Maximum vector length =  623   Memory required =     76 /   7013 /   347799

 wR2 =  0.3752 before cycle   4 for    4395 data and    235 /    235 parameters

 GooF = S =     1.790;     Restrained GooF =      1.790 for       0 restraints

 Weight = 1 / [ sigma^2(Fo^2) + ( 0.1000 * P )^2 +   0.00 * P ]   where  P = ( Max ( Fo^2, 0 ) + 2 * Fc^2 ) / 3


     N      value        esd    shift/esd  parameter

     1     0.05235     0.00035     1.405    OSF
   168     0.75526     0.00588     5.248     x  C00P
   200    -0.40000     0.89354    -3.494    U11 C010
   206     0.91214     0.00505    -3.509     x  C014
   212     1.27233     0.16320     3.856    U11 C016
   219     0.45840     0.00463    -4.010     y  C019
   228     2.00000     0.37940     7.912    U11 C01C

 Mean shift/esd =   0.681  Maximum =     7.912 for  U11 C01C     

 Max. shift = 1.744 A for C013        Max. dU =-2.082 for C010     


 Least-squares cycle   5   Maximum vector length =  623   Memory required =     76 /   7013 /   347799

 wR2 =  0.4202 before cycle   5 for    4395 data and    235 /    235 parameters

 GooF = S =     2.097;     Restrained GooF =      2.097 for       0 restraints

 Weight = 1 / [ sigma^2(Fo^2) + ( 0.1000 * P )^2 +   0.00 * P ]   where  P = ( Max ( Fo^2, 0 ) + 2 * Fc^2 ) / 3

 Shifts scaled down to reduce maximum shift/esd from   27.18  to   15.00


     N      value        esd    shift/esd  parameter

     1     0.05152     0.00039    -2.128    OSF
   200     0.02577     0.00357     7.500    U11 C010
   228     2.00000     0.42464     3.213    U11 C01C

 Mean shift/esd =   0.342  Maximum =     7.500 for  U11 C010     

 Max. shift = 2.205 A for C018        Max. dU = 0.547 for C016     


 Least-squares cycle   6   Maximum vector length =  623   Memory required =     76 /   7013 /   347799

 wR2 =  0.3899 before cycle   6 for    4395 data and    235 /    235 parameters

 GooF = S =     1.882;     Restrained GooF =      1.882 for       0 restraints

 Weight = 1 / [ sigma^2(Fo^2) + ( 0.1000 * P )^2 +   0.00 * P ]   where  P = ( Max ( Fo^2, 0 ) + 2 * Fc^2 ) / 3

 Shifts scaled down to reduce maximum shift/esd from   24.43  to   15.00


     N      value        esd    shift/esd  parameter

     1     0.05176     0.00036     0.665    OSF
   177     0.39653     0.04172    -1.092    U11 C00S
   184     0.71419     0.00287     2.310     x  C00V
   189     0.52490     0.01554    -1.765     y  C00X
   193     0.07218     0.00507     2.031     z  C00Y
   195     0.49783     0.00541     1.138     x  C00Z
   200     0.09012     0.00453    14.205    U11 C010
   201     0.95172     0.00417    -1.032     x  C011
   209     0.12455     0.01150    -1.491     z  O015
   210     1.06376     0.12724     1.116    U11 O015
   217     2.00000     1.51333     1.217    U11 C018
   218     0.69818     0.00617    -1.446     x  C019
   219     0.44000     0.00633    -1.734     y  C019
   220     1.32880     0.20408     1.262    U11 C019
   226     0.71801     0.00913    -3.212     x  C01C
   227     0.79266     0.02329     2.466     z  C01C
   228     2.00000     0.40854     1.149    U11 C01C
   234     0.61555     0.00859    -1.126     y  C01E

 Mean shift/esd =   0.349  Maximum =    14.205 for  U11 C010     

 Max. shift = 9.571 A for C00W        Max. dU = 0.320 for C013     


 Largest correlation matrix elements

     0.923 U12 O006 / U11 O006              -0.749 x C017 / U11 C013                -0.691 x C00Q / U11 C00P
     0.868 U12 Zr01 / U11 Zr01              -0.732 U11 C018 / z C00W                 0.691 U12 O005 / U22 O005
     0.868 U12 Zr02 / U11 Zr02               0.726 U12 O005 / U11 O005               0.686 U12 C00C / U11 C00C
     0.814 U12 O008 / U11 O008               0.719 U12 O00J / U22 O00J               0.685 U12 O003 / U22 O003
     0.812 z C017 / z C013                   0.709 U12 O00D / U11 O00D               0.683 U12 O00J / U11 O00J
     0.806 U12 O007 / U11 O007               0.706 y C00Y / x C00Y                   0.682 U12 C009 / U22 C009
     0.806 U11 C00W / z C00W                 0.698 U11 C00O / z C00O                 0.682 U12 O00B / U22 O00B
    -0.767 U11 C017 / U11 C013               0.697 U12 C00E / U11 C00E              -0.680 U11 C018 / U11 C00W



  CrystalPilot cross-check in P 6/m m m                                      

 ATOM           x        y        z         sof        U11      U22      U33      U23      U13      U12       Ueq

 Zr01        0.46390  0.53610  0.50000    0.25000    0.08628  0.08628  0.06722  0.00000  0.00000  0.05458   0.07484
   0.00000   0.00005  0.00005  0.00000    0.00000    0.00210  0.00210  0.00230  0.00000  0.00000  0.00232   0.00123

 Zr02        0.54476  0.54476  0.39375    0.50000    0.09332  0.09332  0.08450  0.01331  0.01331  0.05921   0.08480
   0.00606   0.00007  0.00007  0.00015    0.00000    0.00163  0.00163  0.00194  0.00140  0.00140  0.00175   0.00107

 O003        0.48103  0.58619  0.58147    1.00000    0.10443  0.12044  0.09102 -0.00271 -0.00824  0.07774   0.09573
   0.02456   0.00030  0.00029  0.00058    0.00000    0.00774  0.00812  0.00713  0.00632  0.00595  0.00685   0.00309

 O004        0.53365  0.59306  0.64960    1.00000    0.11553  0.11496  0.12269 -0.03917 -0.02275  0.06451   0.11467
   0.02062   0.00031  0.00028  0.00061    0.00000    0.00858  0.00804  0.00835  0.00645  0.00662  0.00716   0.00347

 O005        0.52614  0.56247  0.50000    0.50000    0.13606  0.23288  0.10340  0.00000  0.00000  0.12878   0.14121
   0.03341   0.00044  0.00051  0.00000    0.00000    0.01278  0.01764  0.01051  0.00000  0.00000  0.01301   0.00578

 O006        0.53843  0.53843  0.26152    0.50000    0.20793  0.20793  0.08698  0.01931  0.01931  0.15969   0.14285
   0.03933   0.00046  0.00046  0.00084    0.00000    0.01242  0.01242  0.01005  0.00955  0.00955  0.01366   0.00574

 O007        0.60113  0.60113  0.41223    0.50000    0.09754  0.09754  0.26840  0.00216  0.00216  0.04707   0.15525
   0.03657   0.00038  0.00038  0.00132    0.00000    0.00777  0.00777  0.02018  0.01039  0.01039  0.00931   0.00674

 O008        0.51743  0.48257  0.39398    0.50000    0.11325  0.11325  0.15713  0.02526 -0.02526  0.05666   0.12786
   0.01524   0.00020  0.00020  0.00092    0.00000    0.00809  0.00809  0.01382  0.00507  0.00507  0.00921   0.00538

 C009        0.50718  0.60169  0.63333    1.00000    0.10179  0.12455  0.11125  0.01378 -0.00417  0.08335   0.10063
   0.04500   0.00053  0.00051  0.00108    0.00000    0.01403  0.01537  0.01420  0.01210  0.01119  0.01256   0.00537

 C00A        0.50639  0.69031  0.78157    1.00000    0.23823  0.11608  0.07544  0.00320 -0.00787  0.11021   0.13363
   0.04917   0.00072  0.00052  0.00097    0.00000    0.02350  0.01514  0.01160  0.01086  0.01385  0.01644   0.00673

 O00B        0.47752  0.64157  0.67368    1.00000    0.16876  0.11089  0.12182 -0.02663 -0.00267  0.10150   0.11978
   0.03772   0.00052  0.00049  0.00099    0.00000    0.01634  0.01295  0.01338  0.01088  0.01180  0.01298   0.00566

 C00C        0.50726  0.63245  0.68698    1.00000    0.15637  0.09376  0.12053 -0.02189 -0.01268  0.09012   0.11129
   0.04224   0.00057  0.00048  0.00106    0.00000    0.01692  0.01251  0.01377  0.01099  0.01287  0.01310   0.00536

 O00D        0.47583  0.66936  0.72326    1.00000    0.20566  0.12200  0.11054 -0.01247 -0.01906  0.10888   0.13408
   0.04770   0.00059  0.00055  0.00117    0.00000    0.02049  0.01497  0.01413  0.01219  0.01384  0.01538   0.00643

 C00E        0.50533  0.72220  0.83142    1.00000    0.22899  0.11026  0.10550 -0.03800 -0.01056  0.11401   0.13527
   0.03949   0.00058  0.00048  0.00110    0.00000    0.02034  0.01384  0.01397  0.01191  0.01339  0.01440   0.00643

 O00F        0.50546  0.75273  0.78502    0.50000    0.24104  0.08701  0.15154 -0.01545 -0.03090  0.12052   0.14275
   0.05219   0.00083  0.00041  0.00150    0.00000    0.03039  0.01037  0.02262  0.01042  0.02083  0.01519   0.01034

 O00G        0.53893  0.65262  0.74209    1.00000    0.18638  0.11119  0.09628 -0.04455 -0.03678  0.08279   0.12755
   0.04273   0.00058  0.00052  0.00103    0.00000    0.01781  0.01390  0.01186  0.01072  0.01254  0.01374   0.00610

 C00H        0.50561  0.72147  0.91427    1.00000    0.24559  0.11853  0.06242 -0.01974 -0.00294  0.11462   0.13169
   0.03897   0.00057  0.00049  0.00094    0.00000    0.02108  0.01449  0.01110  0.01026  0.01188  0.01471   0.00657

 C00I        0.50548  0.75274  0.95645    0.50000    0.24201  0.11974  0.07923 -0.00993 -0.01987  0.12101   0.13341
   0.04872   0.00078  0.00039  0.00117    0.00000    0.02781  0.01116  0.01477  0.00766  0.01533  0.01391   0.00883

 O00J        0.53894  0.68192  0.79229    1.00000    0.24969  0.13692  0.12457 -0.00273 -0.02533  0.13797   0.15203
   0.04571   0.00067  0.00056  0.00109    0.00000    0.02311  0.01630  0.01517  0.01274  0.01514  0.01746   0.00733

 O00K        0.56937  0.43063  0.13497    0.50000    0.28393
   0.03171   0.00049  0.00049  0.00191    0.00000    0.01298

 O00L        0.50456  0.68748  0.95837    1.00000    0.25820  0.13961  0.09016  0.02246  0.01251  0.12369   0.15189
   0.04092   0.00059  0.00051  0.00081    0.00000    0.02162  0.01457  0.01114  0.00973  0.01185  0.01536   0.00709

 C00M        0.73758  0.53069  0.50000    0.50000    0.28335
   0.09509   0.00131  0.00151  0.00000    0.00000    0.02215

 C00N        0.59383  0.40617  0.09226    0.50000    0.20541
   0.03448   0.00053  0.00053  0.00208    0.00000    0.01327

 C00O        0.62553  0.62553  0.48486    0.50000    1.09167
   0.51244   0.00369  0.00369  0.02682    0.00000    0.16212

 C00P        0.76543  0.38271  0.50000    0.25000    0.46562
   0.21110   0.00359  0.00180  0.00000    0.00000    0.06574

 C00Q        0.79741  0.39870  0.50000    0.25000    0.33842
   0.17416   0.00296  0.00148  0.00000    0.00000    0.04770

 C00R        0.59487  0.67242  0.00000    0.50000    0.33031
   0.10969   0.00157  0.00167  0.00000    0.00000    0.02535

 C00S        0.70485  0.56611  0.50000    0.50000    0.39653
   0.15639   0.00241  0.00260  0.00000    0.00000    0.04172

 C00T        0.54270  0.45730  0.21183    0.50000    0.40413
   0.07166   0.00100  0.00100  0.00431    0.00000    0.03491

 C00U        0.66575  0.58873  0.50000    0.50000    0.37685
   0.13471   0.00204  0.00193  0.00000    0.00000    0.02975

 C00V        0.71419  0.42838  0.50000    0.25000    0.65690
   0.33728   0.00287  0.00574  0.00000    0.00000    0.11998

 C00W        1.00000  1.00000  0.57546    0.08333    0.88246
  35.50645   0.00000  0.00000  2.13766    0.00000    0.36010

 C00X        0.73843  0.52490  0.50000    0.50000    1.74758
   0.97157   0.01322  0.01554  0.00000    0.00000    0.64879

 C00Y        0.58486  0.64060  0.07218    1.00000    0.84803
   0.22503   0.00312  0.00292  0.00507    0.00000    0.07972

 C00Z        0.49783  0.41426  0.11919    1.00000    0.93848
   0.40932   0.00541  0.00495  0.00964    0.00000    0.09455

 C010        0.73954  0.47909  0.50000    0.25000    0.09012
   0.02812   0.00024  0.00048  0.00000    0.00000    0.00453

 C011        0.95172  0.90344  0.50000    0.25000    1.30459
   0.49073   0.00417  0.00835  0.00000    0.00000    0.23636

 C013        0.53094  0.46906  0.11437    0.50000    2.00000
   0.65486   0.00798  0.00798  0.03943    0.00000    1.13695

 C014        0.91588  0.83176  0.57093    0.50000    2.00000
   0.67560   0.00497  0.00993  0.01958    0.00000    0.43780

 O015        0.66667  0.33333  0.12455    0.16667    1.06376
   0.19108   0.00000  0.00000  0.01150    0.00000    0.12724

 C016        1.00000  1.00000 -0.70502    0.08333    1.77718
   1.19598   0.00000  0.00000  0.07200    0.00000    0.80413

 C017        0.53383  0.46617 -0.04302    0.50000    1.36557
   0.86981   0.01406  0.01406  0.05237    0.00000    1.00008

 C018        1.00000  1.00000 -0.11857    0.08333    2.00000
   1.19486   0.00000  0.00000  0.07194    0.00000    1.51333

 C019        0.69818  0.44000  0.50000    0.50000    1.32880
   0.39706   0.00617  0.00633  0.00000    0.00000    0.20408

 C01A        0.55977  0.44023  0.00000    0.25000    1.05693
   0.00000   0.00602  0.00602  0.00000    0.00000    0.27954

 C01B        0.93192  0.86385  0.72810    0.50000    1.31981
   0.54008   0.00354  0.00708  0.01534    0.00000    0.19408

 C01C        0.71801  0.35901  0.79266    0.50000    2.00000
   0.64556   0.00913  0.00456  0.02329    0.00000    0.40854

 C01D        0.75556  0.57335  0.59885    1.00000    0.71132
   0.22899   0.00264  0.00292  0.00591    0.00000    0.05939

 C01E        0.90349  0.61555  0.50000    0.50000    1.24313
   0.59315   0.00892  0.00859  0.00000    0.00000    0.24643



 Final Structure Factor Calculation for  CrystalPilot cross-check in P 6/m m m                                      

 Total number of l.s. parameters =   235  Maximum vector length =  623   Memory required =     76 /   6778 /    26789

 wR2 =  0.3640 before cycle   7 for    4395 data and      0 /    235 parameters

 GooF = S =     1.738;     Restrained GooF =      1.738 for       0 restraints

 Weight = 1 / [ sigma^2(Fo^2) + ( 0.1000 * P )^2 +   0.00 * P ]   where  P = ( Max ( Fo^2, 0 ) + 2 * Fc^2 ) / 3

 wR2 = 0.3640, GooF = S = 1.738, Restrained GooF = 1.738 for all data
 R1 = 0.1398 for 2063 Fo > 4sig(Fo) and 0.2296 for all 4395 data

 Occupancy sum of asymmetric unit =    28.67 for non-hydrogen and     0.00 for H and D atoms



 Principal mean square atomic displacements U

   0.0939   0.0672   0.0634   Zr01  
   0.1107   0.0755   0.0682   Zr02  
   0.1290   0.0920   0.0662   O003  
   0.1594   0.1056   0.0790   O004  
   0.2343   0.1034   0.0860   O005  
   0.2482   0.0965   0.0839   O006    may be split into  0.5441  0.5413  0.2631  and  0.5327  0.5356  0.2599
   0.2684   0.1009   0.0964   O007    may be split into  0.6012  0.6012  0.4245  and  0.6010  0.6011  0.3999
   0.1902   0.1133   0.0801   O008  
   0.1367   0.1127   0.0525   C009  
   0.2394   0.0904   0.0712   C00A    may be split into  0.5111  0.6899  0.7810  and  0.5017  0.6907  0.7822
   0.1740   0.1321   0.0533   O00B  
   0.1637   0.1189   0.0513   C00C  
   0.2098   0.1070   0.0854   O00D  
   0.2299   0.1291   0.0467   C00E  
   0.2507   0.1419   0.0357   O00F  
   0.1995   0.1251   0.0580   O00G  
   0.2462   0.0989   0.0500   C00H  
   0.2444   0.0790   0.0768   C00I    may be split into  0.5106  0.7527  0.9550  and  0.5003  0.7527  0.9579
   0.2556   0.1242   0.0763   O00J  
   0.2593   0.1193   0.0771   O00L  

 ** Warning:     4  atoms may be split and     0  atoms NPD **



 Analysis of variance for reflections employed in refinement      K = Mean[Fo^2] / Mean[Fc^2]  for group


 Fc/Fc(max)       0.000    0.006    0.011    0.016    0.021    0.028    0.036    0.048    0.066    0.108    1.000

 Number in group       453.     497.     457.     376.     453.     434.     427.     427.     431.     440.

            GooF      0.875    1.149    0.996    1.321    1.218    1.396    1.705    2.181    2.466    2.886

             K        1.627    1.390    0.739    1.156    1.059    1.083    1.027    1.242    1.042    1.056


 Resolution(A)    1.00     1.04     1.08     1.13     1.20     1.28     1.38     1.52     1.77     2.26     inf

 Number in group       445.     444.     438.     443.     436.     431.     437.     444.     437.     440.

            GooF      1.037    0.997    1.065    1.099    1.085    1.173    1.240    1.365    2.020    3.945

             K        1.243    1.110    1.109    1.068    0.997    0.890    0.981    1.005    1.083    1.083

             R1       0.440    0.350    0.325    0.285    0.302    0.291    0.146    0.120    0.124    0.185


 Recommended weighting scheme:  WGHT    0.2000    0.0000
 [Weight parameters refined to    0.3049        2.48  but appear excessive]


 Most Disagreeable Reflections (* if suppressed or used for Rfree).
 Error/esd is calculated as sqrt(wD^2/<wD^2>) where w is given by the weight
 formula, D = Fo^2-Fc^2 and <> refers to the average over all reflections.

     h   k   l          Fo^2          Fc^2    Error/esd  Fc/Fc(max)  Resolution(A)

    -2   4   0     148188.23       1237.33       9.40       0.052       9.80
    -3  10   0      11832.08       1229.16       9.12       0.052       3.82
     0   7   2      28177.77       6066.73       7.70       0.114       4.19
    -3   9   0       3358.13         36.50       7.54       0.009       4.28
     0   3   4       3021.67        164.97       7.34       0.019       3.90
     0   9   4       5126.12        547.75       7.32       0.034       2.79
    -1   7   2      12520.11       3693.38       6.88       0.089       4.39
     0   3   2        977.52       6602.49       6.79       0.119       6.69
    -3   9   3       7798.30       2331.79       6.60       0.071       3.38
    -4   8   0       1274.75       8258.06       6.48       0.134       4.90
     0   3   0      93915.91     463286.66       6.35       1.000      11.31
     0   6   0     124079.46      32745.09       6.23       0.266       5.66
     0   6   4      31464.92      10260.60       6.07       0.149       3.35
    -1   2   2       4058.58      15754.42       5.76       0.184       7.65
    -1   5   1       3486.34       1180.36       5.73       0.050       6.76
     0   3   1      14913.88       5231.54       5.51       0.106       9.35
    -3  10   1       2747.65        732.43       5.26       0.040       3.72
     0   8   2      23234.81       8990.72       5.17       0.139       3.78
    -4  12   1      15560.08       6503.68       5.14       0.118       3.15
    -2  10   0      68293.73      27419.23       5.11       0.243       3.70
     0  10   1      15291.33       6023.46       5.07       0.114       3.33
    -1   3   3       1471.23       4379.02       4.82       0.097       5.08
    -6  12   3       3310.55        992.67       4.78       0.046       2.81
    -2   6   5       3664.53       1468.54       4.71       0.056       2.95
     0   8   5       6780.27       2678.35       4.66       0.076       2.62
    -3   6   1      10374.45       4925.96       4.08       0.103       6.08
    -4  11   2      16829.23       8477.54       4.08       0.135       3.24
    -3  13   1       3791.79       1714.63       4.08       0.061       2.84
    -2   7   2       8378.31       4156.94       4.07       0.095       4.55
    -1   5   2      10448.73      23550.84       3.99       0.225       5.53
    -2   9   0     151311.36      75708.61       3.95       0.404       4.15
    -2   4   3       1322.43        211.62       3.94       0.021       4.82
     0   1   3       2249.22        881.65       3.94       0.044       5.46
    -3  14   4       2120.33        703.20       3.94       0.039       2.24
    -4  12   0       2296.88       5565.63       3.86       0.110       3.21
    -4   9   0       2680.73        931.56       3.85       0.045       4.35
    -1   9   3       7226.74       3674.11       3.83       0.089       3.23
    -2   5   2       7679.81       3989.70       3.82       0.093       5.68
     0   4   1      32584.43      16867.96       3.70       0.191       7.56
     0   8   0       9730.25       4390.81       3.67       0.097       4.24
    -3   9   2       3253.23       1564.84       3.66       0.058       3.80
    -4  13   2       2932.16       1399.47       3.61       0.055       2.77
    -2   4   6       2169.04       4928.28       3.58       0.103       2.66
    -3   7   1       8727.28      17758.97       3.57       0.196       5.29
    -4  12   2      12371.88       6762.00       3.56       0.121       2.99
    -4  10   2       1921.09       4118.03       3.53       0.094       3.53
     0   9   2      10403.68       5477.15       3.51       0.109       3.43
    -4  16   0       9570.39       4885.08       3.49       0.103       2.35
    -3   6   2      34098.34      67959.54       3.45       0.383       5.13
    -1   4   3        895.76        256.90       3.40       0.024       4.77



 Bond lengths and angles

 Zr01 -          Distance        Angles
 C01E_$13  6.4720 (0.2958) 
 C01E_$14  6.4724 (0.2953)  165.35 (5.35)
 O005_$5   2.1208 (0.0147)  152.29 (2.72)  42.36 (2.71)
 O005      2.1206 (0.0146)   42.37 (2.71) 152.28 (2.71) 109.92 (0.92)
 O008_$3   2.1688 (0.0133)   94.25 (1.55)  94.28 (1.55)  70.43 (0.32)  70.40 (0.32)
 O008_$1   2.1688 (0.0133)   94.25 (1.55)  94.28 (1.55)  70.43 (0.32)  70.40 (0.32) 108.57 (0.83)
 O003_$4   2.1945 (0.0102)   48.69 (1.55) 122.02 (1.85) 141.62 (0.24)  78.54 (0.43)  78.26 (0.41) 142.93 (0.25)
 O003_$6   2.1948 (0.0102)  122.03 (1.85)  48.68 (1.55)  78.52 (0.43) 141.63 (0.24)  78.28 (0.41) 142.95 (0.25)  73.77 (0.50)
 O003_$5   2.1948 (0.0102)  122.03 (1.85)  48.68 (1.54)  78.52 (0.43) 141.63 (0.24) 142.95 (0.25)  78.28 (0.41) 118.74 (0.54)
 O003      2.1946 (0.0102)   48.69 (1.55) 122.02 (1.85) 141.62 (0.24)  78.54 (0.43) 142.93 (0.25)  78.27 (0.41)  76.14 (0.48)
 Zr02_$4   3.4923 (0.0029)   65.89 (2.22) 125.98 (2.09)  90.47 (0.41)  35.50 (0.23)  90.03 (0.37)  34.91 (0.21) 111.58 (0.26)
 Zr02_$3   3.4921 (0.0029)  125.99 (2.09)  65.87 (2.22)  35.50 (0.23)  90.48 (0.41)  34.94 (0.21)  90.05 (0.37) 110.32 (0.25)
                 Zr01            C01E_$13      C01E_$14      O005_$5       O005          O008_$3       O008_$1       O003_$4      

 Zr02 -          Distance        Angles
 O008_$3   2.1159 (0.0078) 
 O008      2.1170 (0.0078)   68.08 (0.62)
 O005      2.1530 (0.0084)   70.79 (0.53) 108.20 (0.63)
 O005_$7   2.1527 (0.0084)  108.21 (0.63)  70.82 (0.53)  69.88 (0.63)
 O006      2.2101 (0.0143)   84.76 (0.58)  84.84 (0.58) 144.38 (0.32) 144.54 (0.32)
 O007      2.2299 (0.0154)  145.14 (0.32) 145.13 (0.32)  84.00 (0.66)  83.97 (0.66) 104.31 (0.76)
 O004_$7   2.2614 (0.0103)  140.07 (0.42)  76.64 (0.43) 140.74 (0.44)  75.71 (0.45)  73.78 (0.33)  73.99 (0.35)
 O004_$4   2.2620 (0.0103)   76.61 (0.42) 140.04 (0.42)  75.70 (0.45) 140.72 (0.44)  73.64 (0.33)  74.03 (0.34) 126.12 (0.54)
 Zr01_$1   3.4920 (0.0029)   88.62 (0.38)  35.92 (0.36)  89.06 (0.39)  34.90 (0.39) 116.56 (0.29) 115.32 (0.36)  72.39 (0.27)
 Zr01      3.4923 (0.0029)   35.91 (0.36)  88.60 (0.38)  34.89 (0.39)  89.05 (0.39) 116.44 (0.29) 115.35 (0.36) 161.51 (0.28)
 Zr02_$3   3.5076 (0.0054)   34.05 (0.31)  34.03 (0.31)  89.53 (0.45)  89.54 (0.45)  83.60 (0.47) 172.09 (0.57) 108.82 (0.27)
 Zr02_$4   3.5295 (0.0049)   89.90 (0.42)  89.90 (0.42)  34.95 (0.32)  34.94 (0.31) 173.60 (0.48)  82.09 (0.57) 108.57 (0.28)
                 Zr02            O008_$3       O008          O005          O005_$7       O006          O007          O004_$7      

 O003 -          Distance        Angles
 C009      1.2403 (0.0170) 
 Zr01      2.1946 (0.0102)  132.43 (1.03)
                 O003            C009         

 O004 -          Distance        Angles
 C009      1.2707 (0.0154) 
 Zr02_$4   2.2621 (0.0103)  132.81 (1.10)
                 O004            C009         

 O005 -          Distance        Angles
 C01E_$13  5.1092 (0.2995) 
 Zr01      2.1206 (0.0146)  121.39 (3.39)
 Zr02_$4   2.1530 (0.0084)  102.80 (1.86) 109.61 (0.52)
 Zr02      2.1530 (0.0084)  102.80 (1.87) 109.61 (0.52) 110.10 (0.63)
                 O005            C01E_$13      Zr01          Zr02_$4      

 O006 -          Distance        Angles
 Zr02      2.2101 (0.0143) 
                 O006           

 O007 -          Distance        Angles
 C00O      1.5282 (0.3598) 
 Zr02      2.2299 (0.0153)  135.75 (9.99)
                 O007            C00O         

 O008 -          Distance        Angles
 Zr02      2.1170 (0.0078) 
 Zr02_$3   2.1160 (0.0078)  111.92 (0.61)
 Zr01_$1   2.1686 (0.0133)  109.13 (0.47) 109.18 (0.47)
                 O008            Zr02          Zr02_$3      

 C009 -          Distance        Angles
 O004      1.2707 (0.0154) 
 O003      1.2403 (0.0169)  126.98 (1.69)
 C00C      1.4974 (0.0204)  114.47 (1.70) 118.45 (1.51)
                 C009            O004          O003         

 C00A -          Distance        Angles
 O00D      1.4364 (0.0219) 
 O00J      1.4785 (0.0230)  121.29 (1.63)
 C00E      1.5170 (0.0199)  118.72 (1.98) 119.97 (1.89)
                 C00A            O00D          O00J         

 O00B -          Distance        Angles
 C00C      1.3971 (0.0190) 
 O00D      1.3931 (0.0197)  118.59 (1.64)
                 O00B            C00C         

 C00C -          Distance        Angles
 O00B      1.3971 (0.0190) 
 O00G      1.4220 (0.0197)  124.56 (1.53)
 C009      1.4974 (0.0204)  116.45 (1.68) 118.73 (1.67)
                 C00C            O00B          O00G         

 O00D -          Distance        Angles
 O00B      1.3931 (0.0196) 
 C00A      1.4364 (0.0220)  119.58 (1.70)
                 O00D            O00B         

 C00E -          Distance        Angles
 C00H      1.3767 (0.0191) 
 O00F      1.4219 (0.0198)  124.23 (1.61)
 C00A      1.5170 (0.0199)  121.65 (1.49) 114.08 (1.54)
                 C00E            C00H          O00F         

 O00F -          Distance        Angles
 C00E      1.4219 (0.0197) 
 C00E_$8   1.4202 (0.0198)  114.32 (2.14)
                 O00F            C00E         

 O00G -          Distance        Angles
 C00C      1.4220 (0.0197) 
 O00J      1.4190 (0.0203)  118.37 (1.72)
                 O00G            C00C         

 C00H -          Distance        Angles
 C00E      1.3767 (0.0191) 
 C00I      1.4089 (0.0158)  118.40 (1.63)
 O00L      1.5028 (0.0185)  120.57 (1.36) 120.99 (1.41)
                 C00H            C00E          C00I         

 C00I -          Distance        Angles
 C00I_$9   1.4467 (0.0387) 
 C00H_$8   1.4183 (0.0157)  119.61 (0.98)
 C00H      1.4089 (0.0157)  119.81 (0.98) 120.58 (1.96)
                 C00I            C00I_$9       C00H_$8      

 O00J -          Distance        Angles
 O00G      1.4190 (0.0203) 
 C00A      1.4785 (0.0231)  117.27 (1.75)
                 O00J            O00G         

 O00K -          Distance        Angles
 C017_$10  2.6375 (0.9588) 
 C013      2.7285 (0.5266)   28.60 (9.99)
 C00N      1.7979 (0.0389)  121.26 (9.99) 149.53 (9.99)
                 O00K            C017_$10      C013         

 O00L -          Distance        Angles
 O00L_$9   1.3830 (0.0270) 
 C00H      1.5028 (0.0185)  119.16 (0.80)
                 O00L            O00L_$9      

 C00M -          Distance        Angles
 C010      2.0589 (0.0533) 
                 C00M           

 C00N -          Distance        Angles
 O00K      1.7979 (0.0389) 
                 C00N           

 C00O -          Distance        Angles
 C00O_$4   0.5029 (0.8909) 
 O007      1.5282 (0.3578)  142.15 (9.99)
                 C00O            C00O_$4      

 C00P -          Distance        Angles
 C00Q      1.0864 (0.1337) 
 C01C_$4   5.1456 (0.3849)  108.46 (3.69)
 C01C      5.1457 (0.3848)  108.46 (3.69) 141.71 (7.08)
                 C00P            C00Q          C01C_$4      

 C00Q -          Distance        Angles
 C00P      1.0864 (0.1339) 
 C01C_$4   5.5855 (0.3749)   60.91 (3.42)
 C01C      5.5856 (0.3750)   60.91 (3.42) 120.98 (6.77)
                 C00Q            C00P          C01C_$4      

 C00R -          Distance        Angles
 C00Y_$10  1.6300 (0.0935) 
 C00Y      1.6301 (0.0935)   94.70 (6.95)
                 C00R            C00Y_$10     

 C00T -          Distance        Angles
 C017_$10  2.8265 (0.8795) 
 C013      1.8420 (0.5676)   22.53 (9.99)
                 C00T            C017_$10     

 C00U -          Distance        Angles
 C00X      4.6363 (0.4929) 
                 C00U           

 C00V -          Distance        Angles
 C019      1.3981 (0.2651) 
 C019_$11  1.0327 (0.2805)   88.07 (9.99)
                 C00V            C019         

 C00W -          Distance        Angles
 C00W_$12 19.1169 (9.9990) 
 C016     21.2689 (9.9990)    0.00 (0.53)
                 C00W            C00W_$12     

 C00X -          Distance        Angles
 C00U      4.6363 (0.4921) 
                 C00X           

 C00Y -          Distance        Angles
 C00R      1.6301 (0.0935) 
                 C00Y           

 C010 -          Distance        Angles
 C00M      2.0589 (0.0534) 
 C00M_$11  2.0606 (0.0538)   63.78 (2.53)
                 C010            C00M         

 C013 -          Distance        Angles
 C017_$10  1.3283 (1.4561) 
 C00T      1.8420 (0.5674)  125.37 (9.99)
 O00K      2.7285 (0.5267)   71.90 (9.99)  54.32 (9.99)
                 C013            C017_$10      C00T         

 C016 -          Distance        Angles
 C00W     21.2689 (9.9990) 
                 C016           

 C017 -          Distance        Angles
 C013_$10  1.3282 (1.4558) 
 O00K_$10  2.6376 (0.9591)   79.51 (9.99)
 C00T_$10  2.8265 (0.8791)   32.10 (9.99)  48.03 (9.99)
                 C017            C013_$10      O00K_$10     

 C019 -          Distance        Angles
 C00V      1.3981 (0.2652) 
                 C019           

 C01C -          Distance        Angles
 C00P      5.1457 (0.3842) 
 C00Q      5.5856 (0.3739)   10.63 (1.57)
                 C01C            C00P         

 C01E -          Distance        Angles
 Zr01_$2   6.4720 (0.2938) 
 O005_$2   5.1093 (0.2980)   16.24 (1.08)
 C01E_$15 12.8388 (0.5853)    7.33 (2.68)  23.57 (3.35)
                 C01E            Zr01_$2       O005_$2      



 Selected torsion angles

    -6.33 ( 2.51)  Zr02_$4 - O004 - C009 - O003
   170.04 ( 0.99)  Zr02_$4 - O004 - C009 - C00C
     4.73 ( 2.47)  Zr01 - O003 - C009 - O004
  -171.50 ( 0.95)  Zr01 - O003 - C009 - C00C
    -7.30 ( 2.75)  O00D - O00B - C00C - O00G
   178.56 ( 1.48)  O00D - O00B - C00C - C009
  -177.15 ( 1.49)  O004 - C009 - C00C - O00B
    -0.45 ( 2.27)  O003 - C009 - C00C - O00B
     8.36 ( 2.20)  O004 - C009 - C00C - O00G
  -174.94 ( 1.50)  O003 - C009 - C00C - O00G
     5.45 ( 2.58)  C00C - O00B - O00D - C00A
    -2.36 ( 2.65)  O00J - C00A - O00D - O00B
   176.31 ( 1.57)  C00E - C00A - O00D - O00B
   124.51 ( 2.04)  O00D - C00A - C00E - C00H
   -56.81 ( 2.75)  O00J - C00A - C00E - C00H
   -57.57 ( 2.67)  O00D - C00A - C00E - O00F
   121.11 ( 2.11)  O00J - C00A - C00E - O00F
    -0.84 ( 4.21)  C00H - C00E - O00F - C00E_$8
  -178.70 ( 1.60)  C00A - C00E - O00F - C00E_$8
     5.53 ( 2.74)  O00B - C00C - O00G - O00J
   179.54 ( 1.50)  C009 - C00C - O00G - O00J
     0.88 ( 3.68)  O00F - C00E - C00H - C00I
   178.58 ( 2.05)  C00A - C00E - C00H - C00I
   178.66 ( 2.11)  O00F - C00E - C00H - O00L
    -3.65 ( 3.24)  C00A - C00E - C00H - O00L
   179.56 ( 1.40)  C00E - C00H - C00I - C00I_$9
     1.80 ( 2.56)  O00L - C00H - C00I - C00I_$9
    -0.86 ( 4.10)  C00E - C00H - C00I - C00H_$8
  -178.62 ( 1.48)  O00L - C00H - C00I - C00H_$8
    -1.99 ( 2.54)  C00C - O00G - O00J - C00A
     0.60 ( 2.64)  O00D - C00A - O00J - O00G
  -178.05 ( 1.59)  C00E - C00A - O00J - O00G
  -179.50 ( 1.48)  C00E - C00H - O00L - O00L_$9
    -1.78 ( 2.54)  C00I - C00H - O00L - O00L_$9
    -2.79 ( 0.84)  Zr02 - O007 - C00O - C00O_$4
  -169.67 ( 0.94)  C01C - C00P - C00Q - C01C_$4
   169.67 ( 0.95)  C01C_$4 - C00P - C00Q - C01C
   -11.83 (18.44)  C017_$10 - C00T - C013 - O00K


 FMAP and GRID set by program

 FMAP   2   1 167
 GRID    -0.610  -1  -1     0.610   1   1

 R1 =  0.2224 for   4395 unique reflections after merging for Fourier


 Electron density synthesis with coefficients Fo-Fc

 Highest peak    0.70  at  0.0000  0.3817  0.2012  [  2.87 A from C00Y ]
 Deepest hole   -1.91  at  0.5201  0.2601  0.5000  [  0.03 A from C010 ]


 Fourier peaks appended to .res file

              x       y       z       sof     U      Peak   Distances to nearest atoms (including eq.)

 Q1    1   0.6182  0.6182  0.2012   0.50000  0.05    0.70   2.87 C00Y  3.28 O006  3.57 O007  3.85 O004
 Q2    1   0.6446  0.6446  0.2472   0.50000  0.05    0.70   3.23 O007  3.69 C00Y  4.02 C00O  4.14 O004
 Q3    1   1.0000  1.0000  0.0000   0.04167  0.05    0.51   1.97 C018  4.90 C016  6.46 C01B  7.05 C00W
 Q4    1   0.6209  0.3791  0.1074   0.50000  0.05    0.50   1.85 C00N  2.15 C01C  3.12 O015^a  3.12 O015^a
 Q5    1   1.0000  1.0000 -0.1698   0.08333  0.05    0.49   0.85 C018  2.08 C016  4.23 C00W  4.79 C018
 Q6    1   0.6492  0.3508  0.0000   0.25000  0.05    0.42   2.38 O015^a  3.49 C01C  4.06 C00N  4.29 C01C
 Q7    1   0.6667  0.3333  0.7343   0.16667  0.05    0.42   1.99 C01C  2.34 O015^a  5.05 C00V  5.06 C00V
 Q8    1   0.6150  0.3075  0.0000   0.25000  0.05    0.41   2.71 O015^a  3.86 C01C  4.15 C00I  4.51 C00H
 Q9    1   0.5000  0.5000  0.1513   0.25000  0.05    0.40   2.19 C013^a  2.37 O006  2.92 C017  3.07 C00T^a
 Q10   1   0.6144  0.6144  0.5000   0.25000  0.05    0.40   0.50 C00O  1.55 O007  2.66 C00U  3.01 O005
 Q11   1   0.5000  0.5000  0.2402   0.25000  0.05    0.39   1.55 O006  2.82 O008  2.94 C00T^a  2.96 C013^a
 Q12   1   0.6868  0.5328  0.5000   0.50000  0.05    0.39   1.13 C00S  2.03 C00M  2.19 C00X  2.70 C00U
 Q13   1   1.0000  1.0000 -0.0658   0.08333  0.05    0.38   0.88 C018  3.06 C018  3.81 C016  5.75 C01B
 Q14   1   1.0000  0.9164  0.6082   0.50000  0.05    0.37   2.47 C011  3.13 C01B  3.32 C00W  3.36 C014
 Q15   1   0.4516  0.5130  0.4636   1.00000  0.05    0.37   0.99 ZR01  1.47 O005  1.62 O008  1.78 O003
 Q16   1   0.5675  0.5675  0.4272   0.50000  0.05    0.37   1.05 ZR02  1.34 O007  1.95 O005  1.95 O005
 Q17   1   0.5661  0.5661  0.3587   0.50000  0.05    0.37   1.02 ZR02  1.64 O007  1.94 O006  2.02 O004
 Q18   1   0.6048  0.3024  0.1514   0.50000  0.05    0.36   2.15 O015^a  2.15 O015^a  2.16 C01C  2.16 C01C
 Q19   1   0.6440  0.6756  0.1751   1.00000  0.05    0.36   2.64 C00Y  3.45 C00R  3.89 C00Y  3.99 O00G
 Q20   1   0.7255  0.4511  0.5603   0.50000  0.05    0.35   1.26 C00V  1.37 C019  1.38 C010  2.86 C00X

 Shortest distances between peaks (including symmetry equivalents)

      3  13  1.09     16  17  1.14     15  15  1.21      1   2  1.28     15  15  1.39      9  11  1.48      6   8  1.55
      2  19  1.71      5  13  1.73     15  15  1.84      1  19  2.00     20  20  2.00      6   6  2.05     19  19  2.14
     13  13  2.19     10  16  2.20     16  16  2.42      8  18  2.54      4   6  2.62      3   5  2.82      7  18  2.83
      4  18  2.84     15  16  2.92     15  16  2.92      6   8  2.94


 Time profile in seconds
 -----------------------

      0.02: Read and process instructions
      0.00: Fit rigid groups
      0.00: Interpret restraints etc.
      0.00: Generate connectivity array
      0.00: Analyse DFIX and DANG restraints
      0.00: Analyse SAME, SADI and NCSY restraints
      0.00: Generate CHIV restraints
      0.00: Check if bonds in residues restrained
      0.00: Generate DELU and RIGU restraints
      0.00: Generate SIMU restraints
      0.00: Generate ISOR restraints
      0.00: Analyse electron density
      0.00: Analyse other restraints etc.
      0.46: Read intensity data, sort/merge etc.
      0.00: Set up constraints
      0.01: OSF, H-atoms from difference map
      0.01: Set up l.s. refinement
      0.00: Generate idealized H-atoms
      0.06: Structure factors and derivatives
      0.02: Sum l.s. matrices
      0.00: Generate and apply antibumping restraints
      0.01: Apply other restraints
      0.01: Solve l.s. equations
      0.00: Generate HTAB table
      4.41: Other dependent quantities, CIF, tables
      0.01: Analysis of variance
      0.06: Merge reflections for Fourier and .fcf
      0.05: Fourier summations
      0.04: Peaksearch
      0.00: Analyse peaklist

 ** WARNING: These times are only approximate for multiple threads.
             To get better estimates run with -t1 **

   Please cite: G.M. Sheldrick (2015) "Crystal structure refinement with
   SHELXL", Acta Cryst., C71, 3-8 (Open Access) if SHELXL proves useful.

 +++++++++++++++++++++++++++++++++++++++++++++++++++++++++++++++++++++++++++++
 +  job           finished at 19:42:22   Total elapsed time:      5.19 secs  +
 +++++++++++++++++++++++++++++++++++++++++++++++++++++++++++++++++++++++++++++
