
 +++++++++++++++++++++++++++++++++++++++++++++++++++++++++++++++++++
 +  SHELXL -  CRYSTAL STRUCTURE REFINEMENT  -   MULTI-CPU VERSION  +
 +  Copyright(C) George M. Sheldrick 1993-2023     Version 2019/3  +
 +  final_nomask_check         started at 00:10:31 on 22-Sep-2026  +
 +++++++++++++++++++++++++++++++++++++++++++++++++++++++++++++++++++

 Command line parameters: final_nomask_check -a50000 -b3000 -c624 -g0 -m0 -t4

 -a sets the approximate maximum number of atoms including hydrogens.
 -b sets the maximum number of full-matrix parameters (not used by CGLS).
 For example -b9000 allows refinement of 1000 anisotropic atoms or 3000
 with BLOC 1. For a 32-bit version, -b times the square root of the
 number of threads should not exceed about 65500. -c sets the reflection
 buffer size. This depends on the CPU cache size but will rarely
 need changing.

 -g sets the number of reflection groups used for calculating R_complete,
 This must be greater than 1 but not greater than the total number of
 reflections for refinement. -m sets the current reflection group number.
 This may not be less than 1 nor greater than the number set by -g. These
 command line flags override other ways of defining free-R reflections.
 The -m value is also used as a seed for the WIGL pseudo-random shifts.

 -t sets the number of threads, otherwise it is set to the apparent
 number of CPUs. For optimal performance on hyperthreading systems,
 -t should be set to a little more than half the number of CPUs;
 e.g. -t4 or -t5 for an Intel i7 processor.

 Running  4 threads on  8 processors

 TITL NU1000 framework only: SHELXT-derived atomic sites
 CELL  0.68883  39.1900  39.1900  16.6100   90.000   90.000  120.000
 ZERR 3 0 0 0 0 0 0
 LATT  1
 SYMM -Y, X-Y, Z
 SYMM -X+Y, -X, Z
 SYMM -X, -Y, Z
 SYMM Y, -X+Y, Z
 SYMM X-Y, X, Z
 SYMM Y, X, -Z
 SYMM X-Y, -Y, -Z
 SYMM -X, -X+Y, -Z
 SYMM -Y, -X, -Z
 SYMM -X+Y, Y, -Z
 SYMM X, X-Y, -Z
 SFAC C O ZR H
 DISP C 0.002849 0.001502 10.991356
 DISP O 0.010096 0.005662 30.280019
 DISP Zr -8.668698 3.732734 14341.910601
 DISP H 0.000000 0.000000 0.622647
 UNIT 264 96 18 132

 V =    22092.79     F(000) =    3204.0     Mu =   1.20 mm-1      Cell Wt =     6481.65    Rho =  0.487

 L.S. 0
 SHEL 100 1.1
 BOND $H
 LIST 4
 FMAP 2
 PLAN 40
 EQIV $11 2-Y,2-X,Z
 EQIV $12 X,Y,2-Z
 EQIV $13 2-Y,2-X,2-Z
 RIGU 0.008 0.016
 SIMU 0.02 0.04 2.0
 DFIX 1.39 0.025 C2 C3 C3 C6 C6 C5 C5 C7 C7 C4 C4 C2
 DANG 2.408 0.045 C2 C6 C3 C5 C6 C7 C5 C4 C7 C2 C4 C3
 FLAT 0.025 C2 C3 C6 C5 C7 C4
 FLAT 0.04 O1 O2 C1 C2
 SADI 0.025 C1 O1 C1 O2
 DFIX 1.40 0.035 C8 C9 C9 C10 C8 C12
 DFIX 1.43 0.035 C9 C11 C10 C10_$12
 DFIX 1.36 0.035 C11 C11_$12
 DANG 2.42 0.06 C8 C10 C8 C11 C10 C11 C9 C12 C9 C11_$12
 FLAT 0.03 C8 C9 C10 C11 C12 C8_$11 C9_$11 C11_$11 =
  C8_$12 C9_$12 C10_$12 C11_$12 C12_$12 C8_$13 C9_$13 C11_$13
 WGHT    0.200000
 FVAR       0.05425
 ZR1   3    1.000000    0.455055    0.393714    10.50000    0.07853    0.10219 =
          0.09278   -0.01208    0.00000    0.03927
 ZR2   3    1.072265    0.536133    0.500000    10.25000    0.07086    0.09518 =
          0.07863    0.00000    0.00000    0.03543
 O1    2    1.105341    0.586892    0.582493    11.00000    0.08003    0.10916 =
          0.09775   -0.00032    0.00549    0.03707
 O2    2    1.058562    0.593182    0.649375    11.00000    0.09441    0.12525 =
          0.12839   -0.02509   -0.00297    0.05314
 O3    2    1.035893    0.473052    0.500000    10.50000    0.11261    0.12059 =
          0.10765    0.00000    0.00000    0.01696
 O4    2    1.000000    0.462606    0.261200    10.50000    0.09335    0.21451 =
          0.08375   -0.03819    0.00000    0.04667
 O5    2    1.035982    0.517991    0.393263    10.50000    0.09853    0.12501 =
          0.16674   -0.01597   -0.03194    0.04927
 O6    2    1.000000    0.400160    0.410025    10.50000    0.09953    0.11479 =
          0.26633   -0.01712    0.00000    0.04977
 C2    1    1.125775    0.632769    0.684716    11.00000    0.10590    0.11965 =
          0.10680   -0.03122   -0.00459    0.02786
 C5    1    1.184839    0.689721    0.778554    11.00000    0.11909    0.12579 =
          0.09435   -0.00728   -0.00529    0.00219
 C3    1    1.164501    0.641685    0.675608    11.00000    0.09634    0.13341 =
          0.11382   -0.04438   -0.01837    0.03385
 AFIX  43
 H3    4    1.170411    0.628106    0.637303    11.00000   -1.20000
 AFIX   0
 C1    1    1.093347    0.601724    0.634712    11.00000    0.09463    0.11415 =
          0.09882   -0.01046    0.00511    0.04513
 C4    1    1.114450    0.652197    0.740736    11.00000    0.12390    0.11878 =
          0.11421   -0.04339   -0.00316    0.01254
 AFIX  43
 H4    4    1.088424    0.646287    0.745843    11.00000   -1.20000
 AFIX   0
 C6    1    1.194039    0.669623    0.720888    11.00000    0.11297    0.13987 =
          0.11170   -0.03300   -0.01298    0.02155
 AFIX  43
 H6    4    1.219893    0.675296    0.713721    11.00000   -1.20000
 AFIX   0
 C12   1    1.247826    0.752174    0.788825    10.50000    0.13665    0.13665 =
          0.10147   -0.00960    0.00960   -0.01293
 AFIX  43
 H12   4    1.248090    0.751910    0.732845    10.50000   -1.20000
 AFIX   0
 C7    1    1.144806    0.681109    0.788620    11.00000    0.13978    0.13858 =
          0.10998   -0.02632    0.01059    0.00532
 AFIX  43
 H7    4    1.138962    0.694720    0.826969    11.00000   -1.20000
 AFIX   0
 C9    1    1.216702    0.721421    0.914178    11.00000    0.13546    0.12462 =
          0.08859   -0.00177    0.00204   -0.00997
 C8    1    1.216607    0.721344    0.830144    11.00000    0.12640    0.11365 =
          0.09508   -0.00960   -0.00004    0.00166
 C10   1    1.247651    0.752349    0.956975    10.50000    0.11842    0.11842 =
          0.08185   -0.00275    0.00275   -0.02486
 C11   1    1.184726    0.689360    0.959470    11.00000    0.15072    0.14144 =
          0.09018    0.00888   -0.00392   -0.01482
 AFIX  43
 H11   4    1.164105    0.668684    0.931876    11.00000   -1.20000
 AFIX   0
 HKLF 4



 Covalent radii and connectivity table for  NU1000 framework only: SHELXT-derived atomic sites                         
 C      0.770
 O      0.660
 ZR     1.590
 H      0.320

 Zr1 - O5_$2 O5 O3 O3_$6 O6 O4 O2_$1 O2_$5 Zr2 Zr2_$1 Zr1_$2 Zr1_$3
 Zr2 - O3_$4 O3 O5 O5_$3 O1_$3 O1_$4 O1_$5 O1 Zr1_$2 Zr1_$1 Zr1_$3 Zr1
 O1 - C1 Zr2
 O2 - C1 Zr1_$1
 O3 - Zr1_$3 Zr1 Zr2
 O4 - Zr1
 O5 - Zr1 Zr1_$2 Zr2
 O6 - Zr1
 C2 - C3 C4 C1
 C5 - C6 C7 C8
 C3 - C6 C2
 C1 - O2 O1 C2
 C4 - C2 C7
 C6 - C3 C5
 C12 - C8_$11 C8
 C7 - C4 C5
 C9 - C8 C10 C11
 C8 - C9 C12 C5
 C10 - C9 C9_$11 C10_$12
 C11 - C11_$12 C9


 Operators for generating equivalent atoms:
 $1   -x+2, -y+1, -z+1
 $2   -x+2, -y+1, z
 $3   x, y, -z+1
 $4   x, x-y, z
 $5   x, x-y, -z+1
 $6   -x+2, -x+y+1, -z+1
 $11  -y+2, -x+2, z
 $12  x, y, -z+2
 $13  -y+2, -x+2, -z+2

   218952  Reflections outside SHEL resolution limits rejected


   337815  Reflections read, of which  218952  rejected

 -35 =< h =< 35,    -35 =< k =< 35,    -15 =< l =< 15,   Max. 2-theta =   36.48

        0  Systematic absence violations (I>3sig(I)) before merging

        0  Inconsistent equivalents

     3345  Unique reflections, of which       0  suppressed

 R(int) = 0.4308     R(sigma) = 0.0862      Friedel opposites merged

 Maximum memory for data reduction =     2918 /    36568


 Reflection statistics for all twin components combined (TWST 0 set)
 Number of data for d > 1.100A (CIF: max) and d > 0.833A (CIF: full)
 (ignoring systematic absences):
 Unique reflections found (point group)       3345    3345
 Unique reflections possible (point group)    3350    7433
 Unique reflections found (Laue group)        3345    3345
 Unique reflections possible (Laue group)     3350    7433

 Special position constraints for Zr1
 x =  1.0000   U13 = 0   U12 = 0.5 * U11   sof = 0.50000   
 Input constraints retained (at least in part) for  sof

 Special position constraints for Zr2
 z =  0.5000   y =  0.5 * x + 0.0000   U23 = 0   U13 = 0   U12 = 0.5 * U11   
 sof = 0.25000   
 Input constraints retained (at least in part) for  sof

 Special position constraints for O3
 z =  0.5000   U23 = 0   U13 = 0   sof = 0.50000   
 Input constraints retained (at least in part) for  sof

 Special position constraints for O4
 x =  1.0000   U13 = 0   U12 = 0.5 * U11   sof = 0.50000   
 Input constraints retained (at least in part) for  sof

 Special position constraints for O5
 y =  0.5 * x + 0.0000   U13 = 2.0 * U23   U12 = 0.5 * U11   sof = 0.50000   
 Input constraints retained (at least in part) for  sof

 Special position constraints for O6
 x =  1.0000   U13 = 0   U12 = 0.5 * U11   sof = 0.50000   
 Input constraints retained (at least in part) for  sof

 Special position constraints for C12
 y = -1.0 * x + 2.0000   U22 = 1.0 * U11   U13 =-1.0 * U23   sof = 0.50000   
 Input constraints retained (at least in part) for  sof

 Special position constraints for C10
 y = -1.0 * x + 2.0000   U22 = 1.0 * U11   U13 =-1.0 * U23   sof = 0.50000   
 Input constraints retained (at least in part) for  sof


 Default effective X-H and X-D distances for T =   20.0C 
 AFIX m =    1     2     3     4   4[N]  3[N]  15[B]  8[O]   9   9[N]   16
 d(X-H) =  0.98  0.97  0.96  0.93  0.86  0.89  1.10  0.82  0.93  0.86  0.93

 Note that these distances are chosen to give the best fit to the X-ray data
 and so avoid the introduction of systematic error.  The true internuclear
 distances are longer and do not vary with temperature!  The apparent
 variation with temperature is caused by libration.



 Idealized hydrogen atom generation before cycle   1

 Name     x       y       z    AFIX  d(X-H)  shift  Bonded to  Conformation determined by
 H3    1.1704  0.6281  0.6373   43   0.930   0.000   C3            C6  C2  
 H4    1.0884  0.6463  0.7458   43   0.930   0.000   C4            C2  C7  
 H6    1.2199  0.6753  0.7137   43   0.930   0.000   C6            C3  C5  
 H12   1.2481  0.7519  0.7328   43   0.930   0.000   C12           C8_$11  C8  
 H7    1.1390  0.6947  0.8270   43   0.930   0.000   C7            C4  C5  
 H11   1.1641  0.6687  0.9319   43   0.930   0.000   C11           C11_$12  C9  



  NU1000 framework only: SHELXT-derived atomic sites                         

 ATOM           x        y        z         sof        U11      U22      U33      U23      U13      U12       Ueq

 Zr1         1.00000  0.45506  0.39371    0.50000    0.07853  0.10219  0.09278 -0.01208  0.00000  0.03927   0.09380
 Zr2         1.07227  0.53613  0.50000    0.25000    0.07086  0.09518  0.07863  0.00000  0.00000  0.03543   0.08426
 O1          1.10534  0.58689  0.58249    1.00000    0.08003  0.10916  0.09775 -0.00032  0.00549  0.03707   0.10019
 O2          1.05856  0.59318  0.64938    1.00000    0.09441  0.12525  0.12839 -0.02509 -0.00297  0.05314   0.11681
 O3          1.03589  0.47305  0.50000    0.50000    0.11261  0.12059  0.10765  0.00000  0.00000  0.01696   0.13199
 O4          1.00000  0.46261  0.26120    0.50000    0.09335  0.21451  0.08375 -0.03819  0.00000  0.04668   0.14400
 O5          1.03598  0.51799  0.39326    0.50000    0.09853  0.12501  0.16674 -0.01597 -0.03194  0.04927   0.13304
 O6          1.00000  0.40016  0.41003    0.50000    0.09953  0.11479  0.26633 -0.01712  0.00000  0.04977   0.16191
 C2          1.12577  0.63277  0.68472    1.00000    0.10590  0.11965  0.10680 -0.03122 -0.00459  0.02786   0.12346
 C5          1.18484  0.68972  0.77855    1.00000    0.11909  0.12579  0.09435 -0.00728 -0.00529  0.00219   0.13931
 C3          1.16450  0.64169  0.67561    1.00000    0.09634  0.13341  0.11382 -0.04438 -0.01837  0.03385   0.12501
 H3          1.17041  0.62811  0.63730    1.00000    0.15001
 C1          1.09335  0.60172  0.63471    1.00000    0.09463  0.11415  0.09882 -0.01046  0.00511  0.04513   0.10567
 C4          1.11445  0.65220  0.74074    1.00000    0.12390  0.11878  0.11421 -0.04339 -0.00316  0.01254   0.14035
 H4          1.08842  0.64629  0.74584    1.00000    0.16843
 C6          1.19404  0.66962  0.72089    1.00000    0.11297  0.13987  0.11170 -0.03300 -0.01298  0.02155   0.14003
 H6          1.21989  0.67530  0.71372    1.00000    0.16803
 C12         1.24783  0.75217  0.78883    0.50000    0.13665  0.13665  0.10147 -0.00960  0.00960 -0.01293   0.16104
 H12         1.24809  0.75191  0.73285    0.50000    0.19324
 C7          1.14481  0.68111  0.78862    1.00000    0.13978  0.13858  0.10998 -0.02632  0.01059  0.00532   0.15801
 H7          1.13896  0.69472  0.82697    1.00000    0.18961
 C9          1.21670  0.72142  0.91418    1.00000    0.13546  0.12462  0.08859 -0.00177  0.00204 -0.00997   0.14955
 C8          1.21661  0.72134  0.83014    1.00000    0.12640  0.11365  0.09508 -0.00960 -0.00004  0.00166   0.13764
 C10         1.24765  0.75235  0.95697    0.50000    0.11842  0.11842  0.08185 -0.00275  0.00275 -0.02486   0.14359
 C11         1.18473  0.68936  0.95947    1.00000    0.15072  0.14144  0.09018  0.00888 -0.00392 -0.01482   0.16650
 H11         1.16411  0.66868  0.93188    1.00000    0.19979


 Final Structure Factor Calculation for  NU1000 framework only: SHELXT-derived atomic sites                         

 Total number of l.s. parameters =   155  Maximum vector length =  623   Memory required =     45 /   2918 /    28035

 wR2 =  0.5032 before cycle   1 for    3345 data and      0 /    155 parameters


 Summary of restraints applied in cycle    1

               ANTIBUMP  DFIX    DANG SAME/SADI CHIV/Z CHIV/NZ   FLAT    DELU    RIGU    SIMU    ISOR    SUMP

       Number       0      12      11       1       0       0      17       0     148      84       0       0

 rms sigma      0.0000  0.0304  0.0524  0.0250  0.0000  0.0000  0.0299  0.0000  1.5226  0.0200  0.0000  0.0000

 rms deviation  0.0000  0.0219  0.0408  0.0043  0.0000  0.0000  0.0122  0.0000  0.0215  0.0120  0.0000  0.0000


 GooF = S =     1.794;     Restrained GooF =      1.737 for     273 restraints

 Weight = 1 / [ sigma^2(Fo^2) + ( 0.2000 * P )^2 +   0.00 * P ]   where  P = ( Max ( Fo^2, 0 ) + 2 * Fc^2 ) / 3

 wR2 = 0.5032, GooF = S = 1.794, Restrained GooF = 1.737 for all data
 R1 = 0.1794 for 1837 Fo > 4sig(Fo) and 0.2402 for all 3345 data

 R.m.s. bond length deviation (from DFIX values)  0.0229 (A)
 R.m.s. bond angle deviation (estimated from DANG)  3.23 (deg.)

 Occupancy sum of asymmetric unit =    15.75 for non-hydrogen and     5.50 for H and D atoms



 Principal mean square atomic displacements U

   0.1178   0.0850   0.0785   Zr1  
   0.1033   0.0786   0.0709   Zr2  
   0.1237   0.0985   0.0783   O1  
   0.1560   0.1017   0.0927   O2  
   0.1995   0.1077   0.0888   O3  
   0.2656   0.0934   0.0731   O4    may be split into  1.0030  0.4685  0.2583  and  0.9970  0.4567  0.2641
   0.1794   0.1338   0.0859   O5  
   0.2690   0.1173   0.0995   O6  
   0.1821   0.1109   0.0775   C2  
   0.2406   0.0978   0.0795   C5  
   0.1877   0.1178   0.0695   C3  
   0.1312   0.0966   0.0892   C1  
   0.2317   0.1217   0.0677   C4  
   0.2173   0.1249   0.0778   C6  
   0.3010   0.0996   0.0825   C12    may be split into  1.2478  0.7579  0.7875  and  1.2478  0.7465  0.7901
   0.2759   0.1085   0.0896   C7    may be split into  1.1448  0.6862  0.7859  and  1.1448  0.6760  0.7913
   0.2803   0.0885   0.0799   C9    may be split into  1.2165  0.7269  0.9139  and  1.2169  0.7159  0.9144
   0.2377   0.0967   0.0785   C8  
   0.2867   0.0817   0.0624   C10    may be split into  1.2477  0.7581  0.9566  and  1.2477  0.7466  0.9573
   0.3226   0.0918   0.0851   C11    may be split into  1.1846  0.6954  0.9603  and  1.1849  0.6833  0.9587

 ** Warning:     6  atoms may be split and     0  atoms NPD **



 Analysis of variance for reflections employed in refinement      K = Mean[Fo^2] / Mean[Fc^2]  for group


 Fc/Fc(max)       0.000    0.006    0.009    0.013    0.018    0.024    0.031    0.040    0.056    0.090    1.000

 Number in group       421.     269.     323.     346.     353.     318.     341.     315.     323.     336.

            GooF      1.070    0.943    1.518    1.368    1.903    1.687    2.175    2.242    1.847    2.020

             K        0.893    0.975    1.282    1.100    1.460    1.138    1.297    1.416    1.084    0.922


 Resolution(A)    1.10     1.14     1.19     1.25     1.32     1.40     1.52     1.68     1.95     2.50     inf

 Number in group       336.     348.     324.     329.     343.     326.     335.     336.     336.     332.

            GooF      1.035    1.052    0.986    1.004    0.989    0.933    0.983    1.272    1.819    4.242

             K        1.301    1.219    1.091    1.059    1.035    1.082    1.028    1.068    1.097    0.906

             R1       0.307    0.304    0.287    0.317    0.231    0.139    0.115    0.137    0.145    0.333


 ** Extinction (EXTI) or solvent water (SWAT) correction may be required **

 Recommended weighting scheme:  WGHT    0.2000    0.0000
 [Weight parameters refined to    0.4083       13.71  but appear excessive]


 Most Disagreeable Reflections (* if suppressed or used for Rfree).
 Error/esd is calculated as sqrt(wD^2/<wD^2>) where w is given by the weight
 formula, D = Fo^2-Fc^2 and <> refers to the average over all reflections.

     h   k   l          Fo^2          Fc^2    Error/esd  Fc/Fc(max)  Resolution(A)

    -1   7   2      11971.68        343.74       7.26       0.020       4.39
    -1   5   1       3333.62         93.62       6.89       0.010       6.76
     0   4   1      31157.12       1065.47       6.88       0.035       7.56
    -1   4   1      17533.09        976.12       6.82       0.033       8.19
    -3   6   1       9920.01        411.90       6.64       0.022       6.08
    -2   7   2       8011.31        482.14       6.64       0.023       4.55
    -2   6   2       2841.40         80.36       6.55       0.010       5.08
    -2   4   0     141697.06       2515.21       6.47       0.054       9.80
    -1   8   1       3228.34        153.85       6.24       0.013       4.34
    -2   6   1      15694.33       1558.70       6.12       0.042       5.98
    -1   2   3      15375.71       1462.09       5.94       0.041       5.33
    -1   4   2      13102.55       1432.51       5.92       0.040       6.23
    -3   9   0       3211.03         21.38       5.84       0.005       4.28
    -3  10   0      11313.79       1029.05       5.81       0.034       3.82
     0  10   2       5246.03        393.95       5.71       0.021       3.14
    -4   8   2      12523.88       1353.03       5.68       0.039       4.22
    -3   8   0       6091.65        618.38       5.59       0.027       4.85
    -1   3   0       6321.68        679.21       5.50       0.028      12.83
    -4  11   2      16092.05       2498.38       5.28       0.053       3.24
    -2  10   1       6595.31        984.28       5.21       0.034       3.61
     0   9   2       9947.96       1478.06       5.08       0.041       3.43
    -2   7   1       6897.45       1274.86       4.82       0.038       5.17
    -7  15   0       5090.78        781.54       4.66       0.030       2.61
    -4   9   2       3823.09        695.69       4.65       0.028       3.85
    -2   5   4       1531.12        165.57       4.48       0.014       3.66
     0   7   2      26943.48       5661.30       4.44       0.080       4.19
    -3  10   1       2627.30        415.77       4.41       0.022       3.72
    -3  12   4       2683.34        398.35       4.40       0.021       2.50
    -1   5   3       4652.86       1044.70       4.30       0.035       4.43
    -2   8   1       5617.16       1457.43       3.96       0.041       4.53
     0   7   3       7807.85       1891.37       3.96       0.047       3.65
     0  15   2       4300.71        910.54       3.94       0.032       2.18
    -1   3   2       1475.06      22709.53       3.88       0.161       6.97
    -4   8   0       1218.91      14624.46       3.74       0.129       4.90
    -1   4   4        446.39       5459.42       3.74       0.079       3.80
    -1   9   5       4891.98       1330.69       3.73       0.039       2.55
    -1   9   2       1196.66        117.81       3.73       0.012       3.58
    -1  10   2       5603.82       1577.64       3.73       0.042       3.27
    -1   8   3         49.86       1901.77       3.64       0.047       3.49
     0  11   2        194.38       2881.43       3.52       0.057       2.89
    -5  10   0       3427.37        465.28       3.47       0.023       3.92
     0   0   3      18790.68     124340.77       3.37       0.377       5.54
     0   1   3       2150.70      13893.63       3.35       0.126       5.46
    -2   5   0       4291.79      27147.29       3.34       0.176       7.79
     0   5   5        652.52       4596.45       3.31       0.073       2.98
     0   1   5        500.72       3635.43       3.27       0.064       3.31
     0   6   2     194602.03      64466.73       3.26       0.272       4.68
    -1   7   5       5239.42       1787.66       3.19       0.045       2.80
     0   9   4       4901.58       1526.99       3.18       0.042       2.79
    -4  16   0       9151.17       3014.14       3.17       0.059       2.35



 Bond lengths and angles

 Zr1 -           Distance        Angles
 O5_$2     2.1433          
 O5        2.1433            69.47       
 O3        2.1449           109.01         71.25       
 O3_$6     2.1450            71.25        109.01         69.22       
 O6        2.1683           144.67        144.67         84.15         84.15       
 O4        2.2209            83.51         83.51        144.65        144.64        104.83       
 O2_$1     2.2394            76.46        141.01        140.13         76.07         73.19         74.18       
 O2_$5     2.2394           141.01         76.46         76.07        140.13         73.19         74.18        125.14       
 Zr2       3.4978            89.28         35.75         35.50         88.99        115.88        115.67        161.94       
 Zr2_$1    3.4978            35.75         89.28         88.99         35.50        115.88        115.67         72.90       
 Zr1_$2    3.5228            34.73         34.73         89.95         89.95        172.82         82.34        109.38       
 Zr1_$3    3.5308            90.20         90.20         34.61         34.61         82.82        172.34        108.64       
                 Zr1             O5_$2         O5            O3            O3_$6         O6            O4            O2_$1        

 Zr2 -           Distance        Angles
 O3_$4     2.1492          
 O3        2.1493           109.89       
 O5        2.1586            70.88         70.87       
 O5_$3     2.1586            70.87         70.87        110.43       
 O1_$3     2.2217            78.23        141.66         77.39        142.63       
 O1_$4     2.2217           141.66         78.23        142.63         77.39        119.30       
 O1_$5     2.2217           141.66         78.23         77.39        142.63         74.26         76.15       
 O1        2.2218            78.23        141.66        142.63         77.39         76.15         74.26        119.30       
 Zr1_$2    3.4978            35.42         90.54         35.46         90.83         74.87        165.82        110.30       
 Zr1_$1    3.4978            35.42         90.54         90.83         35.46        111.20        110.30        165.82       
 Zr1_$3    3.4978            90.55         35.42         90.83         35.46        165.82         74.87        111.20       
 Zr1       3.4978            90.55         35.42         35.46         90.83        110.30        111.20         74.87       
                 Zr2             O3_$4         O3            O5            O5_$3         O1_$3         O1_$4         O1_$5        

 O1 -            Distance        Angles
 C1        1.2587          
 Zr2       2.2218           130.77       
                 O1              C1           

 O2 -            Distance        Angles
 C1        1.2544          
 Zr1_$1    2.2393           132.97       
                 O2              C1           

 O3 -            Distance        Angles
 Zr1_$3    2.1449          
 Zr1       2.1449           110.79       
 Zr2       2.1493           109.08        109.08       
                 O3              Zr1_$3        Zr1          

 O4 -            Distance        Angles
 Zr1       2.2209          
                 O4             

 O5 -            Distance        Angles
 Zr1       2.1433          
 Zr1_$2    2.1433           110.53       
 Zr2       2.1586           108.79        108.79       
                 O5              Zr1           Zr1_$2       

 O6 -            Distance        Angles
 Zr1       2.1683          
                 O6             

 C2 -            Distance        Angles
 C3        1.3849          
 C4        1.4073           122.55       
 C1        1.4963           121.51        115.95       
                 C2              C3            C4           

 C5 -            Distance        Angles
 C6        1.3971          
 C7        1.4401           120.36       
 C8        1.5091           120.85        118.77       
                 C5              C6            C7           

 C3 -            Distance        Angles
 C6        1.3554          
 C2        1.3849           121.92       
 H3        0.9300           119.04        119.04       
                 C3              C6            C2           

 C1 -            Distance        Angles
 O2        1.2544          
 O1        1.2587           128.13       
 C2        1.4963           118.50        113.36       
                 C1              O2            O1           

 C4 -            Distance        Angles
 C2        1.4073          
 C7        1.4085           116.14       
 H4        0.9300           121.93        121.93       
                 C4              C2            C7           

 C6 -            Distance        Angles
 C3        1.3554          
 C5        1.3971           118.62       
 H6        0.9300           120.69        120.69       
                 C6              C3            C5           

 C12 -           Distance        Angles
 C8_$11    1.3962          
 C8        1.3962           121.10       
 H12       0.9300           119.45        119.45       
                 C12             C8_$11        C8           

 C7 -            Distance        Angles
 C4        1.4085          
 C5        1.4401           120.40       
 H7        0.9300           119.80        119.80       
                 C7              C4            C5           

 C9 -            Distance        Angles
 C8        1.3958          
 C10       1.4055           120.52       
 C11       1.4630           120.81        118.67       
                 C9              C8            C10          

 C8 -            Distance        Angles
 C9        1.3958          
 C12       1.3962           119.30       
 C5        1.5091           124.74        115.96       
                 C8              C9            C12          

 C10 -           Distance        Angles
 C9        1.4055          
 C9_$11    1.4055           119.24       
 C10_$12   1.4293           120.38        120.38       
                 C10             C9            C9_$11       

 C11 -           Distance        Angles
 C11_$12   1.3464          
 C9        1.4630           120.94       
 H11       0.9300           119.53        119.53       
                 C11             C11_$12       C9           


 FMAP and GRID set by program

 FMAP   2   1 152
 GRID    -0.671  -1  -1     0.671   1   1

 R1 =  0.2336 for   3345 unique reflections after merging for Fourier


 Electron density synthesis with coefficients Fo-Fc

 Highest peak    1.40  at  0.5713  0.4287  0.1401  [  3.67 A from H11 ]
 Deepest hole   -1.05  at  0.5056  0.4944  0.4723  [  1.56 A from O5 ]


 Fourier peaks appended to .res file

              x       y       z       sof     U      Peak   Distances to nearest atoms (including eq.)

 Q1    1   1.1426  0.5713  0.8599   0.50000  0.05    1.40   3.67 H11  3.67 H11  3.92 C3^a  3.92 C3^a
 Q2    1   1.1900  0.5950  0.8978   0.50000  0.05    1.15   3.55 H11  3.55 H11  3.94 C11^a  3.94 C11^a
 Q3    1   1.0752  0.6644  1.0000   0.50000  0.05    0.92   3.59 H11^a  3.60 H7^a  3.95 C11^a  4.29 C7^a
 Q4    1   1.2033  0.7402  0.5000   0.50000  0.05    0.88   4.18 H12^a  4.45 C3^a  4.50 C6^a  4.53 H3^a
 Q5    1   1.2120  0.6060  0.5000   0.25000  0.05    0.85   3.16 H3^a  4.07 C3^a  4.09 O1^a  4.39 H6^a
 Q6    1   0.9365  0.4682  0.2120   0.50000  0.05    0.78   2.73 O4^a  3.15 O5^a  3.41 O2^a  3.49 C1^a
 Q7    1   1.0845  0.4138  0.5000   0.50000  0.05    0.77   3.42 O6^a  3.65 O2^a  3.66 C1^a  3.67 O3^a
 Q8    1   1.0000  0.0000  0.3962   0.08333  0.05    0.63   15.68 O6^a  15.86 H7^a  16.01 O6^a  16.06 H4^a
 Q9    1   1.1436  0.7037  0.5000   0.50000  0.05    0.62   3.96 C2^a  4.12 C1^a  4.13 C3^a  4.27 H3^a
 Q10   1   1.0000  0.6165  0.8030   0.50000  0.05    0.61   3.20 H4^a  3.28 O4^a  3.60 O6^a  3.84 O2^a
 Q11   1   1.0588  0.6460  0.9276   1.00000  0.05    0.57   3.21 H7^a  3.23 H4^a  3.73 C4^a  3.74 C7^a
 Q12   1   1.2750  0.7250  0.5440   0.50000  0.05    0.56   3.49 H6^a  3.63 H12^a  4.07 C6^a  4.25 H3^a
 Q13   1   1.0000  0.5000  0.1538   0.25000  0.05    0.56   2.31 O4^a  4.16 O5^a  4.36 ZR1^a  4.57 O2^a
 Q14   1   1.2628  0.7131  0.5184   1.00000  0.05    0.54   3.61 H6^a  4.01 H3^a  4.03 H12^a  4.11 C6^a
 Q15   1   1.0000  0.3857  0.5000   0.25000  0.05    0.51   1.60 O6^a  2.98 O3^a  3.24 ZR1^a  3.74 O2^a
 Q16   1   1.0000  0.3513  0.2503   0.50000  0.05    0.51   3.27 O6^a  3.51 H4^a  4.21 O2^a  4.37 O4^a
 Q17   1   1.0000  0.4061  0.1392   0.50000  0.05    0.47   3.00 O4^a  3.57 H4^a  4.20 O2^a  4.37 C4^a
 Q18   1   1.0417  0.4649  0.1491   1.00000  0.05    0.47   2.45 O4^a  2.97 H4^a  3.41 O2^a  3.43 C4^a
 Q19   1   1.2399  0.6200  0.8840   0.50000  0.05    0.46   3.88 H6^a  4.23 C6^a  4.33 H11^a  4.42 C11^a
 Q20   1   1.0000  0.5000  0.2292   0.25000  0.05    0.46   1.56 O4^a  2.99 O5^a  3.25 ZR1^a  3.78 O2^a
 Q21   1   1.3028  0.6972  0.8581   0.50000  0.05    0.43   3.77 H6^a  3.77 H6^a  3.90 C12^a  3.96 C8^a
 Q22   1   1.0538  0.5909  1.0000   0.50000  0.05    0.43   4.01 H11^a  4.63 H4^a  4.68 C11^a  4.73 H7^a
 Q23   1   1.0693  0.6861  0.6082   1.00000  0.05    0.42   3.06 H4^a  3.12 O6^a  3.48 C4^a  3.52 O2^a
 Q24   1   1.0451  0.0901  0.5000   0.25000  0.05    0.42   13.21 O6^a  13.21 O6^a  13.59 H7^a  13.65 H4^a
 Q25   1   1.3333  0.6667  0.8275   0.16667  0.05    0.42   5.00 H6^a  5.80 C6^a  5.84 C12^a  5.94 C8^a
 Q26   1   1.2862  0.6431  0.7583   0.50000  0.05    0.40   3.49 H6^a  4.27 C6^a  4.72 H3^a  4.85 H6^a
 Q27   1   1.3096  0.6904  0.7834   0.50000  0.05    0.39   3.46 H6^a  4.19 C12^a  4.26 H12^a  4.31 C6^a
 Q28   1   1.0000  0.0717  0.5000   0.25000  0.05    0.38   12.96 O6^a  13.75 H4^a  13.89 H7^a  14.20 C4^a
 Q29   1   1.0000  0.0753  0.3953   0.50000  0.05    0.38   12.74 O6^a  13.14 O6^a  13.18 H7^a  13.21 H4^a
 Q30   1   1.0707  0.6125  0.8967   1.00000  0.05    0.38   2.76 H4^a  3.07 C4^a  3.20 H7^a  3.24 H11^a
 Q31   1   1.0000  1.0000  0.8218   0.08333  0.05    0.38   15.43 H7^a  15.93 H4^a  16.11 C7^a  16.15 O6^a
 Q32   1   1.2089  0.8148  0.6920   1.00000  0.05    0.37   3.56 H12^a  3.83 C12^a  3.97 H7^a  4.11 C7^a
 Q33   1   0.9683  0.0317  0.5000   0.25000  0.05    0.37   13.94 O6^a  14.39 H7^a  14.45 H4^a  14.80 C7^a
 Q34   1   1.1916  0.8084  0.7264   0.50000  0.05    0.35   3.83 H12^a  3.95 C12^a  4.21 H7^a  4.35 C8^a
 Q35   1   1.2803  0.6402  0.8751   0.50000  0.05    0.32   4.24 H6^a  4.82 C6^a  4.97 C9^a  4.99 C8^a
 Q36   1   1.0000  0.2916  0.2533   0.50000  0.05    0.32   4.99 O6^a  5.14 H4^a  5.89 H7^a  5.90 C4^a
 Q37   1   1.1627  0.7692  0.9822   1.00000  0.05    0.31   3.63 C9^a  3.65 H7^a  3.66 C11^a  3.73 C10^a
 Q38   1   1.2453  0.8051  0.5774   1.00000  0.05    0.31   3.35 H12^a  4.08 C6^a  4.10 C5^a  4.11 C12^a
 Q39   1   1.0000  0.0000  0.5000   0.04167  0.05    0.30   15.75 O6^a  16.35 H7^a  16.40 H4^a  16.80 C7^a
 Q40   1   1.0717  0.4991  0.1097   1.00000  0.05    0.30   3.50 O4^a  3.55 H4^a  3.67 C4^a  3.76 H11^a

 Shortest distances between peaks (including symmetry equivalents)

     37  37  0.59     14  14  0.61     12  14  0.63     32  34  0.82     24  33  0.91     32  32  0.93     14  14  0.94
     14  14  1.12     12  14  1.14     13  20  1.25     10  17  1.31     21  27  1.32     19  35  1.38      3  11  1.38
     18  40  1.43     28  33  1.43     12  12  1.46     18  30  1.50      4  38  1.51     24  28  1.54     10  16  1.54
     30  40  1.58     26  27  1.66     11  30  1.68      2  19  1.71      8  39  1.72      1   2  1.73     28  29  1.74
     25  27  1.77     22  30  1.88     26  35  1.95     25  35  1.96     25  26  1.97     21  35  1.97     21  35  1.97
     38  38  1.98      7   9  2.01      4   9  2.04     17  18  2.06      7  23  2.08     21  25  2.14     33  39  2.15
     33  33  2.15     33  39  2.15     33  33  2.15     33  39  2.15     33  33  2.15     33  39  2.15     33  33  2.15
     33  39  2.15     33  33  2.15     33  39  2.15     33  33  2.15     33  39  2.15     33  33  2.15     33  39  2.15
     33  33  2.15     33  39  2.15      6  20  2.17     22  40  2.20      4   4  2.22      6  40  2.24     27  35  2.29
     29  33  2.31     24  29  2.33     16  36  2.34      6  13  2.36      9  38  2.38     11  22  2.39     11  11  2.41
     11  17  2.45     21  26  2.51     21  26  2.51     32  38  2.52     18  22  2.53      6  18  2.54      6  18  2.54
     17  30  2.56      3  22  2.57     38  38  2.57      4  38  2.58      3  30  2.60     13  18  2.61     19  26  2.61
     37  37  2.67     24  33  2.72     24  33  2.72     37  37  2.73      8  33  2.76     11  18  2.76     26  26  2.77
     27  27  2.80     28  39  2.81     28  28  2.81     28  39  2.81     28  28  2.81     28  39  2.81     28  28  2.81
     28  39  2.81     28  28  2.81     28  39  2.81     28  28  2.81     28  39  2.81     28  28  2.81     28  39  2.81
     28  28  2.81     28  39  2.81     28  28  2.81     28  39  2.81     19  21  2.82     19  21  2.82     19  21  2.82
     16  17  2.83     18  18  2.83      1  40  2.85     32  38  2.86     10  11  2.87     10  18  2.88     40  40  2.88
      7  15  2.92     13  40  2.92     18  20  2.93      1   6  2.94      8  29  2.95     29  29  2.95


 Time profile in seconds
 -----------------------

      0.02: Read and process instructions
      0.00: Fit rigid groups
      0.00: Interpret restraints etc.
      0.00: Generate connectivity array
      0.00: Analyse DFIX and DANG restraints
      0.00: Analyse SAME, SADI and NCSY restraints
      0.00: Generate CHIV restraints
      0.00: Check if bonds in residues restrained
      0.00: Generate DELU and RIGU restraints
      0.00: Generate SIMU restraints
      0.00: Generate ISOR restraints
      0.00: Analyse electron density
      0.01: Analyse other restraints etc.
      0.37: Read intensity data, sort/merge etc.
      0.01: Set up constraints
      0.00: OSF, H-atoms from difference map
      0.00: Set up l.s. refinement
      0.00: Generate idealized H-atoms
      0.00: Structure factors and derivatives
      0.00: Sum l.s. matrices
      0.00: Generate and apply antibumping restraints
      0.00: Apply other restraints
      0.00: Solve l.s. equations
      0.00: Generate HTAB table
      0.00: Other dependent quantities, CIF, tables
      0.01: Analysis of variance
      0.04: Merge reflections for Fourier and .fcf
      0.02: Fourier summations
      0.02: Peaksearch
      0.00: Analyse peaklist

 ** WARNING: These times are only approximate for multiple threads.
             To get better estimates run with -t1 **

   Please cite: G.M. Sheldrick (2015) "Crystal structure refinement with
   SHELXL", Acta Cryst., C71, 3-8 (Open Access) if SHELXL proves useful.

 +++++++++++++++++++++++++++++++++++++++++++++++++++++++++++++++++++++++++++++
 +  final_nomask_ finished at 00:10:32   Total elapsed time:      0.56 secs  +
 +++++++++++++++++++++++++++++++++++++++++++++++++++++++++++++++++++++++++++++
