
 +++++++++++++++++++++++++++++++++++++++++++++++++++++++++++++++++++
 +  SHELXL -  CRYSTAL STRUCTURE REFINEMENT  -   MULTI-CPU VERSION  +
 +  Copyright(C) George M. Sheldrick 1993-2023     Version 2019/3  +
 +  job                        started at 20:18:44 on 21-Sep-2026  +
 +++++++++++++++++++++++++++++++++++++++++++++++++++++++++++++++++++

 Command line parameters: job -a50000 -b3000 -c624 -g0 -m0 -t4

 -a sets the approximate maximum number of atoms including hydrogens.
 -b sets the maximum number of full-matrix parameters (not used by CGLS).
 For example -b9000 allows refinement of 1000 anisotropic atoms or 3000
 with BLOC 1. For a 32-bit version, -b times the square root of the
 number of threads should not exceed about 65500. -c sets the reflection
 buffer size. This depends on the CPU cache size but will rarely
 need changing.

 -g sets the number of reflection groups used for calculating R_complete,
 This must be greater than 1 but not greater than the total number of
 reflections for refinement. -m sets the current reflection group number.
 This may not be less than 1 nor greater than the number set by -g. These
 command line flags override other ways of defining free-R reflections.
 The -m value is also used as a seed for the WIGL pseudo-random shifts.

 -t sets the number of threads, otherwise it is set to the apparent
 number of CPUs. For optimal performance on hyperthreading systems,
 -t should be set to a little more than half the number of CPUs;
 e.g. -t4 or -t5 for an Intel i7 processor.

 Running  4 threads on  4 processors

 TITL CrystalPilot cross-check in P 21 21 21
 CELL 0.71073 5.78803 5.96863 12.29941 90.0000 90.0000 90.0000
 ZERR 4 0.00000 0.00000 0.00000 0.0000 0.0000 0.0000
 LATT -1
 SYMM X+1/2,-Y+1/2,-Z
 SYMM -X,Y+1/2,-Z+1/2
 SYMM -X+1/2,-Y,Z+1/2
 SFAC C N O
 UNIT 12.0 4.0 8.0

 V =      424.90     F(000) =     164.0     Mu =   0.11 mm-1      Cell Wt =      328.16    Rho =  1.282

  
 L.S. 8
 BOND $H
 CONF
 ACTA
 FMAP 2
 PLAN 20
 TEMP -123.1
  
 WGHT 0.100000 0.000000
 FVAR 1.00000
 O1    3   0.260109   1.055151   0.684421    11.00000     0.01890     0.01890 =
       0.01890    -0.00000    -0.00000    -0.00000
 O2    3   0.125542   0.772717   0.583357    11.00000     0.01934     0.01934 =
       0.01934    -0.00000    -0.00000    -0.00000
 N1    2  -0.316959   0.852593   0.638089    11.00000     0.00659     0.00659 =
       0.00659    -0.00000    -0.00000    -0.00000
 C2    1  -0.144708   1.029457   0.660832    11.00000     0.01442     0.01442 =
       0.01442    -0.00000    -0.00000    -0.00000
 C1    1   0.100503   0.944343   0.640963    11.00000     0.01163     0.01163 =
       0.01163    -0.00000    -0.00000    -0.00000
 C3    1  -0.196884   1.233998   0.590543    11.00000     0.01814     0.01814 =
       0.01814    -0.00000    -0.00000    -0.00000
 HKLF 4



 Covalent radii and connectivity table for  CrystalPilot cross-check in P 21 21 21                                     
 C      0.770
 N      0.700
 O      0.660

 O1 - C1
 O2 - C1
 N1 - C2
 C2 - N1 C3 C1
 C1 - O2 O1 C2
 C3 - C2

       50  Systematically absent reflections rejected


     4132  Reflections read, of which      50  rejected

  -6 =< h =<  8,     -7 =< k =<  7,    -17 =< l =< 15,   Max. 2-theta =   60.25

        0  Systematic absence violations (I>3sig(I)) before merging

        1  Inconsistent equivalents

     1055  Unique reflections, of which       0  suppressed

 R(int) = 0.0361     R(sigma) = 0.0311      Friedel opposites not merged

 Maximum memory for data reduction =      631 /    10643


 Reflection statistics for all twin components combined (TWST 0 set)
 Number of data for d > 0.708A (CIF: max) and d > 0.833A (CIF: full)
 (ignoring systematic absences):
 Unique reflections found (point group)       1055     767
 Unique reflections possible (point group)    1258     768
 Unique reflections found (Laue group)         669     477
 Unique reflections possible (Laue group)      761     478
 Unique Friedel pairs found                    386     290
 Unique Friedel pairs possible                 497     290


 Least-squares cycle   1   Maximum vector length =  623   Memory required =     13 /    758 /    96969

 wR2 =  0.3106 before cycle   1 for    1055 data and     55 /     55 parameters

 GooF = S =     2.647;     Restrained GooF =      2.647 for       0 restraints

 Weight = 1 / [ sigma^2(Fo^2) + ( 0.1000 * P )^2 +   0.00 * P ]   where  P = ( Max ( Fo^2, 0 ) + 2 * Fc^2 ) / 3


     N      value        esd    shift/esd  parameter

     1     1.33185     0.02014    -2.211    OSF
     5     0.00822     0.00217    -4.910    U11 O1
    14     0.01063     0.00237    -3.679    U11 O2

 Mean shift/esd =   0.943  Maximum =    -4.910 for  U11 O1       

 Max. shift = 0.007 A for C3        Max. dU = 0.003 for N1         


 Least-squares cycle   2   Maximum vector length =  623   Memory required =     13 /    758 /    96969

 wR2 =  0.2683 before cycle   2 for    1055 data and     55 /     55 parameters

 GooF = S =     2.226;     Restrained GooF =      2.226 for       0 restraints

 Weight = 1 / [ sigma^2(Fo^2) + ( 0.1000 * P )^2 +   0.00 * P ]   where  P = ( Max ( Fo^2, 0 ) + 2 * Fc^2 ) / 3


     N      value        esd    shift/esd  parameter

     1     1.32581     0.01698    -0.356    OSF

 Mean shift/esd =   0.453  Maximum =     1.776 for  U33 N1       

 Max. shift = 0.004 A for C3        Max. dU = 0.002 for N1         


 Least-squares cycle   3   Maximum vector length =  623   Memory required =     13 /    758 /    96969

 wR2 =  0.2680 before cycle   3 for    1055 data and     55 /     55 parameters

 GooF = S =     2.199;     Restrained GooF =      2.199 for       0 restraints

 Weight = 1 / [ sigma^2(Fo^2) + ( 0.1000 * P )^2 +   0.00 * P ]   where  P = ( Max ( Fo^2, 0 ) + 2 * Fc^2 ) / 3


     N      value        esd    shift/esd  parameter

     1     1.33099     0.01707     0.303    OSF

 Mean shift/esd =   0.145  Maximum =     0.599 for   y  N1       

 Max. shift = 0.002 A for N1        Max. dU = 0.000 for O2         


 Least-squares cycle   4   Maximum vector length =  623   Memory required =     13 /    758 /    96969

 wR2 =  0.2699 before cycle   4 for    1055 data and     55 /     55 parameters

 GooF = S =     2.221;     Restrained GooF =      2.221 for       0 restraints

 Weight = 1 / [ sigma^2(Fo^2) + ( 0.1000 * P )^2 +   0.00 * P ]   where  P = ( Max ( Fo^2, 0 ) + 2 * Fc^2 ) / 3


     N      value        esd    shift/esd  parameter

     1     1.33210     0.01725     0.064    OSF

 Mean shift/esd =   0.073  Maximum =     0.315 for   y  N1       

 Max. shift = 0.001 A for N1        Max. dU = 0.000 for C3         


 Least-squares cycle   5   Maximum vector length =  623   Memory required =     13 /    758 /    96969

 wR2 =  0.2711 before cycle   5 for    1055 data and     55 /     55 parameters

 GooF = S =     2.231;     Restrained GooF =      2.231 for       0 restraints

 Weight = 1 / [ sigma^2(Fo^2) + ( 0.1000 * P )^2 +   0.00 * P ]   where  P = ( Max ( Fo^2, 0 ) + 2 * Fc^2 ) / 3


     N      value        esd    shift/esd  parameter

     1     1.33269     0.01735     0.034    OSF

 Mean shift/esd =   0.041  Maximum =     0.159 for   y  N1       

 Max. shift = 0.001 A for N1        Max. dU = 0.000 for O2         


 Least-squares cycle   6   Maximum vector length =  623   Memory required =     13 /    758 /    96969

 wR2 =  0.2719 before cycle   6 for    1055 data and     55 /     55 parameters

 GooF = S =     2.237;     Restrained GooF =      2.237 for       0 restraints

 Weight = 1 / [ sigma^2(Fo^2) + ( 0.1000 * P )^2 +   0.00 * P ]   where  P = ( Max ( Fo^2, 0 ) + 2 * Fc^2 ) / 3


     N      value        esd    shift/esd  parameter

     1     1.33305     0.01742     0.021    OSF

 Mean shift/esd =   0.022  Maximum =     0.092 for   y  N1       

 Max. shift = 0.000 A for N1        Max. dU = 0.000 for O2         


 Least-squares cycle   7   Maximum vector length =  623   Memory required =     13 /    758 /    96969

 wR2 =  0.2723 before cycle   7 for    1055 data and     55 /     55 parameters

 GooF = S =     2.240;     Restrained GooF =      2.240 for       0 restraints

 Weight = 1 / [ sigma^2(Fo^2) + ( 0.1000 * P )^2 +   0.00 * P ]   where  P = ( Max ( Fo^2, 0 ) + 2 * Fc^2 ) / 3


     N      value        esd    shift/esd  parameter

     1     1.33326     0.01745     0.012    OSF

 Mean shift/esd =   0.012  Maximum =     0.052 for   y  N1       

 Max. shift = 0.000 A for N1        Max. dU = 0.000 for O2         


 Least-squares cycle   8   Maximum vector length =  623   Memory required =     13 /    758 /    96969

 wR2 =  0.2725 before cycle   8 for    1055 data and     55 /     55 parameters

 GooF = S =     2.242;     Restrained GooF =      2.242 for       0 restraints

 Weight = 1 / [ sigma^2(Fo^2) + ( 0.1000 * P )^2 +   0.00 * P ]   where  P = ( Max ( Fo^2, 0 ) + 2 * Fc^2 ) / 3


     N      value        esd    shift/esd  parameter

     1     1.33339     0.01748     0.007    OSF

 Mean shift/esd =   0.007  Maximum =     0.030 for   y  N1       

 Max. shift = 0.000 A for N1        Max. dU = 0.000 for O2         

 No correlation matrix elements larger than  0.500



  CrystalPilot cross-check in P 21 21 21                                     

 ATOM           x        y        z         sof        U11      U22      U33      U23      U13      U12       Ueq

 O1          0.26028  1.05446  0.68372    1.00000    0.00670  0.02691  0.01849 -0.00318 -0.00136 -0.00002   0.01737
   0.00557   0.00055  0.00060  0.00025    0.00000    0.00153  0.00206  0.00157  0.00147  0.00122  0.00151   0.00095

 O2          0.12696  0.77319  0.58359    1.00000    0.01012  0.02887  0.01331 -0.00421  0.00249  0.00137   0.01743
   0.00546   0.00058  0.00059  0.00022    0.00000    0.00169  0.00196  0.00148  0.00138  0.00119  0.00142   0.00091

 N1         -0.31759  0.85326  0.63797    1.00000    0.00839  0.01331  0.01388 -0.00033 -0.00140  0.00006   0.01186
   0.00624   0.00063  0.00059  0.00031    0.00000    0.00177  0.00180  0.00175  0.00143  0.00138  0.00143   0.00093

 C2         -0.14409  1.02773  0.66108    1.00000    0.00732  0.01684  0.01299  0.00043 -0.00111  0.00314   0.01238
   0.00748   0.00073  0.00075  0.00033    0.00000    0.00202  0.00220  0.00181  0.00168  0.00150  0.00167   0.00099

 C1          0.10194  0.94400  0.64073    1.00000    0.01010  0.00958  0.00865  0.00225  0.00027 -0.00019   0.00944
   0.00716   0.00069  0.00073  0.00032    0.00000    0.00200  0.00188  0.00168  0.00154  0.00147  0.00164   0.00093

 C3         -0.19609  1.23558  0.59017    1.00000    0.01164  0.01308  0.02676  0.00383  0.00072  0.00138   0.01716
   0.00861   0.00084  0.00081  0.00037    0.00000    0.00224  0.00214  0.00245  0.00193  0.00165  0.00179   0.00109



 Final Structure Factor Calculation for  CrystalPilot cross-check in P 21 21 21                                     

 Total number of l.s. parameters =    55  Maximum vector length =  623   Memory required =     13 /    703 /    26789

 wR2 =  0.2727 before cycle   9 for    1055 data and      0 /     55 parameters

 GooF = S =     2.243;     Restrained GooF =      2.243 for       0 restraints

 Weight = 1 / [ sigma^2(Fo^2) + ( 0.1000 * P )^2 +   0.00 * P ]   where  P = ( Max ( Fo^2, 0 ) + 2 * Fc^2 ) / 3

 wR2 = 0.2727, GooF = S = 2.243, Restrained GooF = 2.243 for all data
 R1 = 0.0758 for 966 Fo > 4sig(Fo) and 0.0947 for all 1055 data

 Flack x =    0.888(999) by classical fit to all intensities
              0.634(841) from 343 selected quotients (Parsons' method)

 ** Absolute structure cannot be determined reliably **

 Occupancy sum of asymmetric unit =     6.00 for non-hydrogen and     0.00 for H and D atoms



 Principal mean square atomic displacements U

   0.0280   0.0176   0.0065   O1  
   0.0300   0.0141   0.0082   O2  
   0.0143   0.0132   0.0081   N1  
   0.0178   0.0132   0.0062   C2  
   0.0114   0.0101   0.0068   C1  
   0.0278   0.0130   0.0107   C3  

     0  atoms may be split and     0  atoms NPD



 Analysis of variance for reflections employed in refinement      K = Mean[Fo^2] / Mean[Fc^2]  for group


 Fc/Fc(max)       0.000    0.027    0.042    0.056    0.066    0.081    0.097    0.116    0.141    0.184    1.000

 Number in group       106.     113.     106.     100.     109.     110.      95.     110.     100.     106.

            GooF      2.106    2.135    2.923    2.241    1.825    1.555    2.040    1.343    1.985    3.501

             K        1.016    1.018    0.995    1.011    1.011    1.045    1.078    1.039    1.100    1.065


 Resolution(A)    0.71     0.78     0.81     0.84     0.89     0.94     1.02     1.12     1.29     1.61     inf

 Number in group       109.     102.     107.     105.     105.     105.     107.     105.     104.     106.

            GooF      1.506    1.247    1.221    1.313    1.408    1.605    1.608    2.042    2.124    5.232

             K        0.978    1.012    1.016    1.023    1.014    1.037    1.029    1.058    1.084    1.088

             R1       0.138    0.084    0.084    0.067    0.076    0.061    0.059    0.064    0.077    0.164


 Recommended weighting scheme:  WGHT    0.1732    0.4412


 Most Disagreeable Reflections (* if suppressed or used for Rfree).
 Error/esd is calculated as sqrt(wD^2/<wD^2>) where w is given by the weight
 formula, D = Fo^2-Fc^2 and <> refers to the average over all reflections.

     h   k   l          Fo^2          Fc^2    Error/esd  Fc/Fc(max)  Resolution(A)

     0   2   3         -0.02        381.60       6.87       0.269       2.41
     0   2   2         -0.02       1236.65       6.87       0.485       2.68
    -1   3   1         -0.20        347.68       6.87       0.257       1.86
     1   3   1          0.37        348.04       6.85       0.257       1.86
     0   3   3         -0.08         18.13       6.49       0.059       1.79
     1   0   2         -0.07          3.66       6.26       0.026       4.21
     0   2   4          0.23         14.31       6.22       0.052       2.14
     0   3   1          0.45         10.02       5.82       0.044       1.96
     1   0   5          0.05          3.88       4.61       0.027       2.26
     3   2   0        128.00         62.69       3.45       0.109       1.62
    -1   2   2        289.55        149.43       3.20       0.169       2.44
     1   2   2        283.81        149.37       3.11       0.169       2.44
     3   5   0         16.09          6.25       2.97       0.034       1.02
     1   0   7         29.08         15.63       2.73       0.055       1.68
     2   1   8          6.49         13.76       2.72       0.051       1.32
     2   2   3        109.64         61.79       2.72       0.108       1.85
     0   1   3         78.89         44.90       2.61       0.092       3.38
    -2   2   1        303.95        179.05       2.55       0.185       2.05
     0   0   8         35.43         67.00       2.51       0.113       1.54
     2   2   1        300.36        179.11       2.50       0.185       2.05
    -3   1   3         92.56         54.76       2.49       0.102       1.68
     2   2   0          2.38          5.37       2.47       0.032       2.08
    -2   2   3        104.41         61.84       2.47       0.108       1.85
     4   0   5          1.39          0.01       2.45       0.002       1.25
     1   2   1         66.26         39.57       2.41       0.087       2.59
     2   0   3         55.01         33.24       2.38       0.080       2.36
     3   1   3         88.42         54.56       2.29       0.102       1.68
    -3   4   2         19.69         11.56       2.27       0.047       1.16
     2   1   5         16.07          9.29       2.25       0.042       1.79
    -1   2   1         64.20         39.72       2.24       0.087       2.59
    -2   1   5         16.40          9.23       2.22       0.042       1.79
     1   0  14         27.76         13.88       2.21       0.051       0.87
     2   3   3        223.30        140.30       2.21       0.163       1.52
     0   3   2          0.24          2.14       2.20       0.020       1.89
    -2   1   3        178.60        112.85       2.20       0.147       2.20
     3   7   2         19.61          7.48       2.19       0.038       0.77
    -2   1   8          7.65         13.71       2.18       0.051       1.32
     2   1   3        177.66        112.91       2.18       0.147       2.20
    -5   3   1         32.04         19.73       2.18       0.061       1.00
     3   1   1        294.67        187.80       2.17       0.189       1.82
    -3   1   1        293.31        187.62       2.15       0.189       1.82
     4   2   4          8.21         14.34       2.11       0.052       1.20
     1   0   4         90.24         58.07       2.10       0.105       2.72
     8   0   0         15.39         32.78       2.08       0.079       0.72
    -2   3   3        218.18        140.27       2.06       0.163       1.52
    -5   2   3         26.17         15.85       2.05       0.055       1.04
     5   4   0         26.18         15.51       2.00       0.054       0.91
    -3   3   4         13.20          7.84       1.98       0.039       1.26
    -1   4   5         43.50         27.69       1.97       0.073       1.25
     1   2   6         17.09         10.73       1.97       0.045       1.62



 Bond lengths and angles

 O1 -            Distance        Angles
 C1        1.2467 (0.0052) 
                 O1             

 O2 -            Distance        Angles
 C1        1.2467 (0.0052) 
                 O2             

 N1 -            Distance        Angles
 C2        1.4743 (0.0057) 
                 N1             

 C2 -            Distance        Angles
 N1        1.4743 (0.0057) 
 C3        1.5460 (0.0062)  108.99 (0.37)
 C1        1.5298 (0.0058)  111.82 (0.35) 110.55 (0.35)
                 C2              N1            C3           

 C1 -            Distance        Angles
 O2        1.2467 (0.0052) 
 O1        1.2467 (0.0052)  125.89 (0.40)
 C2        1.5298 (0.0057)  117.87 (0.36) 116.24 (0.37)
                 C1              O2            O1           

 C3 -            Distance        Angles
 C2        1.5460 (0.0062) 
                 C3             



 Selected torsion angles

    17.88 ( 0.52)  N1 - C2 - C1 - O2
  -103.75 ( 0.43)  C3 - C2 - C1 - O2
  -161.95 ( 0.36)  N1 - C2 - C1 - O1
    76.42 ( 0.48)  C3 - C2 - C1 - O1


 FMAP and GRID set by program

 FMAP   2   1  10
 GRID    -3.571  -2  -2     3.571   2   2

 R1 =  0.1004 for    669 unique reflections after merging for Fourier


 Electron density synthesis with coefficients Fo-Fc

 Highest peak    1.18  at  0.2104  0.7442  0.3031  [  0.94 A from N1 ]
 Deepest hole   -0.76  at  0.1396  0.0651  0.7536  [  1.11 A from O1 ]


 Fourier peaks appended to .res file

              x       y       z       sof     U      Peak   Distances to nearest atoms (including eq.)

 Q1    1  -0.2896  0.7558  0.6969   1.00000  0.05    1.18   0.94 N1  1.88 C2  1.90 O1  2.62 C1
 Q2    1   0.2448  1.2572  0.7147   1.00000  0.05    0.82   1.27 O1  1.95 N1  2.24 C1  2.30 C2
 Q3    1  -0.1702  1.0752  0.6540   1.00000  0.05    0.75   0.33 C2  1.25 C3  1.59 N1  1.77 C1
 Q4    1  -0.1585  1.0841  0.7380   1.00000  0.05    0.70   1.01 C2  2.04 C3  2.06 N1  2.10 C1
 Q5    1   0.2920  0.5796  0.6056   1.00000  0.05    0.70   1.52 O2  2.48 C1  2.82 N1  3.00 O1
 Q6    1   0.3826  1.2727  0.7353   1.00000  0.05    0.69   1.61 O1  1.67 N1  2.42 C2  2.80 C1
 Q7    1   0.2032  0.8829  0.7402   1.00000  0.05    0.60   1.28 O1  1.40 C1  2.08 O2  2.27 C3
 Q8    1   0.0931  0.8715  0.6473   1.00000  0.05    0.53   0.44 C1  1.00 O2  1.53 O1  1.67 C2
 Q9    1  -0.0606  1.4896  0.4820   1.00000  0.05    0.50   2.16 C3  2.24 N1  2.30 O1  2.37 O2
 Q10   1  -0.1638  1.4856  0.5011   1.00000  0.05    0.49   1.86 C3  2.15 O2  2.25 C1  2.33 O1
 Q11   1  -0.4732  1.0456  0.5408   1.00000  0.05    0.48   1.89 N1  2.06 C3  2.34 O1  2.41 C2
 Q12   1   0.2098  0.5327  0.5183   1.00000  0.05    0.48   1.71 O2  2.04 N1  2.15 C3  2.39 C2
 Q13   1   0.1395  0.5615  0.5505   1.00000  0.05    0.47   1.33 O2  2.39 N1  2.55 C1  2.65 C3
 Q14   1  -0.5423  0.7988  0.7449   1.00000  0.05    0.47   1.88 N1  2.05 O1  2.36 O1  2.56 C3
 Q15   1  -0.2211  1.0488  0.5028   1.00000  0.05    0.46   1.56 C3  2.00 C2  2.11 N1  2.37 O2
 Q16   1   0.2219  0.9726  0.4971   1.00000  0.05    0.43   1.69 O2  1.91 C1  2.10 C3  2.36 O1
 Q17   1  -0.4597  0.9171  0.6493   1.00000  0.05    0.43   0.92 N1  1.87 O1  1.95 C2  2.54 C3
 Q18   1  -0.2912  1.0971  0.5461   1.00000  0.05    0.42   1.13 C3  1.70 C2  1.85 N1  2.71 C1
 Q19   1  -0.0573  0.5327  0.5559   1.00000  0.05    0.40   1.82 O2  1.99 C3  2.64 N1  2.76 O2
 Q20   1   0.0629  0.8066  0.7543   1.00000  0.05    0.39   1.64 C1  2.02 C2  2.06 O1  2.11 C3

 Shortest distances between peaks (including symmetry equivalents)

     12  13  0.59      9  11  0.61      9  10  0.64     12  15  0.68     10  16  0.71     15  18  0.73      2   6  0.84
      9  19  0.94      7  20  0.95     10  19  0.96      6  14  0.97      1   6  1.00      3   4  1.04     11  18  1.10
     12  18  1.11      1   2  1.12      5  13  1.12     13  19  1.15      5  12  1.21     13  15  1.23     10  11  1.23
      9  16  1.30      7   8  1.31     11  12  1.37     11  19  1.37      8  20  1.38     16  19  1.43      4  20  1.44
     11  13  1.45     14  17  1.45      9  13  1.49      1  17  1.50      3  18  1.51     11  15  1.53      5  15  1.54
     11  17  1.54      7  14  1.56     13  18  1.57      1  14  1.60     12  19  1.61      9  12  1.65      9  18  1.68
      6  17  1.72      9  17  1.81      2  14  1.81      4   7  1.82      2  20  1.84      3  20  1.89      3  15  1.89
     11  16  1.90     10  13  1.91      3  17  1.92     17  18  1.93      3   8  1.95      9  15  1.99      4   5  2.07
      8  16  2.08      1   3  2.10      2   4  2.10      4  20  2.10      5  19  2.13     15  19  2.13     18  19  2.13
      5   8  2.15      1   4  2.16      4  14  2.16      1  20  2.18     10  12  2.19      5  18  2.20      8  13  2.22
      4   8  2.23      3  11  2.25      4   8  2.25      7  17  2.26      3   7  2.26      2   7  2.27     10  17  2.27
      4  17  2.28     10  18  2.29     14  20  2.29      4   6  2.29      2  17  2.29     12  17  2.30      3  12  2.32
      5  14  2.36      2   5  2.36      1   8  2.40     15  17  2.40      1   7  2.41      4   7  2.41      3  20  2.43
      8  10  2.46      8  14  2.47      3  14  2.47      8  19  2.47      5  11  2.48      4  18  2.48      5   6  2.49
     10  18  2.49     13  16  2.50      6   7  2.50      5   7  2.51     13  17  2.53      2   3  2.53      5  17  2.53
      6  17  2.54      6   7  2.55      1  19  2.57      2   4  2.57     10  15  2.57      3   6  2.57     13  16  2.58
      6  20  2.59      2   8  2.60      5   9  2.60      8  17  2.60     17  19  2.60     15  16  2.60      4  13  2.61
     14  17  2.62     16  18  2.62     10  15  2.63      5  20  2.63     12  16  2.64     16  17  2.65      8  12  2.66
      3   7  2.67      2   8  2.68      8   9  2.69     19  20  2.70      5  16  2.73      2   3  2.74      1  16  2.75
      8  15  2.75      1  18  2.75      2   7  2.76      2  17  2.77      2  13  2.78      7  19  2.79      1  11  2.79
      4  14  2.80      9  15  2.80      5  16  2.81      9  18  2.81     12  16  2.83      3   9  2.84      4  19  2.84
      6  14  2.86     11  15  2.86      3  13  2.87      1   5  2.87      6  11  2.87     15  16  2.88      5  14  2.88
      8  18  2.88      4   6  2.89      1   4  2.90      5   9  2.92      5  10  2.92      2  15  2.92      4  15  2.92
      2  20  2.93      2  12  2.93      1  12  2.93      3  14  2.93     18  19  2.93     13  20  2.94     11  14  2.94
      5   6  2.95      7  20  2.96      2  11  2.97     10  12  2.98     16  18  2.98      1  14  2.98      1  15  2.99
      5  10  2.99      1  10  2.99     14  18  3.00      1   7  3.00


 Time profile in seconds
 -----------------------

      0.02: Read and process instructions
      0.00: Fit rigid groups
      0.00: Interpret restraints etc.
      0.00: Generate connectivity array
      0.00: Analyse DFIX and DANG restraints
      0.00: Analyse SAME, SADI and NCSY restraints
      0.00: Generate CHIV restraints
      0.00: Check if bonds in residues restrained
      0.00: Generate DELU and RIGU restraints
      0.00: Generate SIMU restraints
      0.00: Generate ISOR restraints
      0.00: Analyse electron density
      0.00: Analyse other restraints etc.
      0.01: Read intensity data, sort/merge etc.
      0.00: Set up constraints
      0.00: OSF, H-atoms from difference map
      0.01: Set up l.s. refinement
      0.00: Generate idealized H-atoms
      0.00: Structure factors and derivatives
      0.00: Sum l.s. matrices
      0.00: Generate and apply antibumping restraints
      0.01: Apply other restraints
      0.00: Solve l.s. equations
      0.00: Generate HTAB table
      0.06: Other dependent quantities, CIF, tables
      0.01: Analysis of variance
      0.02: Merge reflections for Fourier and .fcf
      0.00: Fourier summations
      0.00: Peaksearch
      0.00: Analyse peaklist

 ** WARNING: These times are only approximate for multiple threads.
             To get better estimates run with -t1 **

   Please cite: G.M. Sheldrick (2015) "Crystal structure refinement with
   SHELXL", Acta Cryst., C71, 3-8 (Open Access) if SHELXL proves useful.

 +++++++++++++++++++++++++++++++++++++++++++++++++++++++++++++++++++++++++++++
 +  job           finished at 20:18:45   Total elapsed time:      0.12 secs  +
 +++++++++++++++++++++++++++++++++++++++++++++++++++++++++++++++++++++++++++++
