
 +++++++++++++++++++++++++++++++++++++++++++++++++++++++++++++++++++
 +  SHELXL -  CRYSTAL STRUCTURE REFINEMENT  -   MULTI-CPU VERSION  +
 +  Copyright(C) George M. Sheldrick 1993-2023     Version 2019/3  +
 +  job                        started at 19:46:08 on 21-Sep-2026  +
 +++++++++++++++++++++++++++++++++++++++++++++++++++++++++++++++++++

 Command line parameters: job -a50000 -b3000 -c624 -g0 -m0 -t4

 -a sets the approximate maximum number of atoms including hydrogens.
 -b sets the maximum number of full-matrix parameters (not used by CGLS).
 For example -b9000 allows refinement of 1000 anisotropic atoms or 3000
 with BLOC 1. For a 32-bit version, -b times the square root of the
 number of threads should not exceed about 65500. -c sets the reflection
 buffer size. This depends on the CPU cache size but will rarely
 need changing.

 -g sets the number of reflection groups used for calculating R_complete,
 This must be greater than 1 but not greater than the total number of
 reflections for refinement. -m sets the current reflection group number.
 This may not be less than 1 nor greater than the number set by -g. These
 command line flags override other ways of defining free-R reflections.
 The -m value is also used as a seed for the WIGL pseudo-random shifts.

 -t sets the number of threads, otherwise it is set to the apparent
 number of CPUs. For optimal performance on hyperthreading systems,
 -t should be set to a little more than half the number of CPUs;
 e.g. -t4 or -t5 for an Intel i7 processor.

 Running  4 threads on  4 processors

 TITL CrystalPilot cross-check in P 6/m m m
 CELL 0.68883 39.19000 39.19000 16.61000 90.0000 90.0000 120.0000
 ZERR 24 0.00000 0.00000 0.00000 0.0000 0.0000 0.0000
 LATT 1
 SYMM X-Y,X,Z
 SYMM Y,-X+Y,Z
 SYMM -Y,X-Y,Z
 SYMM -X+Y,-X,Z
 SYMM X-Y,-Y,-Z
 SYMM -X,-X+Y,-Z
 SYMM -X,-Y,Z
 SYMM Y,X,-Z
 SYMM -Y,-X,-Z
 SYMM -X+Y,Y,-Z
 SYMM X,X-Y,-Z
 SFAC C H O Zr
 REM DISP lambda 0.68883 A is not a SHELXL built-in line (Cu/Mo/Ag K-alpha):
 REM DISP f'/f'' from cctbx (sasaki: C O Zr; henke: H), mu = NIST attenuation
 REM DISP in barn/atom
 DISP $C 0.002 0.002 10.99
 DISP $H 0.000 0.000 0.62
 DISP $O 0.007 0.006 30.28
 DISP $Zr -9.041 2.772 14341.91
 UNIT 264.0 132.0 96.0 18.0

 V =    22092.79     F(000) =    3204.0     Mu =   1.20 mm-1      Cell Wt =     6481.65    Rho =  0.487

  
 L.S. 12
 BOND $H
 CONF
 ACTA
 FMAP 2
 PLAN 20
  
 SHEL 999 1.000
  
 SADI 0.020 O4 ZR2 O4B ZR2
 SIMU 0.040 0.080 O4 O4B
 SADI 0.020 O5 ZR2 O5B ZR2
 SIMU 0.040 0.080 O5 O5B
  
 WGHT 0.100000 0.000000
 FVAR 0.04941 0.80000 0.80000
 ZR1   4   0.463864   0.536136   0.500000    10.25000     0.08185     0.08185 =
       0.06120     0.00000     0.00000     0.05251
 ZR2   4   0.544825   0.544825   0.393917    10.50000     0.08748     0.08748 =
       0.08068     0.01220     0.01220     0.05557
 O1    3   0.481415   0.586826   0.581291    11.00000     0.10258     0.09775 =
       0.08970     0.00043    -0.00048     0.06747
 O2    3   0.533899   0.593316   0.650722    11.00000     0.11621     0.11365 =
       0.11689    -0.03533    -0.02204     0.07310
 O3    3   0.526335   0.562771   0.500000    10.50000     0.12071     0.20742 =
       0.08395     0.00000     0.00000     0.11315
 PART 1
 O4    3   0.537224   0.537224   0.259513    20.50000     0.12815
 O5    3   0.601163   0.601163   0.412302    30.50000     0.15525
 PART 0
 O6    3   0.518127   0.481873   0.392744    10.50000     0.10138     0.10138 =
       0.17614     0.02504    -0.02504     0.05613
 C1    1   0.508157   0.602440   0.633475    11.00000     0.11989     0.11422 =
       0.09267     0.00798     0.00457     0.08788
 C2    1   0.506056   0.691092   0.782659    11.00000     0.22110     0.13284 =
       0.07411     0.00827    -0.02308     0.10948
 C3    1   0.478238   0.641275   0.674851    11.00000     0.18742     0.11427 =
       0.09736    -0.05243    -0.03115     0.10167
 AFIX 43
 H3    2   0.458948   0.627676   0.636195    11.00000    -1.20000
 AFIX 0
 C4    1   0.509044   0.633145   0.685862    11.00000     0.14747     0.09390 =
       0.11428     0.00067     0.00574     0.08928
 C5    1   0.476824   0.670211   0.722882    11.00000     0.18906     0.14628 =
       0.11821    -0.01148    -0.01745     0.11918
 AFIX 43
 H5    2   0.456558   0.675736   0.715452    11.00000    -1.20000
 AFIX 0
 C6    1   0.505673   0.723163   0.831045    11.00000     0.23988     0.10137 =
       0.09029    -0.03804    -0.01042     0.11372
 C7    1   0.504202   0.752101   0.790374    10.50000     0.27900     0.09193 =
       0.12240    -0.02094    -0.04188     0.13950
 AFIX 43
 H7    2   0.502181   0.751090   0.734536    10.50000    -1.20000
 AFIX 0
 C8    1   0.539731   0.652373   0.740403    11.00000     0.18805     0.11522 =
       0.12880    -0.07320    -0.08340     0.08935
 AFIX 43
 H8    2   0.560009   0.646644   0.744426    11.00000    -1.20000
 AFIX 0
 C9    1   0.504689   0.721870   0.914428    11.00000     0.23440     0.10459 =
       0.07263    -0.01854    -0.01213     0.10619
 C10   1   0.503750   0.751875   0.956468    10.50000     0.24411     0.10796 =
       0.07703    -0.00432    -0.00863     0.12205
 C11   1   0.538377   0.681274   0.789662    11.00000     0.25951     0.13424 =
       0.11292    -0.01293    -0.05929     0.12404
 AFIX 43
 H11   2   0.558174   0.694568   0.827535    11.00000    -1.20000
 AFIX 0
 C12   1   0.504335   0.688808   0.960629    11.00000     0.26840     0.14306 =
       0.08269     0.00528     0.01066     0.14290
 AFIX 43
 H12   2   0.504114   0.668068   0.932961    11.00000    -1.20000
 AFIX 0
 PART 2
 O4B   3   0.500000   0.500000   0.233400   -20.50000     0.12815
 O5B   3   0.613800   0.613800   0.500000   -30.50000     0.15525
 PART 0
 HKLF 4



 Covalent radii and connectivity table for  CrystalPilot cross-check in P 6/m m m                                      
 C      0.770
 H      0.320
 O      0.660
 ZR     1.590

 Zr1 - O3 O3_$4 O6_$2 O6_$1 O1_$5 O1_$3 O1_$4 O1 Zr2_$2 Zr2_$3 Zr2_$1 Zr2
 Zr2 - O6 O6_$2 O3 O3_$6 O5^a O4^a O2_$6 O2_$3 Zr1_$1 Zr1 Zr2_$2 Zr2_$3
 O1 - C1 Zr1
 O2 - C1 Zr2_$3
 O3 - Zr1 Zr2_$3 Zr2
 O4^a - Zr2
 O5^a - Zr2
 O6 - Zr2_$2 Zr2 Zr1_$1
 C1 - O1 O2 C4
 C2 - C5 C6 C11
 C3 - C4 C5
 C4 - C8 C3 C1
 C5 - C3 C2
 C6 - C7 C9 C2
 C7 - C6_$7 C6
 C8 - C4 C11
 C9 - C10 C6 C12
 C10 - C9 C9_$7 C10_$8
 C11 - C8 C2
 C12 - C12_$8 C9
 O4B^b - no bonds found
 O5B^b - no bonds found


 Operators for generating equivalent atoms:
 $1   -x+1, -y+1, -z+1
 $2   -x+1, -y+1, z
 $3   x, y, -z+1
 $4   -y+1, -x+1, z
 $5   -y+1, -x+1, -z+1
 $6   y, x, -z+1
 $7   x, x-y+1, z
 $8   x, y, -z+2

   179481  Reflections outside SHEL resolution limits rejected


   337815  Reflections read, of which  179481  rejected

 -39 =< h =< 39,    -39 =< k =< 39,    -16 =< l =< 16,   Max. 2-theta =   40.28

        0  Systematic absence violations (I>3sig(I)) before merging

        0  Inconsistent equivalents

     4395  Unique reflections, of which       0  suppressed

 R(int) = 0.5659     R(sigma) = 0.1066      Friedel opposites merged

 Maximum memory for data reduction =     4643 /    48177


 Reflection statistics for all twin components combined (TWST 0 set)
 Number of data for d > 1.000A (CIF: max) and d > 1.000A (CIF: full)
 (ignoring systematic absences):
 Unique reflections found (point group)       4395    4395
 Unique reflections possible (point group)    4401    4401
 Unique reflections found (Laue group)        4395    4395
 Unique reflections possible (Laue group)     4401    4401

 Special position constraints for Zr1
 z =  0.5000   y = -1.0 * x + 1.0000   U22 = 1.0 * U11   U23 = 0   U13 = 0   
 sof = 0.25000   
 Input constraints retained (at least in part) for  sof

 Special position constraints for Zr2
 y =  1.0 * x + 0.0000   U22 = 1.0 * U11   U13 = 1.0 * U23   sof = 0.50000   
 Input constraints retained (at least in part) for  sof

 Special position constraints for O3
 z =  0.5000   U23 = 0   U13 = 0   sof = 0.50000   
 Input constraints retained (at least in part) for  sof

 Special position constraints for O4^a
 y =  1.0 * x + 0.0000   sof = 0.50000   
 Input constraints retained (at least in part) for  sof

 Special position constraints for O5^a
 y =  1.0 * x + 0.0000   sof = 0.50000   
 Input constraints retained (at least in part) for  sof

 Special position constraints for O6
 y = -1.0 * x + 1.0000   U22 = 1.0 * U11   U13 =-1.0 * U23   sof = 0.50000   
 Input constraints retained (at least in part) for  sof

 Special position constraints for C7
 y =  0.5 * x + 0.5000   U13 = 2.0 * U23   U12 = 0.5 * U11   sof = 0.50000   
 Input constraints retained (at least in part) for  sof

 Special position constraints for C10
 y =  0.5 * x + 0.5000   U13 = 2.0 * U23   U12 = 0.5 * U11   sof = 0.50000   
 Input constraints retained (at least in part) for  sof

 Special position constraints for O4B^b
 x =  0.5000   y =  0.5000   sof = 0.25000   
 Input constraints retained (at least in part) for  sof

 Special position constraints for O5B^b
 z =  0.5000   y =  1.0 * x + 0.0000   sof = 0.25000   
 Input constraints retained (at least in part) for  sof


 Default effective X-H and X-D distances for T =   20.0C 
 AFIX m =    1     2     3     4   4[N]  3[N]  15[B]  8[O]   9   9[N]   16
 d(X-H) =  0.98  0.97  0.96  0.93  0.86  0.89  1.10  0.82  0.93  0.86  0.93

 Note that these distances are chosen to give the best fit to the X-ray data
 and so avoid the introduction of systematic error.  The true internuclear
 distances are longer and do not vary with temperature!  The apparent
 variation with temperature is caused by libration.


 Least-squares cycle   1   Maximum vector length =  623   Memory required =     49 /   5074 /   233565

 wR2 =  0.4848 before cycle   1 for    4395 data and    155 /    155 parameters


 Disagreeable restraints before cycle    1

   Observed   Target    Error     Sigma     Restraint

                        0.9406    0.0200    SAME/SADI Zr2 O4^a Zr2 O4B^b
                        0.9978    0.0200    SAME/SADI Zr2 O5^a Zr2 O5B^b


 Summary of restraints applied in cycle    1

               ANTIBUMP  DFIX    DANG SAME/SADI CHIV/Z CHIV/NZ   FLAT    DELU    RIGU    SIMU    ISOR    SUMP

       Number       0       0       0       2       0       0       0       0       0       2       0       0

 rms sigma      0.0000  0.0000  0.0000  0.0200  0.0000  0.0000  0.0000  0.0000  0.0000  0.0800  0.0000  0.0000

 rms deviation  0.0000  0.0000  0.0000  0.9697  0.0000  0.0000  0.0000  0.0000  0.0000  0.0000  0.0000  0.0000


 GooF = S =     2.390;     Restrained GooF =      3.436 for       4 restraints

 Weight = 1 / [ sigma^2(Fo^2) + ( 0.1000 * P )^2 +   0.00 * P ]   where  P = ( Max ( Fo^2, 0 ) + 2 * Fc^2 ) / 3

 Shifts scaled down to reduce maximum shift/esd from   27.77  to   15.00


     N      value        esd    shift/esd  parameter

     1     0.04959     0.00042     0.435    OSF
     2     0.81065     0.03128     0.341   FVAR  2 
     3     0.81447     0.03404     0.425   FVAR  3 
   152     0.25492     0.00196    10.971     z  O4B^b
   154     0.60350     0.00092   -11.250     x  O5B^b

 Mean shift/esd =   0.317  Maximum =   -11.250 for   x  O5B^b    

 Max. shift = 0.404 A for O5B^b        Max. dU = 0.022 for O4B^b   


 Least-squares cycle   2   Maximum vector length =  623   Memory required =     49 /   5074 /   233565

 wR2 =  0.4802 before cycle   2 for    4395 data and    155 /    155 parameters


 Disagreeable restraints before cycle    2

   Observed   Target    Error     Sigma     Restraint

                        0.6016    0.0200    SAME/SADI Zr2 O4^a Zr2 O4B^b
                        0.6258    0.0200    SAME/SADI Zr2 O5^a Zr2 O5B^b


 Summary of restraints applied in cycle    2

               ANTIBUMP  DFIX    DANG SAME/SADI CHIV/Z CHIV/NZ   FLAT    DELU    RIGU    SIMU    ISOR    SUMP

       Number       0       0       0       2       0       0       0       0       0       2       0       0

 rms sigma      0.0000  0.0000  0.0000  0.0200  0.0000  0.0000  0.0000  0.0000  0.0000  0.0800  0.0000  0.0000

 rms deviation  0.0000  0.0000  0.0000  0.6138  0.0000  0.0000  0.0000  0.0000  0.0000  0.0365  0.0000  0.0000


 GooF = S =     2.372;     Restrained GooF =      2.834 for       4 restraints

 Weight = 1 / [ sigma^2(Fo^2) + ( 0.1000 * P )^2 +   0.00 * P ]   where  P = ( Max ( Fo^2, 0 ) + 2 * Fc^2 ) / 3

 Shifts scaled down to reduce maximum shift/esd from   20.14  to   15.00


     N      value        esd    shift/esd  parameter

     1     0.04965     0.00041     0.141    OSF
     2     0.85702     0.03137     1.478   FVAR  2 
     3     0.84632     0.03405     0.936   FVAR  3 
   152     0.28373     0.00192    14.979     z  O4B^b
   154     0.59075     0.00087   -14.654     x  O5B^b

 Mean shift/esd =   0.340  Maximum =    14.979 for   z  O4B^b    

 Max. shift = 0.500 A for O5B^b        Max. dU =-0.015 for O5^a    


 Least-squares cycle   3   Maximum vector length =  623   Memory required =     49 /   5074 /   233565

 wR2 =  0.4813 before cycle   3 for    4395 data and    155 /    155 parameters


 Disagreeable restraints before cycle    3

   Observed   Target    Error     Sigma     Restraint

                        0.2201    0.0200    SAME/SADI Zr2 O4^a Zr2 O4B^b
                        0.2126    0.0200    SAME/SADI Zr2 O5^a Zr2 O5B^b


 Summary of restraints applied in cycle    3

               ANTIBUMP  DFIX    DANG SAME/SADI CHIV/Z CHIV/NZ   FLAT    DELU    RIGU    SIMU    ISOR    SUMP

       Number       0       0       0       2       0       0       0       0       0       2       0       0

 rms sigma      0.0000  0.0000  0.0000  0.0200  0.0000  0.0000  0.0000  0.0000  0.0000  0.0800  0.0000  0.0000

 rms deviation  0.0000  0.0000  0.0000  0.2164  0.0000  0.0000  0.0000  0.0000  0.0000  0.0386  0.0000  0.0000


 GooF = S =     2.382;     Restrained GooF =      2.444 for       4 restraints

 Weight = 1 / [ sigma^2(Fo^2) + ( 0.1000 * P )^2 +   0.00 * P ]   where  P = ( Max ( Fo^2, 0 ) + 2 * Fc^2 ) / 3


     N      value        esd    shift/esd  parameter

     1     0.04956     0.00042    -0.217    OSF
     2     0.94670     0.02880     3.114   FVAR  2 
     3     0.88575     0.03068     1.285   FVAR  3 
   152     0.30167     0.00213     8.408     z  O4B^b
   154     0.58339     0.00096    -7.632     x  O5B^b

 Mean shift/esd =   0.301  Maximum =     8.408 for   z  O4B^b    

 Max. shift = 0.298 A for O4B^b        Max. dU = 0.045 for O5B^b   


 Least-squares cycle   4   Maximum vector length =  623   Memory required =     49 /   5074 /   233565

 wR2 =  0.4800 before cycle   4 for    4395 data and    155 /    155 parameters


 Summary of restraints applied in cycle    4

               ANTIBUMP  DFIX    DANG SAME/SADI CHIV/Z CHIV/NZ   FLAT    DELU    RIGU    SIMU    ISOR    SUMP

       Number       0       0       0       2       0       0       0       0       0       2       0       0

 rms sigma      0.0000  0.0000  0.0000  0.0200  0.0000  0.0000  0.0000  0.0000  0.0000  0.0800  0.0000  0.0000

 rms deviation  0.0000  0.0000  0.0000  0.0323  0.0000  0.0000  0.0000  0.0000  0.0000  0.0607  0.0000  0.0000


 GooF = S =     2.372;     Restrained GooF =      2.373 for       4 restraints

 Weight = 1 / [ sigma^2(Fo^2) + ( 0.1000 * P )^2 +   0.00 * P ]   where  P = ( Max ( Fo^2, 0 ) + 2 * Fc^2 ) / 3


     N      value        esd    shift/esd  parameter

     1     0.04942     0.00041    -0.337    OSF
     2     0.97900     0.02105     1.535   FVAR  2 
     3     0.92681     0.02913     1.410   FVAR  3 

 Mean shift/esd =   0.168  Maximum =     2.130 for   z  O4B^b    

 Max. shift = 0.089 A for O5B^b        Max. dU = 0.058 for O5B^b   


 Least-squares cycle   5   Maximum vector length =  623   Memory required =     49 /   5074 /   233565

 wR2 =  0.4787 before cycle   5 for    4395 data and    155 /    155 parameters


 Summary of restraints applied in cycle    5

               ANTIBUMP  DFIX    DANG SAME/SADI CHIV/Z CHIV/NZ   FLAT    DELU    RIGU    SIMU    ISOR    SUMP

       Number       0       0       0       2       0       0       0       0       0       2       0       0

 rms sigma      0.0000  0.0000  0.0000  0.0200  0.0000  0.0000  0.0000  0.0000  0.0000  0.0800  0.0000  0.0000

 rms deviation  0.0000  0.0000  0.0000  0.0124  0.0000  0.0000  0.0000  0.0000  0.0000  0.1022  0.0000  0.0000


 GooF = S =     2.364;     Restrained GooF =      2.364 for       4 restraints

 Weight = 1 / [ sigma^2(Fo^2) + ( 0.1000 * P )^2 +   0.00 * P ]   where  P = ( Max ( Fo^2, 0 ) + 2 * Fc^2 ) / 3


     N      value        esd    shift/esd  parameter

     1     0.04935     0.00041    -0.170    OSF
     2     0.98004     0.01629     0.064   FVAR  2 
     3     0.95107     0.02890     0.839   FVAR  3 

 Mean shift/esd =   0.070  Maximum =     0.839 for FVAR  3       

 Max. shift = 0.026 A for O5B^b        Max. dU =-0.024 for O5B^b   


 Least-squares cycle   6   Maximum vector length =  623   Memory required =     49 /   5074 /   233565

 wR2 =  0.4784 before cycle   6 for    4395 data and    155 /    155 parameters


 Summary of restraints applied in cycle    6

               ANTIBUMP  DFIX    DANG SAME/SADI CHIV/Z CHIV/NZ   FLAT    DELU    RIGU    SIMU    ISOR    SUMP

       Number       0       0       0       2       0       0       0       0       0       2       0       0

 rms sigma      0.0000  0.0000  0.0000  0.0200  0.0000  0.0000  0.0000  0.0000  0.0000  0.0800  0.0000  0.0000

 rms deviation  0.0000  0.0000  0.0000  0.0053  0.0000  0.0000  0.0000  0.0000  0.0000  0.0809  0.0000  0.0000


 GooF = S =     2.361;     Restrained GooF =      2.360 for       4 restraints

 Weight = 1 / [ sigma^2(Fo^2) + ( 0.1000 * P )^2 +   0.00 * P ]   where  P = ( Max ( Fo^2, 0 ) + 2 * Fc^2 ) / 3


     N      value        esd    shift/esd  parameter

     1     0.04933     0.00041    -0.059    OSF
     2     0.98230     0.01663     0.136   FVAR  2 
     3     0.96060     0.02690     0.354   FVAR  3 

 Mean shift/esd =   0.033  Maximum =    -0.532 for  U11 O5B^b    

 Max. shift = 0.006 A for O5B^b        Max. dU =-0.041 for O5B^b   


 Least-squares cycle   7   Maximum vector length =  623   Memory required =     49 /   5074 /   233565

 wR2 =  0.4784 before cycle   7 for    4395 data and    155 /    155 parameters


 Summary of restraints applied in cycle    7

               ANTIBUMP  DFIX    DANG SAME/SADI CHIV/Z CHIV/NZ   FLAT    DELU    RIGU    SIMU    ISOR    SUMP

       Number       0       0       0       2       0       0       0       0       0       2       0       0

 rms sigma      0.0000  0.0000  0.0000  0.0200  0.0000  0.0000  0.0000  0.0000  0.0000  0.0800  0.0000  0.0000

 rms deviation  0.0000  0.0000  0.0000  0.0040  0.0000  0.0000  0.0000  0.0000  0.0000  0.0500  0.0000  0.0000


 GooF = S =     2.361;     Restrained GooF =      2.360 for       4 restraints

 Weight = 1 / [ sigma^2(Fo^2) + ( 0.1000 * P )^2 +   0.00 * P ]   where  P = ( Max ( Fo^2, 0 ) + 2 * Fc^2 ) / 3


     N      value        esd    shift/esd  parameter

     1     0.04931     0.00041    -0.036    OSF
     2     0.98413     0.01687     0.108   FVAR  2 
     3     0.96771     0.02445     0.291   FVAR  3 

 Mean shift/esd =   0.017  Maximum =     0.291 for FVAR  3       

 Max. shift = 0.002 A for O4B^b        Max. dU = 0.001 for O5^a    


 Least-squares cycle   8   Maximum vector length =  623   Memory required =     49 /   5074 /   233565

 wR2 =  0.4783 before cycle   8 for    4395 data and    155 /    155 parameters


 Summary of restraints applied in cycle    8

               ANTIBUMP  DFIX    DANG SAME/SADI CHIV/Z CHIV/NZ   FLAT    DELU    RIGU    SIMU    ISOR    SUMP

       Number       0       0       0       2       0       0       0       0       0       2       0       0

 rms sigma      0.0000  0.0000  0.0000  0.0200  0.0000  0.0000  0.0000  0.0000  0.0000  0.0800  0.0000  0.0000

 rms deviation  0.0000  0.0000  0.0000  0.0037  0.0000  0.0000  0.0000  0.0000  0.0000  0.0493  0.0000  0.0000


 GooF = S =     2.361;     Restrained GooF =      2.360 for       4 restraints

 Weight = 1 / [ sigma^2(Fo^2) + ( 0.1000 * P )^2 +   0.00 * P ]   where  P = ( Max ( Fo^2, 0 ) + 2 * Fc^2 ) / 3


     N      value        esd    shift/esd  parameter

     1     0.04931     0.00041    -0.010    OSF
     2     0.98450     0.01680     0.022   FVAR  2 
     3     0.97026     0.02421     0.106   FVAR  3 

 Mean shift/esd =   0.010  Maximum =     0.106 for FVAR  3       

 Max. shift = 0.002 A for O5B^b        Max. dU =-0.008 for O5B^b   


 Least-squares cycle   9   Maximum vector length =  623   Memory required =     49 /   5074 /   233565

 wR2 =  0.4782 before cycle   9 for    4395 data and    155 /    155 parameters


 Summary of restraints applied in cycle    9

               ANTIBUMP  DFIX    DANG SAME/SADI CHIV/Z CHIV/NZ   FLAT    DELU    RIGU    SIMU    ISOR    SUMP

       Number       0       0       0       2       0       0       0       0       0       2       0       0

 rms sigma      0.0000  0.0000  0.0000  0.0200  0.0000  0.0000  0.0000  0.0000  0.0000  0.0800  0.0000  0.0000

 rms deviation  0.0000  0.0000  0.0000  0.0032  0.0000  0.0000  0.0000  0.0000  0.0000  0.0435  0.0000  0.0000


 GooF = S =     2.361;     Restrained GooF =      2.360 for       4 restraints

 Weight = 1 / [ sigma^2(Fo^2) + ( 0.1000 * P )^2 +   0.00 * P ]   where  P = ( Max ( Fo^2, 0 ) + 2 * Fc^2 ) / 3


     N      value        esd    shift/esd  parameter

     1     0.04930     0.00041    -0.008    OSF
     2     0.98481     0.01687     0.018   FVAR  2 
     3     0.97226     0.02369     0.084   FVAR  3 

 Mean shift/esd =   0.006  Maximum =     0.084 for FVAR  3       

 Max. shift = 0.001 A for O5B^b        Max. dU =-0.005 for O5B^b   


 Least-squares cycle  10   Maximum vector length =  623   Memory required =     49 /   5074 /   233565

 wR2 =  0.4782 before cycle  10 for    4395 data and    155 /    155 parameters


 Summary of restraints applied in cycle   10

               ANTIBUMP  DFIX    DANG SAME/SADI CHIV/Z CHIV/NZ   FLAT    DELU    RIGU    SIMU    ISOR    SUMP

       Number       0       0       0       2       0       0       0       0       0       2       0       0

 rms sigma      0.0000  0.0000  0.0000  0.0200  0.0000  0.0000  0.0000  0.0000  0.0000  0.0800  0.0000  0.0000

 rms deviation  0.0000  0.0000  0.0000  0.0030  0.0000  0.0000  0.0000  0.0000  0.0000  0.0399  0.0000  0.0000


 GooF = S =     2.360;     Restrained GooF =      2.359 for       4 restraints

 Weight = 1 / [ sigma^2(Fo^2) + ( 0.1000 * P )^2 +   0.00 * P ]   where  P = ( Max ( Fo^2, 0 ) + 2 * Fc^2 ) / 3


     N      value        esd    shift/esd  parameter

     1     0.04930     0.00041    -0.005    OSF
     2     0.98492     0.01687     0.007   FVAR  2 
     3     0.97358     0.02334     0.057   FVAR  3 

 Mean shift/esd =   0.003  Maximum =     0.057 for FVAR  3       

 Max. shift = 0.001 A for O5B^b        Max. dU =-0.002 for O5B^b   


 Least-squares cycle  11   Maximum vector length =  623   Memory required =     49 /   5074 /   233565

 wR2 =  0.4782 before cycle  11 for    4395 data and    155 /    155 parameters


 Summary of restraints applied in cycle   11

               ANTIBUMP  DFIX    DANG SAME/SADI CHIV/Z CHIV/NZ   FLAT    DELU    RIGU    SIMU    ISOR    SUMP

       Number       0       0       0       2       0       0       0       0       0       2       0       0

 rms sigma      0.0000  0.0000  0.0000  0.0200  0.0000  0.0000  0.0000  0.0000  0.0000  0.0800  0.0000  0.0000

 rms deviation  0.0000  0.0000  0.0000  0.0028  0.0000  0.0000  0.0000  0.0000  0.0000  0.0384  0.0000  0.0000


 GooF = S =     2.360;     Restrained GooF =      2.359 for       4 restraints

 Weight = 1 / [ sigma^2(Fo^2) + ( 0.1000 * P )^2 +   0.00 * P ]   where  P = ( Max ( Fo^2, 0 ) + 2 * Fc^2 ) / 3


     N      value        esd    shift/esd  parameter

     1     0.04930     0.00041    -0.002    OSF
     2     0.98499     0.01688     0.004   FVAR  2 
     3     0.97431     0.02318     0.032   FVAR  3 

 Mean shift/esd =   0.002  Maximum =     0.032 for FVAR  3       

 Max. shift = 0.000 A for O5B^b        Max. dU =-0.002 for O5B^b   


 Least-squares cycle  12   Maximum vector length =  623   Memory required =     49 /   5074 /   233565

 wR2 =  0.4782 before cycle  12 for    4395 data and    155 /    155 parameters


 Summary of restraints applied in cycle   12

               ANTIBUMP  DFIX    DANG SAME/SADI CHIV/Z CHIV/NZ   FLAT    DELU    RIGU    SIMU    ISOR    SUMP

       Number       0       0       0       2       0       0       0       0       0       2       0       0

 rms sigma      0.0000  0.0000  0.0000  0.0200  0.0000  0.0000  0.0000  0.0000  0.0000  0.0800  0.0000  0.0000

 rms deviation  0.0000  0.0000  0.0000  0.0028  0.0000  0.0000  0.0000  0.0000  0.0000  0.0371  0.0000  0.0000


 GooF = S =     2.360;     Restrained GooF =      2.359 for       4 restraints

 Weight = 1 / [ sigma^2(Fo^2) + ( 0.1000 * P )^2 +   0.00 * P ]   where  P = ( Max ( Fo^2, 0 ) + 2 * Fc^2 ) / 3


     N      value        esd    shift/esd  parameter

     1     0.04930     0.00041    -0.002    OSF
     2     0.98502     0.01688     0.002   FVAR  2 
     3     0.97481     0.02306     0.022   FVAR  3 

 Mean shift/esd =   0.001  Maximum =     0.022 for FVAR  3       

 Max. shift = 0.000 A for O5B^b        Max. dU =-0.001 for O5B^b   


 Largest correlation matrix elements

     0.872 U12 Zr1 / U11 Zr1                 0.691 U12 O1 / U22 O1                   0.666 U12 O3 / U22 O3
     0.868 U12 Zr2 / U11 Zr2                 0.690 x O5B^b / x O5^a                  0.664 U12 C9 / U11 C9
     0.843 U12 O6 / U11 O6                   0.690 U12 C1 / U22 C1                   0.664 U12 O1 / U11 O1
     0.729 U12 C5 / U11 C5                   0.689 U12 C12 / U22 C12                 0.657 U12 C3 / U22 C3
     0.721 U12 C12 / U11 C12                 0.686 U12 C1 / U11 C1                   0.656 z O4B^b / z O4^a
     0.703 U12 O3 / U11 O3                   0.679 U12 C6 / U22 C6                   0.656 U12 C11 / U22 C11
     0.702 U12 C4 / U11 C4                   0.672 U12 C5 / U22 C5                   0.635 U12 C9 / U22 C9
     0.699 U12 C6 / U11 C6                   0.668 U12 C4 / U22 C4                   0.632 U12 C3 / U11 C3



 Idealized hydrogen atom generation before cycle  13

 Name     x       y       z    AFIX  d(X-H)  shift  Bonded to  Conformation determined by
 H3    0.4590  0.6278  0.6360   43   0.930   0.000   C3            C4  C5  
 H5    0.4562  0.6755  0.7161   43   0.930   0.000   C5            C3  C2  
 H7    0.5030  0.7515  0.7344   43   0.930   0.000   C7            C6_$7  C6  
 H8    0.5601  0.6465  0.7445   43   0.930   0.000   C8            C4  C11  
 H11   0.5582  0.6946  0.8276   43   0.930   0.000   C11           C8  C2  
 H12   0.5037  0.6679  0.9329   43   0.930   0.000   C12           C12_$8  C9  



  CrystalPilot cross-check in P 6/m m m                                      

 ATOM           x        y        z         sof        U11      U22      U33      U23      U13      U12       Ueq

 Zr1         0.46385  0.53615  0.50000    0.25000    0.08210  0.08210  0.06187  0.00000  0.00000  0.05267   0.07019
   0.00000   0.00006  0.00006  0.00000    0.00000    0.00263  0.00263  0.00281  0.00000  0.00000  0.00294   0.00149

 Zr2         0.54485  0.54485  0.39402    0.50000    0.08711  0.08711  0.08020  0.01207  0.01207  0.05533   0.07957
   0.00760   0.00009  0.00009  0.00018    0.00000    0.00198  0.00198  0.00237  0.00175  0.00175  0.00215   0.00128

 O1          0.48138  0.58682  0.58102    1.00000    0.10306  0.10074  0.09122 -0.00078 -0.00123  0.07146   0.08922
   0.03052   0.00038  0.00035  0.00075    0.00000    0.00968  0.00952  0.00895  0.00774  0.00751  0.00823   0.00377

 O2          0.53389  0.59334  0.65086    1.00000    0.11548  0.11357  0.11676 -0.03632 -0.02058  0.07263   0.10844
   0.02633   0.00037  0.00036  0.00077    0.00000    0.01085  0.01027  0.01022  0.00813  0.00827  0.00912   0.00435

 O3          0.52624  0.56284  0.50000    0.50000    0.11588  0.19708  0.08469  0.00000  0.00000  0.10549   0.12044
   0.03887   0.00051  0.00060  0.00000    0.00000    0.01475  0.01975  0.01191  0.00000  0.00000  0.01455   0.00651

 O4^a        0.53757  0.53757  0.25903    0.49251    0.11777
   0.04051   0.00046  0.00046  0.00109    0.00844    0.00683

 O5^a        0.60142  0.60142  0.41163    0.48740    0.13826
   0.04415   0.00051  0.00051  0.00122    0.01153    0.00867

 O6          0.51800  0.48200  0.39304    0.50000    0.10627  0.10627  0.17183  0.02663 -0.02663  0.06196   0.12420
   0.01951   0.00024  0.00024  0.00117    0.00000    0.01006  0.01006  0.01838  0.00632  0.00632  0.01150   0.00686

 C1          0.50815  0.60235  0.63353    1.00000    0.12217  0.11441  0.09100  0.00996  0.00853  0.09165   0.09475
   0.05660   0.00070  0.00064  0.00125    0.00000    0.02012  0.01849  0.01607  0.01375  0.01418  0.01670   0.00640

 C2          0.50624  0.69135  0.78247    1.00000    0.22022  0.13013  0.07513  0.00816 -0.02301  0.10741   0.13301
   0.06282   0.00090  0.00073  0.00126    0.00000    0.02898  0.02111  0.01528  0.01469  0.01737  0.02147   0.00874

 C3          0.47815  0.64124  0.67489    1.00000    0.19443  0.11432  0.09476 -0.05438 -0.03654  0.10389   0.12263
   0.04515   0.00069  0.00059  0.00115    0.00000    0.02346  0.01696  0.01518  0.01305  0.01495  0.01765   0.00773

 H3          0.45897  0.62776  0.63598    1.00000    0.14716
                                          0.00000    0.00000

 C4          0.50903  0.63291  0.68622    1.00000    0.14628  0.09552  0.10830  0.00460  0.00662  0.08939   0.10384
   0.05529   0.00072  0.00061  0.00130    0.00000    0.02096  0.01623  0.01681  0.01412  0.01591  0.01676   0.00657

 C5          0.47666  0.67017  0.72309    1.00000    0.18831  0.14316  0.11598 -0.00998 -0.01533  0.11581   0.13451
   0.05980   0.00074  0.00069  0.00141    0.00000    0.02539  0.02089  0.01869  0.01673  0.01798  0.02010   0.00812

 H5          0.45623  0.67548  0.71611    1.00000    0.16141
                                          0.00000    0.00000

 C6          0.50571  0.72318  0.83123    1.00000    0.24265  0.10189  0.09318 -0.04097 -0.01725  0.11686   0.13225
   0.05037   0.00075  0.00061  0.00136    0.00000    0.02721  0.01716  0.01697  0.01472  0.01710  0.01867   0.00859

 C7          0.50456  0.75228  0.79029    0.50000    0.28883  0.09235  0.11874 -0.02176 -0.04352  0.14441   0.14481
   0.06629   0.00106  0.00053  0.00184    0.00000    0.04343  0.01365  0.02530  0.01351  0.02701  0.02171   0.01416

 H7          0.50298  0.75149  0.73439    0.50000    0.17377
                                          0.00000    0.00000

 C8          0.53976  0.65224  0.74048    1.00000    0.17787  0.11275  0.13135 -0.07090 -0.08144  0.08155   0.13671
   0.04959   0.00071  0.00064  0.00134    0.00000    0.02306  0.01845  0.01878  0.01556  0.01782  0.01760   0.00911

 H8          0.56005  0.64653  0.74452    1.00000    0.16405
                                          0.00000    0.00000

 C9          0.50456  0.72212  0.91442    1.00000    0.22598  0.10354  0.07642 -0.01730 -0.01291  0.10227   0.12647
   0.04992   0.00073  0.00061  0.00127    0.00000    0.02596  0.01742  0.01507  0.01310  0.01580  0.01806   0.00810

 C10         0.50398  0.75199  0.95642    0.50000    0.23186  0.10610  0.07593 -0.00268 -0.00536  0.11593   0.12399
   0.06252   0.00099  0.00050  0.00145    0.00000    0.03407  0.01364  0.01813  0.00978  0.01957  0.01704   0.01080

 C11         0.53845  0.68133  0.78966    1.00000    0.26416  0.12875  0.11236 -0.01788 -0.06164  0.12065   0.15846
   0.05699   0.00088  0.00071  0.00135    0.00000    0.03269  0.02100  0.01901  0.01601  0.01997  0.02291   0.01014

 H11         0.55823  0.69459  0.82758    1.00000    0.19015
                                          0.00000    0.00000

 C12         0.50400  0.68871  0.96066    1.00000    0.25698  0.14850  0.08441  0.00497  0.01019  0.14092   0.14572
   0.04896   0.00068  0.00064  0.00097    0.00000    0.02708  0.01892  0.01423  0.01237  0.01453  0.02002   0.00879

 H12         0.50365  0.66792  0.93292    1.00000    0.17486
                                          0.00000    0.00000

 O4B^b       0.50000  0.50000  0.30824    0.00749    0.09759
   0.04325   0.00000  0.00000  0.00260    0.00844    0.07938

 O5B^b       0.58016  0.58016  0.50000    0.01260    0.18582
   0.09212   0.00118  0.00118  0.00000    0.01153    0.07956



 Final Structure Factor Calculation for  CrystalPilot cross-check in P 6/m m m                                      

 Total number of l.s. parameters =   155  Maximum vector length =  623   Memory required =     49 /   4919 /    28035

 wR2 =  0.4782 before cycle  13 for    4395 data and      0 /    155 parameters


 Summary of restraints applied in cycle   13

               ANTIBUMP  DFIX    DANG SAME/SADI CHIV/Z CHIV/NZ   FLAT    DELU    RIGU    SIMU    ISOR    SUMP

       Number       0       0       0       2       0       0       0       0       0       2       0       0

 rms sigma      0.0000  0.0000  0.0000  0.0200  0.0000  0.0000  0.0000  0.0000  0.0000  0.0800  0.0000  0.0000

 rms deviation  0.0000  0.0000  0.0000  0.0027  0.0000  0.0000  0.0000  0.0000  0.0000  0.0365  0.0000  0.0000


 GooF = S =     2.360;     Restrained GooF =      2.359 for       4 restraints

 Weight = 1 / [ sigma^2(Fo^2) + ( 0.1000 * P )^2 +   0.00 * P ]   where  P = ( Max ( Fo^2, 0 ) + 2 * Fc^2 ) / 3

 wR2 = 0.4782, GooF = S = 2.360, Restrained GooF = 2.359 for all data
 R1 = 0.1846 for 2063 Fo > 4sig(Fo) and 0.2686 for all 4395 data

 Occupancy sum of asymmetric unit =    15.75 for non-hydrogen and     5.50 for H and D atoms



 Principal mean square atomic displacements U

   0.0898   0.0619   0.0589   Zr1  
   0.1033   0.0718   0.0636   Zr2  
   0.1157   0.0912   0.0608   O1  
   0.1552   0.0977   0.0724   O2  
   0.1976   0.0847   0.0790   O3  
   0.1978   0.1122   0.0626   O6  
   0.1424   0.0889   0.0530   C1  
   0.2241   0.1145   0.0604   C2  
   0.2098   0.1160   0.0421   C3  
   0.1511   0.1072   0.0532   C4  
   0.1978   0.1131   0.0926   C5  
   0.2446   0.1167   0.0355   C6  
   0.2993   0.1082   0.0269   C7    may be split into  0.5100  0.7523  0.7872  and  0.4991  0.7523  0.7934
   0.2408   0.1206   0.0487   C8  
   0.2279   0.0892   0.0622   C9    may be split into  0.5091  0.7217  0.9135  and  0.5000  0.7225  0.9153
   0.2320   0.0757   0.0642   C10    may be split into  0.5090  0.7520  0.9560  and  0.4989  0.7520  0.9568
   0.2877   0.1041   0.0837   C11    may be split into  0.5433  0.6807  0.7853  and  0.5336  0.6819  0.7940
   0.2588   0.0946   0.0837   C12    may be split into  0.5094  0.6892  0.9614  and  0.4986  0.6882  0.9600

 ** Warning:     5  atoms may be split and     0  atoms NPD **



 Analysis of variance for reflections employed in refinement      K = Mean[Fo^2] / Mean[Fc^2]  for group


 Fc/Fc(max)       0.000    0.005    0.008    0.012    0.017    0.022    0.028    0.036    0.049    0.081    1.000

 Number in group       497.     386.     500.     475.     403.     426.     395.     443.     430.     440.

            GooF      1.377    1.424    1.571    1.926    1.367    1.688    2.519    3.201    3.243    3.764

             K        5.227    1.050    1.184    1.304    1.099    1.097    1.115    1.404    1.124    1.017


 Resolution(A)    1.00     1.04     1.08     1.13     1.20     1.28     1.38     1.52     1.77     2.26     inf

 Number in group       445.     444.     438.     443.     436.     431.     437.     444.     437.     440.

            GooF      1.007    0.969    1.001    1.061    1.082    1.154    1.280    1.448    2.542    6.239

             K        1.128    1.045    1.058    1.025    0.946    0.904    1.008    1.020    1.156    1.042

             R1       0.420    0.346    0.310    0.279    0.305    0.287    0.154    0.129    0.155    0.302


 ** Extinction (EXTI) or solvent water (SWAT) correction may be required **

 Recommended weighting scheme:  WGHT    0.2000    0.0000
 [Weight parameters refined to    0.4030       23.73  but appear excessive]


 Most Disagreeable Reflections (* if suppressed or used for Rfree).
 Error/esd is calculated as sqrt(wD^2/<wD^2>) where w is given by the weight
 formula, D = Fo^2-Fc^2 and <> refers to the average over all reflections.

     h   k   l          Fo^2          Fc^2    Error/esd  Fc/Fc(max)  Resolution(A)

    -1   7   2      13731.34          4.29       9.69       0.002       4.39
    -2   7   2       9188.85        174.76       9.12       0.014       4.55
    -1   4   1      20110.19       1212.78       8.75       0.037       8.19
    -1   4   2      15028.42        878.23       8.73       0.032       6.23
    -2   6   1      18001.16       1533.86       8.44       0.042       5.98
    -1   5   1       3823.61         43.43       8.22       0.007       6.76
     0   4   1      35736.74       1226.01       8.14       0.038       7.56
    -3   6   1      11378.11        205.33       8.06       0.015       6.08
    -1   2   3      17635.70       1612.88       7.36       0.043       5.33
    -2   6   2       3259.05         87.97       7.16       0.010       5.08
    -1   8   1       3702.86        116.30       7.05       0.012       4.34
    -4  11   2      18457.34       3014.06       7.00       0.059       3.24
    -3  10   0      12976.75       1021.31       6.98       0.034       3.82
    -2   4   0     162524.39       2010.52       6.81       0.048       9.80
    -4   9   2       4385.02        441.98       6.62       0.023       3.85
    -1   3   0       7250.87        803.10       6.33       0.030      12.83
     0   7   2      30903.76       5062.27       6.26       0.076       4.19
    -3   8   0       6987.03       1025.43       5.94       0.034       4.85
    -4   8   2      14364.70       2720.57       5.86       0.056       4.22
    -2  10   1       7564.73       1597.46       5.79       0.043       3.61
    -1   3   2       1691.87      23661.30       5.79       0.165       6.97
    -7  15   0       5839.04        690.62       5.47       0.028       2.61
    -3   9   0       3683.01         78.57       5.42       0.010       4.28
    -3  10   1       3013.47        213.77       5.34       0.016       3.72
    -1   4   4        512.00       5141.21       5.24       0.077       3.80
     0   6   2     223205.59      54408.48       5.23       0.250       4.68
    -4  12   2      13568.77       3833.18       5.22       0.066       2.99
     0   9   2      11410.16       2660.55       5.19       0.055       3.43
    -2   7   1       7911.27       2195.49       5.15       0.050       5.17
    -1   9   3       7925.88       2082.37       5.15       0.049       3.23
     0  10   2       6017.12       1088.66       5.14       0.035       3.14
     0  15   2       4932.85        593.56       5.00       0.026       2.18
     0   8   2      25482.62       6901.59       4.94       0.089       3.78
    -1  10   2       6427.49       1864.10       4.83       0.046       3.27
    -2   5   0       4922.62      26628.83       4.80       0.175       7.79
    -3  11   1      11711.50       3700.30       4.78       0.065       3.37
     0   5   5        748.43       5817.36       4.75       0.082       2.98
    -1   5   3       5336.77       1599.06       4.73       0.043       4.43
    -3  12   4       3077.75        374.18       4.72       0.021       2.50
    -4  11   0      16674.74       4892.27       4.66       0.075       3.52
    -4   8   0       1398.07       8639.07       4.64       0.100       4.90
    -5  11   1       5364.44       1535.61       4.63       0.042       3.48
     0   1   3       2466.82      12048.92       4.58       0.118       5.46
     0   0   3      21552.62     107337.65       4.57       0.351       5.54
    -1   3   4      27916.04       9786.99       4.52       0.106       3.95
     0   3   0     103001.61     467992.69       4.49       0.734      11.31
    -2  10   0      74900.66      24562.88       4.46       0.168       3.70
    -2   5   4       1756.17        162.87       4.40       0.014       3.66
     0   1   5        574.32       4174.78       4.34       0.069       3.31
    -2   8   1       6442.80       2243.09       4.27       0.051       4.53



 Bond lengths and angles

 Zr1 -           Distance        Angles
 O3        2.1249 (0.0173) 
 O3_$4     2.1250 (0.0173)  110.47 (1.08)
 O6_$2     2.1619 (0.0167)   71.04 (0.38)  71.04 (0.38)
 O6_$1     2.1619 (0.0167)   71.04 (0.38)  71.04 (0.38) 110.53 (1.05)
 O1_$5     2.2049 (0.0126)  142.07 (0.31)  78.05 (0.52)  77.83 (0.51) 142.39 (0.31)
 O1_$3     2.2049 (0.0126)   78.06 (0.52) 142.07 (0.31)  77.83 (0.51) 142.39 (0.31)  74.61 (0.61)
 O1_$4     2.2049 (0.0126)  142.07 (0.31)  78.05 (0.52) 142.39 (0.31)  77.83 (0.51)  75.22 (0.61) 118.65 (0.68)
 O1        2.2050 (0.0126)   78.06 (0.52) 142.07 (0.31) 142.39 (0.31)  77.83 (0.51) 118.65 (0.68)  75.22 (0.61)  74.61 (0.61)
 Zr2_$2    3.4941 (0.0036)   90.74 (0.48)  35.54 (0.27)  35.50 (0.27)  90.80 (0.46)  75.28 (0.33) 110.83 (0.32) 111.15 (0.31)
 Zr2_$3    3.4941 (0.0036)   35.54 (0.27)  90.74 (0.48)  90.80 (0.46)  35.50 (0.27) 166.07 (0.36) 111.15 (0.32) 110.83 (0.32)
 Zr2_$1    3.4941 (0.0036)   90.74 (0.48)  35.54 (0.27)  90.80 (0.46)  35.50 (0.27) 111.15 (0.31) 166.07 (0.36)  75.28 (0.33)
 Zr2       3.4942 (0.0036)   35.54 (0.27)  90.74 (0.48)  35.50 (0.27)  90.80 (0.46) 110.83 (0.32)  75.28 (0.33) 166.07 (0.36)
                 Zr1             O3            O3_$4         O6_$2         O6_$1         O1_$5         O1_$3         O1_$4        

 Zr2 -           Distance        Angles
 O6        2.1408 (0.0098) 
 O6_$2     2.1408 (0.0098)   69.60 (0.74)
 O3        2.1545 (0.0100)  109.30 (0.76)  70.88 (0.64)
 O3_$6     2.1545 (0.0101)   70.89 (0.64) 109.31 (0.76)  70.41 (0.75)
 O5^a      2.2361 (0.0203)  144.59 (0.37) 144.59 (0.36)  84.19 (0.68)  84.19 (0.68)
 O4^a      2.2603 (0.0183)   83.61 (0.68)  83.61 (0.68) 144.08 (0.38) 144.08 (0.38) 104.78 (0.72)
 O2_$6     2.2731 (0.0126)   75.91 (0.53) 140.33 (0.52) 141.39 (0.54)  76.00 (0.53)  73.87 (0.39)  73.48 (0.39)
 O2_$3     2.2731 (0.0125)  140.33 (0.52)  75.91 (0.53)  76.00 (0.53) 141.39 (0.54)  73.87 (0.39)  73.48 (0.39) 125.15 (0.67)
 Zr1_$1    3.4940 (0.0036)   35.90 (0.45)  89.51 (0.47)  89.44 (0.46)  34.98 (0.46) 115.65 (0.34) 115.86 (0.31)  72.82 (0.33)
 Zr1       3.4942 (0.0036)   89.52 (0.47)  35.90 (0.45)  34.98 (0.46)  89.45 (0.46) 115.65 (0.34) 115.86 (0.31) 162.03 (0.34)
 Zr2_$2    3.5155 (0.0068)   34.80 (0.37)  34.81 (0.37)  89.67 (0.53)  89.68 (0.53) 172.48 (0.53)  82.74 (0.48) 108.87 (0.33)
 Zr2_$3    3.5207 (0.0061)   90.44 (0.54)  90.43 (0.54)  35.21 (0.38)  35.21 (0.37)  82.49 (0.53) 172.74 (0.49) 109.14 (0.35)
                 Zr2             O6            O6_$2         O3            O3_$6         O5^a          O4^a          O2_$6        

 O1 -            Distance        Angles
 C1        1.2624 (0.0213) 
 Zr1       2.2050 (0.0126)  131.71 (1.24)
                 O1              C1           

 O2 -            Distance        Angles
 C1        1.2574 (0.0199) 
 Zr2_$3    2.2732 (0.0125)  132.30 (1.37)
                 O2              C1           

 O3 -            Distance        Angles
 Zr1       2.1249 (0.0172) 
 Zr2_$3    2.1544 (0.0101)  109.47 (0.61)
 Zr2       2.1545 (0.0101)  109.47 (0.61) 109.59 (0.75)
                 O3              Zr1           Zr2_$3       

 O4^a -          Distance        Angles
 Zr2       2.2603 (0.0183) 
                 O4^a           

 O5^a -          Distance        Angles
 Zr2       2.2361 (0.0202) 
                 O5^a           

 O6 -            Distance        Angles
 Zr2_$2    2.1407 (0.0098) 
 Zr2       2.1408 (0.0098)  110.39 (0.74)
 Zr1_$1    2.1618 (0.0167)  108.60 (0.61) 108.60 (0.61)
                 O6              Zr2_$2        Zr2          

 C1 -            Distance        Angles
 O1        1.2624 (0.0211) 
 O2        1.2574 (0.0198)  127.80 (2.01)
 C4        1.4698 (0.0250)  118.65 (1.94) 113.41 (2.15)
                 C1              O1            O2           

 C2 -            Distance        Angles
 C5        1.4295 (0.0271) 
 C6        1.4961 (0.0264)  120.82 (2.51)
 C11       1.5024 (0.0296)  116.52 (2.19) 122.58 (2.41)
                 C2              C5            C6           

 C3 -            Distance        Angles
 C4        1.4146 (0.0237) 
 C5        1.4128 (0.0237)  119.55 (2.04)
 H3        0.9300           120.23        120.23       
                 C3              C4            C5           

 C4 -            Distance        Angles
 C8        1.3871 (0.0238) 
 C3        1.4146 (0.0237)  124.73 (2.02)
 C1        1.4698 (0.0250)  119.48 (2.18) 115.76 (2.15)
                 C4              C8            C3           

 C5 -            Distance        Angles
 C3        1.4128 (0.0236) 
 C2        1.4295 (0.0273)  120.66 (2.21)
 H5        0.9300           119.67        119.67       
                 C5              C3            C2           

 C6 -            Distance        Angles
 C7        1.3480 (0.0237) 
 C9        1.3825 (0.0234)  121.01 (2.13)
 C2        1.4961 (0.0264)  116.91 (2.04) 122.00 (1.91)
                 C6              C7            C9           

 C7 -            Distance        Angles
 C6_$7     1.3480 (0.0238) 
 C6        1.3480 (0.0237)  119.29 (2.85)
 H7        0.9300           120.36        120.36       
                 C7              C6_$7         C6           

 C8 -            Distance        Angles
 C4        1.3871 (0.0237) 
 C11       1.4240 (0.0265)  116.17 (2.24)
 H8        0.9300           121.92        121.92       
                 C8              C4            C11          

 C9 -            Distance        Angles
 C10       1.3727 (0.0203) 
 C6        1.3825 (0.0234)  119.77 (2.07)
 C12       1.5086 (0.0230)  118.83 (1.85) 121.40 (1.75)
                 C9              C10           C6           

 C10 -           Distance        Angles
 C9        1.3727 (0.0203) 
 C9_$7     1.3727 (0.0203)  118.90 (2.56)
 C10_$8    1.4479 (0.0481)  120.54 (1.27) 120.54 (1.28)
                 C10             C9            C9_$7        

 C11 -           Distance        Angles
 C8        1.4240 (0.0265) 
 C2        1.5024 (0.0296)  122.33 (2.28)
 H11       0.9300           118.83        118.83       
                 C11             C8            C2           

 C12 -           Distance        Angles
 C12_$8    1.3067 (0.0321) 
 C9        1.5086 (0.0231)  120.61 (1.05)
 H12       0.9300           119.70        119.69       
                 C12             C12_$8        C9           



 Selected torsion angles

     3.73 ( 3.10)  Zr1 - O1 - C1 - O2
  -171.59 ( 1.16)  Zr1 - O1 - C1 - C4
    -3.70 ( 3.18)  Zr2_$3 - O2 - C1 - O1
   171.82 ( 1.22)  Zr2_$3 - O2 - C1 - C4
    -2.36 ( 3.44)  C5 - C3 - C4 - C8
   179.87 ( 1.82)  C5 - C3 - C4 - C1
  -175.56 ( 1.88)  O1 - C1 - C4 - C8
     8.47 ( 2.79)  O2 - C1 - C4 - C8
     2.33 ( 2.78)  O1 - C1 - C4 - C3
  -173.64 ( 1.81)  O2 - C1 - C4 - C3
     0.67 ( 3.27)  C4 - C3 - C5 - C2
   177.42 ( 2.04)  C6 - C2 - C5 - C3
     0.48 ( 3.20)  C11 - C2 - C5 - C3
   -54.07 ( 3.71)  C5 - C2 - C6 - C7
   122.67 ( 2.89)  C11 - C2 - C6 - C7
   122.92 ( 2.67)  C5 - C2 - C6 - C9
   -60.33 ( 3.62)  C11 - C2 - C6 - C9
     5.75 ( 5.74)  C9 - C6 - C7 - C6_$7
  -177.22 ( 2.29)  C2 - C6 - C7 - C6_$7
     2.58 ( 3.40)  C3 - C4 - C8 - C11
  -179.73 ( 1.89)  C1 - C4 - C8 - C11
    -2.89 ( 4.72)  C7 - C6 - C9 - C10
  -179.77 ( 2.69)  C2 - C6 - C9 - C10
   177.22 ( 2.68)  C7 - C6 - C9 - C12
     0.34 ( 4.15)  C2 - C6 - C9 - C12
    -0.02 ( 5.31)  C6 - C9 - C10 - C9_$7
   179.87 ( 1.88)  C12 - C9 - C10 - C9_$7
  -178.11 ( 1.82)  C6 - C9 - C10 - C10_$8
     1.78 ( 3.15)  C12 - C9 - C10 - C10_$8
    -1.27 ( 3.44)  C4 - C8 - C11 - C2
    -0.18 ( 3.44)  C5 - C2 - C11 - C8
  -177.05 ( 2.18)  C6 - C2 - C11 - C8
    -1.77 ( 3.14)  C10 - C9 - C12 - C12_$8
   178.12 ( 1.90)  C6 - C9 - C12 - C12_$8


 FMAP and GRID set by program

 FMAP   2   1 167
 GRID    -0.610  -1  -1     0.610   1   1

 R1 =  0.2622 for   4395 unique reflections after merging for Fourier


 Electron density synthesis with coefficients Fo-Fc

 Highest peak    1.52  at  0.5713  0.4287  0.1401  [  3.65 A from H12 ]
 Deepest hole   -1.16  at  0.5068  0.4932  0.4722  [  1.52 A from O6 ]


 Fourier peaks appended to .res file

              x       y       z       sof     U      Peak   Distances to nearest atoms (including eq.)

 Q1    1   0.4287  0.5713  0.8599   0.50000  0.05    1.52   3.65 H12  3.92 C3  4.05 C5  4.06 C4
 Q2    1   0.4050  0.5950  0.8990   0.50000  0.05    1.30   3.52 H12  3.92 C12  4.10 C5  4.11 H5
 Q3    1   0.3947  0.6053  0.5000   0.25000  0.05    0.98   3.16 H3  4.04 O1  4.06 C3  4.43 H5
 Q4    1   0.5901  0.6640  1.0000   0.50000  0.05    0.96   3.56 H11  3.64 H12  4.00 C12  4.26 C11
 Q5    1   0.5373  0.7976  0.5000   0.50000  0.05    0.93   4.22 H7  4.45 C3  4.51 H3  4.51 C5
 Q6    1   0.6108  0.6108  0.5000   0.25000  0.05    0.82   1.20 O5B  1.51 O5  2.88 O3  3.13 ZR2
 Q7    1   0.4670  0.5330  0.2166   0.50000  0.05    0.81   2.71 O4B  2.77 O4  3.10 O6  3.33 O2
 Q8    1   0.5000  0.5000  0.2437   0.25000  0.05    0.80   1.07 O4B  1.49 O4  2.77 O6  2.77 O6
 Q9    1   0.6722  0.5844  0.5000   0.50000  0.05    0.70   3.48 O5  3.53 O5B  3.63 C1  3.69 O2
 Q10   1   0.5563  0.7020  0.5000   0.50000  0.05    0.67   3.91 C4  4.02 C3  4.05 C1  4.13 H3
 Q11   1   1.0000  1.0000  0.3944   0.08333  0.05    0.64   15.62 O5  15.79 H11  15.95 O5  15.99 H8
 Q12   1   0.6567  0.6567  0.2605   0.50000  0.05    0.59   3.31 O5  3.60 H8  4.42 O2  4.50 C8
 Q13   1   0.5000  0.5000  0.1521   0.25000  0.05    0.58   2.31 O4  2.59 O4B  4.18 O6  4.39 ZR2
 Q14   1   0.5868  0.6453  0.9346   1.00000  0.05    0.56   3.21 H11  3.34 H8  3.75 C11  3.78 H12
 Q15   1   0.4498  0.7249  0.5394   0.50000  0.05    0.56   3.59 H5  3.71 H7  4.16 C5  4.31 H3
 Q16   1   0.6150  0.6150  0.8099   0.50000  0.05    0.53   3.16 H8  3.24 O4  3.72 O5  3.89 O2
 Q17   1   0.3948  0.6974  0.8547   0.50000  0.05    0.53   3.73 H5  3.87 C7  3.96 C6  4.03 C9
 Q18   1   0.5518  0.5518  0.2763   0.50000  0.05    0.53   0.63 O4  1.97 ZR2  2.10 O4B  2.40 O2
 Q19   1   0.5377  0.5769  0.1500   1.00000  0.05    0.49   2.38 O4  2.98 H8  3.39 O2  3.43 C8
 Q20   1   0.5857  0.5960  0.1406   1.00000  0.05    0.49   2.89 O4  3.25 H8  3.83 H8  3.99 O2

 Shortest distances between peaks (including symmetry equivalents)

     20  20  0.70      4  14  1.28     16  20  1.30     15  15  1.31      8  13  1.52     19  20  1.65      1   2  1.73
      5  10  1.96      9  10  1.97     12  16  2.01      8  18  2.10      8  18  2.10     19  20  2.14     14  14  2.17
      5   5  2.26     14  20  2.28      7   8  2.28      7   8  2.28      7  13  2.48     18  19  2.50     13  19  2.61
      7  19  2.66     19  19  2.67     16  19  2.71     18  20  2.75     14  19  2.77     14  20  2.83     16  18  2.86
     14  16  2.87     13  18  2.89      1   7  2.90


 Time profile in seconds
 -----------------------

      0.02: Read and process instructions
      0.00: Fit rigid groups
      0.00: Interpret restraints etc.
      0.00: Generate connectivity array
      0.00: Analyse DFIX and DANG restraints
      0.00: Analyse SAME, SADI and NCSY restraints
      0.00: Generate CHIV restraints
      0.00: Check if bonds in residues restrained
      0.00: Generate DELU and RIGU restraints
      0.00: Generate SIMU restraints
      0.00: Generate ISOR restraints
      0.00: Analyse electron density
      0.00: Analyse other restraints etc.
      0.45: Read intensity data, sort/merge etc.
      0.01: Set up constraints
      0.00: OSF, H-atoms from difference map
      0.03: Set up l.s. refinement
      0.00: Generate idealized H-atoms
      0.09: Structure factors and derivatives
      0.02: Sum l.s. matrices
      0.00: Generate and apply antibumping restraints
      0.01: Apply other restraints
      0.00: Solve l.s. equations
      0.00: Generate HTAB table
      4.34: Other dependent quantities, CIF, tables
      0.01: Analysis of variance
      0.06: Merge reflections for Fourier and .fcf
      0.06: Fourier summations
      0.01: Peaksearch
      0.01: Analyse peaklist

 ** WARNING: These times are only approximate for multiple threads.
             To get better estimates run with -t1 **

   Please cite: G.M. Sheldrick (2015) "Crystal structure refinement with
   SHELXL", Acta Cryst., C71, 3-8 (Open Access) if SHELXL proves useful.

 +++++++++++++++++++++++++++++++++++++++++++++++++++++++++++++++++++++++++++++
 +  job           finished at 19:46:13   Total elapsed time:      5.12 secs  +
 +++++++++++++++++++++++++++++++++++++++++++++++++++++++++++++++++++++++++++++
