
 +++++++++++++++++++++++++++++++++++++++++++++++++++++++++++++++++++
 +  SHELXL -  CRYSTAL STRUCTURE REFINEMENT  -   MULTI-CPU VERSION  +
 +  Copyright(C) George M. Sheldrick 1993-2023     Version 2019/3  +
 +  job                        started at 19:44:24 on 21-Sep-2026  +
 +++++++++++++++++++++++++++++++++++++++++++++++++++++++++++++++++++

 Command line parameters: job -a50000 -b3000 -c624 -g0 -m0 -t4

 -a sets the approximate maximum number of atoms including hydrogens.
 -b sets the maximum number of full-matrix parameters (not used by CGLS).
 For example -b9000 allows refinement of 1000 anisotropic atoms or 3000
 with BLOC 1. For a 32-bit version, -b times the square root of the
 number of threads should not exceed about 65500. -c sets the reflection
 buffer size. This depends on the CPU cache size but will rarely
 need changing.

 -g sets the number of reflection groups used for calculating R_complete,
 This must be greater than 1 but not greater than the total number of
 reflections for refinement. -m sets the current reflection group number.
 This may not be less than 1 nor greater than the number set by -g. These
 command line flags override other ways of defining free-R reflections.
 The -m value is also used as a seed for the WIGL pseudo-random shifts.

 -t sets the number of threads, otherwise it is set to the apparent
 number of CPUs. For optimal performance on hyperthreading systems,
 -t should be set to a little more than half the number of CPUs;
 e.g. -t4 or -t5 for an Intel i7 processor.

 Running  4 threads on  4 processors

 TITL CrystalPilot cross-check in P 6/m m m
 CELL 0.68883 39.19000 39.19000 16.61000 90.0000 90.0000 120.0000
 ZERR 24 0.00000 0.00000 0.00000 0.0000 0.0000 0.0000
 LATT 1
 SYMM X-Y,X,Z
 SYMM Y,-X+Y,Z
 SYMM -Y,X-Y,Z
 SYMM -X+Y,-X,Z
 SYMM X-Y,-Y,-Z
 SYMM -X,-X+Y,-Z
 SYMM -X,-Y,Z
 SYMM Y,X,-Z
 SYMM -Y,-X,-Z
 SYMM -X+Y,Y,-Z
 SYMM X,X-Y,-Z
 SFAC C O Zr
 REM DISP lambda 0.68883 A is not a SHELXL built-in line (Cu/Mo/Ag K-alpha):
 REM DISP f'/f'' from cctbx (sasaki: C O Zr), mu = NIST attenuation in
 REM DISP barn/atom
 DISP $C 0.002 0.002 10.99
 DISP $O 0.007 0.006 30.28
 DISP $Zr -9.041 2.772 14341.91
 UNIT 264.0 96.0 18.0

 V =    22092.79     F(000) =    3072.0     Mu =   1.19 mm-1      Cell Wt =     6348.60    Rho =  0.477

  
 L.S. 12
 BOND $H
 CONF
 ACTA
 FMAP 2
 PLAN 20
  
 SHEL 999 1.000
  
 WGHT 0.100000 0.000000
 FVAR 0.05146
 Zr1   3   0.463835   0.536165   0.500000    10.25000     0.08664     0.08664 =
       0.06685     0.00000     0.00000     0.05480
 Zr2   3   0.544739   0.544739   0.393713    10.50000     0.09267     0.09267 =
       0.08406     0.01368     0.01368     0.05893
 O1    2   0.481260   0.586428   0.581178    11.00000     0.10557     0.10794 =
       0.09354    -0.00310    -0.00431     0.07257
 O2    2   0.533910   0.592828   0.649892    11.00000     0.11516     0.11937 =
       0.12307    -0.04070    -0.02921     0.07170
 O3    2   0.526661   0.562541   0.500000    10.50000     0.11986     0.22399 =
       0.10875     0.00000     0.00000     0.11536
 O4    2   0.538267   0.538267   0.262137    10.50000     0.20326     0.20326 =
       0.08732     0.02037     0.02037     0.15809
 O5    2   0.601029   0.601029   0.411655    10.50000     0.09298     0.09298 =
       0.28254     0.00827     0.00827     0.04372
 O6    2   0.517261   0.482739   0.393078    10.50000     0.11772     0.11772 =
       0.15113     0.02723    -0.02723     0.06194
 C1    1   0.507829   0.601595   0.634113    11.00000     0.10372     0.11140 =
       0.10641     0.00263    -0.00793     0.07074
 C2    1   0.505000   0.689858   0.780162    11.00000     0.24770     0.11311 =
       0.08676     0.00284    -0.00561     0.12755
 C3    1   0.477256   0.641379   0.673598    11.00000     0.16177     0.11845 =
       0.11398    -0.02339    -0.01098     0.10202
 C4    1   0.507310   0.632652   0.686587    11.00000     0.15077     0.09777 =
       0.10975    -0.01910    -0.01615     0.08440
 C5    1   0.474660   0.669158   0.722752    11.00000     0.21671     0.12802 =
       0.10392    -0.03247    -0.03446     0.10925
 C6    1   0.504988   0.721803   0.831666    11.00000     0.22633     0.11231 =
       0.09659    -0.02486    -0.01495     0.11723
 C7    1   0.504581   0.752290   0.787581    10.50000     0.21512     0.08984 =
       0.14596    -0.02337    -0.04673     0.10756
 C8    1   0.538043   0.652445   0.741619    11.00000     0.18213     0.11087 =
       0.10030    -0.04160    -0.03651     0.08159
 C9    1   0.504574   0.721260   0.914200    11.00000     0.25236     0.11525 =
       0.05850    -0.01455    -0.00667     0.10534
 C10   1   0.502754   0.751377   0.957567    10.50000     0.28108     0.11800 =
       0.07482    -0.01165    -0.02329     0.14054
 C11   1   0.537833   0.681877   0.791031    11.00000     0.25611     0.12728 =
       0.11027    -0.00340    -0.01521     0.13210
 C12   1   0.504724   0.687496   0.958527    11.00000     0.27992     0.15238 =
       0.08608     0.01881     0.01344     0.14499
 HKLF 4



 Covalent radii and connectivity table for  CrystalPilot cross-check in P 6/m m m                                      
 C      0.770
 O      0.660
 ZR     1.590

 Zr1 - O3_$4 O3 O6_$2 O6_$1 O1_$3 O1_$5 O1_$4 O1 Zr2_$3 Zr2_$2 Zr2_$1 Zr2
 Zr2 - O6_$2 O6 O3 O3_$6 O4 O5 O2_$6 O2_$3 Zr1_$1 Zr1 Zr2_$2 Zr2_$3
 O1 - C1 Zr1
 O2 - C1 Zr2_$3
 O3 - Zr1 Zr2_$3 Zr2
 O4 - Zr2
 O5 - Zr2
 O6 - Zr2 Zr2_$2 Zr1_$1
 C1 - O2 O1 C4
 C2 - C5 C11 C6
 C3 - C4 C5
 C4 - C3 C8 C1
 C5 - C3 C2
 C6 - C9 C7 C2
 C7 - C6 C6_$7
 C8 - C4 C11
 C9 - C6 C10 C12
 C10 - C10_$8 C9_$7 C9
 C11 - C8 C2
 C12 - C12_$8 C9


 Operators for generating equivalent atoms:
 $1   -x+1, -y+1, -z+1
 $2   -x+1, -y+1, z
 $3   x, y, -z+1
 $4   -y+1, -x+1, z
 $5   -y+1, -x+1, -z+1
 $6   y, x, -z+1
 $7   x, x-y+1, z
 $8   x, y, -z+2

   179481  Reflections outside SHEL resolution limits rejected


   337815  Reflections read, of which  179481  rejected

 -39 =< h =< 39,    -39 =< k =< 39,    -16 =< l =< 16,   Max. 2-theta =   40.28

        0  Systematic absence violations (I>3sig(I)) before merging

        0  Inconsistent equivalents

     4395  Unique reflections, of which       0  suppressed

 R(int) = 0.5659     R(sigma) = 0.1066      Friedel opposites merged

 Maximum memory for data reduction =     4295 /    48177


 Reflection statistics for all twin components combined (TWST 0 set)
 Number of data for d > 1.000A (CIF: max) and d > 1.000A (CIF: full)
 (ignoring systematic absences):
 Unique reflections found (point group)       4395    4395
 Unique reflections possible (point group)    4401    4401
 Unique reflections found (Laue group)        4395    4395
 Unique reflections possible (Laue group)     4401    4401

 Special position constraints for Zr1
 z =  0.5000   y = -1.0 * x + 1.0000   U22 = 1.0 * U11   U23 = 0   U13 = 0   
 sof = 0.25000   
 Input constraints retained (at least in part) for  sof

 Special position constraints for Zr2
 y =  1.0 * x + 0.0000   U22 = 1.0 * U11   U13 = 1.0 * U23   sof = 0.50000   
 Input constraints retained (at least in part) for  sof

 Special position constraints for O3
 z =  0.5000   U23 = 0   U13 = 0   sof = 0.50000   
 Input constraints retained (at least in part) for  sof

 Special position constraints for O4
 y =  1.0 * x + 0.0000   U22 = 1.0 * U11   U13 = 1.0 * U23   sof = 0.50000   
 Input constraints retained (at least in part) for  sof

 Special position constraints for O5
 y =  1.0 * x + 0.0000   U22 = 1.0 * U11   U13 = 1.0 * U23   sof = 0.50000   
 Input constraints retained (at least in part) for  sof

 Special position constraints for O6
 y = -1.0 * x + 1.0000   U22 = 1.0 * U11   U13 =-1.0 * U23   sof = 0.50000   
 Input constraints retained (at least in part) for  sof

 Special position constraints for C7
 y =  0.5 * x + 0.5000   U13 = 2.0 * U23   U12 = 0.5 * U11   sof = 0.50000   
 Input constraints retained (at least in part) for  sof

 Special position constraints for C10
 y =  0.5 * x + 0.5000   U13 = 2.0 * U23   U12 = 0.5 * U11   sof = 0.50000   
 Input constraints retained (at least in part) for  sof


 Least-squares cycle   1   Maximum vector length =  623   Memory required =     40 /   4690 /   232319

 wR2 =  0.4818 before cycle   1 for    4395 data and    155 /    155 parameters

 GooF = S =     2.404;     Restrained GooF =      2.404 for       0 restraints

 Weight = 1 / [ sigma^2(Fo^2) + ( 0.1000 * P )^2 +   0.00 * P ]   where  P = ( Max ( Fo^2, 0 ) + 2 * Fc^2 ) / 3


     N      value        esd    shift/esd  parameter

     1     0.05012     0.00043    -3.114    OSF

 Mean shift/esd =   0.439  Maximum =    -3.114 for  OSF          

 Max. shift = 0.050 A for C8        Max. dU =-0.011 for O3         


 Least-squares cycle   2   Maximum vector length =  623   Memory required =     40 /   4690 /   232319

 wR2 =  0.4791 before cycle   2 for    4395 data and    155 /    155 parameters

 GooF = S =     2.369;     Restrained GooF =      2.369 for       0 restraints

 Weight = 1 / [ sigma^2(Fo^2) + ( 0.1000 * P )^2 +   0.00 * P ]   where  P = ( Max ( Fo^2, 0 ) + 2 * Fc^2 ) / 3


     N      value        esd    shift/esd  parameter

     1     0.04968     0.00042    -1.057    OSF

 Mean shift/esd =   0.221  Maximum =     1.272 for   x  C8       

 Max. shift = 0.038 A for C8        Max. dU =-0.004 for C10        


 Least-squares cycle   3   Maximum vector length =  623   Memory required =     40 /   4690 /   232319

 wR2 =  0.4796 before cycle   3 for    4395 data and    155 /    155 parameters

 GooF = S =     2.371;     Restrained GooF =      2.371 for       0 restraints

 Weight = 1 / [ sigma^2(Fo^2) + ( 0.1000 * P )^2 +   0.00 * P ]   where  P = ( Max ( Fo^2, 0 ) + 2 * Fc^2 ) / 3


     N      value        esd    shift/esd  parameter

     1     0.04962     0.00042    -0.134    OSF

 Mean shift/esd =   0.078  Maximum =     0.536 for   x  C8       

 Max. shift = 0.017 A for C8        Max. dU = 0.003 for C8         


 Least-squares cycle   4   Maximum vector length =  623   Memory required =     40 /   4690 /   232319

 wR2 =  0.4797 before cycle   4 for    4395 data and    155 /    155 parameters

 GooF = S =     2.370;     Restrained GooF =      2.370 for       0 restraints

 Weight = 1 / [ sigma^2(Fo^2) + ( 0.1000 * P )^2 +   0.00 * P ]   where  P = ( Max ( Fo^2, 0 ) + 2 * Fc^2 ) / 3


     N      value        esd    shift/esd  parameter

     1     0.04961     0.00042    -0.021    OSF

 Mean shift/esd =   0.045  Maximum =     0.296 for   x  C8       

 Max. shift = 0.010 A for C8        Max. dU = 0.002 for C8         


 Least-squares cycle   5   Maximum vector length =  623   Memory required =     40 /   4690 /   232319

 wR2 =  0.4798 before cycle   5 for    4395 data and    155 /    155 parameters

 GooF = S =     2.370;     Restrained GooF =      2.370 for       0 restraints

 Weight = 1 / [ sigma^2(Fo^2) + ( 0.1000 * P )^2 +   0.00 * P ]   where  P = ( Max ( Fo^2, 0 ) + 2 * Fc^2 ) / 3


     N      value        esd    shift/esd  parameter

     1     0.04962     0.00042     0.023    OSF

 Mean shift/esd =   0.025  Maximum =     0.168 for   x  C8       

 Max. shift = 0.006 A for C8        Max. dU = 0.001 for C8         


 Least-squares cycle   6   Maximum vector length =  623   Memory required =     40 /   4690 /   232319

 wR2 =  0.4798 before cycle   6 for    4395 data and    155 /    155 parameters

 GooF = S =     2.370;     Restrained GooF =      2.370 for       0 restraints

 Weight = 1 / [ sigma^2(Fo^2) + ( 0.1000 * P )^2 +   0.00 * P ]   where  P = ( Max ( Fo^2, 0 ) + 2 * Fc^2 ) / 3


     N      value        esd    shift/esd  parameter

     1     0.04963     0.00042     0.012    OSF

 Mean shift/esd =   0.015  Maximum =     0.095 for   x  C8       

 Max. shift = 0.003 A for C8        Max. dU = 0.001 for C8         


 Least-squares cycle   7   Maximum vector length =  623   Memory required =     40 /   4690 /   232319

 wR2 =  0.4799 before cycle   7 for    4395 data and    155 /    155 parameters

 GooF = S =     2.370;     Restrained GooF =      2.370 for       0 restraints

 Weight = 1 / [ sigma^2(Fo^2) + ( 0.1000 * P )^2 +   0.00 * P ]   where  P = ( Max ( Fo^2, 0 ) + 2 * Fc^2 ) / 3


     N      value        esd    shift/esd  parameter

     1     0.04963     0.00042     0.007    OSF

 Mean shift/esd =   0.009  Maximum =     0.056 for   x  C8       

 Max. shift = 0.002 A for C8        Max. dU = 0.000 for C8         


 Least-squares cycle   8   Maximum vector length =  623   Memory required =     40 /   4690 /   232319

 wR2 =  0.4799 before cycle   8 for    4395 data and    155 /    155 parameters

 GooF = S =     2.370;     Restrained GooF =      2.370 for       0 restraints

 Weight = 1 / [ sigma^2(Fo^2) + ( 0.1000 * P )^2 +   0.00 * P ]   where  P = ( Max ( Fo^2, 0 ) + 2 * Fc^2 ) / 3


     N      value        esd    shift/esd  parameter

     1     0.04963     0.00042     0.004    OSF

 Mean shift/esd =   0.005  Maximum =     0.033 for   x  C8       

 Max. shift = 0.001 A for C8        Max. dU = 0.000 for C8         


 Least-squares cycle   9   Maximum vector length =  623   Memory required =     40 /   4690 /   232319

 wR2 =  0.4799 before cycle   9 for    4395 data and    155 /    155 parameters

 GooF = S =     2.370;     Restrained GooF =      2.370 for       0 restraints

 Weight = 1 / [ sigma^2(Fo^2) + ( 0.1000 * P )^2 +   0.00 * P ]   where  P = ( Max ( Fo^2, 0 ) + 2 * Fc^2 ) / 3


     N      value        esd    shift/esd  parameter

     1     0.04963     0.00042     0.002    OSF

 Mean shift/esd =   0.003  Maximum =     0.019 for   x  C8       

 Max. shift = 0.001 A for C8        Max. dU = 0.000 for C8         


 Least-squares cycle  10   Maximum vector length =  623   Memory required =     40 /   4690 /   232319

 wR2 =  0.4799 before cycle  10 for    4395 data and    155 /    155 parameters

 GooF = S =     2.370;     Restrained GooF =      2.370 for       0 restraints

 Weight = 1 / [ sigma^2(Fo^2) + ( 0.1000 * P )^2 +   0.00 * P ]   where  P = ( Max ( Fo^2, 0 ) + 2 * Fc^2 ) / 3


     N      value        esd    shift/esd  parameter

     1     0.04963     0.00042     0.002    OSF

 Mean shift/esd =   0.002  Maximum =     0.011 for   x  C8       

 Max. shift = 0.000 A for C8        Max. dU = 0.000 for C8         


 Least-squares cycle  11   Maximum vector length =  623   Memory required =     40 /   4690 /   232319

 wR2 =  0.4799 before cycle  11 for    4395 data and    155 /    155 parameters

 GooF = S =     2.370;     Restrained GooF =      2.370 for       0 restraints

 Weight = 1 / [ sigma^2(Fo^2) + ( 0.1000 * P )^2 +   0.00 * P ]   where  P = ( Max ( Fo^2, 0 ) + 2 * Fc^2 ) / 3


     N      value        esd    shift/esd  parameter

     1     0.04963     0.00042     0.001    OSF

 Mean shift/esd =   0.001  Maximum =     0.007 for   x  C8       

 Max. shift = 0.000 A for C8        Max. dU = 0.000 for C8         


 Least-squares cycle  12   Maximum vector length =  623   Memory required =     40 /   4690 /   232319

 wR2 =  0.4799 before cycle  12 for    4395 data and    155 /    155 parameters

 GooF = S =     2.370;     Restrained GooF =      2.370 for       0 restraints

 Weight = 1 / [ sigma^2(Fo^2) + ( 0.1000 * P )^2 +   0.00 * P ]   where  P = ( Max ( Fo^2, 0 ) + 2 * Fc^2 ) / 3


     N      value        esd    shift/esd  parameter

     1     0.04963     0.00042     0.001    OSF

 Mean shift/esd =   0.001  Maximum =     0.004 for   x  C8       

 Max. shift = 0.000 A for C8        Max. dU = 0.000 for C8         


 Largest correlation matrix elements

     0.926 U12 O4 / U11 O4                   0.695 U12 C11 / U22 C11                 0.667 U12 C9 / U11 C9
     0.871 U12 Zr1 / U11 Zr1                 0.686 U12 C6 / U11 C6                   0.662 U12 C1 / U11 C1
     0.868 U12 Zr2 / U11 Zr2                 0.686 U12 C5 / U11 C5                   0.659 U12 C6 / U22 C6
     0.832 U12 O6 / U11 O6                   0.683 U12 O1 / U22 O1                   0.656 U12 C1 / U22 C1
     0.817 U12 O5 / U11 O5                   0.683 U12 C12 / U22 C12                 0.655 U12 C3 / U11 C3
     0.721 U12 C12 / U11 C12                 0.677 U12 C4 / U22 C4                   0.655 U12 O1 / U11 O1
     0.710 U12 C4 / U11 C4                   0.674 U12 O3 / U22 O3                   0.644 U12 C11 / U11 C11
     0.709 U12 O3 / U11 O3                   0.674 U12 C3 / U22 C3                   0.641 U12 C2 / U11 C2



  CrystalPilot cross-check in P 6/m m m                                      

 ATOM           x        y        z         sof        U11      U22      U33      U23      U13      U12       Ueq

 Zr1         0.46387  0.53613  0.50000    0.25000    0.08293  0.08293  0.06136  0.00000  0.00000  0.05299   0.07062
   0.00000   0.00006  0.00006  0.00000    0.00000    0.00263  0.00263  0.00280  0.00000  0.00000  0.00294   0.00150

 Zr2         0.54482  0.54482  0.39393    0.50000    0.08788  0.08788  0.08164  0.01211  0.01211  0.05587   0.08050
   0.00759   0.00009  0.00009  0.00018    0.00000    0.00199  0.00199  0.00240  0.00177  0.00177  0.00216   0.00129

 O1          0.48170  0.58707  0.58161    1.00000    0.10485  0.09644  0.09147 -0.00030  0.00139  0.06859   0.08947
   0.03066   0.00038  0.00035  0.00074    0.00000    0.00974  0.00930  0.00882  0.00764  0.00759  0.00816   0.00370

 O2          0.53401  0.59339  0.65091    1.00000    0.11343  0.11459  0.12093 -0.03775 -0.02523  0.07232   0.10951
   0.02636   0.00037  0.00036  0.00079    0.00000    0.01072  0.01032  0.01049  0.00823  0.00836  0.00908   0.00439

 O3          0.52650  0.56279  0.50000    0.50000    0.11584  0.21161  0.08479  0.00000  0.00000  0.11107   0.12443
   0.03972   0.00052  0.00061  0.00000    0.00000    0.01475  0.02076  0.01192  0.00000  0.00000  0.01500   0.00675

 O4          0.53731  0.53731  0.25959    0.50000    0.18844  0.18844  0.07634  0.02334  0.02334  0.14672   0.12774
   0.04746   0.00055  0.00055  0.00096    0.00000    0.01471  0.01471  0.01157  0.01109  0.01109  0.01621   0.00676

 O5          0.60102  0.60102  0.41231    0.50000    0.09204  0.09204  0.28471  0.00475  0.00475  0.04513   0.15666
   0.04287   0.00044  0.00044  0.00150    0.00000    0.00970  0.00970  0.02475  0.01321  0.01321  0.01161   0.00841

 O6          0.51803  0.48197  0.39316    0.50000    0.10333  0.10333  0.17992  0.02679 -0.02679  0.05738   0.12632
   0.01993   0.00025  0.00025  0.00120    0.00000    0.00987  0.00987  0.01899  0.00645  0.00645  0.01135   0.00700

 C1          0.50861  0.60277  0.63400    1.00000    0.11629  0.11546  0.09265  0.00352 -0.00370  0.08444   0.09635
   0.05533   0.00070  0.00064  0.00125    0.00000    0.01946  0.01857  0.01603  0.01378  0.01407  0.01629   0.00636

 C2          0.50591  0.69079  0.78170    1.00000    0.23290  0.12518  0.07341  0.00750 -0.01231  0.11406   0.13293
   0.06226   0.00089  0.00069  0.00123    0.00000    0.02956  0.02023  0.01479  0.01417  0.01749  0.02128   0.00864

 C3          0.47710  0.64060  0.67349    1.00000    0.19309  0.11247  0.09280 -0.03589 -0.01369  0.10637   0.11946
   0.04607   0.00069  0.00059  0.00115    0.00000    0.02279  0.01656  0.01474  0.01265  0.01458  0.01731   0.00739

 C4          0.50923  0.63330  0.68675    1.00000    0.15666  0.09203  0.11745  0.00341  0.01257  0.09340   0.10817
   0.05581   0.00072  0.00061  0.00133    0.00000    0.02190  0.01589  0.01754  0.01418  0.01656  0.01677   0.00686

 C5          0.47535  0.66992  0.72218    1.00000    0.19664  0.13302  0.10070 -0.01014 -0.01354  0.10301   0.13430
   0.05928   0.00075  0.00070  0.00140    0.00000    0.02560  0.01977  0.01710  0.01550  0.01715  0.01948   0.00814

 C6          0.50574  0.72316  0.83070    1.00000    0.22985  0.10273  0.09238 -0.03865 -0.01276  0.10960   0.12990
   0.04945   0.00073  0.00060  0.00132    0.00000    0.02606  0.01710  0.01666  0.01445  0.01670  0.01816   0.00822

 C7          0.50404  0.75202  0.78820    0.50000    0.24849  0.08138  0.14179 -0.01722 -0.03445  0.12424   0.13865
   0.06761   0.00107  0.00054  0.00189    0.00000    0.03867  0.01305  0.02768  0.01327  0.02654  0.01934   0.01316

 C8          0.54110  0.65211  0.74088    1.00000    0.19087  0.11527  0.11414 -0.06397 -0.08070  0.07557   0.14053
   0.05017   0.00074  0.00067  0.00134    0.00000    0.02409  0.01871  0.01745  0.01493  0.01734  0.01800   0.00937

 C9          0.50422  0.72167  0.91461    1.00000    0.23582  0.11108  0.07090 -0.02082 -0.01498  0.10684   0.13033
   0.05038   0.00075  0.00062  0.00122    0.00000    0.02690  0.01811  0.01460  0.01300  0.01576  0.01876   0.00837

 C10         0.50329  0.75165  0.95654    0.50000    0.24931  0.11067  0.07710 -0.00620 -0.01240  0.12465   0.13029
   0.06398   0.00103  0.00051  0.00146    0.00000    0.03610  0.01397  0.01859  0.01015  0.02031  0.01805   0.01141

 C11         0.53989  0.68239  0.79123    1.00000    0.25928  0.13755  0.11409  0.00370 -0.02532  0.13274   0.15540
   0.05947   0.00088  0.00073  0.00137    0.00000    0.03130  0.02126  0.01877  0.01617  0.01968  0.02299   0.00960

 C12         0.50346  0.68729  0.95969    1.00000    0.24734  0.14784  0.08632  0.01689  0.00920  0.13580   0.14405
   0.05089   0.00072  0.00064  0.00101    0.00000    0.02632  0.01869  0.01416  0.01230  0.01444  0.01952   0.00865



 Final Structure Factor Calculation for  CrystalPilot cross-check in P 6/m m m                                      

 Total number of l.s. parameters =   155  Maximum vector length =  623   Memory required =     40 /   4535 /    26789

 wR2 =  0.4799 before cycle  13 for    4395 data and      0 /    155 parameters

 GooF = S =     2.370;     Restrained GooF =      2.370 for       0 restraints

 Weight = 1 / [ sigma^2(Fo^2) + ( 0.1000 * P )^2 +   0.00 * P ]   where  P = ( Max ( Fo^2, 0 ) + 2 * Fc^2 ) / 3

 wR2 = 0.4799, GooF = S = 2.370, Restrained GooF = 2.370 for all data
 R1 = 0.1820 for 2063 Fo > 4sig(Fo) and 0.2662 for all 4395 data

 Occupancy sum of asymmetric unit =    15.75 for non-hydrogen and     0.00 for H and D atoms



 Principal mean square atomic displacements U

   0.0906   0.0614   0.0599   Zr1  
   0.1044   0.0731   0.0640   Zr2  
   0.1133   0.0915   0.0636   O1  
   0.1601   0.0930   0.0755   O2  
   0.2119   0.0848   0.0766   O3  
   0.2282   0.0834   0.0716   O4    may be split into  0.5428  0.5401  0.2616  and  0.5318  0.5346  0.2576
   0.2849   0.0938   0.0913   O5    may be split into  0.6012  0.6011  0.4255  and  0.6008  0.6009  0.3992
   0.2052   0.1071   0.0666   O6  
   0.1335   0.0943   0.0612   C1  
   0.2340   0.1008   0.0640   C2  
   0.1971   0.1137   0.0476   C3  
   0.1626   0.1147   0.0472   C4  
   0.1989   0.1064   0.0976   C5  
   0.2311   0.1188   0.0398   C6  
   0.2586   0.1316   0.0257   C7  
   0.2421   0.1340   0.0456   C8  
   0.2380   0.0943   0.0586   C9    may be split into  0.5088  0.7213  0.9137  and  0.4996  0.7221  0.9155
   0.2502   0.0762   0.0645   C10    may be split into  0.5086  0.7516  0.9556  and  0.4980  0.7516  0.9574
   0.2636   0.1223   0.0803   C11  
   0.2493   0.1059   0.0770   C12  

 ** Warning:     4  atoms may be split and     0  atoms NPD **



 Analysis of variance for reflections employed in refinement      K = Mean[Fo^2] / Mean[Fc^2]  for group


 Fc/Fc(max)       0.000    0.005    0.008    0.012    0.016    0.022    0.028    0.036    0.049    0.081    1.000

 Number in group       511.     390.     469.     392.     510.     417.     399.     437.     432.     438.

            GooF      1.012    1.376    1.736    1.715    1.927    1.609    2.777    3.021    3.306    3.732

             K        0.992    1.793    1.308    1.207    1.196    1.095    1.690    1.132    1.121    1.028


 Resolution(A)    1.00     1.04     1.08     1.13     1.20     1.28     1.38     1.52     1.77     2.26     inf

 Number in group       445.     444.     438.     443.     436.     431.     437.     444.     437.     440.

            GooF      1.008    0.966    1.022    1.074    1.066    1.160    1.204    1.373    2.478    6.329

             K        1.145    1.036    1.059    1.024    0.971    0.907    1.008    1.021    1.142    1.065

             R1       0.423    0.346    0.316    0.281    0.305    0.288    0.147    0.122    0.151    0.302


 ** Extinction (EXTI) or solvent water (SWAT) correction may be required **

 Recommended weighting scheme:  WGHT    0.2000    0.0000
 [Weight parameters refined to    0.4159       17.41  but appear excessive]


 Most Disagreeable Reflections (* if suppressed or used for Rfree).
 Error/esd is calculated as sqrt(wD^2/<wD^2>) where w is given by the weight
 formula, D = Fo^2-Fc^2 and <> refers to the average over all reflections.

     h   k   l          Fo^2          Fc^2    Error/esd  Fc/Fc(max)  Resolution(A)

    -1   7   2      13547.17         60.27       9.57       0.008       4.39
    -1   4   1      19840.46        738.23       9.17       0.029       8.19
    -2   7   2       9065.60        383.72       8.65       0.021       4.55
    -1   4   2      14826.86       1045.81       8.47       0.035       6.23
    -2   6   1      17759.72       1553.64       8.36       0.042       5.98
     0   4   1      35257.42       1037.26       8.19       0.035       7.56
    -3   6   1      11225.50        380.31       7.79       0.021       6.08
    -1   5   1       3772.33        164.33       7.70       0.014       6.76
    -4  11   2      18209.78       2253.07       7.64       0.051       3.24
    -1   8   1       3653.19         21.59       7.33       0.005       4.34
    -1   3   0       7153.62        200.69       7.32       0.015      12.83
    -2   6   2       3215.34         98.42       7.09       0.011       5.08
    -4   8   2      14172.03       1451.85       6.97       0.041       4.22
    -2   4   0     160344.52       1084.17       6.85       0.035       9.80
    -1   2   3      17399.16       2516.47       6.57       0.054       5.33
     0   9   2      11257.12       1352.20       6.51       0.040       3.43
     0   7   2      30489.26       4385.13       6.50       0.071       4.19
    -3  10   0      12802.70       1469.91       6.49       0.041       3.82
     0  10   2       5936.41        482.81       6.11       0.024       3.14
    -3   8   0       6893.32        944.92       6.03       0.033       4.85
    -2  10   1       7463.26       1472.68       5.94       0.041       3.61
    -1   3   2       1669.18      21414.56       5.71       0.158       6.97
    -4   9   2       4326.21        768.36       5.68       0.030       3.85
     0   7   3       8835.37       1578.10       5.44       0.043       3.65
    -1   4   4        505.13       5801.10       5.39       0.082       3.80
    -3   9   0       3633.61         99.87       5.35       0.011       4.28
    -5  11   1       5292.49       1165.66       5.31       0.037       3.48
    -7  15   0       5760.73        779.92       5.29       0.030       2.61
    -3  10   1       2973.05        222.39       5.28       0.016       3.72
    -2   7   1       7805.16       2086.74       5.25       0.049       5.17
    -1   9   3       7819.57       2044.71       5.14       0.049       3.23
     0   1   2      13198.07       3397.23       5.14       0.063       8.07
    -4  12   2      13386.77       3881.97       5.10       0.067       2.99
     0   6   2     220211.83      56854.86       5.04       0.257       4.68
    -2  10   0      73896.05      20382.19       5.01       0.154       3.70
    -3  11   1      11554.42       3455.68       4.96       0.063       3.37
    -1   3   4      27541.61       8789.48       4.87       0.101       3.95
    -4   8   0       1379.32       9811.72       4.87       0.107       4.90
    -3  12   4       3036.47        317.06       4.82       0.019       2.50
    -1  10   2       6341.28       1879.55       4.74       0.047       3.27
     0   5   2      21239.91       6065.83       4.66       0.084       5.26
     0   8   2      25140.83       7430.65       4.66       0.093       3.78
    -2   8   1       6356.38       1986.12       4.62       0.048       4.53
    -2   5   0       4856.60      22332.82       4.51       0.161       7.79
    -1   8   3         56.42       2375.69       4.49       0.053       3.49
     0  15   2       4866.69        918.06       4.45       0.033       2.18
     0   0   3      21263.55      97668.55       4.41       0.337       5.54
    -4  11   0      16451.09       5273.30       4.37       0.078       3.52
     0   3   0     101620.09     431019.12       4.35       0.707      11.31
     0   1   3       2433.73      10449.33       4.33       0.110       5.46



 Bond lengths and angles

 Zr1 -           Distance        Angles
 O3_$4     2.1333 (0.0174) 
 O3        2.1334 (0.0173)  110.18 (1.10)
 O6_$2     2.1588 (0.0171)   70.98 (0.38)  70.98 (0.39)
 O6_$1     2.1588 (0.0171)   70.98 (0.39)  70.98 (0.39) 110.57 (1.06)
 O1_$3     2.2171 (0.0125)  142.04 (0.30)  77.97 (0.52)  77.65 (0.52) 142.29 (0.30)
 O1_$5     2.2171 (0.0125)   77.97 (0.52) 142.04 (0.30)  77.65 (0.52) 142.29 (0.30)  74.86 (0.60)
 O1_$4     2.2171 (0.0125)   77.97 (0.52) 142.04 (0.30) 142.29 (0.30)  77.65 (0.52) 119.10 (0.68)  75.38 (0.60)
 O1        2.2172 (0.0125)  142.04 (0.30)  77.97 (0.52) 142.29 (0.30)  77.65 (0.52)  75.38 (0.60) 119.10 (0.68)  74.86 (0.60)
 Zr2_$3    3.4936 (0.0036)   90.60 (0.49)  35.50 (0.28)  90.84 (0.47)  35.48 (0.28) 111.01 (0.31) 165.86 (0.36) 110.68 (0.31)
 Zr2_$2    3.4936 (0.0036)   35.50 (0.28)  90.61 (0.49)  35.48 (0.27)  90.84 (0.47) 110.68 (0.31)  75.04 (0.33) 111.01 (0.31)
 Zr2_$1    3.4936 (0.0036)   35.50 (0.28)  90.61 (0.49)  90.84 (0.47)  35.48 (0.27) 165.86 (0.36) 111.01 (0.31)  75.04 (0.33)
 Zr2       3.4936 (0.0036)   90.60 (0.49)  35.50 (0.28)  35.48 (0.27)  90.84 (0.47)  75.04 (0.33) 110.68 (0.31) 165.86 (0.36)
                 Zr1             O3_$4         O3            O6_$2         O6_$1         O1_$3         O1_$5         O1_$4        

 Zr2 -           Distance        Angles
 O6_$2     2.1406 (0.0100) 
 O6        2.1408 (0.0100)   69.71 (0.74)
 O3        2.1498 (0.0101)   71.02 (0.65) 109.25 (0.77)
 O3_$6     2.1498 (0.0102)  109.25 (0.77)  71.01 (0.65)  69.92 (0.77)
 O4        2.2507 (0.0167)   83.50 (0.73)  83.50 (0.73) 144.30 (0.38) 144.30 (0.38)
 O5        2.2233 (0.0180)  144.45 (0.37) 144.45 (0.38)  83.73 (0.75)  83.73 (0.75) 105.41 (0.87)
 O2_$6     2.2724 (0.0126)  140.54 (0.52)  76.01 (0.53) 141.07 (0.54)  76.20 (0.54)  73.60 (0.41)  73.89 (0.42)
 O2_$3     2.2724 (0.0126)   76.02 (0.53) 140.54 (0.52)  76.20 (0.54) 141.07 (0.54)  73.60 (0.41)  73.89 (0.42) 124.97 (0.67)
 Zr1_$1    3.4936 (0.0036)   89.52 (0.48)  35.83 (0.46)  89.27 (0.47)  35.19 (0.46) 115.73 (0.35) 115.39 (0.41)  72.93 (0.33)
 Zr1       3.4936 (0.0036)   35.83 (0.46)  89.52 (0.48)  35.19 (0.46)  89.27 (0.47) 115.73 (0.35) 115.39 (0.41) 162.11 (0.34)
 Zr2_$2    3.5132 (0.0068)   34.86 (0.37)  34.86 (0.38)  89.81 (0.54)  89.81 (0.54)  82.48 (0.56) 172.11 (0.64) 109.00 (0.33)
 Zr2_$3    3.5236 (0.0061)   90.34 (0.55)  90.34 (0.55)  34.96 (0.38)  34.96 (0.38) 172.48 (0.56)  82.11 (0.64) 109.13 (0.35)
                 Zr2             O6_$2         O6            O3            O3_$6         O4            O5            O2_$6        

 O1 -            Distance        Angles
 C1        1.2647 (0.0207) 
 Zr1       2.2172 (0.0125)  132.01 (1.27)
                 O1              C1           

 O2 -            Distance        Angles
 C1        1.2532 (0.0198) 
 Zr2_$3    2.2725 (0.0126)  132.86 (1.37)
                 O2              C1           

 O3 -            Distance        Angles
 Zr1       2.1334 (0.0173) 
 Zr2_$3    2.1497 (0.0102)  109.31 (0.62)
 Zr2       2.1498 (0.0102)  109.31 (0.62) 110.08 (0.76)
                 O3              Zr1           Zr2_$3       

 O4 -            Distance        Angles
 Zr2       2.2507 (0.0166) 
                 O4             

 O5 -            Distance        Angles
 Zr2       2.2233 (0.0179) 
                 O5             

 O6 -            Distance        Angles
 Zr2       2.1408 (0.0099) 
 Zr2_$2    2.1408 (0.0099)  110.28 (0.75)
 Zr1_$1    2.1587 (0.0170)  108.69 (0.63) 108.69 (0.63)
                 O6              Zr2           Zr2_$2       

 C1 -            Distance        Angles
 O2        1.2532 (0.0198) 
 O1        1.2647 (0.0205)  127.10 (2.05)
 C4        1.4735 (0.0251)  114.31 (2.11) 118.38 (1.98)
                 C1              O2            O1           

 C2 -            Distance        Angles
 C5        1.4495 (0.0279) 
 C11       1.5314 (0.0303)  120.75 (2.09)
 C6        1.5100 (0.0255)  119.48 (2.41) 119.63 (2.35)
                 C2              C5            C11          

 C3 -            Distance        Angles
 C4        1.4409 (0.0244) 
 C5        1.4348 (0.0246)  117.99 (2.01)
                 C3              C4           

 C4 -            Distance        Angles
 C3        1.4409 (0.0244) 
 C8        1.4108 (0.0250)  128.82 (2.00)
 C1        1.4735 (0.0250)  114.14 (2.14) 117.01 (2.13)
                 C4              C3            C8           

 C5 -            Distance        Angles
 C3        1.4348 (0.0246) 
 C2        1.4495 (0.0280)  118.65 (2.15)
                 C5              C3           

 C6 -            Distance        Angles
 C9        1.3949 (0.0233) 
 C7        1.3629 (0.0242)  122.23 (2.12)
 C2        1.5100 (0.0255)  121.43 (1.88) 116.14 (1.98)
                 C6              C9            C7           

 C7 -            Distance        Angles
 C6        1.3629 (0.0241) 
 C6_$7     1.3630 (0.0242)  117.38 (2.83)
                 C7              C6           

 C8 -            Distance        Angles
 C4        1.4108 (0.0249) 
 C11       1.4716 (0.0278)  113.98 (2.21)
                 C8              C4           

 C9 -            Distance        Angles
 C6        1.3949 (0.0233) 
 C10       1.3817 (0.0203)  119.14 (2.08)
 C12       1.5288 (0.0235)  120.52 (1.73) 120.34 (1.81)
                 C9              C6            C10          

 C10 -           Distance        Angles
 C10_$8    1.4437 (0.0487) 
 C9_$7     1.3815 (0.0203)  120.28 (1.27)
 C9        1.3817 (0.0202)  120.27 (1.27) 119.38 (2.55)
                 C10             C10_$8        C9_$7        

 C11 -           Distance        Angles
 C8        1.4716 (0.0277) 
 C2        1.5314 (0.0303)  119.77 (2.23)
                 C11             C8           

 C12 -           Distance        Angles
 C12_$8    1.3392 (0.0335) 
 C9        1.5288 (0.0236)  119.32 (1.02)
                 C12             C12_$8       



 Selected torsion angles

    -3.09 ( 3.22)  Zr2_$3 - O2 - C1 - O1
   171.57 ( 1.24)  Zr2_$3 - O2 - C1 - C4
     3.01 ( 3.10)  Zr1 - O1 - C1 - O2
  -171.46 ( 1.16)  Zr1 - O1 - C1 - C4
    -2.06 ( 3.54)  C5 - C3 - C4 - C8
  -179.95 ( 1.81)  C5 - C3 - C4 - C1
  -172.87 ( 1.81)  O2 - C1 - C4 - C3
     2.29 ( 2.71)  O1 - C1 - C4 - C3
     8.97 ( 2.78)  O2 - C1 - C4 - C8
  -175.87 ( 1.87)  O1 - C1 - C4 - C8
     0.30 ( 3.14)  C4 - C3 - C5 - C2
     1.32 ( 3.24)  C11 - C2 - C5 - C3
   176.98 ( 1.97)  C6 - C2 - C5 - C3
   122.13 ( 2.61)  C5 - C2 - C6 - C9
   -62.16 ( 3.38)  C11 - C2 - C6 - C9
   -52.90 ( 3.56)  C5 - C2 - C6 - C7
   122.80 ( 2.78)  C11 - C2 - C6 - C7
     8.06 ( 5.58)  C9 - C6 - C7 - C6_$7
  -176.95 ( 2.20)  C2 - C6 - C7 - C6_$7
     1.81 ( 3.52)  C3 - C4 - C8 - C11
   179.66 ( 1.86)  C1 - C4 - C8 - C11
    -3.91 ( 4.71)  C7 - C6 - C9 - C10
  -178.65 ( 2.68)  C2 - C6 - C9 - C10
   175.92 ( 2.70)  C7 - C6 - C9 - C12
     1.19 ( 4.04)  C2 - C6 - C9 - C12
  -177.53 ( 1.78)  C6 - C9 - C10 - C10_$8
     2.64 ( 3.27)  C12 - C9 - C10 - C10_$8
    -0.52 ( 5.37)  C6 - C9 - C10 - C9_$7
   179.64 ( 1.92)  C12 - C9 - C10 - C9_$7
     0.03 ( 3.24)  C4 - C8 - C11 - C2
    -1.52 ( 3.38)  C5 - C2 - C11 - C8
  -177.18 ( 2.08)  C6 - C2 - C11 - C8
   177.56 ( 1.86)  C6 - C9 - C12 - C12_$8
    -2.61 ( 3.22)  C10 - C9 - C12 - C12_$8


 FMAP and GRID set by program

 FMAP   2   1 167
 GRID    -0.610  -1  -1     0.610   1   1

 R1 =  0.2582 for   4395 unique reflections after merging for Fourier


 Electron density synthesis with coefficients Fo-Fc

 Highest peak    1.52  at  0.5713  0.4287  0.1400  [  3.93 A from C3 ]
 Deepest hole   -1.10  at  0.5079  0.0158  0.4703  [  1.46 A from O6 ]


 Fourier peaks appended to .res file

              x       y       z       sof     U      Peak   Distances to nearest atoms (including eq.)

 Q1    1   0.4287  0.5714  0.8600   0.50000  0.05    1.52   3.93 C3  4.05 C5  4.06 C4  4.31 C2
 Q2    1   0.4050  0.5950  0.8991   0.50000  0.05    1.27   3.88 C12  4.09 C5  4.32 C2  4.42 C12
 Q3    1   0.5902  0.6641  1.0000   0.50000  0.05    0.97   3.99 C12  4.22 C11  4.64 C8  5.11 C9
 Q4    1   0.3944  0.6056  0.5000   0.25000  0.05    0.92   4.03 C3  4.03 C3  4.07 O1  4.69 C5
 Q5    1   0.5377  0.7400  0.5000   0.50000  0.05    0.90   4.46 C3  4.52 C5  4.87 C4  4.98 C2
 Q6    1   0.4683  0.5317  0.2107   0.50000  0.05    0.79   2.73 O4  3.17 O6  3.40 O2  3.54 C1
 Q7    1   0.5854  0.6718  0.5000   0.50000  0.05    0.71   3.45 O5  3.63 C1  3.69 O2  3.70 O3
 Q8    1   0.5563  0.7019  0.5000   0.50000  0.05    0.67   3.91 C4  4.03 C3  4.03 C1  4.18 O1
 Q9    1   1.0000  1.0000  0.3974   0.08333  0.05    0.64   15.64 O5  15.95 O5  16.29 C11  16.41 C8
 Q10   1   0.5000  0.5000  0.1524   0.25000  0.05    0.58   2.30 O4  4.18 O6  4.38 ZR2  4.58 O2
 Q11   1   0.5862  0.6461  0.9327   1.00000  0.05    0.58   3.66 C11  3.71 C8  4.31 C12  4.64 C12
 Q12   1   0.4503  0.7252  0.5385   0.50000  0.05    0.56   4.13 C5  4.53 C7  4.54 C3  5.08 C2
 Q13   1   0.4421  0.7211  0.5000   0.25000  0.05    0.54   4.68 C5  4.94 C3  5.23 C7  5.70 C2
 Q14   1   0.6553  0.6553  0.2593   0.50000  0.05    0.54   3.31 O5  4.38 O2  4.41 C8  4.62 O4
 Q15   1   0.6144  0.6144  0.1920   0.50000  0.05    0.54   3.22 O4  3.70 O5  3.85 O2  3.99 C8
 Q16   1   0.5000  0.5000  0.2343   0.25000  0.05    0.52   1.52 O4  2.91 O6  3.18 ZR2  3.73 O2
 Q17   1   0.6148  0.6148  0.5000   0.25000  0.05    0.50   1.55 O5  3.01 O3  3.26 ZR2  3.79 O2
 Q18   1   0.3949  0.6975  0.8516   0.50000  0.05    0.48   3.85 C7  3.95 C6  4.03 C9  4.07 C10
 Q19   1   0.5363  0.5765  0.1513   1.00000  0.05    0.48   2.38 O4  3.36 O2  3.39 C8  3.96 C4
 Q20   1   0.3799  0.6201  0.8874   0.50000  0.05    0.46   4.25 C5  4.37 C12  4.52 C9  4.63 C2

 Shortest distances between peaks (including symmetry equivalents)

     12  13  0.70     12  12  1.28      3  11  1.29     10  16  1.36      2  20  1.72      1   2  1.73     14  15  1.95
      5   8  1.96      7   8  2.01      6  16  2.19     11  11  2.23      5   5  2.26      6  10  2.36      6  19  2.55
     10  19  2.60     19  19  2.72     15  19  2.73     11  19  2.81     18  20  2.84     18  20  2.85     11  15  2.90
      1   6  2.93     16  19  2.94      7  17  2.98


 Time profile in seconds
 -----------------------

      0.02: Read and process instructions
      0.00: Fit rigid groups
      0.00: Interpret restraints etc.
      0.00: Generate connectivity array
      0.00: Analyse DFIX and DANG restraints
      0.00: Analyse SAME, SADI and NCSY restraints
      0.00: Generate CHIV restraints
      0.00: Check if bonds in residues restrained
      0.00: Generate DELU and RIGU restraints
      0.00: Generate SIMU restraints
      0.00: Generate ISOR restraints
      0.00: Analyse electron density
      0.00: Analyse other restraints etc.
      0.45: Read intensity data, sort/merge etc.
      0.01: Set up constraints
      0.00: OSF, H-atoms from difference map
      0.02: Set up l.s. refinement
      0.00: Generate idealized H-atoms
      0.09: Structure factors and derivatives
      0.02: Sum l.s. matrices
      0.00: Generate and apply antibumping restraints
      0.00: Apply other restraints
      0.01: Solve l.s. equations
      0.00: Generate HTAB table
      4.26: Other dependent quantities, CIF, tables
      0.01: Analysis of variance
      0.06: Merge reflections for Fourier and .fcf
      0.05: Fourier summations
      0.01: Peaksearch
      0.01: Analyse peaklist

 ** WARNING: These times are only approximate for multiple threads.
             To get better estimates run with -t1 **

   Please cite: G.M. Sheldrick (2015) "Crystal structure refinement with
   SHELXL", Acta Cryst., C71, 3-8 (Open Access) if SHELXL proves useful.

 +++++++++++++++++++++++++++++++++++++++++++++++++++++++++++++++++++++++++++++
 +  job           finished at 19:44:29   Total elapsed time:      5.00 secs  +
 +++++++++++++++++++++++++++++++++++++++++++++++++++++++++++++++++++++++++++++
