DIALS (2018) Acta Cryst. D74, 85-97. https://doi.org/10.1107/S2059798317017235
DIALS 3.30
The following parameters have been modified:
input {
  experiments = symmetrized.expt
  reflections = symmetrized.refl
}

Checking for the existence of a reflection table 
containing multiple datasets 

Detected existence of a multi-dataset reflection table 
containing 6 datasets. 

Found 6 reflection tables & 6 experiments in total.

Dataset ids are: 0,1,2,3,4,5 

Set scaling_options.full_matrix=True
Set reflection_selection.method=quasi_random
Space group being used during scaling is P 21 21 21
Set small scale cutoff to 0.001
Using median unit cell across experiments : (5.78803, 5.96863, 12.2994, 90, 90, 90)

Scaling models have been initialised for all experiments.

================================================================================

The experiment id for this dataset is 0.
The scaling model type being applied is physical. 

Applying filter of min_isigi > -5.0, partiality > 0.25
Read 652 predicted reflections
Selected 652 reflections integrated by profile or summation methods
Removed 23 reflections below partiality threshold
Removed 0 intensity.sum.value reflections with I/Sig(I) < -5.0
Removed 0 intensity.prf.value reflections with I/Sig(I) < -5.0
Excluding 23/652 reflections
Reflections passing individual criteria:
criterion: user excluded, reflections: 23
criterion: excluded for scaling, reflections: 23

The following corrections will be applied to this dataset: 

+--------------+----------------+
| correction   |   n_parameters |
|--------------+----------------|
| scale        |              8 |
| decay        |              7 |
+--------------+----------------+
Loaded error model: 
Error model details:
  Type: basic
  Parameters: a = 1.00000, b = 0.02000
  Error model formula: σ'² = a²(σ² + (bI)²)
  estimated I/sigma asymptotic limit: 50.000

A round of outlier rejection has been performed, 
8 outliers have been identified. 

Completed preprocessing and initialisation for this dataset.

================================================================================

The experiment id for this dataset is 1.
The scaling model type being applied is physical. 

Applying filter of min_isigi > -5.0, partiality > 0.25
Read 661 predicted reflections
Selected 661 reflections integrated by profile or summation methods
Removed 19 reflections below partiality threshold
Removed 0 intensity.sum.value reflections with I/Sig(I) < -5.0
Removed 0 intensity.prf.value reflections with I/Sig(I) < -5.0
Excluding 19/661 reflections
Reflections passing individual criteria:
criterion: user excluded, reflections: 19
criterion: excluded for scaling, reflections: 19

The following corrections will be applied to this dataset: 

+--------------+----------------+
| correction   |   n_parameters |
|--------------+----------------|
| scale        |              8 |
| decay        |              7 |
+--------------+----------------+
Loaded error model: 
Error model details:
  Type: basic
  Parameters: a = 1.00000, b = 0.02000
  Error model formula: σ'² = a²(σ² + (bI)²)
  estimated I/sigma asymptotic limit: 50.000

A round of outlier rejection has been performed, 
5 outliers have been identified. 

Completed preprocessing and initialisation for this dataset.

================================================================================

The experiment id for this dataset is 2.
The scaling model type being applied is physical. 

Applying filter of min_isigi > -5.0, partiality > 0.25
Read 1079 predicted reflections
Selected 1079 reflections integrated by profile or summation methods
Removed 19 reflections below partiality threshold
Removed 0 intensity.sum.value reflections with I/Sig(I) < -5.0
Removed 0 intensity.prf.value reflections with I/Sig(I) < -5.0
Excluding 19/1079 reflections
Reflections passing individual criteria:
criterion: user excluded, reflections: 19
criterion: excluded for scaling, reflections: 19

The following corrections will be applied to this dataset: 

+--------------+----------------+
| correction   |   n_parameters |
|--------------+----------------|
| scale        |             12 |
| decay        |             10 |
| absorption   |             24 |
+--------------+----------------+
Loaded error model: 
Error model details:
  Type: basic
  Parameters: a = 1.00000, b = 0.02000
  Error model formula: σ'² = a²(σ² + (bI)²)
  estimated I/sigma asymptotic limit: 50.000

A round of outlier rejection has been performed, 
36 outliers have been identified. 

Completed preprocessing and initialisation for this dataset.

================================================================================

The experiment id for this dataset is 3.
The scaling model type being applied is physical. 

Applying filter of min_isigi > -5.0, partiality > 0.25
Read 428 predicted reflections
Selected 428 reflections integrated by profile or summation methods
Removed 32 reflections below partiality threshold
Removed 0 intensity.sum.value reflections with I/Sig(I) < -5.0
Removed 0 intensity.prf.value reflections with I/Sig(I) < -5.0
Excluding 32/428 reflections
Reflections passing individual criteria:
criterion: user excluded, reflections: 32
criterion: excluded for scaling, reflections: 32

The following corrections will be applied to this dataset: 

+--------------+----------------+
| correction   |   n_parameters |
|--------------+----------------|
| scale        |              6 |
| decay        |              5 |
+--------------+----------------+
Loaded error model: 
Error model details:
  Type: basic
  Parameters: a = 1.00000, b = 0.02000
  Error model formula: σ'² = a²(σ² + (bI)²)
  estimated I/sigma asymptotic limit: 50.000

A round of outlier rejection has been performed, 
0 outliers have been identified. 

Completed preprocessing and initialisation for this dataset.

================================================================================

The experiment id for this dataset is 4.
The scaling model type being applied is physical. 

Applying filter of min_isigi > -5.0, partiality > 0.25
Read 839 predicted reflections
Selected 839 reflections integrated by profile or summation methods
Removed 18 reflections below partiality threshold
Removed 0 intensity.sum.value reflections with I/Sig(I) < -5.0
Removed 0 intensity.prf.value reflections with I/Sig(I) < -5.0
Excluding 18/839 reflections
Reflections passing individual criteria:
criterion: user excluded, reflections: 18
criterion: excluded for scaling, reflections: 18

The following corrections will be applied to this dataset: 

+--------------+----------------+
| correction   |   n_parameters |
|--------------+----------------|
| scale        |             10 |
| decay        |              8 |
+--------------+----------------+
Loaded error model: 
Error model details:
  Type: basic
  Parameters: a = 1.00000, b = 0.02000
  Error model formula: σ'² = a²(σ² + (bI)²)
  estimated I/sigma asymptotic limit: 50.000

A round of outlier rejection has been performed, 
5 outliers have been identified. 

Completed preprocessing and initialisation for this dataset.

================================================================================

The experiment id for this dataset is 5.
The scaling model type being applied is physical. 

Applying filter of min_isigi > -5.0, partiality > 0.25
Read 763 predicted reflections
Selected 763 reflections integrated by profile or summation methods
Removed 22 reflections below partiality threshold
Removed 0 intensity.sum.value reflections with I/Sig(I) < -5.0
Removed 0 intensity.prf.value reflections with I/Sig(I) < -5.0
Excluding 22/763 reflections
Reflections passing individual criteria:
criterion: user excluded, reflections: 22
criterion: excluded for scaling, reflections: 22

The following corrections will be applied to this dataset: 

+--------------+----------------+
| correction   |   n_parameters |
|--------------+----------------|
| scale        |              9 |
| decay        |              8 |
+--------------+----------------+
Loaded error model: 
Error model details:
  Type: basic
  Parameters: a = 1.00000, b = 0.02000
  Error model formula: σ'² = a²(σ² + (bI)²)
  estimated I/sigma asymptotic limit: 50.000

A round of outlier rejection has been performed, 
9 outliers have been identified. 

Completed preprocessing and initialisation for this dataset.

================================================================================

Configuring a MultiScaler to handle the individual Scalers. 

Determining symmetry equivalent reflections across datasets.


Using quasi-random reflection selection. Selecting from 574 symmetry groups
with <I/sI> > 1.0 (4017 reflections)). Selection target of 279.52 reflections
from each dataset, with a total number between 6708.40 and 8050.08.

Summary of cross-dataset reflection groups chosen (513 groups, 3641 reflections):
+---------------+------------+----------+-----+-----+-----+-----+-----+-----+
| d-range       |   n_groups |   n_refl |   0 |   1 |   2 |   3 |   4 |   5 |
|---------------+------------+----------+-----+-----+-----+-----+-----+-----|
| 6.149 - 2.845 |         15 |       76 |  10 |  14 |  17 |   8 |  12 |  15 |
| 2.845 - 2.129 |         17 |      155 |  25 |  22 |  36 |  17 |  33 |  22 |
| 2.129 - 1.774 |         20 |      217 |  35 |  36 |  39 |  24 |  43 |  40 |
| 1.774 - 1.552 |         22 |      230 |  33 |  35 |  53 |  21 |  46 |  42 |
| 1.552 - 1.397 |         29 |      260 |  42 |  40 |  53 |  24 |  51 |  50 |
| 1.397 - 1.281 |         21 |      241 |  39 |  42 |  42 |  29 |  44 |  45 |
| 1.281 - 1.19  |         21 |      248 |  39 |  39 |  42 |  26 |  50 |  52 |
| 1.19 - 1.116  |         24 |      270 |  42 |  52 |  55 |  36 |  40 |  45 |
| 1.116 - 1.054 |         24 |      251 |  44 |  41 |  43 |  30 |  42 |  51 |
| 1.054 - 1.001 |         33 |      278 |  40 |  35 |  59 |  28 |  66 |  50 |
| 1.001 - 0.956 |         28 |      216 |  34 |  31 |  45 |  18 |  49 |  39 |
| 0.956 - 0.916 |         39 |      244 |  33 |  37 |  53 |  25 |  51 |  45 |
| 0.916 - 0.881 |         40 |      213 |  32 |  31 |  53 |  14 |  45 |  38 |
| 0.881 - 0.849 |         34 |      169 |  26 |  19 |  41 |  20 |  31 |  32 |
| 0.849 - 0.821 |         38 |      172 |  21 |  24 |  43 |  13 |  40 |  31 |
| 0.821 - 0.795 |         46 |      198 |  30 |  34 |  46 |  22 |  38 |  28 |
| 0.795 - 0.772 |         33 |      124 |  16 |  18 |  34 |  12 |  29 |  15 |
| 0.772 - 0.751 |         16 |       44 |   9 |   7 |  13 |   5 |   6 |   4 |
| 0.751 - 0.731 |          8 |       21 |   2 |   1 |   8 |   1 |   6 |   3 |
| 0.731 - 0.713 |          5 |       14 |   1 |   2 |   4 |   0 |   4 |   3 |
+---------------+------------+----------+-----+-----+-----+-----+-----+-----+
Summary of reflections chosen for minimisation from each dataset (4017 total):
+--------------+------------------+----------------------+----------------------+--------------------+
| Dataset id   |     reflections  |   randomly selected  |   randomly selected  |   combined number  |
|              |    connected to  |         reflections  |         reflections  |     of reflections |
|              |   other datasets |       within dataset |      across datasets |                    |
|--------------+------------------+----------------------+----------------------+--------------------|
| 0            |              553 |                  337 |                  579 |                579 |
| 1            |              560 |                  358 |                  591 |                591 |
| 2            |              779 |                  858 |                  995 |                995 |
| 3            |              373 |                  130 |                  373 |                373 |
| 4            |              726 |                  680 |                  802 |                802 |
| 5            |              650 |                  447 |                  677 |                677 |
| total        |             3641 |                 2810 |                 4017 |               4017 |
+--------------+------------------+----------------------+----------------------+--------------------+
Completed configuration of MultiScaler. 

================================================================================

Components to be refined in this cycle for dataset 0: scale,decay
Components to be refined in this cycle for dataset 1: scale,decay
Components to be refined in this cycle for dataset 2: scale,decay,absorption
Components to be refined in this cycle for dataset 3: scale,decay
Components to be refined in this cycle for dataset 4: scale,decay
Components to be refined in this cycle for dataset 5: scale,decay
Performing a round of scaling with an LBFGS minimizer. 

Time taken for refinement 0.06

Refinement steps:
+--------+--------+----------+
|   Step |   Nref |   RMSD_I |
|        |        |    (a.u) |
|--------+--------+----------|
|      0 |   3954 |   7.0621 |
|      1 |   3954 |   7.0545 |
|      2 |   3954 |   7.0352 |
|      3 |   3954 |   7.0299 |
|      4 |   3954 |   7.0291 |
|      5 |   3954 |   7.0281 |
|      6 |   3954 |   7.0257 |
|      7 |   3954 |   7.0224 |
|      8 |   3954 |   7.0221 |
+--------+--------+----------+
RMSD no longer decreasing
lbfgs minimizer stop: callback_after_step is True

================================================================================

Scale factors determined during minimisation have now been
applied to all datasets.

Combined outlier rejection has been performed across multiple datasets, 
156 outliers have been identified. 

Performing multi-dataset profile/summation intensity optimisation.
+---------------+---------+---------+
| Combination   |   CC1/2 |   Rmeas |
|---------------+---------+---------|
| prf only      | 0.99846 | 0.0521  |
| sum only      | 0.99869 | 0.05387 |
| Imid = 509.94 | 0.99867 | 0.05213 |
| Imid = 6976.1 | 0.99867 | 0.05199 |
| Imid = 697.61 | 0.99868 | 0.05203 |
| Imid = 69.76  | 0.99867 | 0.05295 |
+---------------+---------+---------+
Combined intensities with Imid = 6976.10 determined to be best for scaling. 

Combined outlier rejection has been performed across multiple datasets, 
121 outliers have been identified. 

Components to be refined in this cycle for dataset 0: scale,decay
Components to be refined in this cycle for dataset 1: scale,decay
Components to be refined in this cycle for dataset 2: scale,decay,absorption
Components to be refined in this cycle for dataset 3: scale,decay
Components to be refined in this cycle for dataset 4: scale,decay
Components to be refined in this cycle for dataset 5: scale,decay
Performing a round of scaling with an LBFGS minimizer. 

Time taken for refinement 0.21

Refinement steps:
+--------+--------+----------+
|   Step |   Nref |   RMSD_I |
|        |        |    (a.u) |
|--------+--------+----------|
|      0 |   3896 |   1.1588 |
|      1 |   3896 |   1.1373 |
|      2 |   3896 |   1.1241 |
|      3 |   3896 |   1.0469 |
|      4 |   3896 |   1.0377 |
|      5 |   3896 |   1.0358 |
|      6 |   3896 |   1.0228 |
|      7 |   3896 |   1.0222 |
|      8 |   3896 |   1.0207 |
|      9 |   3896 |   1.0197 |
|     10 |   3896 |   1.0183 |
|     11 |   3896 |   1.0175 |
|     12 |   3896 |   1.0162 |
|     13 |   3896 |   1.0157 |
|     14 |   3896 |   1.0154 |
|     15 |   3896 |   1.0152 |
|     16 |   3896 |   1.0147 |
|     17 |   3896 |   1.0139 |
|     18 |   3896 |   1.0135 |
|     19 |   3896 |   1.0131 |
|     20 |   3896 |   1.0129 |
|     21 |   3896 |   1.0124 |
|     22 |   3896 |   1.0117 |
|     23 |   3896 |   1.0109 |
|     24 |   3896 |   1.0093 |
|     25 |   3896 |   1.0089 |
|     26 |   3896 |   1.0086 |
|     27 |   3896 |   1.0083 |
|     28 |   3896 |   1.0078 |
|     29 |   3896 |   1.0072 |
|     30 |   3896 |   1.0061 |
|     31 |   3896 |   1.0055 |
|     32 |   3896 |   1.0052 |
|     33 |   3896 |   1.0048 |
|     34 |   3896 |   1.0043 |
|     35 |   3896 |   1.0038 |
|     36 |   3896 |   1.0036 |
|     37 |   3896 |   1.0034 |
|     38 |   3896 |   1.003  |
|     39 |   3896 |   1.0027 |
|     40 |   3896 |   1.0026 |
|     41 |   3896 |   1.0025 |
+--------+--------+----------+
RMSD no longer decreasing
lbfgs minimizer stop: callback_after_step is True

================================================================================

Scale factors determined during minimisation have now been
applied to all datasets.

Combined outlier rejection has been performed across multiple datasets, 
115 outliers have been identified. 

Determining a combined error model for all datasets
Performing a round of error model refinement.

Error model details:
  Type: basic
  Parameters: a = 0.76640, b = 0.02542
  Error model formula: σ'² = a²(σ² + (bI)²)
  estimated I/sigma asymptotic limit: 51.324

Results of error model refinement. Uncorrected and corrected variances
of normalised intensity deviations for given intensity ranges. Variances
are expected to be ~1.0 for reliable errors (sigmas).
+--------------------------+----------+------------------------+----------------------+
| Intensity range (<Ih>)   |   n_refl |   Uncorrected variance |   Corrected variance |
|--------------------------+----------+------------------------+----------------------|
| 7984.33 - 855.69         |       94 |                  6.348 |                0.98  |
| 855.69 - 583.86          |       94 |                  1.65  |                1.014 |
| 583.86 - 435.75          |       94 |                  1.47  |                1.116 |
| 435.75 - 352.22          |       94 |                  0.742 |                0.779 |
| 352.22 - 263.92          |      311 |                  1.194 |                1.35  |
| 263.92 - 133.45          |      613 |                  0.875 |                1.143 |
| 133.45 - 67.48           |      780 |                  0.795 |                1.191 |
| 67.48 - 34.12            |      523 |                  0.716 |                1.138 |
| 34.12 - 8.71             |      217 |                  0.831 |                1.37  |
+--------------------------+----------+------------------------+----------------------+

Components to be refined in this cycle for dataset 0: scale,decay
Components to be refined in this cycle for dataset 1: scale,decay
Components to be refined in this cycle for dataset 2: scale,decay,absorption
Components to be refined in this cycle for dataset 3: scale,decay
Components to be refined in this cycle for dataset 4: scale,decay
Components to be refined in this cycle for dataset 5: scale,decay
Performing a round of scaling with a Levenberg-Marquardt minimizer.

Time taken for refinement 0.30

Refinement steps:
+--------+--------+----------+
|   Step |   Nref |   RMSD_I |
|        |        |    (a.u) |
|--------+--------+----------|
|      0 |   3902 |   1.2805 |
|      1 |   3902 |   1.2772 |
|      2 |   3902 |   1.2754 |
|      3 |   3902 |   1.2737 |
|      4 |   3902 |   1.2722 |
|      5 |   3902 |   1.2716 |
|      6 |   3902 |   1.2716 |
+--------+--------+----------+
RMSD no longer decreasing

================================================================================

Components to be refined in this cycle for dataset 0: scale,decay
Components to be refined in this cycle for dataset 1: scale,decay
Components to be refined in this cycle for dataset 2: scale,decay,absorption
Components to be refined in this cycle for dataset 3: scale,decay
Components to be refined in this cycle for dataset 4: scale,decay
Components to be refined in this cycle for dataset 5: scale,decay
Performing a round of scaling with a Levenberg-Marquardt minimizer.

Time taken for refinement 0.08

Refinement steps:
+--------+--------+----------+
|   Step |   Nref |   RMSD_I |
|        |        |    (a.u) |
|--------+--------+----------|
|      0 |   3902 |   1.2716 |
|      1 |   3902 |   1.2716 |
+--------+--------+----------+
RMSD no longer decreasing

================================================================================

Calculating error estimates of inverse scale factors. 

Scale factors determined during minimisation have now been
applied to all datasets.

Combined outlier rejection has been performed across multiple datasets, 
129 outliers have been identified. 

Determining a combined error model for all datasets
Performing a round of error model refinement.

Error model details:
  Type: basic
  Parameters: a = 0.74332, b = 0.02672
  Error model formula: σ'² = a²(σ² + (bI)²)
  estimated I/sigma asymptotic limit: 50.340

Results of error model refinement. Uncorrected and corrected variances
of normalised intensity deviations for given intensity ranges. Variances
are expected to be ~1.0 for reliable errors (sigmas).
+--------------------------+----------+------------------------+----------------------+
| Intensity range (<Ih>)   |   n_refl |   Uncorrected variance |   Corrected variance |
|--------------------------+----------+------------------------+----------------------|
| 8016.30 - 856.31         |       93 |                  6.378 |                0.955 |
| 856.31 - 583.46          |       93 |                  1.658 |                1.046 |
| 583.46 - 437.10          |       93 |                  1.726 |                1.282 |
| 437.10 - 353.95          |       93 |                  0.696 |                0.757 |
| 353.95 - 253.62          |      344 |                  1.018 |                1.208 |
| 253.62 - 127.13          |      648 |                  0.873 |                1.195 |
| 127.13 - 63.72           |      771 |                  0.684 |                1.101 |
| 63.72 - 31.94            |      517 |                  0.668 |                1.124 |
| 31.94 - 8.01             |      163 |                  0.708 |                1.236 |
+--------------------------+----------+------------------------+----------------------+


The reflection table variances have been adjusted to account for the
uncertainty in the scaling models for all datasets
Using median unit cell across experiments : (5.78803, 5.96863, 12.2994, 90, 90, 90)

Total time taken: 0.8723s 

================================================================================

Warning: Over half (65.57%) of model parameters have significant
uncertainty (sigma/abs(parameter) > 0.5), which could indicate a
poorly-determined scaling problem or overparameterisation.

Summary of dataset partialities
+------------------+----------+
| Partiality (p)   |   n_refl |
|------------------+----------|
| all reflections  |     4422 |
| p > 0.99         |     4156 |
| 0.5 < p < 0.99   |       91 |
| 0.01 < p < 0.5   |      113 |
| p < 0.01         |       62 |
+------------------+----------+

Reflections below a partiality_cutoff of 0.25 are not considered for any
part of the scaling analysis or for the reporting of merging statistics.
Additionally, if applicable, only reflections with a min_partiality > 0.25
were considered for use when refining the scaling model.


            ----------Merging statistics by resolution bin----------           

  d_max  d_min  #obs  #uniq  mult.   %comp    <I>  <I/sI>  r_mrg  r_meas  r_pim  r_anom  cc1/2   cc_ano
  12.30   1.92   331     52   6.37  100.00  829.0    67.4  0.019   0.021  0.008   0.010  1.000*  -0.070
   1.92   1.52   349     41   8.51  100.00  291.4    66.7  0.028   0.030  0.010   0.022  0.999*   0.315
   1.52   1.33   402     45   8.93  100.00  184.1    57.4  0.036   0.039  0.012   0.018  0.999*  -0.533
   1.33   1.21   369     35  10.54  100.00  140.9    54.5  0.044   0.046  0.014   0.028  0.999*  -0.202
   1.21   1.12   411     44   9.34  100.00  134.2    48.9  0.050   0.053  0.017   0.026  0.999*  -0.243
   1.12   1.06   334     38   8.79  100.00  149.6    47.8  0.051   0.054  0.018   0.023  0.998*  -0.625
   1.06   1.00   299     38   7.87  100.00   91.1    37.3  0.062   0.066  0.022   0.049  0.997*   0.226
   1.00   0.96   254     40   6.35  100.00   74.0    27.0  0.063   0.068  0.026   0.040  0.996*   0.131
   0.96   0.92   235     37   6.35  100.00   50.2    21.7  0.083   0.091  0.035   0.067  0.996*   0.081
   0.92   0.89   223     42   5.31  100.00   51.9    19.4  0.080   0.088  0.038   0.090  0.994*  -0.013
   0.89   0.86   160     32   5.00  100.00   65.2    21.4  0.079   0.089  0.038   0.079  0.988*   0.352
   0.86   0.84   159     36   4.42  100.00   44.3    14.0  0.105   0.120  0.056   0.112  0.991*   0.264
   0.84   0.82   146     35   4.17  100.00   61.2    14.1  0.084   0.096  0.045   0.135  0.996*   0.288
   0.82   0.80   180     45   4.00  100.00   35.0    12.1  0.111   0.128  0.062   0.125  0.972*  -0.448
   0.80   0.78   119     34   3.50   97.14   35.7    10.6  0.104   0.120  0.058   0.147  0.989*   0.312
   0.78   0.76    79     29   2.72   93.55   33.0     8.2  0.117   0.143  0.080   0.142  0.988*   0.290
   0.76   0.75    47     26   1.81   74.29   37.5     7.6  0.100   0.125  0.074   0.194  0.982*  -0.980
   0.75   0.73    29     17   1.71   42.50   26.1     5.6  0.134   0.179  0.117   0.102  0.980*   0.000
   0.73   0.72    20     11   1.82   36.67   21.2     5.2  0.131   0.152  0.076   0.192  0.977   -0.789
   0.72   0.71    14     10   1.40   24.39   17.5     4.2  0.038   0.053  0.038   0.000  0.999*   0.000
  12.30   0.71  4160    687   6.06   90.28  148.1    32.1  0.039   0.042  0.015   0.041  1.000*  -0.058



            -------------Summary of merging statistics--------------           

                                             Overall    Low     High
High resolution limit                           0.71    1.92    0.71
Low resolution limit                           12.30   12.30    0.72
Completeness                                   90.3   100.0    24.4
Multiplicity                                    6.1     6.4     1.4
I/sigma                                        32.1    67.4     4.2
Rmerge(I)                                     0.039   0.019   0.038
Rmerge(I+/-)                                  0.037   0.019   0.038
Rmeas(I)                                      0.042   0.021   0.053
Rmeas(I+/-)                                   0.042   0.021   0.053
Rpim(I)                                       0.015   0.008   0.038
Rpim(I+/-)                                    0.019   0.009   0.038
CC half                                       1.000   1.000   0.999
Anomalous completeness                         77.7   100.0        
Anomalous multiplicity                          3.9     4.9     1.4
Anomalous correlation                        -0.058  -0.070   0.000
Anomalous slope                               1.162
dF/F                                          0.039
dI/s(dI)                                      0.960
Total observations                             4160     331      14
Total unique                                    687      52      10

Writing html report to dials.scale.html
Saving the scaled experiments to scaled.expt
Saving the scaled reflections to scaled.refl
See dials.github.io/dials_scale_user_guide.html for more info on scaling options

--- stderr ---
