
 +++++++++++++++++++++++++++++++++++++++++++++++++++++++++++++++++++
 +  SHELXL -  CRYSTAL STRUCTURE REFINEMENT  -   MULTI-CPU VERSION  +
 +  Copyright(C) George M. Sheldrick 1993-2023     Version 2019/3  +
 +  verify_main                started at 21:31:28 on 21-Sep-2026  +
 +++++++++++++++++++++++++++++++++++++++++++++++++++++++++++++++++++

 Command line parameters: verify_main -a50000 -b3000 -c624 -g0 -m0 -t32

 -a sets the approximate maximum number of atoms including hydrogens.
 -b sets the maximum number of full-matrix parameters (not used by CGLS).
 For example -b9000 allows refinement of 1000 anisotropic atoms or 3000
 with BLOC 1. For a 32-bit version, -b times the square root of the
 number of threads should not exceed about 65500. -c sets the reflection
 buffer size. This depends on the CPU cache size but will rarely
 need changing.

 -g sets the number of reflection groups used for calculating R_complete,
 This must be greater than 1 but not greater than the total number of
 reflections for refinement. -m sets the current reflection group number.
 This may not be less than 1 nor greater than the number set by -g. These
 command line flags override other ways of defining free-R reflections.
 The -m value is also used as a seed for the WIGL pseudo-random shifts.

 -t sets the number of threads, otherwise it is set to the apparent
 number of CPUs. For optimal performance on hyperthreading systems,
 -t should be set to a little more than half the number of CPUs;
 e.g. -t4 or -t5 for an Intel i7 processor.

 Running 32 threads on 32 processors

 TITL CrystalPilot n0055 in P 6/m m m
 REM CrystalPilot node n0055 tool=run_shelxl
 REM R1 = 0.0849 wR2 = 0.2526 GooF = 0.912
 CELL 0.68883 39.19000 39.19000 16.61000 90.0000 90.0000 120.0000
 ZERR 3 0.00000 0.00000 0.00000 0.0000 0.0000 0.0000
 LATT 1
 SYMM X-Y,X,Z
 SYMM Y,-X+Y,Z
 SYMM -Y,X-Y,Z
 SYMM -X+Y,-X,Z
 SYMM X-Y,-Y,-Z
 SYMM -X,-X+Y,-Z
 SYMM -X,-Y,Z
 SYMM Y,X,-Z
 SYMM -Y,-X,-Z
 SYMM -X+Y,Y,-Z
 SYMM X,X-Y,-Z
 SFAC C H O Zr
 REM DISP lambda 0.68883 A is not a SHELXL built-in line (Cu/Mo/Ag K-alpha):
 REM DISP f'/f'' from cctbx (sasaki: C O Zr; henke: H), mu = NIST attenuation
 REM DISP in barn/atom
 DISP $C 0.002 0.002 10.99
 DISP $H 0.000 0.000 0.62
 DISP $O 0.007 0.006 30.28
 DISP $Zr -9.041 2.772 14341.91
 UNIT 264.0 132.0 96.0 18.0

 V =    22092.79     F(000) =    3204.0     Mu =   1.20 mm-1      Cell Wt =     6481.65    Rho =  0.487

  
 EQIV $1 X, Y, -Z+1
 EQIV $2 -X+1, -Y+1, Z
 EQIV $3 -X+1, -Y+1, -Z+1
 FREE ZR1 ZR2
 FREE ZR1 ZR2_$1
 FREE ZR1 ZR2_$2
 FREE ZR1 ZR2_$3
 FREE ZR2 ZR2_$1
 FREE ZR2 ZR2_$2
  
 SHEL 999 1.000
  
 REM CrystalPilot: solvent-mask Fourier coefficients in final.fab
 REM (the same .fab file the SHELXL job used)
 ABIN
 WGHT 0.144400 0.000000
 FVAR 0.05121
 ZR1   4   0.463830   0.536170   0.500000    10.25000     0.08741     0.08741 =
       0.06894     0.00000     0.00000     0.05596
 ZR2   4   0.544998   0.544998   0.393677    10.50000     0.09119     0.09119 =
       0.08208     0.01233     0.01233     0.05712
 O1    3   0.482267   0.587240   0.582177    11.00000     0.10079     0.09652 =
       0.09770     0.00087    -0.00022     0.06690
 O2    3   0.534173   0.593110   0.649519    11.00000     0.10641     0.11896 =
       0.12844    -0.03937    -0.03322     0.07109
 O3    3   0.527374   0.563776   0.500000    10.50000     0.09943     0.19127 =
       0.09559     0.00000     0.00000     0.08851
 O4    3   0.536484   0.536484   0.260071    10.50000     0.19653     0.19653 =
       0.08208     0.03868     0.03868     0.15379
 O5    3   0.600080   0.600080   0.409779    10.50000     0.10926     0.10926 =
       0.24659     0.02714     0.02714     0.05772
 O6    3   0.518129   0.481871   0.393009    10.50000     0.12431     0.12431 =
       0.12761     0.01773    -0.01773     0.07785
 C1    1   0.509215   0.602806   0.634644    11.00000     0.10390     0.10741 =
       0.08301    -0.00210    -0.01856     0.06404
 C2    1   0.505177   0.690156   0.780632    11.00000     0.22042     0.11631 =
       0.07044     0.00012    -0.02232     0.09333
 C3    1   0.477794   0.641034   0.675753    11.00000     0.15220     0.11801 =
       0.12250    -0.04858    -0.02218     0.09238
 AFIX 43
 H3    2   0.458368   0.627760   0.637168    11.00000    -1.20000
 AFIX 0
 C4    1   0.507971   0.632754   0.685919    11.00000     0.16575     0.10765 =
       0.09745    -0.03156    -0.02631     0.09326
 C5    1   0.477059   0.669731   0.724580    11.00000     0.18024     0.14398 =
       0.11599    -0.00483     0.00363     0.11228
 AFIX 43
 H5    2   0.456553   0.675000   0.718396    11.00000    -1.20000
 AFIX 0
 C6    1   0.505300   0.722151   0.830803    11.00000     0.23172     0.09787 =
       0.09037    -0.02365    -0.01630     0.11078
 C7    1   0.505234   0.752617   0.792571    10.50000     0.26186     0.11786 =
       0.09419    -0.01602    -0.03203     0.13093
 AFIX 43
 H7    2   0.505136   0.752568   0.736581    10.50000    -1.20000
 AFIX 0
 C8    1   0.537918   0.652369   0.739777    11.00000     0.22794     0.10838 =
       0.11753    -0.06327    -0.05785     0.10736
 AFIX 43
 H8    2   0.558148   0.646570   0.743793    11.00000    -1.20000
 AFIX 0
 C9    1   0.504646   0.722129   0.913384    11.00000     0.25423     0.10858 =
       0.08475     0.00261    -0.00466     0.11223
 C10   1   0.505099   0.752549   0.956079    10.50000     0.27910     0.10920 =
       0.08329     0.00074     0.00148     0.13955
 C11   1   0.537732   0.680785   0.787929    11.00000     0.24696     0.12266 =
       0.10878    -0.00681    -0.05361     0.10849
 AFIX 43
 H11   2   0.557843   0.694225   0.825112    11.00000    -1.20000
 AFIX 0
 C12   1   0.504503   0.690137   0.959607    11.00000     0.31398     0.15666 =
       0.08483    -0.00747    -0.00032     0.15990
 AFIX 43
 H12   2   0.504411   0.669382   0.932269    11.00000    -1.20000
 AFIX 0
 L.S. 0
 HKLF 4



 Covalent radii and connectivity table for  CrystalPilot n0055 in P 6/m m m                                            
 C      0.770
 H      0.320
 O      0.660
 ZR     1.590

 Zr1 - O6_$3 O6_$2 O3 O3_$4 O1 O1_$5 O1_$4 O1_$1
 Zr2 - O6_$2 O6 O3_$6 O3 O5 O4 O2_$6 O2_$1 Zr1_$3
 O1 - C1 Zr1
 O2 - C1 Zr2_$1
 O3 - Zr2_$1 Zr2 Zr1
 O4 - Zr2
 O5 - Zr2
 O6 - Zr2_$2 Zr2 Zr1_$3
 C1 - O2 O1 C4
 C2 - C5 C11 C6
 C3 - C4 C5
 C4 - C8 C3 C1
 C5 - C2 C3
 C6 - C7 C9 C2
 C7 - C6_$7 C6
 C8 - C4 C11
 C9 - C6 C10 C12
 C10 - C9_$7 C9 C10_$8
 C11 - C8 C2
 C12 - C12_$8 C9


 Operators for generating equivalent atoms:
 $1   x, y, -z+1
 $2   -x+1, -y+1, z
 $3   -x+1, -y+1, -z+1
 $4   -y+1, -x+1, z
 $5   -y+1, -x+1, -z+1
 $6   y, x, -z+1
 $7   x, x-y+1, z
 $8   x, y, -z+2

   179481  Reflections outside SHEL resolution limits rejected


   337815  Reflections read, of which  179481  rejected

 -39 =< h =< 39,    -39 =< k =< 39,    -16 =< l =< 16,   Max. 2-theta =   40.28

        0  Systematic absence violations (I>3sig(I)) before merging

        0  Inconsistent equivalents

     4395  Unique reflections, of which       0  suppressed

 R(int) = 0.5659     R(sigma) = 0.1066      Friedel opposites merged

 Maximum memory for data reduction =     1696 /    48177


 Reflection statistics for all twin components combined (TWST 0 set)
 Number of data for d > 1.000A (CIF: max) and d > 0.833A (CIF: full)
 (ignoring systematic absences):
 Unique reflections found (point group)       4395    4395
 Unique reflections possible (point group)    4401    7433
 Unique reflections found (Laue group)        4395    4395
 Unique reflections possible (Laue group)     4401    7433

 Special position constraints for Zr1
 z =  0.5000   y = -1.0 * x + 1.0000   U22 = 1.0 * U11   U23 = 0   U13 = 0   
 sof = 0.25000   
 Input constraints retained (at least in part) for  sof

 Special position constraints for Zr2
 y =  1.0 * x + 0.0000   U22 = 1.0 * U11   U13 = 1.0 * U23   sof = 0.50000   
 Input constraints retained (at least in part) for  sof

 Special position constraints for O3
 z =  0.5000   U23 = 0   U13 = 0   sof = 0.50000   
 Input constraints retained (at least in part) for  sof

 Special position constraints for O4
 y =  1.0 * x + 0.0000   U22 = 1.0 * U11   U13 = 1.0 * U23   sof = 0.50000   
 Input constraints retained (at least in part) for  sof

 Special position constraints for O5
 y =  1.0 * x + 0.0000   U22 = 1.0 * U11   U13 = 1.0 * U23   sof = 0.50000   
 Input constraints retained (at least in part) for  sof

 Special position constraints for O6
 y = -1.0 * x + 1.0000   U22 = 1.0 * U11   U13 =-1.0 * U23   sof = 0.50000   
 Input constraints retained (at least in part) for  sof

 Special position constraints for C7
 y =  0.5 * x + 0.5000   U13 = 2.0 * U23   U12 = 0.5 * U11   sof = 0.50000   
 Input constraints retained (at least in part) for  sof

 Special position constraints for C10
 y =  0.5 * x + 0.5000   U13 = 2.0 * U23   U12 = 0.5 * U11   sof = 0.50000   
 Input constraints retained (at least in part) for  sof


 Default effective X-H and X-D distances for T =   20.0C 
 AFIX m =    1     2     3     4   4[N]  3[N]  15[B]  8[O]   9   9[N]   16
 d(X-H) =  0.98  0.97  0.96  0.93  0.86  0.89  1.10  0.82  0.93  0.86  0.93

 Note that these distances are chosen to give the best fit to the X-ray data
 and so avoid the introduction of systematic error.  The true internuclear
 distances are longer and do not vary with temperature!  The apparent
 variation with temperature is caused by libration.



 Idealized hydrogen atom generation before cycle   1

 Name     x       y       z    AFIX  d(X-H)  shift  Bonded to  Conformation determined by
 H3    0.4584  0.6278  0.6372   43   0.930   0.000   C3            C4  C5  
 H5    0.4566  0.6750  0.7184   43   0.930   0.000   C5            C2  C3  
 H7    0.5051  0.7526  0.7366   43   0.930   0.000   C7            C6_$7  C6  
 H8    0.5581  0.6466  0.7438   43   0.930   0.000   C8            C4  C11  
 H11   0.5578  0.6942  0.8251   43   0.930   0.000   C11           C8  C2  
 H12   0.5044  0.6694  0.9323   43   0.930   0.000   C12           C12_$8  C9  



  CrystalPilot n0055 in P 6/m m m                                            

 ATOM           x        y        z         sof        U11      U22      U33      U23      U13      U12       Ueq

 Zr1         0.46383  0.53617  0.50000    0.25000    0.08741  0.08741  0.06894  0.00000  0.00000  0.05596   0.07581
 Zr2         0.54500  0.54500  0.39368    0.50000    0.09119  0.09119  0.08208  0.01233  0.01233  0.05712   0.08303
 O1          0.48227  0.58724  0.58218    1.00000    0.10079  0.09652  0.09770  0.00087 -0.00022  0.06690   0.09053
 O2          0.53417  0.59311  0.64952    1.00000    0.10641  0.11896  0.12844 -0.03937 -0.03322  0.07109   0.11138
 O3          0.52737  0.56378  0.50000    0.50000    0.09943  0.19127  0.09559  0.00000  0.00000  0.08851   0.12173
 O4          0.53648  0.53648  0.26007    0.50000    0.19653  0.19653  0.08208  0.03868  0.03868  0.15379   0.13370
 O5          0.60008  0.60008  0.40978    0.50000    0.10926  0.10926  0.24659  0.02714  0.02714  0.05772   0.15366
 O6          0.51813  0.48187  0.39301    0.50000    0.12431  0.12431  0.12761  0.01773 -0.01773  0.07785   0.11843
 C1          0.50921  0.60281  0.63464    1.00000    0.10390  0.10741  0.08301 -0.00210 -0.01856  0.06404   0.09312
 C2          0.50518  0.69016  0.78063    1.00000    0.22042  0.11631  0.07044  0.00012 -0.02232  0.09333   0.13166
 C3          0.47779  0.64103  0.67575    1.00000    0.15220  0.11801  0.12250 -0.04858 -0.02218  0.09238   0.11987
 H3          0.45837  0.62776  0.63717    1.00000    0.14384
 C4          0.50797  0.63275  0.68592    1.00000    0.16575  0.10765  0.09745 -0.03156 -0.02631  0.09326   0.11255
 C5          0.47706  0.66973  0.72458    1.00000    0.18024  0.14398  0.11599 -0.00483  0.00363  0.11228   0.13286
 H5          0.45655  0.67500  0.71840    1.00000    0.15943
 C6          0.50530  0.72215  0.83080    1.00000    0.23172  0.09787  0.09037 -0.02365 -0.01630  0.11078   0.12737
 C7          0.50523  0.75262  0.79257    0.50000    0.26186  0.11786  0.09419 -0.01602 -0.03204  0.13093   0.14197
 H7          0.50514  0.75257  0.73658    0.50000    0.17036
 C8          0.53792  0.65237  0.73978    1.00000    0.22794  0.10838  0.11753 -0.06327 -0.05785  0.10736   0.14094
 H8          0.55815  0.64657  0.74379    1.00000    0.16912
 C9          0.50465  0.72213  0.91338    1.00000    0.25423  0.10858  0.08475  0.00261 -0.00466  0.11223   0.13962
 C10         0.50510  0.75255  0.95608    0.50000    0.27910  0.10920  0.08329  0.00074  0.00148  0.13955   0.13832
 C11         0.53773  0.68079  0.78793    1.00000    0.24696  0.12266  0.10878 -0.00681 -0.05361  0.10849   0.15232
 H11         0.55784  0.69423  0.82511    1.00000    0.18278
 C12         0.50450  0.69014  0.95961    1.00000    0.31398  0.15666  0.08483 -0.00747 -0.00032  0.15990   0.16638
 H12         0.50441  0.66938  0.93227    1.00000    0.19966


 Final Structure Factor Calculation for  CrystalPilot n0055 in P 6/m m m                                            

 Total number of l.s. parameters =   155  Maximum vector length =  623   Memory required =     47 /   1696 /    28035

 wR2 =  0.2526 before cycle   1 for    4395 data and      0 /    155 parameters

 GooF = S =     0.912;     Restrained GooF =      0.912 for       0 restraints

 Weight = 1 / [ sigma^2(Fo^2) + ( 0.1444 * P )^2 +   0.00 * P ]   where  P = ( Max ( Fo^2, 0 ) + 2 * Fc^2 ) / 3

 wR2 = 0.2526, GooF = S = 0.912, Restrained GooF = 0.912 for all data
 R1 = 0.0849 for 2063 Fo > 4sig(Fo) and 0.1313 for all 4395 data

 Occupancy sum of asymmetric unit =    15.75 for non-hydrogen and     5.50 for H and D atoms



 Principal mean square atomic displacements U

   0.0956   0.0689   0.0629   Zr1  
   0.1070   0.0739   0.0681   Zr2  
   0.1105   0.0977   0.0633   O1  
   0.1685   0.0841   0.0815   O2  
   0.1919   0.0956   0.0777   O3  
   0.2457   0.0855   0.0699   O4    may be split into  0.5422  0.5393  0.2632  and  0.5308  0.5336  0.2569
   0.2535   0.1044   0.1031   O5  
   0.1497   0.1348   0.0708   O6  
   0.1177   0.0971   0.0646   C1  
   0.2273   0.1032   0.0644   C2  
   0.1805   0.1228   0.0564   C3  
   0.1780   0.0980   0.0617   C4  
   0.1879   0.1189   0.0918   C5  
   0.2337   0.0976   0.0509   C6  
   0.2678   0.0883   0.0699   C7    may be split into  0.5105  0.7526  0.7903  and  0.4999  0.7526  0.7949
   0.2531   0.1250   0.0446   C8  
   0.2561   0.0875   0.0753   C9    may be split into  0.5096  0.7215  0.9130  and  0.4997  0.7227  0.9138
   0.2791   0.0833   0.0526   C10    may be split into  0.5107  0.7525  0.9562  and  0.4995  0.7525  0.9560
   0.2687   0.1106   0.0776   C11  
   0.3140   0.1040   0.0811   C12    may be split into  0.5104  0.6902  0.9596  and  0.4986  0.6900  0.9596

 ** Warning:     5  atoms may be split and     0  atoms NPD **



 Analysis of variance for reflections employed in refinement      K = Mean[Fo^2] / Mean[Fc^2]  for group


 Fc/Fc(max)       0.000    0.005    0.008    0.015    0.022    0.028    0.036    0.045    0.062    0.103    1.000

 Number in group       531.     351.     457.     471.     419.     435.     432.     422.     439.     438.

            GooF      0.674    0.725    0.626    0.592    0.677    0.794    1.019    1.193    1.185    1.308

             K      -20.057   -3.885    0.635    1.194    1.047    1.018    1.003    0.999    1.018    0.998


 Resolution(A)    1.00     1.04     1.08     1.13     1.20     1.28     1.38     1.52     1.77     2.26     inf

 Number in group       445.     444.     438.     443.     436.     431.     437.     444.     437.     440.

            GooF      0.651    0.660    0.658    0.694    0.673    0.782    0.820    0.787    0.888    1.841

             K        0.896    0.964    0.956    0.937    0.873    0.868    0.966    0.982    1.034    0.998

             R1       0.333    0.255    0.235    0.206    0.232    0.214    0.113    0.086    0.071    0.112


 Recommended weighting scheme:  WGHT    0.1461    0.0000


 Most Disagreeable Reflections (* if suppressed or used for Rfree).
 Error/esd is calculated as sqrt(wD^2/<wD^2>) where w is given by the weight
 formula, D = Fo^2-Fc^2 and <> refers to the average over all reflections.

     h   k   l          Fo^2          Fc^2    Error/esd  Fc/Fc(max)  Resolution(A)

    -3   8   0       6475.46       1397.05      10.68       0.051       4.85
    -1   5   0       1310.03        267.24       7.69       0.022       7.41
     0   9   0      10351.90       3733.24       6.98       0.083       3.77
    -5  10   2       5274.57       2011.43       6.90       0.061       3.54
     0   3   2        993.59       3238.07       6.55       0.077       6.69
    -2   6   2       3020.43       8161.48       6.10       0.123       5.08
     0   1   2      12398.03       5997.67       5.69       0.105       8.07
    -4   9   0       2724.81       1094.09       5.57       0.045       4.35
    -3   6   2      34658.99      17192.43       5.49       0.178       5.13
     0   2   2      26646.39      59993.43       5.23       0.333       7.46
     0   5   3      11397.12       5981.31       4.98       0.105       4.29
     0   8   1       1890.63        732.64       4.95       0.037       4.11
    -1   4   4        474.51       1310.94       4.93       0.049       3.80
    -1   8   3         53.00        736.69       4.72       0.037       3.49
    -1   9   0       1797.88        537.51       4.72       0.032       3.97
    -3   8   2      29600.85      16515.31       4.70       0.175       4.19
    -2   6   0       6756.56      13423.09       4.54       0.158       6.41
    -2   5   0       4562.20       8761.49       4.34       0.127       7.79
    -2  10   3       6012.82       3459.94       4.31       0.080       3.08
    -2   5   4       1627.58        836.03       4.31       0.039       3.66
    -5  11   0       3572.61       1874.88       4.28       0.059       3.56
    -6  13   0       2880.71       1476.04       4.28       0.052       3.01
    -4  10   2       1952.67       1027.06       4.26       0.044       3.53
    -2   8   2      13919.53       8215.55       4.22       0.123       4.09
    -3   7   0       8747.62       5181.68       4.05       0.098       5.58
    -1   8   0       7670.23       4513.60       4.03       0.091       4.50
    -1   2   2       4125.31       7475.49       3.99       0.118       7.65
    -6  12   2       1442.49        607.67       3.94       0.034       3.04
    -2   6   1      16683.16      28974.43       3.79       0.231       5.98
    -3   6   0      12635.81       7679.62       3.70       0.119       6.53
    -2   6   4       2691.23       1668.80       3.53       0.056       3.49
    -4  14   1       5827.76       3712.22       3.50       0.083       2.68
    -1   7   4        142.98        562.22       3.46       0.032       3.24
     0   0   4       3832.11       7078.61       3.46       0.114       4.15
     0  11   0      50210.06      31701.97       3.45       0.242       3.09
    -2  11   1       9406.99       6140.45       3.37       0.107       3.28
    -1   3   2       1568.00       2556.94       3.30       0.069       6.97
     0   4   3      26052.27      17104.82       3.29       0.178       4.64
     0   0   2     191024.02     115284.64       3.28       0.462       8.31
    -1   5   1       3543.66       2331.79       3.23       0.066       6.76
    -2  12   0       8808.13       5789.34       3.20       0.103       3.05
    -5  21   7       1590.65        847.28       3.18       0.040       1.43
    -5  11   3       7099.01       4733.91       3.18       0.094       2.99
   -13  26   9       6335.34       3888.74       3.17       0.085       1.17
     0  18   9       1776.00       3294.15       3.16       0.078       1.32
     0   4   1      33120.19      22067.51       3.16       0.202       7.56
     0  15  10       4437.45       2753.88       3.14       0.071       1.34
    -2   4   1     162343.84     253896.73       3.11       0.685       8.44
    -5  13   3       2101.47       1341.43       3.10       0.050       2.63
     0   2  12       3103.43       5152.93       3.03       0.098       1.38

 R1 =  0.1246 for   4395 unique reflections after merging for Fourier


 Time profile in seconds
 -----------------------

      0.02: Read and process instructions
      0.00: Fit rigid groups
      0.00: Interpret restraints etc.
      0.00: Generate connectivity array
      0.00: Analyse DFIX and DANG restraints
      0.00: Analyse SAME, SADI and NCSY restraints
      0.00: Generate CHIV restraints
      0.00: Check if bonds in residues restrained
      0.00: Generate DELU and RIGU restraints
      0.00: Generate SIMU restraints
      0.00: Generate ISOR restraints
      0.00: Analyse electron density
      0.02: Analyse other restraints etc.
      0.83: Read intensity data, sort/merge etc.
      0.02: Set up constraints
      0.88: OSF, H-atoms from difference map
      0.00: Set up l.s. refinement
      0.00: Generate idealized H-atoms
      0.01: Structure factors and derivatives
      0.00: Sum l.s. matrices
      0.00: Generate and apply antibumping restraints
      0.00: Apply other restraints
      0.00: Solve l.s. equations
      0.00: Generate HTAB table
      0.01: Other dependent quantities, CIF, tables
      0.01: Analysis of variance
      0.16: Merge reflections for Fourier and .fcf
      0.00: Fourier summations
      0.00: Peaksearch
      0.00: Analyse peaklist

 ** WARNING: These times are only approximate for multiple threads.
             To get better estimates run with -t1 **

   Please cite: G.M. Sheldrick (2015) "Crystal structure refinement with
   SHELXL", Acta Cryst., C71, 3-8 (Open Access) if SHELXL proves useful.

 +++++++++++++++++++++++++++++++++++++++++++++++++++++++++++++++++++++++++++++
 +  verify_main   finished at 21:31:30   Total elapsed time:      1.94 secs  +
 +++++++++++++++++++++++++++++++++++++++++++++++++++++++++++++++++++++++++++++
