
 +++++++++++++++++++++++++++++++++++++++++++++++++++++++++++++++++++
 +  SHELXL -  CRYSTAL STRUCTURE REFINEMENT  -   MULTI-CPU VERSION  +
 +  Copyright(C) George M. Sheldrick 1993-2023     Version 2019/3  +
 +  job                        started at 19:55:21 on 21-Sep-2026  +
 +++++++++++++++++++++++++++++++++++++++++++++++++++++++++++++++++++

 Command line parameters: job -a50000 -b3000 -c624 -g0 -m0 -t4

 -a sets the approximate maximum number of atoms including hydrogens.
 -b sets the maximum number of full-matrix parameters (not used by CGLS).
 For example -b9000 allows refinement of 1000 anisotropic atoms or 3000
 with BLOC 1. For a 32-bit version, -b times the square root of the
 number of threads should not exceed about 65500. -c sets the reflection
 buffer size. This depends on the CPU cache size but will rarely
 need changing.

 -g sets the number of reflection groups used for calculating R_complete,
 This must be greater than 1 but not greater than the total number of
 reflections for refinement. -m sets the current reflection group number.
 This may not be less than 1 nor greater than the number set by -g. These
 command line flags override other ways of defining free-R reflections.
 The -m value is also used as a seed for the WIGL pseudo-random shifts.

 -t sets the number of threads, otherwise it is set to the apparent
 number of CPUs. For optimal performance on hyperthreading systems,
 -t should be set to a little more than half the number of CPUs;
 e.g. -t4 or -t5 for an Intel i7 processor.

 Running  4 threads on  4 processors

 TITL CrystalPilot cross-check in P 6/m m m
 CELL 0.68883 39.19000 39.19000 16.61000 90.0000 90.0000 120.0000
 ZERR 3 0.00000 0.00000 0.00000 0.0000 0.0000 0.0000
 LATT 1
 SYMM X-Y,X,Z
 SYMM Y,-X+Y,Z
 SYMM -Y,X-Y,Z
 SYMM -X+Y,-X,Z
 SYMM X-Y,-Y,-Z
 SYMM -X,-X+Y,-Z
 SYMM -X,-Y,Z
 SYMM Y,X,-Z
 SYMM -Y,-X,-Z
 SYMM -X+Y,Y,-Z
 SYMM X,X-Y,-Z
 SFAC C H O Zr
 REM DISP lambda 0.68883 A is not a SHELXL built-in line (Cu/Mo/Ag K-alpha):
 REM DISP f'/f'' from cctbx (sasaki: C O Zr; henke: H), mu = NIST attenuation
 REM DISP in barn/atom
 DISP $C 0.002 0.002 10.99
 DISP $H 0.000 0.000 0.62
 DISP $O 0.007 0.006 30.28
 DISP $Zr -9.041 2.772 14341.91
 UNIT 264.0 132.0 96.0 18.0

 V =    22092.79     F(000) =    3204.0     Mu =   1.20 mm-1      Cell Wt =     6481.65    Rho =  0.487

  
 L.S. 2
 BOND $H
 CONF
 ACTA
 FMAP 2
 PLAN 20
 ABIN
 FREE ZR1 ZR2
 FREE ZR2 ZR2
  
 SHEL 999 1.000
  
 WGHT 0.144400 0.000000
 FVAR 0.05121
 ZR1   4   0.463830   0.536170   0.500000    10.25000     0.08741     0.08741 =
       0.06894     0.00000     0.00000     0.05596
 ZR2   4   0.544998   0.544998   0.393677    10.50000     0.09119     0.09119 =
       0.08208     0.01233     0.01233     0.05712
 O1    3   0.482267   0.587240   0.582177    11.00000     0.10079     0.09652 =
       0.09770     0.00087    -0.00022     0.06690
 O2    3   0.534173   0.593110   0.649519    11.00000     0.10641     0.11896 =
       0.12844    -0.03937    -0.03322     0.07109
 O3    3   0.527374   0.563776   0.500000    10.50000     0.09943     0.19126 =
       0.09559     0.00000     0.00000     0.08851
 O4    3   0.536484   0.536484   0.260071    10.50000     0.19653     0.19653 =
       0.08208     0.03868     0.03868     0.15379
 O5    3   0.600080   0.600080   0.409779    10.50000     0.10926     0.10926 =
       0.24659     0.02714     0.02714     0.05772
 O6    3   0.518129   0.481871   0.393009    10.50000     0.12431     0.12431 =
       0.12761     0.01773    -0.01773     0.07785
 C1    1   0.509215   0.602806   0.634645    11.00000     0.10390     0.10741 =
       0.08301    -0.00210    -0.01856     0.06404
 C2    1   0.505177   0.690156   0.780632    11.00000     0.22042     0.11631 =
       0.07044     0.00012    -0.02232     0.09333
 C3    1   0.477794   0.641034   0.675753    11.00000     0.15220     0.11801 =
       0.12250    -0.04858    -0.02218     0.09238
 AFIX 43
 H3    2   0.458368   0.627760   0.637168    11.00000    -1.20000
 AFIX 0
 C4    1   0.507971   0.632754   0.685919    11.00000     0.16575     0.10765 =
       0.09745    -0.03156    -0.02631     0.09326
 C5    1   0.477059   0.669731   0.724580    11.00000     0.18024     0.14398 =
       0.11599    -0.00483     0.00363     0.11228
 AFIX 43
 H5    2   0.456553   0.675000   0.718396    11.00000    -1.20000
 AFIX 0
 C6    1   0.505300   0.722151   0.830803    11.00000     0.23172     0.09787 =
       0.09037    -0.02365    -0.01630     0.11078
 C7    1   0.505234   0.752617   0.792571    10.50000     0.26186     0.11786 =
       0.09419    -0.01602    -0.03203     0.13093
 AFIX 43
 H7    2   0.505136   0.752568   0.736581    10.50000    -1.20000
 AFIX 0
 C8    1   0.537918   0.652369   0.739777    11.00000     0.22794     0.10838 =
       0.11753    -0.06327    -0.05785     0.10736
 AFIX 43
 H8    2   0.558148   0.646570   0.743793    11.00000    -1.20000
 AFIX 0
 C9    1   0.504646   0.722129   0.913384    11.00000     0.25423     0.10858 =
       0.08475     0.00261    -0.00466     0.11223
 C10   1   0.505099   0.752549   0.956079    10.50000     0.27910     0.10920 =
       0.08329     0.00074     0.00148     0.13955
 C11   1   0.537732   0.680785   0.787929    11.00000     0.24696     0.12266 =
       0.10878    -0.00681    -0.05361     0.10849
 AFIX 43
 H11   2   0.557843   0.694225   0.825112    11.00000    -1.20000
 AFIX 0
 C12   1   0.504503   0.690137   0.959607    11.00000     0.31398     0.15666 =
       0.08483    -0.00747    -0.00032     0.15990
 AFIX 43
 H12   2   0.504411   0.669382   0.932269    11.00000    -1.20000
 AFIX 0
 HKLF 4


 ** DUPLICATE ATOMS Zr2 IN FREE INSTRUCTION **



 Time profile in seconds
 -----------------------

      0.02: Read and process instructions
      0.00: Fit rigid groups
      0.00: Interpret restraints etc.
      0.00: Generate connectivity array
      0.00: Analyse DFIX and DANG restraints
      0.00: Analyse SAME, SADI and NCSY restraints
      0.00: Generate CHIV restraints
      0.00: Check if bonds in residues restrained
      0.00: Generate DELU and RIGU restraints
      0.00: Generate SIMU restraints
      0.00: Generate ISOR restraints
      0.00: Analyse electron density
      0.00: Analyse other restraints etc.
      0.00: Read intensity data, sort/merge etc.
      0.00: Set up constraints
      0.00: OSF, H-atoms from difference map
      0.00: Set up l.s. refinement
      0.00: Generate idealized H-atoms
      0.00: Structure factors and derivatives
      0.00: Sum l.s. matrices
      0.00: Generate and apply antibumping restraints
      0.00: Apply other restraints
      0.00: Solve l.s. equations
      0.00: Generate HTAB table
      0.00: Other dependent quantities, CIF, tables
      0.00: Analysis of variance
      0.00: Merge reflections for Fourier and .fcf
      0.00: Fourier summations
      0.00: Peaksearch
      0.00: Analyse peaklist

 ** WARNING: These times are only approximate for multiple threads.
             To get better estimates run with -t1 **

   Please cite: G.M. Sheldrick (2015) "Crystal structure refinement with
   SHELXL", Acta Cryst., C71, 3-8 (Open Access) if SHELXL proves useful.

 +++++++++++++++++++++++++++++++++++++++++++++++++++++++++++++++++++++++++++++
 +  job           finished at 19:55:21   Total elapsed time:      0.00 secs  +
 +++++++++++++++++++++++++++++++++++++++++++++++++++++++++++++++++++++++++++++
