
 +++++++++++++++++++++++++++++++++++++++++++++++++++++++++++++++++++
 +  SHELXL -  CRYSTAL STRUCTURE REFINEMENT  -   MULTI-CPU VERSION  +
 +  Copyright(C) George M. Sheldrick 1993-2023     Version 2019/3  +
 +  job                        started at 19:41:13 on 21-Sep-2026  +
 +++++++++++++++++++++++++++++++++++++++++++++++++++++++++++++++++++

 Command line parameters: job -a50000 -b3000 -c624 -g0 -m0 -t4

 -a sets the approximate maximum number of atoms including hydrogens.
 -b sets the maximum number of full-matrix parameters (not used by CGLS).
 For example -b9000 allows refinement of 1000 anisotropic atoms or 3000
 with BLOC 1. For a 32-bit version, -b times the square root of the
 number of threads should not exceed about 65500. -c sets the reflection
 buffer size. This depends on the CPU cache size but will rarely
 need changing.

 -g sets the number of reflection groups used for calculating R_complete,
 This must be greater than 1 but not greater than the total number of
 reflections for refinement. -m sets the current reflection group number.
 This may not be less than 1 nor greater than the number set by -g. These
 command line flags override other ways of defining free-R reflections.
 The -m value is also used as a seed for the WIGL pseudo-random shifts.

 -t sets the number of threads, otherwise it is set to the apparent
 number of CPUs. For optimal performance on hyperthreading systems,
 -t should be set to a little more than half the number of CPUs;
 e.g. -t4 or -t5 for an Intel i7 processor.

 Running  4 threads on  4 processors

 TITL CrystalPilot cross-check in P 6/m m m
 CELL 0.68883 39.19000 39.19000 16.61000 90.0000 90.0000 120.0000
 ZERR 24 0.00000 0.00000 0.00000 0.0000 0.0000 0.0000
 LATT 1
 SYMM X-Y,X,Z
 SYMM Y,-X+Y,Z
 SYMM -Y,X-Y,Z
 SYMM -X+Y,-X,Z
 SYMM X-Y,-Y,-Z
 SYMM -X,-X+Y,-Z
 SYMM -X,-Y,Z
 SYMM Y,X,-Z
 SYMM -Y,-X,-Z
 SYMM -X+Y,Y,-Z
 SYMM X,X-Y,-Z
 SFAC C O Zr
 REM DISP lambda 0.68883 A is not a SHELXL built-in line (Cu/Mo/Ag K-alpha):
 REM DISP f'/f'' from cctbx (sasaki: C O Zr), mu = NIST attenuation in
 REM DISP barn/atom
 DISP $C 0.002 0.002 10.99
 DISP $O 0.007 0.006 30.28
 DISP $Zr -9.041 2.772 14341.91
 UNIT 486.0 124.0 18.0

 V =    22092.79     F(000) =    4628.0     Mu =   1.21 mm-1      Cell Wt =     9462.82    Rho =  0.711

  
 L.S. 6
 BOND $H
 CONF
 ACTA
 FMAP 2
 PLAN 20
  
 SHEL 999 1.000
  
 WGHT 0.100000 0.000000
 FVAR 0.05146
 ZR01  3   0.463835   0.536165   0.500000    10.25000     0.08664     0.08664 =
       0.06685     0.00000     0.00000     0.05480
 ZR02  3   0.544739   0.544739   0.393713    10.50000     0.09267     0.09267 =
       0.08406     0.01368     0.01368     0.05893
 O003  2   0.481260   0.586428   0.581178    11.00000     0.10557     0.10794 =
       0.09354    -0.00310    -0.00431     0.07257
 O004  2   0.533910   0.592828   0.649892    11.00000     0.11516     0.11937 =
       0.12307    -0.04070    -0.02921     0.07170
 O005  2   0.526661   0.562541   0.500000    10.50000     0.11986     0.22399 =
       0.10875     0.00000     0.00000     0.11536
 O006  2   0.538267   0.538267   0.262137    10.50000     0.20326     0.20326 =
       0.08732     0.02037     0.02037     0.15809
 O007  2   0.601029   0.601029   0.411655    10.50000     0.09298     0.09298 =
       0.28254     0.00827     0.00827     0.04372
 O008  2   0.517261   0.482739   0.393078    10.50000     0.11772     0.11772 =
       0.15113     0.02723    -0.02723     0.06194
 C009  1   0.507829   0.601595   0.634113    11.00000     0.10372     0.11140 =
       0.10641     0.00263    -0.00793     0.07074
 C00A  1   0.505000   0.689858   0.780162    11.00000     0.24770     0.11311 =
       0.08676     0.00284    -0.00561     0.12755
 O00B  1   0.477256   0.641379   0.673598    11.00000     0.16177     0.11845 =
       0.11398    -0.02339    -0.01098     0.10202
 C00C  1   0.507310   0.632652   0.686587    11.00000     0.15077     0.09777 =
       0.10975    -0.01910    -0.01615     0.08440
 O00D  1   0.474660   0.669158   0.722752    11.00000     0.21671     0.12802 =
       0.10392    -0.03247    -0.03446     0.10925
 C00E  1   0.504988   0.721803   0.831666    11.00000     0.22633     0.11231 =
       0.09659    -0.02486    -0.01495     0.11723
 O00F  1   0.504581   0.752290   0.787581    10.50000     0.21512     0.08984 =
       0.14596    -0.02337    -0.04673     0.10756
 O00G  1   0.538043   0.652445   0.741619    11.00000     0.18213     0.11087 =
       0.10030    -0.04160    -0.03651     0.08159
 C00H  1   0.504574   0.721260   0.914200    11.00000     0.25236     0.11525 =
       0.05850    -0.01455    -0.00667     0.10534
 C00I  1   0.502754   0.751377   0.957567    10.50000     0.28108     0.11800 =
       0.07482    -0.01165    -0.02329     0.14054
 O00J  1   0.537833   0.681877   0.791031    11.00000     0.25611     0.12728 =
       0.11027    -0.00340    -0.01521     0.13210
 O00K  2   0.570754   0.429246   0.134123    10.50000     0.29240
 O00L  1   0.504724   0.687496   0.958527    11.00000     0.27992     0.15238 =
       0.08608     0.01881     0.01344     0.14499
 C00N  1   0.594346   0.405654   0.098508    10.50000     0.20372
 C00O  1   0.628239   0.628239   0.464327    10.50000     0.90775
 C00P  1   0.768763   0.384381   0.500000    10.25000     0.59848
 C00Q  1   0.800483   0.400241   0.500000    10.25000     0.41081
 C00R  1   0.594771   0.672025   0.000000    10.50000     0.33543
 C00S  1   0.704197   0.560648   0.500000    10.50000     0.39336
 C00T  1   0.539253   0.460747   0.207711    10.50000     0.39239
 C00U  1   0.664960   0.584773   0.500000    10.50000     0.44759
 C00W  1   1.000000   1.000000   0.027156    10.08333     0.30203
 C00Y  1   0.586186   0.642208   0.065737    11.00000     0.85501
 C00Z  1   0.482216   0.408973   0.104805    11.00000     0.73624
 C011  1   0.961978   0.923956   0.500000    10.25000     1.31055
 O012  2   0.643731   0.643731   0.239579    10.50000     0.64257
 C013  1   0.547432   0.452568   0.125261    10.50000     1.91423
 C014  1   0.930166   0.860332   0.597830    10.50000     1.29521
 O015  2   0.666667   0.333333   0.138550    10.16667     1.05749
 C016  1   1.000000   1.000000   0.130352    10.08333     2.00000
 C017  1   0.554718   0.445282  -0.156960    10.50000     1.25031
 C018  1   1.000000   1.000000   0.709858    10.08333     2.00000
 C019  1   0.747620   0.428955   0.500000    10.50000     0.92122
 C01A  1   0.550493   0.449507   0.000000    10.25000     1.37690
 C01B  1   0.926752   0.853505   0.727727    10.50000     1.21103
 C01C  1   0.780922   0.390461   0.579990    10.50000     1.37023
 HKLF 4



 Covalent radii and connectivity table for  CrystalPilot cross-check in P 6/m m m                                      
 C      0.770
 O      0.660
 ZR     1.590

 Zr01 - O005_$4 O005 O008_$2 O008_$1 O003_$3 O003_$5 O003_$4 O003 Zr02_$3 Zr02_$2 Zr02_$1 Zr02
 Zr02 - O008_$2 O008 O005 O005_$6 O006 O007 O004_$6 O004_$3 Zr01_$1 Zr01 Zr02_$2 Zr02_$3
 O003 - C009 Zr01
 O004 - C009 Zr02_$3
 O005 - Zr01 Zr02_$3 Zr02
 O006 - Zr02
 O007 - C00O Zr02
 O008 - Zr02 Zr02_$2 Zr01_$1
 C009 - O004 O003 C00C
 C00A - O00D O00J C00E
 O00B - C00C O00D
 C00C - O00B O00G C009
 O00D - O00B C00A
 C00E - C00H O00F C00A
 O00F - C00E C00E_$7
 O00G - C00C O00J
 C00H - C00E C00I O00L
 C00I - C00I_$8 C00H_$7 C00H
 O00J - O00G C00A
 O00K - C017_$9 C013 C00N
 O00L - O00L_$8 C00H
 C00N - O00K
 C00O - C00O_$3 O007
 C00P - C00Q C01C_$3 C01C
 C00Q - C00P C01C_$3 C01C
 C00R - C00Y_$9 C00Y
 C00S - no bonds found
 C00T - C017_$9 C013
 C00U - no bonds found
 C00W - C00W_$10 C016
 C00Y - C00R
 C00Z - no bonds found
 C011 - no bonds found
 O012 - no bonds found
 C013 - C017_$9 C00T O00K
 C014 - no bonds found
 O015 - no bonds found
 C016 - C00W
 C017 - C013_$9 O00K_$9 C00T_$9
 C018 - no bonds found
 C019 - no bonds found
 C01A - no bonds found
 C01B - no bonds found
 C01C - C00P C00Q


 Operators for generating equivalent atoms:
 $1   -x+1, -y+1, -z+1
 $2   -x+1, -y+1, z
 $3   x, y, -z+1
 $4   -y+1, -x+1, z
 $5   -y+1, -x+1, -z+1
 $6   y, x, -z+1
 $7   x, x-y+1, z
 $8   x, y, -z+2
 $9   x, y, -z
 $10  -x+2, -y+2, -z

   179481  Reflections outside SHEL resolution limits rejected


   337815  Reflections read, of which  179481  rejected

 -39 =< h =< 39,    -39 =< k =< 39,    -16 =< l =< 16,   Max. 2-theta =   40.28

        0  Systematic absence violations (I>3sig(I)) before merging

        0  Inconsistent equivalents

     4395  Unique reflections, of which       0  suppressed

 R(int) = 0.5659     R(sigma) = 0.1066      Friedel opposites merged

 Maximum memory for data reduction =     5644 /    48177


 Reflection statistics for all twin components combined (TWST 0 set)
 Number of data for d > 1.000A (CIF: max) and d > 1.000A (CIF: full)
 (ignoring systematic absences):
 Unique reflections found (point group)       4395    4395
 Unique reflections possible (point group)    4401    4401
 Unique reflections found (Laue group)        4395    4395
 Unique reflections possible (Laue group)     4401    4401

 Special position constraints for Zr01
 z =  0.5000   y = -1.0 * x + 1.0000   U22 = 1.0 * U11   U23 = 0   U13 = 0   
 sof = 0.25000   
 Input constraints retained (at least in part) for  sof

 Special position constraints for Zr02
 y =  1.0 * x + 0.0000   U22 = 1.0 * U11   U13 = 1.0 * U23   sof = 0.50000   
 Input constraints retained (at least in part) for  sof

 Special position constraints for O005
 z =  0.5000   U23 = 0   U13 = 0   sof = 0.50000   
 Input constraints retained (at least in part) for  sof

 Special position constraints for O006
 y =  1.0 * x + 0.0000   U22 = 1.0 * U11   U13 = 1.0 * U23   sof = 0.50000   
 Input constraints retained (at least in part) for  sof

 Special position constraints for O007
 y =  1.0 * x + 0.0000   U22 = 1.0 * U11   U13 = 1.0 * U23   sof = 0.50000   
 Input constraints retained (at least in part) for  sof

 Special position constraints for O008
 y = -1.0 * x + 1.0000   U22 = 1.0 * U11   U13 =-1.0 * U23   sof = 0.50000   
 Input constraints retained (at least in part) for  sof

 Special position constraints for O00F
 y =  0.5 * x + 0.5000   U13 = 2.0 * U23   U12 = 0.5 * U11   sof = 0.50000   
 Input constraints retained (at least in part) for  sof

 Special position constraints for C00I
 y =  0.5 * x + 0.5000   U13 = 2.0 * U23   U12 = 0.5 * U11   sof = 0.50000   
 Input constraints retained (at least in part) for  sof

 Special position constraints for O00K
 y = -1.0 * x + 1.0000   sof = 0.50000   
 Input constraints retained (at least in part) for  sof

 Special position constraints for C00N
 y = -1.0 * x + 1.0000   sof = 0.50000   
 Input constraints retained (at least in part) for  sof

 Special position constraints for C00O
 y =  1.0 * x + 0.0000   sof = 0.50000   
 Input constraints retained (at least in part) for  sof

 Special position constraints for C00P
 z =  0.5000   y =  0.5 * x + 0.0000   sof = 0.25000   
 Input constraints retained (at least in part) for  sof

 Special position constraints for C00Q
 z =  0.5000   y =  0.5 * x + 0.0000   sof = 0.25000   
 Input constraints retained (at least in part) for  sof

 Special position constraints for C00R
 z =  0.0000   sof = 0.50000   
 Input constraints retained (at least in part) for  sof

 Special position constraints for C00S
 z =  0.5000   sof = 0.50000   
 Input constraints retained (at least in part) for  sof

 Special position constraints for C00T
 y = -1.0 * x + 1.0000   sof = 0.50000   
 Input constraints retained (at least in part) for  sof

 Special position constraints for C00U
 z =  0.5000   sof = 0.50000   
 Input constraints retained (at least in part) for  sof

 Special position constraints for C00W
 x =  1.0000   y =  1.0000   sof = 0.08333   
 Input constraints retained (at least in part) for  sof

 Special position constraints for C011
 z =  0.5000   y =  2.0 * x - 1.0000   sof = 0.25000   
 Input constraints retained (at least in part) for  sof

 Special position constraints for O012
 y =  1.0 * x + 0.0000   sof = 0.50000   
 Input constraints retained (at least in part) for  sof

 Special position constraints for C013
 y = -1.0 * x + 1.0000   sof = 0.50000   
 Input constraints retained (at least in part) for  sof

 Special position constraints for C014
 y =  2.0 * x - 1.0000   sof = 0.50000   
 Input constraints retained (at least in part) for  sof

 Special position constraints for O015
 x =  0.6667   y =  0.3333   sof = 0.16667   
 Input constraints retained (at least in part) for  sof

 Special position constraints for C016
 x =  1.0000   y =  1.0000   sof = 0.08333   
 Input constraints retained (at least in part) for  sof

 Special position constraints for C017
 y = -1.0 * x + 1.0000   sof = 0.50000   
 Input constraints retained (at least in part) for  sof

 Special position constraints for C018
 x =  1.0000   y =  1.0000   sof = 0.08333   
 Input constraints retained (at least in part) for  sof

 Special position constraints for C019
 z =  0.5000   sof = 0.50000   
 Input constraints retained (at least in part) for  sof

 Special position constraints for C01A
 z =  0.0000   y = -1.0 * x + 1.0000   sof = 0.25000   
 Input constraints retained (at least in part) for  sof

 Special position constraints for C01B
 y =  2.0 * x - 1.0000   sof = 0.50000   
 Input constraints retained (at least in part) for  sof

 Special position constraints for C01C
 y =  0.5 * x + 0.0000   sof = 0.50000   
 Input constraints retained (at least in part) for  sof


 Least-squares cycle   1   Maximum vector length =  623   Memory required =     66 /   6249 /   327128

 wR2 =  0.3925 before cycle   1 for    4395 data and    221 /    221 parameters

 GooF = S =     1.881;     Restrained GooF =      1.881 for       0 restraints

 Weight = 1 / [ sigma^2(Fo^2) + ( 0.1000 * P )^2 +   0.00 * P ]   where  P = ( Max ( Fo^2, 0 ) + 2 * Fc^2 ) / 3


     N      value        esd    shift/esd  parameter

     1     0.05195     0.00036     1.356    OSF
   200     0.65529     0.01551     3.704     z  C014
   205     2.00000     1.26951     3.371    U11 C016
   211     0.72902     0.00407    -4.572     x  C019
   212     0.44408     0.00476     3.180     y  C019
   221     0.44411     0.24207    -3.826    U11 C01C

 Mean shift/esd =   0.511  Maximum =    -4.572 for   x  C019     

 Max. shift = 3.253 A for C018        Max. dU =-0.926 for C01C     


 Least-squares cycle   2   Maximum vector length =  623   Memory required =     66 /   6249 /   327128

 wR2 =  0.3862 before cycle   2 for    4395 data and    221 /    221 parameters

 GooF = S =     1.854;     Restrained GooF =      1.854 for       0 restraints

 Weight = 1 / [ sigma^2(Fo^2) + ( 0.1000 * P )^2 +   0.00 * P ]   where  P = ( Max ( Fo^2, 0 ) + 2 * Fc^2 ) / 3


     N      value        esd    shift/esd  parameter

     1     0.05235     0.00036     1.112    OSF
   191     0.93011     0.00539    -4.179     x  C011
   200     0.74009     0.02285     3.712     z  C014
   210     2.00000     3.53206     3.573    U11 C018
   221     0.61804     0.04657     3.735    U11 C01C

 Mean shift/esd =   0.482  Maximum =    -4.179 for   x  C011     

 Max. shift = 2.482 A for C016        Max. dU =-2.400 for C016     


 Least-squares cycle   3   Maximum vector length =  623   Memory required =     66 /   6249 /   327128

 wR2 =  0.4341 before cycle   3 for    4395 data and    221 /    221 parameters

 GooF = S =     2.164;     Restrained GooF =      2.164 for       0 restraints

 Weight = 1 / [ sigma^2(Fo^2) + ( 0.1000 * P )^2 +   0.00 * P ]   where  P = ( Max ( Fo^2, 0 ) + 2 * Fc^2 ) / 3


     N      value        esd    shift/esd  parameter

     1     0.05213     0.00041    -0.539    OSF
   181     0.08756     0.01103     4.134     z  C00W
   182     0.93420     0.10921     4.978    U11 C00W
   205     0.03824     0.00744     5.273    U11 C016
   209     4.00000     1.58057     3.885     z  C018
   210     2.00000     1.27846     7.608    U11 C018
   216     0.91240     0.00640    -4.333     x  C01B
   221     1.01299     0.10256     3.851    U11 C01C

 Mean shift/esd =   0.457  Maximum =     7.608 for  U11 C018     

 Max. shift =49.881 A for C018        Max. dU = 0.569 for C017     


 Least-squares cycle   4   Maximum vector length =  623   Memory required =     66 /   6249 /   327128

 wR2 =  0.3949 before cycle   4 for    4395 data and    221 /    221 parameters

 GooF = S =     1.914;     Restrained GooF =      1.914 for       0 restraints

 Weight = 1 / [ sigma^2(Fo^2) + ( 0.1000 * P )^2 +   0.00 * P ]   where  P = ( Max ( Fo^2, 0 ) + 2 * Fc^2 ) / 3


     N      value        esd    shift/esd  parameter

     1     0.05203     0.00037    -0.258    OSF
   201     2.00000     0.53959     4.262    U11 C014
   205     0.13648     0.00892    11.010    U11 C016
   210     2.00000     1.55873     4.062    U11 C018
   218    -0.40000     1.09446    -4.082    U11 C01B

 Mean shift/esd =   0.425  Maximum =    11.010 for  U11 C016     

 Max. shift =28.637 A for C018        Max. dU =-2.272 for C01B     


 Least-squares cycle   5   Maximum vector length =  623   Memory required =     66 /   6249 /   327128

 wR2 =  0.4896 before cycle   5 for    4395 data and    221 /    221 parameters

 GooF = S =     2.587;     Restrained GooF =      2.587 for       0 restraints

 Weight = 1 / [ sigma^2(Fo^2) + ( 0.1000 * P )^2 +   0.00 * P ]   where  P = ( Max ( Fo^2, 0 ) + 2 * Fc^2 ) / 3

 Shifts scaled down to reduce maximum shift/esd from   31.77  to   15.00


     N      value        esd    shift/esd  parameter

     1     0.04961     0.00046    -5.314    OSF
   218     0.02029     0.00284     7.500    U11 C01B

 Mean shift/esd =   0.305  Maximum =     7.500 for  U11 C01B     

 Max. shift = 3.091 A for C019        Max. dU =-0.966 for C013     


 Least-squares cycle   6   Maximum vector length =  623   Memory required =     66 /   6249 /   327128

 wR2 =  0.4770 before cycle   6 for    4395 data and    221 /    221 parameters

 GooF = S =     2.392;     Restrained GooF =      2.392 for       0 restraints

 Weight = 1 / [ sigma^2(Fo^2) + ( 0.1000 * P )^2 +   0.00 * P ]   where  P = ( Max ( Fo^2, 0 ) + 2 * Fc^2 ) / 3

 Shifts scaled down to reduce maximum shift/esd from   28.50  to   15.00


     N      value        esd    shift/esd  parameter

     1     0.04958     0.00044    -0.064    OSF
   166     0.39387     0.19157    -1.553    U11 C00P
   168     0.30461     0.03599     1.082    U11 C00Q
   182     2.00000     4.21738     2.161    U11 C00W
   192     2.00000     0.71236     1.596    U11 C011
   196     0.51451     0.00415    -1.276     x  C013
   199     0.91940     0.00601     1.308     x  C014
   200     0.65297     0.02819    -1.893     z  C014
   205     0.26060     0.04130     1.641    U11 C016
   209     1.89750     0.15147    -1.954     z  C018
   210    -0.40000     4.08962    -1.128    U11 C018
   212     0.44556     0.00479    -1.456     y  C019
   213     0.92765     0.09318     2.671    U11 C019
   215     1.00643     0.83591    -1.005    U11 C01A
   218     0.07276     0.00372    14.114    U11 C01B
   220     0.61023     0.01775     1.910     z  C01C
   221     1.47118     0.26044     1.204    U11 C01C

 Mean shift/esd =   0.339  Maximum =    14.114 for  U11 C01B     

 Max. shift = 4.915 A for C018        Max. dU =-2.400 for C018     


 Largest correlation matrix elements

     0.932 U12 O006 / U11 O006               0.704 U12 C00E / U11 C00E               0.675 U12 O00D / U11 O00D
    -0.914 U11 C018 / U11 C00W               0.703 U12 O00L / U11 O00L               0.673 U12 C00E / U22 C00E
     0.870 U12 Zr02 / U11 Zr02               0.697 U12 O00J / U22 O00J               0.672 U12 C00A / U11 C00A
     0.866 U12 Zr01 / U11 Zr01               0.693 U12 O005 / U11 O005               0.664 U12 C00C / U11 C00C
     0.837 U12 O008 / U11 O008               0.686 U12 O00L / U22 O00L               0.661 U12 O005 / U22 O005
     0.831 U12 O007 / U11 O007               0.678 U12 O003 / U22 O003               0.657 U12 O003 / U11 O003
    -0.726 x C01C / x C00P                   0.677 U12 C00A / U22 C00A              -0.653 z C018 / U11 C00W
     0.710 y C00Y / x C00Y                   0.676 U12 O00B / U22 O00B               0.645 U12 O00B / U11 O00B



  CrystalPilot cross-check in P 6/m m m                                      

 ATOM           x        y        z         sof        U11      U22      U33      U23      U13      U12       Ueq

 Zr01        0.46385  0.53615  0.50000    0.25000    0.08357  0.08357  0.06277  0.00000  0.00000  0.05278   0.07175
   0.00000   0.00006  0.00006  0.00000    0.00000    0.00271  0.00271  0.00294  0.00000  0.00000  0.00301   0.00157

 Zr02        0.54474  0.54474  0.39373    0.50000    0.08813  0.08813  0.08201  0.01318  0.01318  0.05588   0.08084
   0.00796   0.00009  0.00009  0.00019    0.00000    0.00207  0.00207  0.00247  0.00184  0.00184  0.00222   0.00135

 O003        0.48142  0.58655  0.58143    1.00000    0.10545  0.10081  0.08925 -0.00327 -0.00264  0.07046   0.09010
   0.03142   0.00039  0.00036  0.00076    0.00000    0.01000  0.00957  0.00913  0.00771  0.00776  0.00844   0.00380

 O004        0.53388  0.59314  0.65027    1.00000    0.10576  0.10965  0.12415 -0.04046 -0.02712  0.06377   0.10878
   0.02709   0.00039  0.00038  0.00080    0.00000    0.01073  0.01059  0.01120  0.00857  0.00870  0.00914   0.00454

 O005        0.52705  0.56289  0.50000    0.50000    0.10399  0.21595  0.09443  0.00000  0.00000  0.10239   0.12817
   0.04020   0.00052  0.00064  0.00000    0.00000    0.01454  0.02157  0.01311  0.00000  0.00000  0.01507   0.00707

 O006        0.53838  0.53838  0.26180    0.50000    0.20895  0.20895  0.07766  0.01517  0.01517  0.16621   0.13775
   0.05460   0.00063  0.00063  0.00106    0.00000    0.01661  0.01661  0.01270  0.01269  0.01269  0.01831   0.00748

 O007        0.60123  0.60123  0.41109    0.50000    0.09038  0.09038  0.28483  0.01694  0.01694  0.04674   0.15451
   0.04852   0.00048  0.00048  0.00174    0.00000    0.01005  0.01005  0.02631  0.01358  0.01358  0.01205   0.00888

 O008        0.51737  0.48263  0.39312    0.50000    0.11124  0.11124  0.15422  0.02419 -0.02419  0.06042   0.12343
   0.01964   0.00026  0.00026  0.00118    0.00000    0.01056  0.01056  0.01791  0.00652  0.00652  0.01200   0.00687

 C009        0.50818  0.60208  0.63379    1.00000    0.11366  0.10543  0.09663 -0.00038 -0.00764  0.07412   0.09664
   0.05620   0.00073  0.00063  0.00132    0.00000    0.01981  0.01788  0.01706  0.01401  0.01481  0.01606   0.00640

 C00A        0.50424  0.68928  0.78082    1.00000    0.25351  0.10141  0.08007  0.00551 -0.00140  0.12112   0.13060
   0.06433   0.00093  0.00065  0.00130    0.00000    0.03130  0.01823  0.01591  0.01380  0.01848  0.02097   0.00886

 O00B        0.47749  0.64122  0.67360    1.00000    0.16684  0.11399  0.09853 -0.02407 -0.00921  0.09620   0.11490
   0.04822   0.00069  0.00062  0.00123    0.00000    0.02124  0.01749  0.01564  0.01336  0.01461  0.01713   0.00711

 C00C        0.50772  0.63273  0.68593    1.00000    0.14570  0.09552  0.10922 -0.01911 -0.01704  0.08657   0.10514
   0.05366   0.00073  0.00061  0.00134    0.00000    0.02073  0.01602  0.01704  0.01386  0.01579  0.01621   0.00654

 O00D        0.47455  0.66941  0.72285    1.00000    0.21269  0.11732  0.09348 -0.02895 -0.02709  0.09937   0.13367
   0.05872   0.00077  0.00070  0.00142    0.00000    0.02788  0.01888  0.01708  0.01494  0.01744  0.01986   0.00889

 C00E        0.50453  0.72175  0.83277    1.00000    0.22014  0.09672  0.09976 -0.02245 -0.01029  0.10546   0.12721
   0.05157   0.00074  0.00061  0.00143    0.00000    0.02581  0.01728  0.01811  0.01508  0.01758  0.01817   0.00809

 O00F        0.50292  0.75146  0.78976    0.50000    0.23947  0.09066  0.11963 -0.01905 -0.03811  0.11974   0.13338
   0.06689   0.00107  0.00054  0.00179    0.00000    0.03878  0.01393  0.02589  0.01263  0.02525  0.01939   0.01259

 O00G        0.53911  0.65234  0.74094    1.00000    0.17728  0.11336  0.10300 -0.04569 -0.03971  0.07962   0.12812
   0.05469   0.00076  0.00067  0.00133    0.00000    0.02295  0.01831  0.01612  0.01425  0.01650  0.01784   0.00802

 C00H        0.50459  0.72125  0.91527    1.00000    0.23648  0.12686  0.05482 -0.01645 -0.00405  0.10052   0.13508
   0.05349   0.00078  0.00069  0.00122    0.00000    0.02816  0.02112  0.01394  0.01339  0.01548  0.02032   0.00915

 C00I        0.50338  0.75169  0.95893    0.50000    0.26603  0.11399  0.06565 -0.00869 -0.01737  0.13301   0.13166
   0.06499   0.00105  0.00052  0.00146    0.00000    0.03896  0.01444  0.01816  0.01011  0.02021  0.01948   0.01216

 O00J        0.53812  0.68175  0.79165    1.00000    0.24414  0.12122  0.12310  0.00150 -0.01215  0.12507   0.14783
   0.05757   0.00085  0.00069  0.00137    0.00000    0.02960  0.01963  0.01934  0.01566  0.01902  0.02146   0.00916

 O00K        0.56908  0.43092  0.13547    0.50000    0.28491
   0.04097   0.00061  0.00061  0.00247    0.00000    0.01611

 O00L        0.50412  0.68674  0.95982    1.00000    0.26949  0.14379  0.07888  0.01894  0.00600  0.13732   0.14894
   0.05429   0.00078  0.00067  0.00105    0.00000    0.02865  0.01964  0.01430  0.01258  0.01525  0.02090   0.00933

 C00N        0.59356  0.40644  0.09831    0.50000    0.20573
   0.04306   0.00070  0.00070  0.00259    0.00000    0.01750

 C00O        0.61096  0.61096  0.41088    0.50000    1.70821
   0.83596   0.01011  0.01011  0.01997    0.00000    0.33204

 C00P        0.76272  0.38136  0.50000    0.25000    0.39387
   0.61061   0.01039  0.00519  0.00000    0.00000    0.19157

 C00Q        0.80232  0.40116  0.50000    0.25000    0.30461
   0.16490   0.00281  0.00140  0.00000    0.00000    0.03599

 C00R        0.59553  0.67247  0.00000    0.50000    0.32886
   0.13796   0.00193  0.00211  0.00000    0.00000    0.03120

 C00S        0.71235  0.55970  0.50000    0.50000    0.53546
   0.20334   0.00301  0.00307  0.00000    0.00000    0.05871

 C00T        0.53870  0.46130  0.20774    0.50000    0.39359
   0.09925   0.00176  0.00176  0.00598    0.00000    0.04545

 C00U        0.66551  0.58386  0.50000    0.50000    0.42019
   0.17376   0.00262  0.00254  0.00000    0.00000    0.04127

 C00W        1.00000  1.00000 -0.13051    0.08333    2.00000
   1.99917   0.00000  0.00000  0.12036    0.00000    4.21738

 C00Y        0.57081  0.62758  0.06512    1.00000    1.07489
   0.36193   0.00501  0.00492  0.00868    0.00000    0.14582

 C00Z        0.48919  0.41233  0.11568    1.00000    0.79038
   0.42699   0.00555  0.00511  0.00919    0.00000    0.09228

 C011        0.93487  0.86974  0.50000    0.25000    2.00000
   1.23177   0.01048  0.02095  0.00000    0.00000    0.71236

 O012        0.64019  0.64019  0.25376    0.50000    0.66091
   0.18159   0.00209  0.00209  0.00540    0.00000    0.05205

 C013        0.51451  0.48549  0.17879    0.50000    1.24280
   0.27152   0.00415  0.00415  0.01635    0.00000    0.26046

 C014        0.91940  0.83880  0.65297    0.50000    1.90372
   0.86675   0.00601  0.01203  0.02819    0.00000    0.50590

 O015        0.66667  0.33333  0.20707    0.16667    1.05765
   0.31847   0.00000  0.00000  0.01917    0.00000    0.25407

 C016        1.00000  1.00000  0.04107    0.08333    0.26060
   0.08836   0.00000  0.00000  0.00532    0.00000    0.04130

 C017        0.56098  0.43902 -0.25906    0.50000    2.00000
   0.66219   0.01170  0.01170  0.03987    0.00000    0.68372

 C018        1.00000  1.00000  1.89750    0.08333   -0.00100
   2.51590   0.00000  0.00000  0.15147    0.00000    4.08962

 C019        0.80187  0.44556  0.50000    0.50000    0.92765
   0.31483   0.00437  0.00479  0.00000    0.00000    0.09318

 C01A        0.53770  0.46230  0.00000    0.25000    1.00643
   0.00000   0.01201  0.01201  0.00000    0.00000    0.83591

 C01B        0.92902  0.85804  0.61845    0.50000    0.07276
   0.02751   0.00020  0.00041  0.00083    0.00000    0.00372

 C01C        0.76544  0.38272  0.61023    0.50000    1.47118
   0.72288   0.01114  0.00557  0.01775    0.00000    0.26044



 Final Structure Factor Calculation for  CrystalPilot cross-check in P 6/m m m                                      

 Total number of l.s. parameters =   221  Maximum vector length =  623   Memory required =     66 /   6028 /    26789

 wR2 =  0.4592 before cycle   7 for    4395 data and      0 /    221 parameters

 GooF = S =     2.288;     Restrained GooF =      2.288 for       0 restraints

 Weight = 1 / [ sigma^2(Fo^2) + ( 0.1000 * P )^2 +   0.00 * P ]   where  P = ( Max ( Fo^2, 0 ) + 2 * Fc^2 ) / 3

 wR2 = 0.4592, GooF = S = 2.288, Restrained GooF = 2.288 for all data
 R1 = 0.1754 for 2063 Fo > 4sig(Fo) and 0.2652 for all 4395 data

 Occupancy sum of asymmetric unit =    26.17 for non-hydrogen and     0.00 for H and D atoms



 Principal mean square atomic displacements U

   0.0909   0.0628   0.0616   Zr01  
   0.1058   0.0723   0.0645   Zr02  
   0.1163   0.0889   0.0652   O003  
   0.1604   0.0907   0.0753   O004  
   0.2162   0.0944   0.0738   O005  
   0.2519   0.0855   0.0759   O006    may be split into  0.5444  0.5414  0.2630  and  0.5324  0.5354  0.2606
   0.2868   0.0895   0.0873   O007    may be split into  0.6019  0.6016  0.4244  and  0.6006  0.6009  0.3978
   0.1830   0.1144   0.0729   O008  
   0.1239   0.0973   0.0687   C009  
   0.2537   0.0822   0.0559   C00A    may be split into  0.5094  0.6891  0.7807  and  0.4991  0.6895  0.7809
   0.1716   0.1091   0.0640   O00B  
   0.1563   0.1031   0.0560   C00C  
   0.2187   0.1106   0.0717   O00D  
   0.2211   0.1079   0.0527   C00E  
   0.2506   0.1085   0.0411   O00F  
   0.1946   0.1277   0.0621   O00G  
   0.2398   0.1154   0.0500   C00H  
   0.2675   0.0642   0.0633   C00I    may be split into  0.5091  0.7517  0.9578  and  0.4977  0.7517  0.9601
   0.2454   0.1236   0.0745   O00J  
   0.2698   0.1093   0.0678   O00L  
  -0.0010  -0.0010  -0.0010   C018   ** NON POSITIVE DEFINITE **

 ** Warning:     4  atoms may be split and     1  atoms NPD **



 Analysis of variance for reflections employed in refinement      K = Mean[Fo^2] / Mean[Fc^2]  for group


 Fc/Fc(max)       0.000    0.006    0.011    0.016    0.021    0.027    0.035    0.047    0.063    0.106    1.000

 Number in group       487.     476.     425.     426.     400.     432.     447.     430.     438.     434.

            GooF      0.940    1.355    1.157    1.329    1.537    1.890    2.478    2.900    3.507    3.572

             K        0.903    1.711    1.320    1.013    1.116    1.200    1.102    1.364    1.198    1.140


 Resolution(A)    1.00     1.04     1.08     1.13     1.20     1.28     1.38     1.52     1.77     2.26     inf

 Number in group       445.     444.     438.     443.     436.     431.     437.     444.     437.     440.

            GooF      1.046    1.040    1.110    1.256    1.215    1.331    1.601    1.796    2.656    5.467

             K        1.133    1.058    1.079    1.038    0.955    0.910    1.012    1.032    1.126    1.257

             R1       0.435    0.357    0.336    0.302    0.321    0.304    0.181    0.151    0.158    0.245


 Recommended weighting scheme:  WGHT    0.2000    0.0000
 [Weight parameters refined to    0.4102       29.87  but appear excessive]


 Most Disagreeable Reflections (* if suppressed or used for Rfree).
 Error/esd is calculated as sqrt(wD^2/<wD^2>) where w is given by the weight
 formula, D = Fo^2-Fc^2 and <> refers to the average over all reflections.

     h   k   l          Fo^2          Fc^2    Error/esd  Fc/Fc(max)  Resolution(A)

    -1   4   2      15129.40        762.39       9.24       0.038       6.23
    -3   7   0       9502.11         22.51       8.63       0.006       5.58
     0   1   2      13467.38        521.42       8.46       0.031       8.07
    -2   7   2       9250.59       1404.19       7.13       0.051       4.55
    -1   4   0      58824.64       7588.57       7.10       0.119       9.41
    -2   4   0     163616.38       2806.21       7.03       0.072       9.80
     0   5   3      12380.13       1317.19       7.03       0.050       4.29
    -1   4   1      20245.31       3676.28       6.92       0.083       8.19
    -3  10   0      13063.94       1396.81       6.88       0.051       3.82
    -4  10   0      11740.39       1308.74       6.87       0.049       3.89
    -2   8   1       6486.09       1004.13       6.86       0.043       4.53
    -2   6   5       4046.05        356.12       6.84       0.026       2.95
    -2   6   0       7339.32        894.77       6.74       0.041       6.41
    -3   6   0      13725.67       1164.37       6.37       0.047       6.53
     0   7   1      31580.21       5813.55       6.36       0.104       4.65
     0   4   1      35976.85       6783.47       6.19       0.112       7.56
    -1   2   4      15211.90       2856.79       6.17       0.073       4.06
     0   7   2      31111.40       6494.50       5.92       0.110       4.19
     0   4   2      18555.96       3679.83       5.91       0.083       5.94
    -4   9   2       4414.48        850.59       5.75       0.040       3.85
    -1   6   1       1133.58      10843.10       5.66       0.142       5.72
    -3  10   1       3033.72        227.16       5.51       0.021       3.72
    -2  10   1       7615.55       1939.63       5.47       0.060       3.61
    -1   5   3       5372.62       1510.76       5.13       0.053       4.43
    -4  12   2      13659.93       4295.22       5.03       0.089       2.99
     0   0   2     207500.09       1735.43       4.96       0.057       8.31
    -4   8   0       1407.47       9178.81       4.93       0.131       4.90
    -4  10   4        301.67       3054.60       4.87       0.075       2.84
     0   6   1      13108.26       3773.12       4.84       0.084       5.35
     0   3   3        248.79       2993.68       4.80       0.075       4.97
    -1   8   0       8331.80       2486.56       4.51       0.068       4.50
     0   5   4      77682.53      26109.65       4.50       0.220       3.54
    -2   6   3        591.92       3346.63       4.49       0.079       4.19
    -2  10   0      75403.91      26057.97       4.44       0.220       3.70
     0   3   1      16466.59       5438.24       4.38       0.101       9.35
    -1   3   2       1703.24       6700.29       4.36       0.112       6.97
    -1   8   3         57.57       2077.42       4.31       0.062       3.49
    -3  12   1        196.95       2207.18       4.24       0.064       3.08
    -3   9   6       2639.67        569.12       4.23       0.033       2.32
    -2   6   1      18122.11       7106.25       4.21       0.115       5.98
     0   3   0     103693.66     357210.66       4.09       0.815      11.31
     0   4   3      28299.31      10827.34       4.05       0.142       4.64
    -1   3   1      34203.73     105088.89       3.88       0.442      10.15
    -1   6   2      37884.86      16106.09       3.85       0.173       4.91
    -4  10   1      90569.68      39048.98       3.83       0.270       3.79
    -5  11   0       3880.75      12384.05       3.82       0.152       3.56
     0   9   2      11486.83       4461.86       3.81       0.091       3.43
    -2   5   0       4955.70      14732.17       3.76       0.166       7.79
     0   8   1       2053.70        102.98       3.72       0.014       4.11
    -1  15   0      17226.93       6715.95       3.72       0.112       2.34



 Bond lengths and angles

 Zr01 -          Distance        Angles
 O005_$4   2.1526 (0.0174) 
 O005      2.1532 (0.0173)  109.87 (1.15)
 O008_$2   2.1861 (0.0171)   70.40 (0.40)  70.43 (0.40)
 O008_$1   2.1861 (0.0171)   70.40 (0.40)  70.43 (0.40) 108.60 (1.06)
 O003_$3   2.2015 (0.0129)  141.83 (0.31)  78.20 (0.54)  78.27 (0.53) 142.61 (0.32)
 O003_$5   2.2012 (0.0130)   78.22 (0.54) 141.82 (0.31)  78.25 (0.53) 142.60 (0.31)  74.47 (0.63)
 O003_$4   2.2012 (0.0130)   78.22 (0.54) 141.82 (0.31) 142.60 (0.31)  78.25 (0.53) 119.15 (0.69)  75.82 (0.62)
 O003      2.2016 (0.0129)  141.83 (0.31)  78.20 (0.54) 142.61 (0.32)  78.27 (0.53)  75.81 (0.62) 119.15 (0.69)  74.46 (0.63)
 Zr02_$3   3.4943 (0.0037)   90.42 (0.51)  35.50 (0.29)  90.03 (0.47)  34.93 (0.26) 111.23 (0.33) 165.83 (0.36) 110.42 (0.32)
 Zr02_$2   3.4938 (0.0037)   35.50 (0.29)  90.42 (0.51)  34.91 (0.26)  90.03 (0.47) 110.41 (0.32)  75.03 (0.34) 111.25 (0.33)
 Zr02_$1   3.4938 (0.0037)   35.50 (0.29)  90.42 (0.51)  90.03 (0.47)  34.91 (0.26) 165.82 (0.36) 111.25 (0.33)  75.03 (0.34)
 Zr02      3.4943 (0.0037)   90.42 (0.51)  35.50 (0.29)  34.93 (0.26)  90.03 (0.47)  75.02 (0.34) 110.42 (0.32) 165.83 (0.36)
                 Zr01            O005_$4       O005          O008_$2       O008_$1       O003_$3       O003_$5       O003_$4      

 Zr02 -          Distance        Angles
 O008_$2   2.1129 (0.0100) 
 O008      2.1116 (0.0100)   67.78 (0.80)
 O005      2.1438 (0.0106)   72.00 (0.66) 108.90 (0.80)
 O005_$6   2.1436 (0.0107)  108.89 (0.80)  72.00 (0.65)  69.15 (0.81)
 O006      2.2057 (0.0183)   84.34 (0.79)  84.24 (0.79) 145.02 (0.40) 144.85 (0.40)
 O007      2.2302 (0.0200)  145.56 (0.41) 145.36 (0.41)  83.71 (0.83)  83.60 (0.83) 103.97 (1.01)
 O004_$6   2.2627 (0.0132)  139.80 (0.55)  76.85 (0.56) 140.27 (0.56)  76.14 (0.57)  73.42 (0.45)  73.62 (0.45)
 O004_$3   2.2630 (0.0132)   76.86 (0.56) 139.81 (0.55)  76.12 (0.57) 140.26 (0.56)  73.59 (0.45)  73.79 (0.45) 125.45 (0.70)
 Zr01_$1   3.4937 (0.0037)   88.70 (0.50)  36.33 (0.46)  89.12 (0.50)  35.67 (0.46) 116.34 (0.41) 115.54 (0.47)  72.68 (0.35)
 Zr01      3.4943 (0.0037)   36.33 (0.46)  88.71 (0.50)  35.68 (0.47)  89.11 (0.50) 116.47 (0.41) 115.69 (0.47) 161.88 (0.36)
 Zr02_$2   3.5067 (0.0071)   33.88 (0.40)  33.91 (0.40)  90.23 (0.55)  90.24 (0.55)  83.46 (0.65) 172.57 (0.74) 108.98 (0.34)
 Zr02_$3   3.5301 (0.0064)   90.28 (0.55)  90.28 (0.55)  34.58 (0.41)  34.57 (0.41) 173.46 (0.66)  82.57 (0.74) 108.85 (0.37)
                 Zr02            O008_$2       O008          O005          O005_$6       O006          O007          O004_$6      

 O003 -          Distance        Angles
 C009      1.2604 (0.0217) 
 Zr01      2.2016 (0.0129)  131.95 (1.29)
                 O003            C009         

 O004 -          Distance        Angles
 C009      1.2507 (0.0210) 
 Zr02_$3   2.2631 (0.0132)  132.79 (1.38)
                 O004            C009         

 O005 -          Distance        Angles
 Zr01      2.1532 (0.0173) 
 Zr02_$3   2.1438 (0.0106)  108.82 (0.63)
 Zr02      2.1438 (0.0106)  108.82 (0.63) 110.84 (0.82)
                 O005            Zr01          Zr02_$3      

 O006 -          Distance        Angles
 Zr02      2.2057 (0.0183) 
                 O006           

 O007 -          Distance        Angles
 C00O      0.4009 (0.4105) 
 Zr02      2.2302 (0.0199)  170.86 (9.99)
                 O007            C00O         

 O008 -          Distance        Angles
 Zr02      2.1116 (0.0100) 
 Zr02_$2   2.1130 (0.0100)  112.21 (0.80)
 Zr01_$1   2.1859 (0.0171)  108.76 (0.61) 108.73 (0.61)
                 O008            Zr02          Zr02_$2      

 C009 -          Distance        Angles
 O004      1.2507 (0.0210) 
 O003      1.2604 (0.0215)  127.45 (2.06)
 C00C      1.4882 (0.0257)  115.79 (2.17) 116.63 (2.05)
                 C009            O004          O003         

 C00A -          Distance        Angles
 O00D      1.4076 (0.0282) 
 O00J      1.5080 (0.0303)  122.59 (2.05)
 C00E      1.5330 (0.0259)  120.34 (2.49) 116.97 (2.41)
                 C00A            O00D          O00J         

 O00B -          Distance        Angles
 C00C      1.3965 (0.0245) 
 O00D      1.4251 (0.0252)  120.52 (2.10)
                 O00B            C00C         

 C00C -          Distance        Angles
 O00B      1.3965 (0.0245) 
 O00G      1.4119 (0.0251)  125.25 (2.04)
 C009      1.4882 (0.0257)  117.45 (2.17) 117.21 (2.18)
                 C00C            O00B          O00G         

 O00D -          Distance        Angles
 O00B      1.4251 (0.0252) 
 C00A      1.4076 (0.0283)  117.15 (2.24)
                 O00D            O00B         

 C00E -          Distance        Angles
 C00H      1.3705 (0.0243) 
 O00F      1.3942 (0.0234)  121.71 (2.15)
 C00A      1.5330 (0.0258)  123.37 (1.93) 114.85 (1.99)
                 C00E            C00H          O00F         

 O00F -          Distance        Angles
 C00E      1.3942 (0.0234) 
 C00E_$7   1.3938 (0.0234)  118.13 (2.75)
                 O00F            C00E         

 O00G -          Distance        Angles
 C00C      1.4119 (0.0250) 
 O00J      1.4435 (0.0267)  116.64 (2.22)
                 O00G            C00C         

 C00H -          Distance        Angles
 C00E      1.3705 (0.0243) 
 C00I      1.4205 (0.0213)  119.81 (2.21)
 O00L      1.5335 (0.0248)  119.73 (1.84) 120.40 (1.78)
                 C00H            C00E          C00I         

 C00I -          Distance        Angles
 C00I_$8   1.3645 (0.0486) 
 C00H_$7   1.4135 (0.0213)  120.87 (1.27)
 C00H      1.4205 (0.0212)  120.69 (1.26) 118.33 (2.54)
                 C00I            C00I_$8       C00H_$7      

 O00J -          Distance        Angles
 O00G      1.4435 (0.0267) 
 C00A      1.5080 (0.0303)  117.67 (2.23)
                 O00J            O00G         

 O00K -          Distance        Angles
 C017_$9   2.0806 (0.6248) 
 C013      3.5954 (0.2872)   69.81 (9.99)
 C00N      1.7694 (0.0502)  118.93 (9.99) 170.99 (4.92)
                 O00K            C017_$9       C013         

 O00L -          Distance        Angles
 O00L_$8   1.3349 (0.0350) 
 C00H      1.5335 (0.0248)  118.84 (1.03)
                 O00L            O00L_$8      

 C00N -          Distance        Angles
 O00K      1.7694 (0.0501) 
                 C00N           

 C00O -          Distance        Angles
 C00O_$3   2.9606 (0.6634) 
 O007      0.4009 (0.4078)   89.49 (9.99)
                 C00O            C00O_$3      

 C00P -          Distance        Angles
 C00Q      1.3454 (0.3253) 
 C01C_$3   1.8397 (0.2971)   86.90 (9.99)
 C01C      1.8397 (0.2970)   86.90 (9.99) 168.81 (9.99)
                 C00P            C00Q          C01C_$3      

 C00Q -          Distance        Angles
 C00P      1.3454 (0.3252) 
 C01C_$3   2.2197 (0.3341)   55.85 (9.96)
 C01C      2.2197 (0.3340)   55.85 (9.96) 111.15 (9.99)
                 C00Q            C00P          C01C_$3      

 C00R -          Distance        Angles
 C00Y_$9   1.8703 (0.1714) 
 C00Y      1.8704 (0.1714)   70.66 (9.02)
                 C00R            C00Y_$9      

 C00T -          Distance        Angles
 C017_$9   1.9351 (0.8023) 
 C013      1.5579 (0.2494)  169.08 (9.99)
                 C00T            C017_$9      

 C00W -          Distance        Angles
 C00W_$10  4.3355 (3.9987) 
 C016      2.8499 (1.9820)    0.00 (0.24)
                 C00W            C00W_$10     

 C00Y -          Distance        Angles
 C00R      1.8704 (0.1717) 
                 C00Y           

 C013 -          Distance        Angles
 C017_$9   3.4772 (0.7702) 
 C00T      1.5579 (0.2497)    6.05 (9.93)
 O00K      3.5954 (0.2872)   34.16 (9.98)  29.59 (8.55)
                 C013            C017_$9       C00T         

 C016 -          Distance        Angles
 C00W      2.8499 (1.9820) 
                 C016           

 C017 -          Distance        Angles
 C013_$9   3.4773 (0.7688) 
 O00K_$9   2.0806 (0.6245)   76.03 (9.99)
 C00T_$9   1.9350 (0.8012)    4.87 (8.04)  72.20 (9.99)
                 C017            C013_$9       O00K_$9      

 C01C -          Distance        Angles
 C00P      1.8397 (0.2968) 
 C00Q      2.2197 (0.3338)   37.25 (9.99)
                 C01C            C00P         



 Selected torsion angles

    -4.78 ( 3.32)  Zr02_$3 - O004 - C009 - O003
   170.79 ( 1.28)  Zr02_$3 - O004 - C009 - C00C
     3.94 ( 3.19)  Zr01 - O003 - C009 - O004
  -171.60 ( 1.18)  Zr01 - O003 - C009 - C00C
    -5.40 ( 3.59)  O00D - O00B - C00C - O00G
   178.18 ( 1.89)  O00D - O00B - C00C - C009
  -174.96 ( 1.96)  O004 - C009 - C00C - O00B
     1.10 ( 2.84)  O003 - C009 - C00C - O00B
     8.33 ( 2.85)  O004 - C009 - C00C - O00G
  -175.61 ( 1.89)  O003 - C009 - C00C - O00G
     2.98 ( 3.32)  C00C - O00B - O00D - C00A
     0.13 ( 3.40)  O00J - C00A - O00D - O00B
   176.42 ( 1.97)  C00E - C00A - O00D - O00B
   124.20 ( 2.78)  O00D - C00A - C00E - C00H
   -59.31 ( 3.48)  O00J - C00A - C00E - C00H
   -53.03 ( 3.54)  O00D - C00A - C00E - O00F
   123.46 ( 2.67)  O00J - C00A - C00E - O00F
     5.03 ( 5.51)  C00H - C00E - O00F - C00E_$7
  -177.69 ( 2.24)  C00A - C00E - O00F - C00E_$7
     4.12 ( 3.46)  O00B - C00C - O00G - O00J
  -179.45 ( 1.86)  C009 - C00C - O00G - O00J
    -0.62 ( 4.71)  O00F - C00E - C00H - C00I
  -177.66 ( 2.81)  C00A - C00E - C00H - C00I
   176.68 ( 2.78)  O00F - C00E - C00H - O00L
    -0.37 ( 4.21)  C00A - C00E - C00H - O00L
   179.93 ( 1.87)  C00E - C00H - C00I - C00I_$8
     2.65 ( 3.44)  O00L - C00H - C00I - C00I_$8
    -3.84 ( 5.49)  C00E - C00H - C00I - C00H_$7
   178.88 ( 1.90)  O00L - C00H - C00I - C00H_$7
    -0.78 ( 3.16)  C00C - O00G - O00J - C00A
    -1.21 ( 3.42)  O00D - C00A - O00J - O00G
  -177.61 ( 1.96)  C00E - C00A - O00J - O00G
  -179.88 ( 1.91)  C00E - C00H - O00L - O00L_$8
    -2.60 ( 3.37)  C00I - C00H - O00L - O00L_$8
  -170.68 ( 2.49)  C01C - C00P - C00Q - C01C_$3
   170.68 ( 2.50)  C01C_$3 - C00P - C00Q - C01C
  -135.82 (82.97)  C017_$9 - C00T - C013 - O00K


 FMAP and GRID set by program

 FMAP   2   1 167
 GRID    -0.610  -1  -1     0.610   1   1

 R1 =  0.2589 for   4395 unique reflections after merging for Fourier


 Electron density synthesis with coefficients Fo-Fc

 Highest peak    1.07  at  0.4649  0.2595  0.5000  [  1.79 A from C00S ]
 Deepest hole   -4.80  at  0.0000  0.0000  0.1036  [  0.02 A from C018 ]


 Fourier peaks appended to .res file

              x       y       z       sof     U      Peak   Distances to nearest atoms (including eq.)

 Q1    1   0.7405  0.5351  0.5000   0.50000  0.05    1.07   1.79 C00S^a  3.66 C019  3.80 C00S^a  4.23 C00U
 Q2    1   0.6157  0.6157  0.5000   0.25000  0.05    0.72   1.49 C00O  1.58 O007  2.79 C00U  3.03 O005
 Q3    1   1.0000  1.0000  0.5000   0.04167  0.05    0.67   4.42 C011  5.20 C01B  6.03 C014  6.14 C00W
 Q4    1   0.7269  0.4539  0.5415   0.50000  0.05    0.66   3.19 C019  3.81 C00P  3.81 C00P  3.95 C01C^a
 Q5    1   1.0000  1.0000 -0.3984   0.08333  0.05    0.65   4.45 C00W  4.73 C011  4.83 C01B  4.91 C018
 Q6    1   0.6204  0.3796  0.1061   0.50000  0.05    0.56   1.83 C00N  3.52 O00K  3.56 O015^a  3.56 O015^a
 Q7    1   0.6542  0.6542  0.5000   0.25000  0.05    0.53   2.25 C00O  2.55 O007  3.00 C00U  4.13 O012
 Q8    1   0.5000  0.5000  0.1446   0.25000  0.05    0.49   1.14 C013^a  2.46 O006  2.83 C00T  3.28 C00Z
 Q9    1   1.0000  1.0000 -0.1728   0.08333  0.05    0.47   0.70 C00W  1.17 C018  2.19 C016  3.55 C016
 Q10   1   0.6938  0.5564  0.5000   0.50000  0.05    0.46   0.67 C00S^a  1.90 C00U  3.77 C019  3.79 C00C
 Q11   1   0.6137  0.6137  0.1773   0.50000  0.05    0.45   1.64 O012  2.74 C00Y  3.27 O006  3.77 C00Z
 Q12   1   1.0000  0.9195  0.6035   0.50000  0.05    0.43   2.63 C01B  2.88 C011  3.27 C014  4.52 C01B
 Q13   1   1.0000  0.9736 -0.1430   0.50000  0.05    0.42   1.06 C00W  1.23 C018  1.98 C016  3.23 C016
 Q14   1   0.7729  0.7729  0.1419   0.50000  0.05    0.41   5.52 O012  6.03 C014  6.48 C00R  6.63 C01B
 Q15   1   0.7123  0.7292  0.0000   0.50000  0.05    0.40   3.96 C00R  4.66 C00R  5.07 C00Y  5.30 O012
 Q16   1   0.6868  0.6988  0.0000   0.50000  0.05    0.40   3.19 C00R  3.80 C00R  4.12 C00Y  4.48 C00Y
 Q17   1   1.0000  1.0565  0.0000   0.25000  0.05    0.39   2.32 C016  2.79 C018  3.10 C00W  6.86 C014
 Q18   1   0.7490  0.5512  0.5678   1.00000  0.05    0.39   1.98 C00S^a  3.87 C00S^a  4.00 O00D  4.13 O00B
 Q19   1   0.6558  0.6290  0.5000   0.50000  0.05    0.39   1.99 C00U  2.13 C00O  2.37 O007  3.74 C00U
 Q20   1   0.9210  0.8420  0.5000   0.25000  0.05    0.38   0.94 C011  2.04 C01B  2.54 C014  4.96 C011

 Shortest distances between peaks (including symmetry equivalents)

     16  16  0.81      7  19  1.02     13  13  1.03     15  16  1.11     15  15  1.15      9  13  1.15      1  18  1.25
      4   4  1.38      2  19  1.39     15  16  1.47      2   7  1.51      3   5  1.69     13  13  1.79     19  19  1.82
     13  13  2.07     18  18  2.09      1   1  2.12     17  17  2.21     18  18  2.25      1  10  2.36      1  18  2.45
     10  18  2.53     13  17  2.65


 Time profile in seconds
 -----------------------

      0.02: Read and process instructions
      0.00: Fit rigid groups
      0.00: Interpret restraints etc.
      0.00: Generate connectivity array
      0.00: Analyse DFIX and DANG restraints
      0.00: Analyse SAME, SADI and NCSY restraints
      0.00: Generate CHIV restraints
      0.00: Check if bonds in residues restrained
      0.00: Generate DELU and RIGU restraints
      0.00: Generate SIMU restraints
      0.00: Generate ISOR restraints
      0.00: Analyse electron density
      0.00: Analyse other restraints etc.
      0.45: Read intensity data, sort/merge etc.
      0.00: Set up constraints
      0.01: OSF, H-atoms from difference map
      0.01: Set up l.s. refinement
      0.00: Generate idealized H-atoms
      0.08: Structure factors and derivatives
      0.02: Sum l.s. matrices
      0.00: Generate and apply antibumping restraints
      0.00: Apply other restraints
      0.00: Solve l.s. equations
      0.00: Generate HTAB table
      4.27: Other dependent quantities, CIF, tables
      0.01: Analysis of variance
      0.07: Merge reflections for Fourier and .fcf
      0.05: Fourier summations
      0.03: Peaksearch
      0.01: Analyse peaklist

 ** WARNING: These times are only approximate for multiple threads.
             To get better estimates run with -t1 **

   Please cite: G.M. Sheldrick (2015) "Crystal structure refinement with
   SHELXL", Acta Cryst., C71, 3-8 (Open Access) if SHELXL proves useful.

 +++++++++++++++++++++++++++++++++++++++++++++++++++++++++++++++++++++++++++++
 +  job           finished at 19:41:18   Total elapsed time:      5.00 secs  +
 +++++++++++++++++++++++++++++++++++++++++++++++++++++++++++++++++++++++++++++
