
 +++++++++++++++++++++++++++++++++++++++++++++++++++++++++++++++++++
 +  SHELXL -  CRYSTAL STRUCTURE REFINEMENT  -   MULTI-CPU VERSION  +
 +  Copyright(C) George M. Sheldrick 1993-2023     Version 2019/3  +
 +  verify_nomask              started at 22:13:31 on 21-Sep-2026  +
 +++++++++++++++++++++++++++++++++++++++++++++++++++++++++++++++++++

 Command line parameters: verify_nomask -a50000 -b3000 -c624 -g0 -m0 -t32

 -a sets the approximate maximum number of atoms including hydrogens.
 -b sets the maximum number of full-matrix parameters (not used by CGLS).
 For example -b9000 allows refinement of 1000 anisotropic atoms or 3000
 with BLOC 1. For a 32-bit version, -b times the square root of the
 number of threads should not exceed about 65500. -c sets the reflection
 buffer size. This depends on the CPU cache size but will rarely
 need changing.

 -g sets the number of reflection groups used for calculating R_complete,
 This must be greater than 1 but not greater than the total number of
 reflections for refinement. -m sets the current reflection group number.
 This may not be less than 1 nor greater than the number set by -g. These
 command line flags override other ways of defining free-R reflections.
 The -m value is also used as a seed for the WIGL pseudo-random shifts.

 -t sets the number of threads, otherwise it is set to the apparent
 number of CPUs. For optimal performance on hyperthreading systems,
 -t should be set to a little more than half the number of CPUs;
 e.g. -t4 or -t5 for an Intel i7 processor.

 Running 32 threads on 32 processors

 TITL NU-1000 framework-only average structure in P6/mmm
     nu1000_framework.res
     created by SHELXL-2019/3 at 22:01:29 on 21-Sep-2026
 CELL  0.68883  39.1900  39.1900  16.6100   90.000   90.000  120.000
 ZERR 3 0 0 0 0 0 0
 LATT  1
 SYMM -Y, X-Y, Z
 SYMM -X+Y, -X, Z
 SYMM -X, -Y, Z
 SYMM Y, -X+Y, Z
 SYMM X-Y, X, Z
 SYMM Y, X, -Z
 SYMM X-Y, -Y, -Z
 SYMM -X, -X+Y, -Z
 SYMM -Y, -X, -Z
 SYMM -X+Y, Y, -Z
 SYMM X, X-Y, -Z
 SFAC C O ZR H
 DISP C 0.0018766 0.0015000 5.8232
 DISP O 0.0070649 0.0056766 22.0375
 DISP ZR -9.0413504 2.7716699 10760.0761
 DISP H 0 0 0
 UNIT 264 96 18 132

 V =    22092.79     F(000) =    3204.0     Mu =   0.89 mm-1      Cell Wt =     6481.65    Rho =  0.487

 SHEL 999 1.0
 BOND $H
 LIST 6
 FMAP 2
 PLAN 60
 L.S. 0
 EQIV $1 -x+y,y,z
 EQIV $2 x,y,1-z
 DFIX 1.39 0.02 C1 C3 C3 C2 C2 C4 C4 C6 C6 C8 C8 C1
 DANG 2.407 0.04 C1 C2 C3 C4 C2 C6 C4 C8 C6 C1 C8 C3
 DFIX 1.48 0.03 C1 C7
 DFIX 1.49 0.03 C4 C12
 DFIX 1.26 0.02 C12 O1 C12 O2
 DANG 2.22 0.04 O1 O2
 DFIX 1.40 0.03 C5 C7 C7 C10 C9 C10 C10 C11 C9 C9_$2 C11 C11_$2
 DANG 2.42 0.05 C5 C10 C7 C9 C7 C11 C9 C11 C7 C7_$1
 FLAT 0.03 C1 C3 C2 C4 C6 C8 C12
 FLAT 0.03 C5 C7 C9 C10 C11 C7_$1 C10_$1 C11_$1
 RIGU 0.004 C1 > C12 O1 O2
 SIMU 0.02 0.04 2.0 C1 > C12 O1 O2
 REM Framework coordinates only; pore contribution is in the FAB file.
 REM Temperature and cell standard uncertainties were not supplied.
 REM Node O protonation and terminal O ligand identities are unresolved.
 REM Formula records coordinate-model atoms, not a complete sample formula.
 WGHT    0.143400
 FVAR       0.05376
 ZR1   3    0.463818    0.536182    1.000000    10.25000    0.09212    0.09212 =
          0.07274    0.00000    0.00000    0.05920
 ZR2   3    0.454961    0.454961    0.893658    10.50000    0.09644    0.09644 =
          0.08757   -0.01218   -0.01218    0.06066
 O1    2    0.413076    0.518167    0.917415    11.00000    0.10064    0.11119 =
          0.09808   -0.00563   -0.00419    0.06990
 O2    2    0.406705    0.465622    0.850332    11.00000    0.12280    0.11772 =
          0.12791   -0.03094   -0.03327    0.07666
 O3    2    0.435765    0.472211    1.000000    10.50000    0.19915    0.11287 =
          0.10276    0.00000    0.00000    0.09678
 O4    2    0.463726    0.463726    0.760049    10.50000    0.21457    0.21457 =
          0.08604   -0.04183   -0.04183    0.17164
 O5    2    0.399723    0.399723    0.911297    10.50000    0.10720    0.10720 =
          0.26751   -0.02392   -0.02392    0.05632
 O6    2    0.518254    0.481746    0.892499    10.50000    0.12907    0.12907 =
          0.14602    0.01540   -0.01540    0.07923
 C1    1    0.310236    0.495015    0.720540    11.00000    0.11354    0.22214 =
          0.09100   -0.01263   -0.01106    0.10776
 C2    1    0.358499    0.522453    0.824572    11.00000    0.13223    0.16641 =
          0.11274   -0.02189   -0.04259    0.10344
 AFIX  43  0.9300
 H2    4    0.371650    0.541825    0.863316    11.00000   -1.20000
 AFIX   0
 C3    1    0.330399    0.523372    0.777343    11.00000    0.13324    0.19338 =
          0.11220   -0.01109   -0.02860    0.10916
 AFIX  43  0.9300
 H3    4    0.324880    0.543686    0.783966    11.00000   -1.20000
 AFIX   0
 C4    1    0.367270    0.492954    0.814765    11.00000    0.11705    0.16946 =
          0.10592   -0.02856   -0.02884    0.09759
 C5    1    0.247349    0.494698    0.709682    10.50000    0.12486    0.24551 =
          0.10024   -0.01923   -0.00962    0.12276
 AFIX  43  0.9300
 H5    4    0.247326    0.494652    0.765671    10.50000   -1.20000
 AFIX   0
 C6    1    0.347310    0.461757    0.760070    11.00000    0.11220    0.21090 =
          0.11234   -0.04367   -0.04392    0.09888
 AFIX  43  0.9300
 H6    4    0.352490    0.441091    0.756590    11.00000   -1.20000
 AFIX   0
 C7    1    0.278333    0.494731    0.669284    11.00000    0.10863    0.23486 =
          0.09181   -0.01515   -0.01481    0.11133
 C8    1    0.319425    0.463572    0.711551    11.00000    0.12498    0.24173 =
          0.11350   -0.04510   -0.03033    0.11580
 AFIX  43  0.9300
 H8    4    0.306371    0.444312    0.672553    11.00000   -1.20000
 AFIX   0
 C9    1    0.247427    0.494854    0.542984    10.50000    0.12061    0.27570 =
          0.08263   -0.00608   -0.00304    0.13785
 C10   1    0.278167    0.494798    0.585736    11.00000    0.11911    0.26529 =
          0.08817   -0.00311   -0.00462    0.12624
 C11   1    0.309874    0.494902    0.540374    11.00000    0.13940    0.29401 =
          0.08936    0.00355    0.00239    0.13740
 AFIX  43  0.9300
 H11   4    0.330589    0.494970    0.567829    11.00000   -1.20000
 AFIX   0
 C12   1    0.397236    0.490920    0.865354    11.00000    0.11227    0.12337 =
          0.09388   -0.02029   -0.01595    0.07685
 HKLF 4



 Covalent radii and connectivity table for  NU-1000 framework-only average structure in P6/mmm                         
 C      0.770
 O      0.660
 ZR     1.590
 H      0.320

 Zr1 - O6_$4 O6_$3 O3_$6 O3 O1_$7 O1_$6 O1_$5 O1 Zr2_$3 Zr2_$5 Zr2_$4 Zr2
 Zr2 - O6 O3_$9 O3 O6_$4 O5 O4 O2_$8 O2 Zr1_$3 Zr1 Zr2_$4 Zr2_$5
 O1 - C12 Zr1
 O2 - C12 Zr2
 O3 - Zr2_$5 Zr2 Zr1
 O4 - Zr2
 O5 - Zr2
 O6 - Zr2_$4 Zr2 Zr1_$3
 C1 - C3 C8 C7
 C2 - C3 C4
 C3 - C2 C1
 C4 - C2 C6 C12
 C5 - C7_$1 C7
 C6 - C8 C4
 C7 - C5 C10 C1
 C8 - C6 C1
 C9 - C10 C10_$1 C9_$2
 C10 - C7 C9 C11
 C11 - C11_$2 C10
 C12 - O2 O1 C4


 Operators for generating equivalent atoms:
 $1   -x+y, y, z
 $2   x, y, -z+1
 $3   -x+1, -y+1, -z+2
 $4   -x+1, -y+1, z
 $5   x, y, -z+2
 $6   -y+1, -x+1, z
 $7   -y+1, -x+1, -z+2
 $8   y, x, z
 $9   y, x, -z+2

   179481  Reflections outside SHEL resolution limits rejected


   337815  Reflections read, of which  179481  rejected

 -39 =< h =< 39,    -39 =< k =< 39,    -16 =< l =< 16,   Max. 2-theta =   40.28

        0  Systematic absence violations (I>3sig(I)) before merging

        0  Inconsistent equivalents

     4395  Unique reflections, of which       0  suppressed

 R(int) = 0.5659     R(sigma) = 0.1066      Friedel opposites merged

 Maximum memory for data reduction =     2675 /    48177


 Reflection statistics for all twin components combined (TWST 0 set)
 Number of data for d > 1.000A (CIF: max) and d > 0.833A (CIF: full)
 (ignoring systematic absences):
 Unique reflections found (point group)       4395    4395
 Unique reflections possible (point group)    4401    7433
 Unique reflections found (Laue group)        4395    4395
 Unique reflections possible (Laue group)     4401    7433

 Special position constraints for Zr1
 z =  1.0000   y = -1.0 * x + 1.0000   U22 = 1.0 * U11   U23 = 0   U13 = 0   
 sof = 0.25000   
 Input constraints retained (at least in part) for  sof

 Special position constraints for Zr2
 y =  1.0 * x + 0.0000   U22 = 1.0 * U11   U13 = 1.0 * U23   sof = 0.50000   
 Input constraints retained (at least in part) for  sof

 Special position constraints for O3
 z =  1.0000   U23 = 0   U13 = 0   sof = 0.50000   
 Input constraints retained (at least in part) for  sof

 Special position constraints for O4
 y =  1.0 * x + 0.0000   U22 = 1.0 * U11   U13 = 1.0 * U23   sof = 0.50000   
 Input constraints retained (at least in part) for  sof

 Special position constraints for O5
 y =  1.0 * x + 0.0000   U22 = 1.0 * U11   U13 = 1.0 * U23   sof = 0.50000   
 Input constraints retained (at least in part) for  sof

 Special position constraints for O6
 y = -1.0 * x + 1.0000   U22 = 1.0 * U11   U13 =-1.0 * U23   sof = 0.50000   
 Input constraints retained (at least in part) for  sof

 Special position constraints for C5
 y =  2.0 * x + 0.0000   U13 = 0.5 * U23   U12 = 0.5 * U22   sof = 0.50000   
 Input constraints retained (at least in part) for  sof

 Special position constraints for C9
 y =  2.0 * x + 0.0000   U13 = 0.5 * U23   U12 = 0.5 * U22   sof = 0.50000   
 Input constraints retained (at least in part) for  sof


 Default effective X-H and X-D distances for T =   20.0C 
 AFIX m =    1     2     3     4   4[N]  3[N]  15[B]  8[O]   9   9[N]   16
 d(X-H) =  0.98  0.97  0.96  0.93  0.86  0.89  1.10  0.82  0.93  0.86  0.93

 Note that these distances are chosen to give the best fit to the X-ray data
 and so avoid the introduction of systematic error.  The true internuclear
 distances are longer and do not vary with temperature!  The apparent
 variation with temperature is caused by libration.



 Idealized hydrogen atom generation before cycle   1

 Name     x       y       z    AFIX  d(X-H)  shift  Bonded to  Conformation determined by
 H2    0.3716  0.5418  0.8633   43   0.930   0.000   C2            C3  C4  
 H3    0.3249  0.5437  0.7840   43   0.930   0.000   C3            C2  C1  
 H5    0.2473  0.4947  0.7657   43   0.930   0.000   C5            C7_$1  C7  
 H6    0.3525  0.4411  0.7566   43   0.930   0.000   C6            C8  C4  
 H8    0.3064  0.4443  0.6726   43   0.930   0.000   C8            C6  C1  
 H11   0.3306  0.4950  0.5678   43   0.930   0.000   C11           C11_$2  C10  



  NU-1000 framework-only average structure in P6/mmm                         

 ATOM           x        y        z         sof        U11      U22      U33      U23      U13      U12       Ueq

 Zr1         0.46382  0.53618  1.00000    0.25000    0.09212  0.09212  0.07274  0.00000  0.00000  0.05920   0.07982
 Zr2         0.45496  0.45496  0.89366    0.50000    0.09644  0.09644  0.08757 -0.01218 -0.01218  0.06066   0.08795
 O1          0.41308  0.51817  0.91742    1.00000    0.10064  0.11119  0.09808 -0.00563 -0.00419  0.06990   0.09577
 O2          0.40671  0.46562  0.85033    1.00000    0.12280  0.11772  0.12791 -0.03094 -0.03327  0.07666   0.11546
 O3          0.43576  0.47221  1.00000    0.50000    0.19915  0.11287  0.10276  0.00000  0.00000  0.09678   0.12992
 O4          0.46373  0.46373  0.76005    0.50000    0.21457  0.21457  0.08604 -0.04183 -0.04183  0.17164   0.14312
 O5          0.39972  0.39972  0.91130    0.50000    0.10720  0.10720  0.26751 -0.02392 -0.02392  0.05632   0.15943
 O6          0.51825  0.48175  0.89250    0.50000    0.12907  0.12907  0.14602  0.01540 -0.01540  0.07923   0.12819
 C1          0.31024  0.49502  0.72054    1.00000    0.11354  0.22214  0.09100 -0.01263 -0.01106  0.10776   0.13163
 C2          0.35850  0.52245  0.82457    1.00000    0.13223  0.16641  0.11274 -0.02189 -0.04259  0.10344   0.12434
 H2          0.37165  0.54182  0.86332    1.00000    0.14920
 C3          0.33040  0.52337  0.77734    1.00000    0.13324  0.19338  0.11220 -0.01109 -0.02860  0.10916   0.13405
 H3          0.32488  0.54369  0.78397    1.00000    0.16086
 C4          0.36727  0.49295  0.81477    1.00000    0.11705  0.16946  0.10592 -0.02856 -0.02884  0.09759   0.11927
 C5          0.24735  0.49470  0.70968    0.50000    0.12486  0.24551  0.10024 -0.01923 -0.00962  0.12275   0.14346
 H5          0.24733  0.49465  0.76567    0.50000    0.17216
 C6          0.34731  0.46176  0.76007    1.00000    0.11220  0.21090  0.11234 -0.04367 -0.04392  0.09888   0.13710
 H6          0.35249  0.44109  0.75659    1.00000    0.16452
 C7          0.27833  0.49473  0.66928    1.00000    0.10863  0.23486  0.09181 -0.01515 -0.01481  0.11133   0.13379
 C8          0.31943  0.46357  0.71155    1.00000    0.12498  0.24173  0.11350 -0.04510 -0.03033  0.11580   0.14935
 H8          0.30637  0.44431  0.67255    1.00000    0.17922
 C9          0.24743  0.49485  0.54298    0.50000    0.12061  0.27570  0.08263 -0.00608 -0.00304  0.13785   0.14241
 C10         0.27817  0.49480  0.58574    1.00000    0.11911  0.26529  0.08817 -0.00311 -0.00462  0.12624   0.14413
 C11         0.30987  0.49490  0.54037    1.00000    0.13940  0.29401  0.08936  0.00355  0.00239  0.13740   0.16135
 H11         0.33059  0.49497  0.56783    1.00000    0.19362
 C12         0.39724  0.49092  0.86535    1.00000    0.11227  0.12337  0.09388 -0.02029 -0.01595  0.07685   0.10187


 Final Structure Factor Calculation for  NU-1000 framework-only average structure in P6/mmm                         

 Total number of l.s. parameters =   155  Maximum vector length =  623   Memory required =     46 /   2675 /    28035

 wR2 =  0.4941 before cycle   1 for    4395 data and      0 /    155 parameters


 Disagreeable restraints before cycle    1

   Observed   Target    Error     Sigma     Restraint

    1.4540    1.3900    0.0640    0.0200    DFIX C8 C1


 Summary of restraints applied in cycle    1

               ANTIBUMP  DFIX    DANG SAME/SADI CHIV/Z CHIV/NZ   FLAT    DELU    RIGU    SIMU    ISOR    SUMP

       Number       0      16      12       0       0       0       9       0      99      84       0       0

 rms sigma      0.0000  0.0255  0.0444  0.0000  0.0000  0.0000  0.0300  0.0000  0.1152  0.0200  0.0000  0.0000

 rms deviation  0.0000  0.0297  0.0346  0.0000  0.0000  0.0000  0.0180  0.0000  0.0113  0.0152  0.0000  0.0000


 GooF = S =     1.979;     Restrained GooF =      1.954 for     220 restraints

 Weight = 1 / [ sigma^2(Fo^2) + ( 0.1434 * P )^2 +   0.00 * P ]   where  P = ( Max ( Fo^2, 0 ) + 2 * Fc^2 ) / 3

 wR2 = 0.4941, GooF = S = 1.979, Restrained GooF = 1.954 for all data
 R1 = 0.1817 for 2063 Fo > 4sig(Fo) and 0.2637 for all 4395 data

 R.m.s. bond length deviation (from DFIX values)  0.0266 (A)
 R.m.s. bond angle deviation (estimated from DANG)  2.94 (deg.)

 Occupancy sum of asymmetric unit =    15.75 for non-hydrogen and     5.50 for H and D atoms



 Principal mean square atomic displacements U

   0.1009   0.0727   0.0658   Zr1  
   0.1126   0.0797   0.0716   Zr2  
   0.1196   0.0965   0.0712   O1  
   0.1669   0.0925   0.0870   O2  
   0.1992   0.1028   0.0877   O3  
   0.2701   0.0859   0.0734   O4    may be split into  0.4698  0.4668  0.7568  and  0.4576  0.4607  0.7633
   0.2722   0.1043   0.1018   O5    may be split into  0.3987  0.3992  0.9235  and  0.4007  0.4002  0.8991
   0.1614   0.1389   0.0843   O6  
   0.2234   0.0928   0.0786   C1  
   0.1879   0.1198   0.0653   C2  
   0.1982   0.1275   0.0764   C3  
   0.1843   0.0998   0.0737   C4  
   0.2480   0.0977   0.0846   C5    may be split into  0.2523  0.4996  0.7082  and  0.2424  0.4898  0.7112
   0.2275   0.1187   0.0651   C6  
   0.2367   0.0943   0.0703   C7    may be split into  0.2830  0.4996  0.6681  and  0.2737  0.4898  0.6704
   0.2561   0.1068   0.0852   C8  
   0.2759   0.0824   0.0689   C9    may be split into  0.2530  0.5005  0.5426  and  0.2418  0.4892  0.5434
   0.2656   0.0894   0.0774   C10    may be split into  0.2834  0.5003  0.5855  and  0.2729  0.4893  0.5859
   0.2947   0.1001   0.0892   C11    may be split into  0.3153  0.5007  0.5406  and  0.3044  0.4891  0.5401
   0.1404   0.0847   0.0805   C12  

 ** Warning:     7  atoms may be split and     0  atoms NPD **



 Analysis of variance for reflections employed in refinement      K = Mean[Fo^2] / Mean[Fc^2]  for group


 Fc/Fc(max)       0.000    0.005    0.007    0.011    0.015    0.020    0.025    0.033    0.046    0.078    1.000

 Number in group       577.     302.     509.     423.     458.     393.     429.     445.     423.     436.

            GooF      0.883    1.464    1.028    1.229    1.692    1.951    2.013    2.841    2.417    2.680

             K        0.458    1.620    1.013    1.128    1.283    1.379    1.192    1.289    1.187    0.941


 Resolution(A)    1.00     1.04     1.08     1.13     1.20     1.28     1.38     1.52     1.77     2.26     inf

 Number in group       445.     444.     438.     443.     436.     431.     437.     444.     437.     440.

            GooF      1.020    1.014    1.036    1.036    1.004    1.031    1.076    1.186    1.970    4.868

             K        1.378    1.251    1.216    1.143    1.040    0.995    1.063    1.023    1.090    0.938

             R1       0.450    0.372    0.330    0.289    0.300    0.276    0.150    0.123    0.141    0.303


 ** Extinction (EXTI) or solvent water (SWAT) correction may be required **

 Recommended weighting scheme:  WGHT    0.2000    0.0000
 [Weight parameters refined to    0.4090        0.00  but appear excessive]


 Most Disagreeable Reflections (* if suppressed or used for Rfree).
 Error/esd is calculated as sqrt(wD^2/<wD^2>) where w is given by the weight
 formula, D = Fo^2-Fc^2 and <> refers to the average over all reflections.

     h   k   l          Fo^2          Fc^2    Error/esd  Fc/Fc(max)  Resolution(A)

    -1   7   2      12131.53        388.20       8.48       0.021       4.39
    -2   7   2       8118.27        304.83       8.26       0.019       4.55
    -1   5   1       3378.13         40.86       8.11       0.007       6.76
    -1   4   1      17767.19       1092.32       8.01       0.036       8.19
    -2   6   1      15903.87       1127.40       7.92       0.036       5.98
     0   4   1      31573.12       1221.57       7.82       0.038       7.56
    -3   6   1      10052.46        502.06       7.43       0.024       6.08
    -2   4   0     143588.95       2365.58       7.03       0.052       9.80
    -1   4   2      13277.49       1523.77       7.00       0.042       6.23
    -3  10   0      11464.85        788.19       6.98       0.030       3.82
    -1   2   3      15581.00       1635.81       6.77       0.044       5.33
    -1   8   1       3271.44        198.81       6.75       0.015       4.34
    -2   6   2       2879.34        211.99       6.61       0.016       5.08
    -3   8   0       6172.98        588.30       6.45       0.026       4.85
     0  10   2       5316.07        381.20       6.35       0.021       3.14
    -4  11   2      16306.91       2656.14       6.27       0.056       3.24
    -4   8   2      12691.09       1761.66       6.16       0.045       4.22
    -2  10   1       6683.37       1017.20       6.11       0.034       3.61
    -3   9   0       3253.91         21.55       6.02       0.005       4.28
    -1   3   0       6406.08        828.10       5.97       0.031      12.83
     0   9   2      10080.78       1524.37       5.87       0.042       3.43
    -4   9   2       3874.13        571.20       5.83       0.026       3.85
    -2   7   1       6989.54       1401.96       5.57       0.040       5.17
    -3  12   4       2719.17        226.67       5.33       0.016       2.50
    -7  15   0       5158.75        747.50       5.28       0.029       2.61
    -3  10   1       2662.37        348.39       5.05       0.020       3.72
     0   7   2      27303.22       6264.47       5.03       0.085       4.19
     0  15   2       4358.13        643.23       4.94       0.027       2.18
    -2   5   4       1551.56        119.00       4.90       0.012       3.66
    -1   3   2       1494.75      22280.29       4.85       0.161       6.97
    -2   8   1       5692.16       1481.90       4.75       0.041       4.53
     0   7   3       7912.09       1863.92       4.67       0.046       3.65
    -1   4   4        452.35       5264.53       4.61       0.078       3.80
    -4   8   0       1235.19      13469.17       4.61       0.125       4.90
    -1  10   2       5678.64       1550.36       4.57       0.042       3.27
    -1   5   3       4714.99       1319.12       4.49       0.039       4.43
    -1   9   5       4957.30       1382.77       4.32       0.040       2.55
     0  11   2        196.98       3136.47       4.21       0.060       2.89
    -4  14   0       3789.50        823.96       4.20       0.031       2.72
    -2   5   0       4349.10      27594.59       4.19       0.179       7.79
     0   0   3      19041.56     120521.95       4.16       0.374       5.54
    -1   8   3         50.52       1907.45       4.15       0.047       3.49
     0   1   3       2179.41      13424.16       4.15       0.125       5.46
     0   9   4       4967.02       1283.85       4.06       0.039       2.79
    -3  11   1      10347.01       3488.21       4.00       0.064       3.37
     0   1   5        507.41       3833.05       3.99       0.067       3.31
     0   5   5        661.23       4407.56       3.95       0.072       2.98
     0   3   0      91001.07     470367.91       3.94       0.739      11.31
    -4  11   0      14732.00       4860.34       3.91       0.075       3.52
    -1   7   5       5309.38       1804.83       3.86       0.046       2.80



 Bond lengths and angles

 Zr1 -           Distance        Angles
 O6_$4     2.1607          
 O6_$3     2.1607           111.46       
 O3_$6     2.1765            71.62         71.62       
 O3        2.1766            71.62         71.62        111.88       
 O1_$7     2.2205           142.39         76.77         77.14        141.52       
 O1_$6     2.2205            76.77        142.39         77.14        141.52         76.31       
 O1_$5     2.2205           142.39         76.77        141.52         77.14         74.71        119.98       
 O1        2.2205            76.77        142.39        141.52         77.14        119.97         74.71         76.31       
 Zr2_$3    3.5024            91.25         35.75         35.88         91.42         74.54        110.89        110.18       
 Zr2_$5    3.5024            91.25         35.75         91.42         35.88        110.18        165.48         74.54       
 Zr2_$4    3.5024            35.75         91.25         35.88         91.42        110.89         74.54        165.48       
 Zr2       3.5025            35.75         91.25         91.42         35.88        165.48        110.18        110.89       
                 Zr1             O6_$4         O6_$3         O3_$6         O3            O1_$7         O1_$6         O1_$5        

 Zr2 -           Distance        Angles
 O6        2.1567          
 O3_$9     2.1567            72.07       
 O3        2.1567           110.57         69.99       
 O6_$4     2.1568            70.14        110.56         72.07       
 O5        2.1845           144.32         82.69         82.68        144.31       
 O4        2.2457            82.30        144.30        144.30         82.30        106.51       
 O2_$8     2.2491            75.78         75.31        140.01        140.90         73.64         74.57       
 O2        2.2492           140.89        140.01         75.31         75.78         73.64         74.57        125.50       
 Zr1_$3    3.5023            35.82         36.26         89.89         89.71        115.58        114.92         72.73       
 Zr1       3.5025            89.71         89.89         36.27         35.82        115.58        114.92        161.77       
 Zr2_$4    3.5300            35.07         91.01         91.01         35.08        172.29         81.20        109.12       
 Zr2_$5    3.5326            90.51         35.02         35.02         90.51         82.29        171.20        108.66       
                 Zr2             O6            O3_$9         O3            O6_$4         O5            O4            O2_$8        

 O1 -            Distance        Angles
 C12       1.2690          
 Zr1       2.2205           132.22       
                 O1              C12          

 O2 -            Distance        Angles
 C12       1.2453          
 Zr2       2.2492           134.16       
                 O2              C12          

 O3 -            Distance        Angles
 Zr2_$5    2.1567          
 Zr2       2.1567           109.97       
 Zr1       2.1766           107.85        107.85       
                 O3              Zr2_$5        Zr2          

 O4 -            Distance        Angles
 Zr2       2.2457          
                 O4             

 O5 -            Distance        Angles
 Zr2       2.1845          
                 O5             

 O6 -            Distance        Angles
 Zr2_$4    2.1566          
 Zr2       2.1567           109.85       
 Zr1_$3    2.1607           108.43        108.43       
                 O6              Zr2_$4        Zr2          

 C1 -            Distance        Angles
 C3        1.3680          
 C8        1.4540           118.17       
 C7        1.5081           122.37        119.44       
                 C1              C3            C8           

 C2 -            Distance        Angles
 C3        1.3671          
 C4        1.3706           119.94       
 H2        0.9300           120.03        120.03       
                 C2              C3            C4           

 C3 -            Distance        Angles
 C2        1.3671          
 C1        1.3680           121.34       
 H3        0.9300           119.33        119.33       
                 C3              C2            C1           

 C4 -            Distance        Angles
 C2        1.3706          
 C6        1.4056           123.04       
 C12       1.4782           121.26        115.60       
                 C4              C2            C6           

 C5 -            Distance        Angles
 C7_$1     1.3868          
 C7        1.3868           122.12       
 H5        0.9300           118.94        118.94       
                 C5              C7_$1         C7           

 C6 -            Distance        Angles
 C8        1.3880          
 C4        1.4056           116.15       
 H6        0.9300           121.93        121.93       
                 C6              C8            C4           

 C7 -            Distance        Angles
 C5        1.3868          
 C10       1.3878           118.62       
 C1        1.5081           116.69        124.69       
                 C7              C5            C10          

 C8 -            Distance        Angles
 C6        1.3880          
 C1        1.4540           121.25       
 H8        0.9300           119.37        119.37       
                 C8              C6            C1           

 C9 -            Distance        Angles
 C10       1.3994          
 C10_$1    1.3994           119.01       
 C9_$2     1.4279           120.49        120.49       
                 C9              C10           C10_$1       

 C10 -           Distance        Angles
 C7        1.3878          
 C9        1.3994           120.82       
 C11       1.4515           120.95        118.23       
                 C10             C7            C9           

 C11 -           Distance        Angles
 C11_$2    1.3412          
 C10       1.4515           121.27       
 H11       0.9300           119.36        119.36       
                 C11             C11_$2        C10          

 C12 -           Distance        Angles
 O2        1.2453          
 O1        1.2690           126.25       
 C4        1.4782           119.34        114.18       
                 C12             O2            O1           


 FMAP and GRID set by program

 FMAP   2   1 167
 GRID    -0.610  -1  -1     0.610   1   1

 R1 =  0.2585 for   4395 unique reflections after merging for Fourier


 Electron density synthesis with coefficients Fo-Fc

 Highest peak    1.42  at  0.5713  0.4288  0.3632  [  3.68 A from H11 ]
 Deepest hole   -1.11  at  0.5046  0.0093  0.0307  [  1.57 A from O6 ]


 Fourier peaks appended to .res file

              x       y       z       sof     U      Peak   Distances to nearest atoms (including eq.)

 Q1    1   0.4287  0.5712  0.6368   0.50000  0.05    1.42   3.68 H11  3.68 H11  3.96 C2  3.96 C2
 Q2    1   0.4049  0.5951  0.5979   0.50000  0.05    1.18   3.56 H11  3.95 C11  4.14 C3  4.14 H3
 Q3    1   0.3360  0.4100  0.5000   0.50000  0.05    0.93   3.60 H8  3.62 H11  4.00 C11  4.31 C8
 Q4    1   0.3945  0.6055  1.0000   0.25000  0.05    0.89   3.15 H2  4.06 C2  4.08 O1  4.42 H3
 Q5    1   0.2597  0.4622  1.0000   0.50000  0.05    0.89   4.20 H5  4.46 C2  4.52 H2  4.52 C3
 Q6    1   0.4676  0.5324  0.7102   0.50000  0.05    0.77   2.75 O4  3.18 O6  3.42 O2  3.52 C12
 Q7    1   0.4156  0.3282  1.0000   0.50000  0.05    0.72   3.49 O5  3.61 C12  3.65 O3  3.67 O2
 Q8    1   0.0000  0.0000  0.8972   0.08333  0.05    0.71   15.67 O5  15.88 H8  15.98 O5  16.01 H6
 Q9    1   0.2982  0.4435  1.0000   0.50000  0.05    0.63   3.91 C4  4.04 C12  4.04 C2  4.15 H2
 Q10   1   0.5000  0.5000  0.6503   0.25000  0.05    0.60   2.31 O4  4.21 O6  4.41 ZR2  4.61 O2
 Q11   1   0.2745  0.5490  0.9497   0.50000  0.05    0.58   3.45 H3  3.57 H5  4.03 C3  4.21 H2
 Q12   1   0.3855  0.3855  0.6894   0.50000  0.05    0.57   3.24 H6  3.28 O4  3.73 O5  3.88 O2
 Q13   1   0.3865  0.3865  1.0000   0.25000  0.05    0.57   1.56 O5  2.92 O3  3.21 ZR2  3.74 O2
 Q14   1   0.3564  0.4138  0.5659   1.00000  0.05    0.54   3.28 H8  3.37 H6  3.79 H11  3.82 C8
 Q15   1   0.2802  0.5605  1.0000   0.25000  0.05    0.54   4.19 H3  4.49 H5  4.60 H2  4.75 C3
 Q16   1   0.3477  0.3477  0.7554   0.50000  0.05    0.54   3.30 O5  3.57 H6  4.30 O2  4.48 C6
 Q17   1   0.3712  0.3712  0.7054   0.50000  0.05    0.50   3.28 H6  3.60 O5  3.74 O4  4.03 O2
 Q18   1   0.3018  0.6036  0.6470   0.50000  0.05    0.49   3.69 H3  3.84 C5  3.91 C7  4.01 C10
 Q19   1   0.0000  0.0000  0.6765   0.08333  0.05    0.48   15.44 H8  15.89 H6  16.11 C8  16.14 O5
 Q20   1   0.3157  0.3858  0.8953   1.00000  0.05    0.47   2.99 H6  3.07 O5  3.43 C6  3.45 O2
 Q21   1   0.4088  0.4615  0.5000   0.50000  0.05    0.46   4.05 H11  4.68 H6  4.70 H8  4.72 C11
 Q22   1   0.4033  0.4033  0.6356   0.50000  0.05    0.45   3.15 O4  3.63 H6  4.29 O2  4.40 C6
 Q23   1   0.0000  0.0000  1.0000   0.04167  0.05    0.45   15.73 O5  16.35 H6  16.37 H8  16.80 C8
 Q24   1   0.3792  0.6208  0.6103   0.50000  0.05    0.44   3.94 H3  3.94 H3  4.32 C3  4.32 C3
 Q25   1   0.4633  0.4233  0.6457   1.00000  0.05    0.44   2.47 O4  3.07 H6  3.47 O2  3.51 C6
 Q26   1   0.0761  0.0761  0.8921   0.50000  0.05    0.42   12.69 O5  13.10 O5  13.12 H6  13.14 H8
 Q27   1   0.0461  0.0921  1.0000   0.25000  0.05    0.41   13.13 O5  13.54 H8  13.54 H6  13.92 C8
 Q28   1   0.3242  0.6485  0.6642   0.50000  0.05    0.40   4.58 H3  5.14 H3  5.27 C5  5.36 C7
 Q29   1   0.3333  0.6667  0.7354   0.16667  0.05    0.39   4.73 H3  5.60 C3  5.85 C5  5.86 H5
 Q30   1   0.0720  0.0720  1.0000   0.25000  0.05    0.38   12.93 O5  13.69 H6  13.89 H8  14.17 C6
 Q31   1   0.2142  0.3951  0.8093   1.00000  0.05    0.38   3.52 H5  3.82 C5  3.87 H8  3.97 C8
 Q32   1   0.3106  0.6211  0.7179   0.50000  0.05    0.37   3.53 H3  4.29 C5  4.36 H5  4.39 C3
 Q33   1   0.3541  0.6459  0.7366   0.50000  0.05    0.37   3.66 H3  4.46 C3  4.85 H3  4.94 H2
 Q34   1   0.0600  0.0300  1.0000   0.25000  0.05    0.36   14.02 O5  14.51 H6  14.51 H8  14.91 C8
 Q35   1   0.1938  0.3876  0.7651   0.50000  0.05    0.36   3.63 H5  3.75 C5  4.12 H8  4.12 H8
 Q36   1   0.1956  0.4448  0.9243   1.00000  0.05    0.35   3.30 H5  3.97 C3  4.04 C1  4.08 C5
 Q37   1   0.1484  0.0742  1.0000   0.25000  0.05    0.34   11.67 O5  11.67 O5  11.89 H8  11.89 H8
 Q38   1   0.2930  0.2930  0.7484   0.50000  0.05    0.33   4.98 O5  5.06 H6  5.82 H8  5.85 C6
 Q39   1   0.3619  0.6381  0.6208   0.50000  0.05    0.31   4.22 H3  4.22 H3  4.79 C3  4.79 C3
 Q40   1   0.3221  0.3574  0.6761   1.00000  0.05    0.31   3.17 H6  3.75 H8  3.95 C6  4.25 C8
 Q41   1   0.0297  0.0593  0.9214   0.50000  0.05    0.31   13.96 O5  14.10 H8  14.22 H6  14.23 O5
 Q42   1   0.4486  0.4486  0.5423   0.50000  0.05    0.31   3.67 O4  4.99 O4  5.06 O4  5.08 H6
 Q43   1   0.2332  0.3949  0.5000   0.50000  0.05    0.31   3.61 C11  3.68 C10  3.74 C9  3.82 H8
 Q44   1   0.4121  0.4121  0.5491   0.50000  0.05    0.31   4.05 O4  4.61 H6  5.24 C6  5.31 H8
 Q45   1   0.4518  0.4518  0.6188   0.50000  0.05    0.30   2.39 O4  4.06 O4  4.35 H6  4.38 O2
 Q46   1   0.4562  0.4562  0.6674   0.50000  0.05    0.30   1.57 O4  3.49 O4  3.72 O2  3.76 ZR2
 Q47   1   0.4965  0.4275  0.6148   1.00000  0.05    0.29   3.36 O4  3.54 H6  3.64 C6  3.85 H11
 Q48   1   0.4492  0.5508  0.9535   0.50000  0.05    0.28   1.26 ZR1  1.48 O1  2.43 O6  2.54 O1
 Q49   1   0.1981  0.3962  0.5844   0.50000  0.05    0.27   3.42 C9  3.56 C10  3.83 C7  3.94 C5
 Q50   1   0.2149  0.3933  1.0000   0.50000  0.05    0.26   5.24 H5  5.97 C5  6.00 C8  6.01 C6
 Q51   1   0.4146  0.5101  0.5904   1.00000  0.05    0.26   3.06 H11  3.67 C6  3.78 H6  3.81 C8
 Q52   1   0.2745  0.3923  0.8965   1.00000  0.05    0.26   3.54 H6  3.59 C6  3.93 C8  4.03 C4
 Q53   1   0.3129  0.6051  0.5000   0.50000  0.05    0.26   3.83 C9  4.09 C10  4.31 C11  4.32 C10
 Q54   1   0.3466  0.3466  1.0000   0.25000  0.05    0.25   2.55 O5  4.39 O3  4.60 ZR2  4.74 O2
 Q55   1   0.4288  0.4288  0.8486   0.50000  0.05    0.25   1.27 ZR2  1.54 O5  2.01 O4  2.02 O2
 Q56   1   0.2991  0.2991  0.8238   0.50000  0.05    0.25   4.20 O5  5.00 H6  5.75 O2  5.77 C6
 Q57   1   0.1291  0.1457  1.0000   0.50000  0.05    0.25   10.40 O5  11.21 H6  11.51 H6  11.56 H8
 Q58   1   0.4357  0.4229  0.8494   1.00000  0.05    0.24   1.32 ZR2  1.59 O2  1.61 O5  2.05 O4
 Q59   1   0.1954  0.3907  0.6638   0.50000  0.05    0.24   3.61 C5  3.73 C7  3.77 H8  3.91 H5
 Q60   1   0.2839  0.2838  0.6614   0.50000  0.05    0.23   5.58 H6  5.90 H8  6.15 O5  6.34 C6

 Shortest distances between peaks (including symmetry equivalents)

     55  58  0.43     12  17  0.62     53  53  0.81     45  46  0.83     58  58  0.87     11  15  0.92     47  51  0.99
     31  35  1.01     28  28  1.07     27  34  1.09     57  57  1.12     12  22  1.13     24  39  1.19     16  17  1.24
     38  56  1.27     42  45  1.28     28  32  1.29     31  31  1.30     34  41  1.31      3  14  1.32     18  32  1.32
     25  47  1.33     49  59  1.33     28  29  1.33      5  36  1.39     42  42  1.40     29  33  1.41     50  50  1.43
     42  44  1.43     25  45  1.47     30  34  1.47     22  44  1.48     38  60  1.49     25  46  1.49     32  33  1.51
     48  48  1.55     18  28  1.55     13  54  1.56     27  30  1.57     29  32  1.57     44  44  1.63     26  41  1.67
     11  11  1.67     35  59  1.69      8  23  1.71     17  22  1.71     28  33  1.71     27  41  1.72     10  46  1.74
      1   2  1.75      2  24  1.75     20  52  1.75     17  40  1.79     26  30  1.80     16  40  1.81     12  16  1.84
     28  39  1.86     27  37  1.91     22  45  1.92     44  45  1.94     10  45  1.96      7   9  1.97     30  41  1.97
      5   9  1.98     43  49  1.98     21  42  1.99     33  39  1.99     41  41  2.01      7  20  2.01     23  34  2.04
     34  34  2.04      8  41  2.05     22  25  2.08     42  44  2.09     18  39  2.09     18  39  2.09     42  46  2.10
     36  36  2.10     28  32  2.13     22  46  2.14     16  38  2.15     21  44  2.16     12  40  2.17      6  47  2.18
     36  50  2.18     14  14  2.19     25  42  2.20     37  57  2.21     37  57  2.21     16  56  2.22     25  51  2.22
     14  44  2.24      5   5  2.24     21  47  2.25     14  21  2.25      1  51  2.31      9  36  2.31     21  51  2.34
     28  33  2.35     22  42  2.36      5  50  2.37     14  22  2.37     45  47  2.38     26  27  2.39     26  34  2.39
     26  27  2.39     26  34  2.39     26  27  2.39     26  34  2.39     26  27  2.39     26  34  2.39     26  27  2.39
     26  34  2.39     32  39  2.40     32  39  2.40     40  40  2.40     23  41  2.40     18  33  2.40     34  41  2.41
      6  10  2.41     25  44  2.43     33  33  2.44      9  52  2.44     18  53  2.47     21  25  2.48     38  40  2.50
     31  59  2.51      7  52  2.51     40  60  2.51     46  47  2.51     36  36  2.52     18  28  2.52      3  21  2.54
     12  44  2.55      5  36  2.58     31  36  2.58     18  29  2.60     18  29  2.60     10  25  2.60      6  25  2.61
     41  41  2.61     44  46  2.62     30  57  2.62     39  53  2.63     28  39  2.65      8  34  2.66     14  40  2.66
     32  32  2.68     42  45  2.68     42  47  2.69      6  51  2.69     10  42  2.70     14  25  2.70     24  33  2.71
     29  39  2.72     29  39  2.72     25  25  2.72     36  52  2.73     12  25  2.74     21  45  2.74     27  34  2.75
     27  34  2.75     56  60  2.76     36  50  2.79     12  46  2.80     49  49  2.80     43  43  2.81     23  30  2.82
     30  30  2.82     31  52  2.82     18  24  2.83     18  24  2.83     12  14  2.83     10  47  2.84     22  40  2.84
      9  50  2.85     12  45  2.85     27  57  2.86     27  57  2.86      6  46  2.88      1   6  2.91     50  52  2.92
     14  44  2.93      1  47  2.93      2  39  2.94     16  22  2.95     16  60  2.95     16  22  2.95     16  60  2.95
     30  37  2.95     20  54  2.95     51  51  2.95     32  33  2.97      5  50  2.97     47  47  2.98     26  26  2.98
      8  26  2.98     24  53  2.98     24  28  2.99


 Time profile in seconds
 -----------------------

      0.02: Read and process instructions
      0.00: Fit rigid groups
      0.00: Interpret restraints etc.
      0.00: Generate connectivity array
      0.00: Analyse DFIX and DANG restraints
      0.00: Analyse SAME, SADI and NCSY restraints
      0.00: Generate CHIV restraints
      0.00: Check if bonds in residues restrained
      0.00: Generate DELU and RIGU restraints
      0.00: Generate SIMU restraints
      0.00: Generate ISOR restraints
      0.00: Analyse electron density
      0.02: Analyse other restraints etc.
      0.35: Read intensity data, sort/merge etc.
      0.00: Set up constraints
      0.01: OSF, H-atoms from difference map
      0.00: Set up l.s. refinement
      0.00: Generate idealized H-atoms
      0.00: Structure factors and derivatives
      0.00: Sum l.s. matrices
      0.00: Generate and apply antibumping restraints
      0.00: Apply other restraints
      0.00: Solve l.s. equations
      0.00: Generate HTAB table
      0.01: Other dependent quantities, CIF, tables
      0.01: Analysis of variance
      0.10: Merge reflections for Fourier and .fcf
      0.06: Fourier summations
      0.05: Peaksearch
      0.00: Analyse peaklist

 ** WARNING: These times are only approximate for multiple threads.
             To get better estimates run with -t1 **

   Please cite: G.M. Sheldrick (2015) "Crystal structure refinement with
   SHELXL", Acta Cryst., C71, 3-8 (Open Access) if SHELXL proves useful.

 +++++++++++++++++++++++++++++++++++++++++++++++++++++++++++++++++++++++++++++
 +  verify_nomask finished at 22:13:31   Total elapsed time:      0.62 secs  +
 +++++++++++++++++++++++++++++++++++++++++++++++++++++++++++++++++++++++++++++
