
 +++++++++++++++++++++++++++++++++++++++++++++++++++++++++++++++++++
 +  SHELXL -  CRYSTAL STRUCTURE REFINEMENT  -   MULTI-CPU VERSION  +
 +  Copyright(C) George M. Sheldrick 1993-2023     Version 2019/3  +
 +  nu1000_framework           started at 00:11:37 on 22-Sep-2026  +
 +++++++++++++++++++++++++++++++++++++++++++++++++++++++++++++++++++

 Command line parameters: nu1000_framework -a50000 -b3000 -c624 -g0 -m0 -t4

 -a sets the approximate maximum number of atoms including hydrogens.
 -b sets the maximum number of full-matrix parameters (not used by CGLS).
 For example -b9000 allows refinement of 1000 anisotropic atoms or 3000
 with BLOC 1. For a 32-bit version, -b times the square root of the
 number of threads should not exceed about 65500. -c sets the reflection
 buffer size. This depends on the CPU cache size but will rarely
 need changing.

 -g sets the number of reflection groups used for calculating R_complete,
 This must be greater than 1 but not greater than the total number of
 reflections for refinement. -m sets the current reflection group number.
 This may not be less than 1 nor greater than the number set by -g. These
 command line flags override other ways of defining free-R reflections.
 The -m value is also used as a seed for the WIGL pseudo-random shifts.

 -t sets the number of threads, otherwise it is set to the apparent
 number of CPUs. For optimal performance on hyperthreading systems,
 -t should be set to a little more than half the number of CPUs;
 e.g. -t4 or -t5 for an Intel i7 processor.

 Running  4 threads on  8 processors

 Read instructions and data
 Data:    3345 unique,      0 suppressed   R(int) = 0.4308   R(sigma) = 0.0862
 Systematic absence violations:    0    Bad equivalents:    0
 wR2 =  0.3161 before cycle   1 for    3345 data and    155 /    155 parameters
 GooF = S =     1.021;     Restrained GooF =      0.988 for     273 restraints
 Mean shift/esd =   0.001  Maximum =    -0.009 for  OSF            at 00:11:38
 Max. shift = 0.000 A for O2        Max. dU = 0.000 for C3                    
 wR2 =  0.3161 before cycle   2 for    3345 data and    155 /    155 parameters
 GooF = S =     1.021;     Restrained GooF =      0.988 for     273 restraints
 Mean shift/esd =   0.000  Maximum =    -0.001 for  U22 Zr1        at 00:11:38
 Max. shift = 0.000 A for O1        Max. dU = 0.000 for O1                    
 wR2 =  0.3161 before cycle   3 for    3345 data and    155 /    155 parameters
 GooF = S =     1.021;     Restrained GooF =      0.988 for     273 restraints
 Mean shift/esd =   0.000  Maximum =     0.001 for   x  Zr2        at 00:11:38
 Max. shift = 0.000 A for O2        Max. dU = 0.000 for C5                    
 wR2 =  0.3161 before cycle   4 for    3345 data and    155 /    155 parameters
 GooF = S =     1.021;     Restrained GooF =      0.988 for     273 restraints
 Mean shift/esd =   0.000  Maximum =     0.001 for   x  Zr2        at 00:11:38
 Max. shift = 0.000 A for C10        Max. dU = 0.000 for O4                   
 wR2 =  0.3161 before cycle   5 for    3345 data and    155 /    155 parameters
 GooF = S =     1.021;     Restrained GooF =      0.988 for     273 restraints
 Mean shift/esd =   0.000  Maximum =     0.001 for   x  Zr2        at 00:11:38
 Max. shift = 0.000 A for O2        Max. dU = 0.000 for C6                    
 wR2 =  0.3161 before cycle   6 for    3345 data and    155 /    155 parameters
 GooF = S =     1.021;     Restrained GooF =      0.988 for     273 restraints
 Mean shift/esd =   0.000  Maximum =     0.001 for   x  Zr2        at 00:11:38
 Max. shift = 0.000 A for O6        Max. dU = 0.000 for O4                    
 wR2 =  0.3161 before cycle   7 for    3345 data and    155 /    155 parameters
 GooF = S =     1.021;     Restrained GooF =      0.988 for     273 restraints
 Mean shift/esd =   0.000  Maximum =     0.001 for   x  Zr2        at 00:11:38
 Max. shift = 0.000 A for O2        Max. dU = 0.000 for O6                    
 wR2 =  0.3161 before cycle   8 for    3345 data and    155 /    155 parameters
 GooF = S =     1.021;     Restrained GooF =      0.988 for     273 restraints
 Mean shift/esd =   0.000  Maximum =     0.001 for   x  Zr2        at 00:11:38
 Max. shift = 0.000 A for O5        Max. dU = 0.000 for C11                   
 wR2 =  0.3161 before cycle   9 for    3345 data and    155 /    155 parameters
 GooF = S =     1.021;     Restrained GooF =      0.988 for     273 restraints
 Mean shift/esd =   0.000  Maximum =     0.001 for   x  Zr2        at 00:11:38
 Max. shift = 0.000 A for O2        Max. dU = 0.000 for C11                   
 wR2 =  0.3161 before cycle  10 for    3345 data and    155 /    155 parameters
 GooF = S =     1.021;     Restrained GooF =      0.988 for     273 restraints
 Mean shift/esd =   0.000  Maximum =     0.001 for   x  Zr2        at 00:11:38
 Max. shift = 0.000 A for O6        Max. dU = 0.000 for C11                   
 wR2 =  0.3161 before cycle  11 for    3345 data and    155 /    155 parameters
 GooF = S =     1.021;     Restrained GooF =      0.988 for     273 restraints
 Mean shift/esd =   0.000  Maximum =     0.001 for   x  Zr2        at 00:11:38
 Max. shift = 0.000 A for O2        Max. dU = 0.000 for O6                    
 wR2 =  0.3161 before cycle  12 for    3345 data and    155 /    155 parameters
 GooF = S =     1.021;     Restrained GooF =      0.988 for     273 restraints
 Mean shift/esd =   0.000  Maximum =     0.001 for   x  Zr2        at 00:11:38
 Max. shift = 0.000 A for Zr1        Max. dU = 0.000 for C11                  
 wR2 =  0.3161 before cycle  13 for    3345 data and    155 /    155 parameters
 GooF = S =     1.021;     Restrained GooF =      0.988 for     273 restraints
 Mean shift/esd =   0.000  Maximum =     0.001 for   x  Zr2        at 00:11:38
 Max. shift = 0.000 A for O2        Max. dU = 0.000 for O6                    
 wR2 =  0.3161 before cycle  14 for    3345 data and    155 /    155 parameters
 GooF = S =     1.021;     Restrained GooF =      0.988 for     273 restraints
 Mean shift/esd =   0.000  Maximum =     0.001 for   x  Zr2        at 00:11:38
 Max. shift = 0.000 A for O6        Max. dU = 0.000 for C11                   
 wR2 =  0.3161 before cycle  15 for    3345 data and    155 /    155 parameters
 GooF = S =     1.021;     Restrained GooF =      0.988 for     273 restraints
 Mean shift/esd =   0.000  Maximum =     0.001 for   x  Zr2        at 00:11:38
 Max. shift = 0.000 A for O2        Max. dU = 0.000 for O6                    
 wR2 =  0.3161 before cycle  16 for    3345 data and    155 /    155 parameters
 GooF = S =     1.021;     Restrained GooF =      0.988 for     273 restraints
 Mean shift/esd =   0.000  Maximum =     0.001 for   x  Zr2        at 00:11:38
 Max. shift = 0.000 A for O6        Max. dU = 0.000 for C11                   
 wR2 =  0.3161 before cycle  17 for    3345 data and    155 /    155 parameters
 GooF = S =     1.021;     Restrained GooF =      0.988 for     273 restraints
 Mean shift/esd =   0.000  Maximum =     0.001 for   x  Zr2        at 00:11:38
 Max. shift = 0.000 A for O2        Max. dU = 0.000 for C6                    
 wR2 =  0.3161 before cycle  18 for    3345 data and    155 /    155 parameters
 GooF = S =     1.021;     Restrained GooF =      0.988 for     273 restraints
 Mean shift/esd =   0.000  Maximum =     0.001 for   x  Zr2        at 00:11:38
 Max. shift = 0.000 A for O6        Max. dU = 0.000 for C11                   
 wR2 =  0.3161 before cycle  19 for    3345 data and    155 /    155 parameters
 GooF = S =     1.021;     Restrained GooF =      0.988 for     273 restraints
 Mean shift/esd =   0.000  Maximum =     0.001 for   x  Zr2        at 00:11:38
 Max. shift = 0.000 A for O2        Max. dU = 0.000 for O5                    
 wR2 =  0.3161 before cycle  20 for    3345 data and    155 /    155 parameters
 GooF = S =     1.021;     Restrained GooF =      0.988 for     273 restraints
 Mean shift/esd =   0.000  Maximum =     0.001 for   x  Zr2        at 00:11:38
 Max. shift = 0.000 A for Zr1        Max. dU = 0.000 for C11                  
 wR2 =  0.3161 before cycle  21 for    3345 data and    155 /    155 parameters
 GooF = S =     1.021;     Restrained GooF =      0.988 for     273 restraints
 Mean shift/esd =   0.000  Maximum =     0.001 for   x  Zr2        at 00:11:38
 Max. shift = 0.000 A for O2        Max. dU = 0.000 for O5                    
 wR2 =  0.3161 before cycle  22 for    3345 data and    155 /    155 parameters
 GooF = S =     1.021;     Restrained GooF =      0.988 for     273 restraints
 Mean shift/esd =   0.000  Maximum =     0.001 for   x  Zr2        at 00:11:38
 Max. shift = 0.000 A for Zr1        Max. dU = 0.000 for O5                   
 wR2 =  0.3161 before cycle  23 for    3345 data and    155 /    155 parameters
 GooF = S =     1.021;     Restrained GooF =      0.988 for     273 restraints
 Mean shift/esd =   0.000  Maximum =     0.001 for   x  Zr2        at 00:11:38
 Max. shift = 0.000 A for O2        Max. dU = 0.000 for O4                    
 wR2 =  0.3161 before cycle  24 for    3345 data and    155 /    155 parameters
 GooF = S =     1.021;     Restrained GooF =      0.988 for     273 restraints
 Mean shift/esd =   0.000  Maximum =     0.001 for   x  Zr2        at 00:11:38
 Max. shift = 0.000 A for O4        Max. dU = 0.000 for C11                   
 wR2 =  0.3161 before cycle  25 for    3345 data and    155 /    155 parameters
 GooF = S =     1.021;     Restrained GooF =      0.988 for     273 restraints
 Mean shift/esd =   0.000  Maximum =     0.001 for   x  Zr2        at 00:11:38
 Max. shift = 0.000 A for O2        Max. dU = 0.000 for O4                    
 wR2 =  0.3161 before cycle  26 for    3345 data and    155 /    155 parameters
 GooF = S =     1.021;     Restrained GooF =      0.988 for     273 restraints
 Mean shift/esd =   0.000  Maximum =     0.001 for   x  Zr2        at 00:11:38
 Max. shift = 0.000 A for C12        Max. dU = 0.000 for C11                  
 wR2 =  0.3161 before cycle  27 for    3345 data and    155 /    155 parameters
 GooF = S =     1.021;     Restrained GooF =      0.988 for     273 restraints
 Mean shift/esd =   0.000  Maximum =     0.001 for   x  Zr2        at 00:11:38
 Max. shift = 0.000 A for O2        Max. dU = 0.000 for O4                    
 wR2 =  0.3161 before cycle  28 for    3345 data and    155 /    155 parameters
 GooF = S =     1.021;     Restrained GooF =      0.988 for     273 restraints
 Mean shift/esd =   0.000  Maximum =     0.001 for   x  Zr2        at 00:11:38
 Max. shift = 0.000 A for C12        Max. dU = 0.000 for C4                   
 wR2 =  0.3161 before cycle  29 for    3345 data and    155 /    155 parameters
 GooF = S =     1.021;     Restrained GooF =      0.988 for     273 restraints
 Mean shift/esd =   0.000  Maximum =     0.001 for   x  Zr2        at 00:11:38
 Max. shift = 0.000 A for O2        Max. dU = 0.000 for C11                   
 wR2 =  0.3161 before cycle  30 for    3345 data and    155 /    155 parameters
 GooF = S =     1.021;     Restrained GooF =      0.988 for     273 restraints
 Mean shift/esd =   0.000  Maximum =     0.001 for   x  Zr2        at 00:11:38
 Max. shift = 0.000 A for C12        Max. dU = 0.000 for C3                   
 wR2 =  0.3161 before cycle  31 for    3345 data and      0 /    155 parameters
 GooF = S =     1.021;     Restrained GooF =      0.988 for     273 restraints
 wR2 = 0.3161, GooF = S = 1.021, Restrained GooF = 0.988 for all data
 R1 = 0.0876 for 1837 Fo > 4sig(Fo) and 0.1278 for all 3345 data
 R.m.s. bond length deviation (from DFIX values)  0.0229 (A)
 R.m.s. bond angle deviation (estimated from DANG)  3.23 (deg.)
 ** Warning:     6  atoms may be split and     0  atoms NPD **
 R1 =  0.1198 for   3345 unique reflections after merging for Fourier
 Highest peak    0.58  at  0.0000  0.5000  0.2288  [  1.56 A from O4 ]
 Deepest hole   -0.56  at  0.4956  0.4825  0.5000  [  1.54 A from O3 ]

   Please cite: G.M. Sheldrick (2015) "Crystal structure refinement with
   SHELXL", Acta Cryst., C71, 3-8 (Open Access) if SHELXL proves useful.

 +++++++++++++++++++++++++++++++++++++++++++++++++++++++++++++++++++++++++++++
 +  nu1000_framew finished at 00:11:42   Total elapsed time:      4.56 secs  +
 +++++++++++++++++++++++++++++++++++++++++++++++++++++++++++++++++++++++++++++
