
 +++++++++++++++++++++++++++++++++++++++++++++++++++++++++++++++++++
 +  SHELXL -  CRYSTAL STRUCTURE REFINEMENT  -   MULTI-CPU VERSION  +
 +  Copyright(C) George M. Sheldrick 1993-2023     Version 2019/3  +
 +  job                        started at 19:40:58 on 21-Sep-2026  +
 +++++++++++++++++++++++++++++++++++++++++++++++++++++++++++++++++++

 Command line parameters: job -a50000 -b3000 -c624 -g0 -m0 -t4

 -a sets the approximate maximum number of atoms including hydrogens.
 -b sets the maximum number of full-matrix parameters (not used by CGLS).
 For example -b9000 allows refinement of 1000 anisotropic atoms or 3000
 with BLOC 1. For a 32-bit version, -b times the square root of the
 number of threads should not exceed about 65500. -c sets the reflection
 buffer size. This depends on the CPU cache size but will rarely
 need changing.

 -g sets the number of reflection groups used for calculating R_complete,
 This must be greater than 1 but not greater than the total number of
 reflections for refinement. -m sets the current reflection group number.
 This may not be less than 1 nor greater than the number set by -g. These
 command line flags override other ways of defining free-R reflections.
 The -m value is also used as a seed for the WIGL pseudo-random shifts.

 -t sets the number of threads, otherwise it is set to the apparent
 number of CPUs. For optimal performance on hyperthreading systems,
 -t should be set to a little more than half the number of CPUs;
 e.g. -t4 or -t5 for an Intel i7 processor.

 Running  4 threads on  4 processors

 TITL CrystalPilot cross-check in P 6/m m m
 CELL 0.68883 39.19000 39.19000 16.61000 90.0000 90.0000 120.0000
 ZERR 24 0.00000 0.00000 0.00000 0.0000 0.0000 0.0000
 LATT 1
 SYMM X-Y,X,Z
 SYMM Y,-X+Y,Z
 SYMM -Y,X-Y,Z
 SYMM -X+Y,-X,Z
 SYMM X-Y,-Y,-Z
 SYMM -X,-X+Y,-Z
 SYMM -X,-Y,Z
 SYMM Y,X,-Z
 SYMM -Y,-X,-Z
 SYMM -X+Y,Y,-Z
 SYMM X,X-Y,-Z
 SFAC C O Zr
 REM DISP lambda 0.68883 A is not a SHELXL built-in line (Cu/Mo/Ag K-alpha):
 REM DISP f'/f'' from cctbx (sasaki: C O Zr), mu = NIST attenuation in
 REM DISP barn/atom
 DISP $C 0.002 0.002 10.99
 DISP $O 0.007 0.006 30.28
 DISP $Zr -9.041 2.772 14341.91
 UNIT 558.0 124.0 18.0

 V =    22092.79     F(000) =    5060.0     Mu =   1.21 mm-1      Cell Wt =    10327.54    Rho =  0.776

  
 L.S. 6
 BOND $H
 CONF
 ACTA
 FMAP 2
 PLAN 20
  
 SHEL 999 1.000
  
 WGHT 0.100000 0.000000
 FVAR 0.05146
 ZR01  3   0.463835   0.536165   0.500000    10.25000     0.08664     0.08664 =
       0.06685     0.00000     0.00000     0.05480
 ZR02  3   0.544739   0.544739   0.393713    10.50000     0.09267     0.09267 =
       0.08406     0.01368     0.01368     0.05893
 O003  2   0.481260   0.586428   0.581178    11.00000     0.10557     0.10794 =
       0.09354    -0.00310    -0.00431     0.07257
 O004  2   0.533910   0.592828   0.649892    11.00000     0.11516     0.11937 =
       0.12307    -0.04070    -0.02921     0.07170
 O005  2   0.526661   0.562541   0.500000    10.50000     0.11986     0.22399 =
       0.10875     0.00000     0.00000     0.11536
 O006  2   0.538267   0.538267   0.262137    10.50000     0.20326     0.20326 =
       0.08732     0.02037     0.02037     0.15809
 O007  2   0.601029   0.601029   0.411655    10.50000     0.09298     0.09298 =
       0.28254     0.00827     0.00827     0.04372
 O008  2   0.517261   0.482739   0.393078    10.50000     0.11772     0.11772 =
       0.15113     0.02723    -0.02723     0.06194
 C009  1   0.507829   0.601595   0.634113    11.00000     0.10372     0.11140 =
       0.10641     0.00263    -0.00793     0.07074
 C00A  1   0.505000   0.689858   0.780162    11.00000     0.24770     0.11311 =
       0.08676     0.00284    -0.00561     0.12755
 O00B  1   0.477256   0.641379   0.673598    11.00000     0.16177     0.11845 =
       0.11398    -0.02339    -0.01098     0.10202
 C00C  1   0.507310   0.632652   0.686587    11.00000     0.15077     0.09777 =
       0.10975    -0.01910    -0.01615     0.08440
 O00D  1   0.474660   0.669158   0.722752    11.00000     0.21671     0.12802 =
       0.10392    -0.03247    -0.03446     0.10925
 C00E  1   0.504988   0.721803   0.831666    11.00000     0.22633     0.11231 =
       0.09659    -0.02486    -0.01495     0.11723
 O00F  1   0.504581   0.752290   0.787581    10.50000     0.21512     0.08984 =
       0.14596    -0.02337    -0.04673     0.10756
 O00G  1   0.538043   0.652445   0.741619    11.00000     0.18213     0.11087 =
       0.10030    -0.04160    -0.03651     0.08159
 C00H  1   0.504574   0.721260   0.914200    11.00000     0.25236     0.11525 =
       0.05850    -0.01455    -0.00667     0.10534
 C00I  1   0.502754   0.751377   0.957567    10.50000     0.28108     0.11800 =
       0.07482    -0.01165    -0.02329     0.14054
 O00J  1   0.537833   0.681877   0.791031    11.00000     0.25611     0.12728 =
       0.11027    -0.00340    -0.01521     0.13210
 O00K  2   0.570754   0.429246   0.134123    10.50000     0.29240
 O00L  1   0.504724   0.687496   0.958527    11.00000     0.27992     0.15238 =
       0.08608     0.01881     0.01344     0.14499
 C00M  1   0.739087   0.533480   0.500000    10.50000     0.27481
 C00N  1   0.594346   0.405654   0.098508    10.50000     0.20372
 C00O  1   0.628239   0.628239   0.464327    10.50000     0.90775
 C00P  1   0.768763   0.384381   0.500000    10.25000     0.59848
 C00Q  1   0.800483   0.400241   0.500000    10.25000     0.41081
 C00R  1   0.594771   0.672025   0.000000    10.50000     0.33543
 C00S  1   0.704197   0.560648   0.500000    10.50000     0.39336
 C00T  1   0.539253   0.460747   0.207711    10.50000     0.39239
 C00U  1   0.664960   0.584773   0.500000    10.50000     0.44759
 C00V  1   0.712205   0.424409   0.500000    10.25000     0.08805
 C00W  1   1.000000   1.000000   0.027156    10.08333     0.30203
 C00X  1   0.719243   0.621423   0.500000    10.50000     1.34362
 C00Y  1   0.586186   0.642208   0.065737    11.00000     0.85501
 C00Z  1   0.482216   0.408973   0.104805    11.00000     0.73624
 C010  1   0.770363   0.540727   0.500000    10.25000     0.54652
 C011  1   0.961978   0.923956   0.500000    10.25000     1.31055
 O012  2   0.643731   0.643731   0.239579    10.50000     0.64257
 C013  1   0.547432   0.452568   0.125261    10.50000     1.91423
 C014  1   0.930166   0.860332   0.597830    10.50000     1.29521
 O015  2   0.666667   0.333333   0.138550    10.16667     1.05749
 C016  1   1.000000   1.000000   0.130352    10.08333     2.00000
 C017  1   0.554718   0.445282  -0.156960    10.50000     1.25031
 C018  1   1.000000   1.000000   0.709858    10.08333     2.00000
 C019  1   0.747620   0.428955   0.500000    10.50000     0.92122
 C01A  1   0.550493   0.449507   0.000000    10.25000     1.37690
 C01B  1   0.926752   0.853505   0.727727    10.50000     1.21103
 C01C  1   0.780922   0.390461   0.579990    10.50000     1.37023
 C01D  1   0.752868   0.574630   0.603303    11.00000     0.73173
 C01E  1   0.935847   0.489832   0.500000    10.50000     1.56576
 HKLF 4



 Covalent radii and connectivity table for  CrystalPilot cross-check in P 6/m m m                                      
 C      0.770
 O      0.660
 ZR     1.590

 Zr01 - C01E_$13 C01E_$14 O005_$5 O005 O008_$3 O008_$1 O003_$4 O003_$6 O003_$5 O003 Zr02_$4 Zr02_$3
 Zr02 - O008_$3 O008 O005 O005_$7 O006 O007 O004_$7 O004_$4 Zr01_$1 Zr01 Zr02_$3 Zr02_$4
 O003 - C009 Zr01
 O004 - C009 Zr02_$4
 O005 - C01E_$13 Zr01 Zr02_$4 Zr02
 O006 - Zr02
 O007 - C00O Zr02
 O008 - Zr02 Zr02_$3 Zr01_$1
 C009 - O004 O003 C00C
 C00A - O00D O00J C00E
 O00B - C00C O00D
 C00C - O00B O00G C009
 O00D - O00B C00A
 C00E - C00H O00F C00A
 O00F - C00E C00E_$8
 O00G - C00C O00J
 C00H - C00E C00I O00L
 C00I - C00I_$9 C00H_$8 C00H
 O00J - O00G C00A
 O00K - C017_$10 C013 C00N
 O00L - O00L_$9 C00H
 C00M - C010
 C00N - O00K
 C00O - C00O_$4 O007
 C00P - C00Q C01C_$4 C01C
 C00Q - C00P C01C_$4 C01C
 C00R - C00Y_$10 C00Y
 C00S - no bonds found
 C00T - C017_$10 C013
 C00U - C00X
 C00V - C019 C019_$11
 C00W - C00W_$12 C016
 C00X - C00U
 C00Y - C00R
 C00Z - no bonds found
 C010 - C00M C00M_$11
 C011 - no bonds found
 O012 - no bonds found
 C013 - C017_$10 C00T O00K
 C014 - no bonds found
 O015 - no bonds found
 C016 - C00W
 C017 - C013_$10 O00K_$10 C00T_$10
 C018 - no bonds found
 C019 - C00V
 C01A - no bonds found
 C01B - no bonds found
 C01C - C00P C00Q
 C01D - no bonds found
 C01E - Zr01_$2 O005_$2 C01E_$15


 Operators for generating equivalent atoms:
 $1   -x+1, -y+1, -z+1
 $2   x-y+1, x, z
 $3   -x+1, -y+1, z
 $4   x, y, -z+1
 $5   -y+1, -x+1, z
 $6   -y+1, -x+1, -z+1
 $7   y, x, -z+1
 $8   x, x-y+1, z
 $9   x, y, -z+2
 $10  x, y, -z
 $11  -x+y+1, y, z
 $12  -x+2, -y+2, -z
 $13  y, -x+y+1, z
 $14  x-y, -y+1, -z+1
 $15  x, x-y, z

   179481  Reflections outside SHEL resolution limits rejected


   337815  Reflections read, of which  179481  rejected

 -39 =< h =< 39,    -39 =< k =< 39,    -16 =< l =< 16,   Max. 2-theta =   40.28

        0  Systematic absence violations (I>3sig(I)) before merging

        0  Inconsistent equivalents

     4395  Unique reflections, of which       0  suppressed

 R(int) = 0.5659     R(sigma) = 0.1066      Friedel opposites merged

 Maximum memory for data reduction =     6397 /    48177


 Reflection statistics for all twin components combined (TWST 0 set)
 Number of data for d > 1.000A (CIF: max) and d > 1.000A (CIF: full)
 (ignoring systematic absences):
 Unique reflections found (point group)       4395    4395
 Unique reflections possible (point group)    4401    4401
 Unique reflections found (Laue group)        4395    4395
 Unique reflections possible (Laue group)     4401    4401

 Special position constraints for Zr01
 z =  0.5000   y = -1.0 * x + 1.0000   U22 = 1.0 * U11   U23 = 0   U13 = 0   
 sof = 0.25000   
 Input constraints retained (at least in part) for  sof

 Special position constraints for Zr02
 y =  1.0 * x + 0.0000   U22 = 1.0 * U11   U13 = 1.0 * U23   sof = 0.50000   
 Input constraints retained (at least in part) for  sof

 Special position constraints for O005
 z =  0.5000   U23 = 0   U13 = 0   sof = 0.50000   
 Input constraints retained (at least in part) for  sof

 Special position constraints for O006
 y =  1.0 * x + 0.0000   U22 = 1.0 * U11   U13 = 1.0 * U23   sof = 0.50000   
 Input constraints retained (at least in part) for  sof

 Special position constraints for O007
 y =  1.0 * x + 0.0000   U22 = 1.0 * U11   U13 = 1.0 * U23   sof = 0.50000   
 Input constraints retained (at least in part) for  sof

 Special position constraints for O008
 y = -1.0 * x + 1.0000   U22 = 1.0 * U11   U13 =-1.0 * U23   sof = 0.50000   
 Input constraints retained (at least in part) for  sof

 Special position constraints for O00F
 y =  0.5 * x + 0.5000   U13 = 2.0 * U23   U12 = 0.5 * U11   sof = 0.50000   
 Input constraints retained (at least in part) for  sof

 Special position constraints for C00I
 y =  0.5 * x + 0.5000   U13 = 2.0 * U23   U12 = 0.5 * U11   sof = 0.50000   
 Input constraints retained (at least in part) for  sof

 Special position constraints for O00K
 y = -1.0 * x + 1.0000   sof = 0.50000   
 Input constraints retained (at least in part) for  sof

 Special position constraints for C00M
 z =  0.5000   sof = 0.50000   
 Input constraints retained (at least in part) for  sof

 Special position constraints for C00N
 y = -1.0 * x + 1.0000   sof = 0.50000   
 Input constraints retained (at least in part) for  sof

 Special position constraints for C00O
 y =  1.0 * x + 0.0000   sof = 0.50000   
 Input constraints retained (at least in part) for  sof

 Special position constraints for C00P
 z =  0.5000   y =  0.5 * x + 0.0000   sof = 0.25000   
 Input constraints retained (at least in part) for  sof

 Special position constraints for C00Q
 z =  0.5000   y =  0.5 * x + 0.0000   sof = 0.25000   
 Input constraints retained (at least in part) for  sof

 Special position constraints for C00R
 z =  0.0000   sof = 0.50000   
 Input constraints retained (at least in part) for  sof

 Special position constraints for C00S
 z =  0.5000   sof = 0.50000   
 Input constraints retained (at least in part) for  sof

 Special position constraints for C00T
 y = -1.0 * x + 1.0000   sof = 0.50000   
 Input constraints retained (at least in part) for  sof

 Special position constraints for C00U
 z =  0.5000   sof = 0.50000   
 Input constraints retained (at least in part) for  sof

 Special position constraints for C00V
 z =  0.5000   y =  2.0 * x - 1.0000   sof = 0.25000   
 Input constraints retained (at least in part) for  sof

 Special position constraints for C00W
 x =  1.0000   y =  1.0000   sof = 0.08333   
 Input constraints retained (at least in part) for  sof

 Special position constraints for C00X
 z =  0.5000   sof = 0.50000   
 Input constraints retained (at least in part) for  sof

 Special position constraints for C010
 z =  0.5000   y =  2.0 * x - 1.0000   sof = 0.25000   
 Input constraints retained (at least in part) for  sof

 Special position constraints for C011
 z =  0.5000   y =  2.0 * x - 1.0000   sof = 0.25000   
 Input constraints retained (at least in part) for  sof

 Special position constraints for O012
 y =  1.0 * x + 0.0000   sof = 0.50000   
 Input constraints retained (at least in part) for  sof

 Special position constraints for C013
 y = -1.0 * x + 1.0000   sof = 0.50000   
 Input constraints retained (at least in part) for  sof

 Special position constraints for C014
 y =  2.0 * x - 1.0000   sof = 0.50000   
 Input constraints retained (at least in part) for  sof

 Special position constraints for O015
 x =  0.6667   y =  0.3333   sof = 0.16667   
 Input constraints retained (at least in part) for  sof

 Special position constraints for C016
 x =  1.0000   y =  1.0000   sof = 0.08333   
 Input constraints retained (at least in part) for  sof

 Special position constraints for C017
 y = -1.0 * x + 1.0000   sof = 0.50000   
 Input constraints retained (at least in part) for  sof

 Special position constraints for C018
 x =  1.0000   y =  1.0000   sof = 0.08333   
 Input constraints retained (at least in part) for  sof

 Special position constraints for C019
 z =  0.5000   sof = 0.50000   
 Input constraints retained (at least in part) for  sof

 Special position constraints for C01A
 z =  0.0000   y = -1.0 * x + 1.0000   sof = 0.25000   
 Input constraints retained (at least in part) for  sof

 Special position constraints for C01B
 y =  2.0 * x - 1.0000   sof = 0.50000   
 Input constraints retained (at least in part) for  sof

 Special position constraints for C01C
 y =  0.5 * x + 0.0000   sof = 0.50000   
 Input constraints retained (at least in part) for  sof

 Special position constraints for C01E
 z =  0.5000   sof = 0.50000   
 Input constraints retained (at least in part) for  sof


 Least-squares cycle   1   Maximum vector length =  623   Memory required =     77 /   7055 /   352254

 wR2 =  0.3614 before cycle   1 for    4395 data and    238 /    238 parameters

 GooF = S =     1.729;     Restrained GooF =      1.729 for       0 restraints

 Weight = 1 / [ sigma^2(Fo^2) + ( 0.1000 * P )^2 +   0.00 * P ]   where  P = ( Max ( Fo^2, 0 ) + 2 * Fc^2 ) / 3

 Shifts scaled down to reduce maximum shift/esd from   18.41  to   15.00


     N      value        esd    shift/esd  parameter

     1     0.05172     0.00033     0.783    OSF
   185     0.17360     0.00760    11.250    U11 C00V
   200     1.11029     0.11411     4.941    U11 C010
   222     0.45339     0.00450     5.430     y  C019

 Mean shift/esd =   0.364  Maximum =    11.250 for  U11 C00V     

 Max. shift = 2.197 A for C016        Max. dU = 0.564 for C010     


 Least-squares cycle   2   Maximum vector length =  623   Memory required =     77 /   7055 /   352254

 wR2 =  0.3404 before cycle   2 for    4395 data and    238 /    238 parameters

 GooF = S =     1.613;     Restrained GooF =      1.613 for       0 restraints

 Weight = 1 / [ sigma^2(Fo^2) + ( 0.1000 * P )^2 +   0.00 * P ]   where  P = ( Max ( Fo^2, 0 ) + 2 * Fc^2 ) / 3


     N      value        esd    shift/esd  parameter

     1     0.05227     0.00032     1.752    OSF
   185     0.33504     0.01348    11.976    U11 C00V

 Mean shift/esd =   0.361  Maximum =    11.976 for  U11 C00V     

 Max. shift = 5.783 A for C016        Max. dU =-2.269 for C016     


 Least-squares cycle   3   Maximum vector length =  623   Memory required =     77 /   7055 /   352254

 wR2 =  0.3549 before cycle   3 for    4395 data and    238 /    238 parameters

 GooF = S =     1.694;     Restrained GooF =      1.694 for       0 restraints

 Weight = 1 / [ sigma^2(Fo^2) + ( 0.1000 * P )^2 +   0.00 * P ]   where  P = ( Max ( Fo^2, 0 ) + 2 * Fc^2 ) / 3

 Shifts scaled down to reduce maximum shift/esd from   18.67  to   15.00


     N      value        esd    shift/esd  parameter

     1     0.05206     0.00033    -0.633    OSF
   185     0.48531     0.03444     4.364    U11 C00V
   215     0.03582     0.00491     7.500    U11 C016
   220     2.00000     0.97688     3.637    U11 C018

 Mean shift/esd =   0.357  Maximum =     7.500 for  U11 C016     

 Max. shift = 1.402 A for C018        Max. dU =-0.359 for C010     


 Least-squares cycle   4   Maximum vector length =  623   Memory required =     77 /   7055 /   352254

 wR2 =  0.3391 before cycle   4 for    4395 data and    238 /    238 parameters

 GooF = S =     1.603;     Restrained GooF =      1.603 for       0 restraints

 Weight = 1 / [ sigma^2(Fo^2) + ( 0.1000 * P )^2 +   0.00 * P ]   where  P = ( Max ( Fo^2, 0 ) + 2 * Fc^2 ) / 3


     N      value        esd    shift/esd  parameter

     1     0.05236     0.00031     0.937    OSF
   215     0.13210     0.00713    13.509    U11 C016
   219     1.29597     0.04566     3.451     z  C018
   220     2.00000     0.87046     3.451    U11 C018

 Mean shift/esd =   0.390  Maximum =    13.509 for  U11 C016     

 Max. shift = 2.617 A for C018        Max. dU =-0.591 for C013     


 Least-squares cycle   5   Maximum vector length =  623   Memory required =     77 /   7055 /   352254

 wR2 =  0.3472 before cycle   5 for    4395 data and    238 /    238 parameters

 GooF = S =     1.648;     Restrained GooF =      1.648 for       0 restraints

 Weight = 1 / [ sigma^2(Fo^2) + ( 0.1000 * P )^2 +   0.00 * P ]   where  P = ( Max ( Fo^2, 0 ) + 2 * Fc^2 ) / 3


     N      value        esd    shift/esd  parameter

     1     0.05233     0.00032    -0.076    OSF
   200     0.30735     0.13959    -4.058    U11 C010
   215     0.25588     0.01748     7.079    U11 C016
   220     2.00000     0.83846     4.385    U11 C018
   221     0.68509     0.00539     3.277     x  C019
   223     1.57088     0.10883     5.558    U11 C019

 Mean shift/esd =   0.398  Maximum =     7.079 for  U11 C016     

 Max. shift = 2.076 A for C018        Max. dU = 0.605 for C019     


 Least-squares cycle   6   Maximum vector length =  623   Memory required =     77 /   7055 /   352254

 wR2 =  0.3325 before cycle   6 for    4395 data and    238 /    238 parameters

 GooF = S =     1.570;     Restrained GooF =      1.570 for       0 restraints

 Weight = 1 / [ sigma^2(Fo^2) + ( 0.1000 * P )^2 +   0.00 * P ]   where  P = ( Max ( Fo^2, 0 ) + 2 * Fc^2 ) / 3


     N      value        esd    shift/esd  parameter

     1     0.05255     0.00031     0.699    OSF
   166     0.47430     0.03322    -1.320     z  C00O
   185     0.50263     0.03781     2.691    U11 C00V
   200     0.41398     0.02691     3.963    U11 C010
   201     0.94493     0.00501    -1.698     x  C011
   202     0.89939     0.50447    -1.367    U11 C011
   207     0.16329     0.01710     1.651     z  C013
   208     1.93373     0.32184     1.213    U11 C013
   210     0.59665     0.01544     1.106     z  C014
   211     1.80516     0.26414     1.108    U11 C014
   215     0.44428     0.03499     5.385    U11 C016
   216     0.54419     0.00635    -2.627     x  C017
   219     1.24355     0.05134     1.413     z  C018
   220     2.00000     0.83485     1.916    U11 C018
   221     0.74330     0.00768     7.581     x  C019
   222     0.46007     0.00860     1.208     y  C019
   224     0.54955     0.00268     1.066     x  C01A
   225     0.92097     0.09800     2.260    U11 C01A
   231     1.09888     0.20977    -1.296    U11 C01C

 Mean shift/esd =   0.359  Maximum =     7.581 for   x  C019     

 Max. shift = 2.107 A for C019        Max. dU =-0.689 for C011     


 Largest correlation matrix elements

     0.922 U12 O006 / U11 O006               0.716 U12 C00E / U11 C00E               0.692 U12 C00E / U22 C00E
     0.869 U12 Zr01 / U11 Zr01               0.704 U12 O005 / U22 O005               0.689 U12 O00D / U11 O00D
     0.869 U12 Zr02 / U11 Zr02               0.699 U12 C00A / U11 C00A               0.687 U12 O003 / U22 O003
     0.822 U12 O008 / U11 O008               0.696 U12 O00B / U22 O00B               0.680 U12 O00B / U11 O00B
     0.821 U12 O007 / U11 O007               0.696 U12 C00A / U22 C00A               0.671 U12 O00L / U22 O00L
     0.738 U12 O005 / U11 O005               0.695 U12 O00J / U22 O00J               0.658 y C019 / x C019
    -0.730 U11 C00O / z C00O                 0.695 y C00Y / x C00Y                   0.658 U12 O003 / U11 O003
    -0.724 U11 C00W / z C00W                 0.693 U12 O00L / U11 O00L               0.648 U12 C00H / U11 C00H



  CrystalPilot cross-check in P 6/m m m                                      

 ATOM           x        y        z         sof        U11      U22      U33      U23      U13      U12       Ueq

 Zr01        0.46384  0.53616  0.50000    0.25000    0.08812  0.08812  0.06979  0.00000  0.00000  0.05555   0.07690
   0.00000   0.00004  0.00004  0.00000    0.00000    0.00177  0.00177  0.00196  0.00000  0.00000  0.00197   0.00103

 Zr02        0.54476  0.54476  0.39375    0.50000    0.09468  0.09468  0.08591  0.01389  0.01389  0.05996   0.08615
   0.00501   0.00006  0.00006  0.00012    0.00000    0.00136  0.00136  0.00161  0.00117  0.00117  0.00144   0.00089

 O003        0.48127  0.58637  0.58183    1.00000    0.10897  0.11209  0.09319 -0.00225 -0.00611  0.07542   0.09580
   0.02108   0.00026  0.00024  0.00049    0.00000    0.00643  0.00654  0.00584  0.00519  0.00503  0.00557   0.00249

 O004        0.53390  0.59301  0.64992    1.00000    0.11658  0.11915  0.12750 -0.04057 -0.02827  0.07003   0.11614
   0.01724   0.00025  0.00024  0.00052    0.00000    0.00707  0.00676  0.00707  0.00543  0.00558  0.00595   0.00292

 O005        0.52713  0.56304  0.50000    0.50000    0.12653  0.23327  0.10542  0.00000  0.00000  0.12080   0.14136
   0.03001   0.00039  0.00047  0.00000    0.00000    0.01100  0.01569  0.00887  0.00000  0.00000  0.01135   0.00523

 O006        0.53833  0.53833  0.26200    0.50000    0.20579  0.20579  0.08851  0.01832  0.01832  0.15844   0.14201
   0.03262   0.00038  0.00038  0.00068    0.00000    0.01011  0.01011  0.00822  0.00779  0.00779  0.01116   0.00466

 O007        0.60100  0.60100  0.41251    0.50000    0.09976  0.09976  0.27872  0.00740  0.00740  0.04946   0.15960
   0.03034   0.00031  0.00031  0.00111    0.00000    0.00654  0.00654  0.01688  0.00882  0.00882  0.00780   0.00564

 O008        0.51744  0.48256  0.39285    0.50000    0.11729  0.11729  0.15584  0.02773 -0.02773  0.06012   0.12948
   0.01278   0.00017  0.00017  0.00077    0.00000    0.00677  0.00677  0.01149  0.00426  0.00426  0.00770   0.00449

 C009        0.50778  0.60174  0.63419    1.00000    0.10556  0.11808  0.10324  0.00400 -0.01003  0.07487   0.10053
   0.03668   0.00046  0.00042  0.00087    0.00000    0.01203  0.01223  0.01103  0.00934  0.00928  0.01038   0.00421

 C00A        0.50491  0.68992  0.77965    1.00000    0.24967  0.12041  0.09005  0.00817 -0.00073  0.13208   0.13580
   0.04297   0.00061  0.00044  0.00085    0.00000    0.02007  0.01285  0.01050  0.00954  0.01220  0.01419   0.00570

 O00B        0.47685  0.64101  0.67263    1.00000    0.17305  0.12493  0.11443 -0.02155 -0.00505  0.11174   0.12091
   0.03275   0.00045  0.00041  0.00082    0.00000    0.01386  0.01163  0.01069  0.00896  0.00968  0.01132   0.00474

 C00C        0.50645  0.63225  0.68582    1.00000    0.15210  0.09821  0.10615 -0.02708 -0.02095  0.08156   0.11038
   0.03398   0.00048  0.00040  0.00085    0.00000    0.01362  0.01058  0.01082  0.00893  0.01023  0.01068   0.00428

 O00D        0.47508  0.66920  0.72177    1.00000    0.21588  0.13144  0.10435 -0.02268 -0.03424  0.10909   0.14067
   0.03982   0.00050  0.00047  0.00097    0.00000    0.01798  0.01287  0.01136  0.01011  0.01150  0.01329   0.00575

 C00E        0.50533  0.72200  0.83164    1.00000    0.24678  0.11171  0.10272 -0.02639 -0.01447  0.12627   0.13745
   0.03369   0.00049  0.00040  0.00092    0.00000    0.01751  0.01164  0.01137  0.00979  0.01144  0.01235   0.00539

 O00F        0.50509  0.75255  0.78766    0.50000    0.23428  0.09615  0.14132 -0.01799 -0.03597  0.11714   0.14191
   0.04233   0.00067  0.00034  0.00124    0.00000    0.02415  0.00922  0.01799  0.00840  0.01679  0.01208   0.00809

 O00G        0.53781  0.65207  0.74109    1.00000    0.18544  0.11135  0.10257 -0.03797 -0.02449  0.08358   0.12895
   0.03624   0.00048  0.00043  0.00088    0.00000    0.01464  0.01157  0.01040  0.00909  0.01059  0.01134   0.00494

 C00H        0.50511  0.72136  0.91465    1.00000    0.24292  0.12355  0.06511 -0.01753 -0.00563  0.10896   0.13615
   0.03241   0.00048  0.00041  0.00078    0.00000    0.01758  0.01247  0.00921  0.00855  0.01002  0.01246   0.00555

 C00I        0.50438  0.75219  0.95779    0.50000    0.26086  0.11927  0.07542 -0.00859 -0.01718  0.13043   0.13612
   0.04087   0.00066  0.00033  0.00096    0.00000    0.02405  0.00925  0.01204  0.00649  0.01298  0.01202   0.00754

 O00J        0.53786  0.68196  0.79090    1.00000    0.25342  0.13197  0.11377 -0.00300 -0.01476  0.13085   0.15105
   0.03678   0.00055  0.00045  0.00087    0.00000    0.01937  0.01301  0.01172  0.01001  0.01208  0.01416   0.00594

 O00K        0.57043  0.42957  0.13474    0.50000    0.29299
   0.02831   0.00046  0.00046  0.00170    0.00000    0.01149

 O00L        0.50475  0.68744  0.95909    1.00000    0.27688  0.14590  0.08800  0.02228  0.01388  0.13487   0.15729
   0.03433   0.00050  0.00042  0.00067    0.00000    0.01866  0.01225  0.00915  0.00798  0.00994  0.01325   0.00605

 C00M        0.73900  0.53393  0.50000    0.50000    0.25934
   0.06931   0.00094  0.00110  0.00000    0.00000    0.01489

 C00N        0.59417  0.40583  0.09545    0.50000    0.20263
   0.02726   0.00043  0.00043  0.00164    0.00000    0.01087

 C00O        0.62793  0.62793  0.47430    0.50000    1.27195
   0.64696   0.00304  0.00304  0.03322    0.00000    0.15888

 C00P        0.75547  0.37773  0.50000    0.25000    0.53266
   0.26240   0.00446  0.00223  0.00000    0.00000    0.07722

 C00Q        0.79543  0.39772  0.50000    0.25000    0.40278
   0.17728   0.00302  0.00151  0.00000    0.00000    0.03832

 C00R        0.59427  0.67151  0.00000    0.50000    0.34150
   0.09100   0.00132  0.00137  0.00000    0.00000    0.02121

 C00S        0.70533  0.56142  0.50000    0.50000    0.40115
   0.11297   0.00167  0.00173  0.00000    0.00000    0.02751

 C00T        0.54020  0.45980  0.21002    0.50000    0.42293
   0.06092   0.00088  0.00088  0.00367    0.00000    0.02786

 C00U        0.66674  0.58920  0.50000    0.50000    0.43370
   0.12669   0.00196  0.00180  0.00000    0.00000    0.03098

 C00V        0.71392  0.42783  0.50000    0.25000    0.50263
   0.15673   0.00133  0.00267  0.00000    0.00000    0.03781

 C00W        1.00000  1.00000  0.03503    0.08333    0.64733
   0.50442   0.00000  0.00000  0.03037    0.00000    0.14983

 C00X        0.73098  0.60261  0.50000    0.50000    1.43699
   0.53811   0.00856  0.00731  0.00000    0.00000    0.24077

 C00Y        0.58577  0.64104  0.06975    1.00000    0.95066
   0.19558   0.00268  0.00253  0.00410    0.00000    0.06762

 C00Z        0.48445  0.41016  0.10410    1.00000    0.74880
   0.19402   0.00266  0.00241  0.00426    0.00000    0.04546

 C010        0.74091  0.48182  0.50000    0.25000    0.41398
   0.12085   0.00103  0.00206  0.00000    0.00000    0.02691

 C011        0.94493  0.88986  0.50000    0.25000    0.89939
   0.58876   0.00501  0.01002  0.00000    0.00000    0.50447

 O012        0.64266  0.64266  0.24476    0.50000    0.65434
   0.11531   0.00130  0.00130  0.00330    0.00000    0.03365

 C013        0.52180  0.47820  0.16329    0.50000    1.93373
   0.28398   0.00433  0.00433  0.01710    0.00000    0.32184

 C014        0.93067  0.86134  0.59665    0.50000    1.80516
   0.45683   0.00383  0.00767  0.01544    0.00000    0.26414

 O015        0.66667  0.33333  0.16684    0.16667    0.91747
   0.14642   0.00000  0.00000  0.00882    0.00000    0.10071

 C016        1.00000  1.00000  0.60882    0.08333    0.44428
   0.07993   0.00000  0.00000  0.00481    0.00000    0.03499

 C017        0.54419  0.45581 -0.10638    0.50000    1.50224
   0.35253   0.00635  0.00635  0.02122    0.00000    0.36978

 C018        1.00000  1.00000  1.24355    0.08333    2.00000
   0.85273   0.00000  0.00000  0.05134    0.00000    0.83485

 C019        0.74330  0.46007  0.50000    0.50000    1.38022
   0.58102   0.00768  0.00860  0.00000    0.00000    0.25460

 C01A        0.54955  0.45045  0.00000    0.25000    0.92097
   0.00000   0.00268  0.00268  0.00000    0.00000    0.09800

 C01B        0.93098  0.86196  0.73265    0.50000    1.37086
   0.39962   0.00292  0.00583  0.01282    0.00000    0.16553

 C01C        0.79380  0.39690  0.57841    0.50000    1.09888
   0.48312   0.00678  0.00339  0.01219    0.00000    0.20977

 C01D        0.75347  0.56858  0.59609    1.00000    0.70446
   0.14448   0.00183  0.00191  0.00351    0.00000    0.04822

 C01E        0.95106  0.50288  0.50000    0.50000    1.10804
   0.26121   0.00386  0.00404  0.00000    0.00000    0.15130



 Final Structure Factor Calculation for  CrystalPilot cross-check in P 6/m m m                                      

 Total number of l.s. parameters =   238  Maximum vector length =  623   Memory required =     77 /   6817 /    26789

 wR2 =  0.3273 before cycle   7 for    4395 data and      0 /    238 parameters

 GooF = S =     1.544;     Restrained GooF =      1.544 for       0 restraints

 Weight = 1 / [ sigma^2(Fo^2) + ( 0.1000 * P )^2 +   0.00 * P ]   where  P = ( Max ( Fo^2, 0 ) + 2 * Fc^2 ) / 3

 wR2 = 0.3273, GooF = S = 1.544, Restrained GooF = 1.544 for all data
 R1 = 0.1279 for 2063 Fo > 4sig(Fo) and 0.2166 for all 4395 data

 Occupancy sum of asymmetric unit =    29.17 for non-hydrogen and     0.00 for H and D atoms



 Principal mean square atomic displacements U

   0.0958   0.0698   0.0651   Zr01  
   0.1127   0.0763   0.0694   Zr02  
   0.1247   0.0932   0.0695   O003  
   0.1675   0.0988   0.0821   O004  
   0.2334   0.1054   0.0852   O005  
   0.2457   0.0947   0.0857   O006    may be split into  0.5440  0.5412  0.2636  and  0.5327  0.5355  0.2604
   0.2791   0.1006   0.0991   O007    may be split into  0.6013  0.6011  0.4252  and  0.6007  0.6008  0.3998
   0.1943   0.1183   0.0759   O008  
   0.1256   0.1088   0.0671   C009  
   0.2501   0.0937   0.0636   C00A    may be split into  0.5101  0.6902  0.7796  and  0.4997  0.6896  0.7797
   0.1828   0.1200   0.0599   O00B  
   0.1622   0.1050   0.0640   C00C  
   0.2256   0.1050   0.0914   O00D  
   0.2484   0.1110   0.0530   C00E  
   0.2466   0.1290   0.0501   O00F  
   0.1922   0.1288   0.0659   O00G  
   0.2444   0.1064   0.0576   C00H  
   0.2624   0.0738   0.0721   C00I    may be split into  0.5099  0.7522  0.9566  and  0.4989  0.7522  0.9590
   0.2551   0.1133   0.0848   O00J  
   0.2779   0.1175   0.0764   O00L  

 ** Warning:     4  atoms may be split and     0  atoms NPD **



 Analysis of variance for reflections employed in refinement      K = Mean[Fo^2] / Mean[Fc^2]  for group


 Fc/Fc(max)       0.000    0.006    0.010    0.015    0.020    0.027    0.035    0.046    0.065    0.109    1.000

 Number in group       479.     413.     473.     392.     470.     419.     439.     443.     427.     440.

            GooF      0.919    0.926    1.036    1.141    1.147    1.185    1.422    1.759    2.422    2.461

             K        0.859    1.069    0.888    1.103    1.091    1.060    1.014    1.011    1.117    1.040


 Resolution(A)    1.00     1.04     1.08     1.13     1.20     1.28     1.38     1.52     1.77     2.26     inf

 Number in group       445.     444.     438.     443.     436.     431.     437.     444.     437.     440.

            GooF      1.039    0.988    1.052    1.085    1.057    1.088    1.124    1.142    1.770    3.368

             K        1.291    1.136    1.136    1.092    1.007    0.912    0.995    0.995    1.070    1.054

             R1       0.444    0.354    0.321    0.286    0.300    0.276    0.139    0.102    0.110    0.169


 Recommended weighting scheme:  WGHT    0.2000    0.0000
 [Weight parameters refined to    0.2740        0.00  but appear excessive]


 Most Disagreeable Reflections (* if suppressed or used for Rfree).
 Error/esd is calculated as sqrt(wD^2/<wD^2>) where w is given by the weight
 formula, D = Fo^2-Fc^2 and <> refers to the average over all reflections.

     h   k   l          Fo^2          Fc^2    Error/esd  Fc/Fc(max)  Resolution(A)

    -2   4   0     143749.81       2119.96      10.48       0.067       9.80
    -3  10   0      11477.69       2078.07       8.82       0.067       3.82
    -3   9   3       7564.73       2167.77       7.65       0.068       3.38
     0   3   0      91103.02     415728.06       6.94       0.942      11.31
     0   9   4       4972.59       1128.83       6.69       0.049       2.79
    -2   7   2       8127.37       3286.10       5.85       0.084       4.55
     0   7   2      27333.80      10766.18       5.76       0.152       4.19
    -1   6   1        995.94       3388.03       5.74       0.085       5.72
    -2  10   0      66248.24      26930.51       5.68       0.240       3.70
    -2   9   0     146779.39      60275.79       5.64       0.359       4.15
    -4  12   2      12001.32       5121.10       5.62       0.105       2.99
    -4  12   0       2228.09       6636.12       5.24       0.119       3.21
    -6  12   0      27403.18      11322.65       4.94       0.155       3.27
     0   6   0     120363.12      51119.84       4.91       0.330       5.66
    -3   9   6       2319.16        816.79       4.86       0.042       2.32
     0   4   1      31608.49      14611.20       4.84       0.177       7.56
    -1   5   4       7595.54       3733.24       4.67       0.089       3.62
    -2   6   0       6448.17       3058.72       4.55       0.081       6.41
    -5  10   1        333.75       2024.32       4.50       0.066       3.81
    -3  10   1       2665.36       1075.08       4.49       0.048       3.72
    -2   5   1      11959.14      26238.00       4.38       0.237       7.05
     0   3   3        218.58       1262.49       4.33       0.052       4.97
    -2   4   3       1282.82        256.10       4.20       0.023       4.82
    -5  15   1       4361.65       2145.36       4.18       0.068       2.54
    -4   8   0       1236.57       3388.35       4.09       0.085       4.90
    -1   9   0       1715.82        121.45       4.08       0.016       3.97
    -5  15   0       1927.09       4564.12       4.07       0.099       2.57
    -4  12   1      15094.04       8206.40       4.07       0.132       3.15
    -5  11   0       3409.55       7414.74       4.04       0.126       3.56
    -2   5   0       4353.97       8939.90       3.99       0.138       7.79
    -2   6   5       3554.77       1858.38       3.88       0.063       2.95
    -6  12   3       3211.40       1468.37       3.87       0.056       2.81
     0  10   2       5322.03       2732.56       3.81       0.076       3.14
     0  10   1      14833.34       8092.83       3.81       0.131       3.33
    -6  17   0       3041.46       6400.71       3.79       0.117       2.27
    -5  14   1        869.74         15.02       3.79       0.006       2.72
     0   7   7      11692.64       6366.10       3.74       0.117       2.13
    -4  16   0       9283.75       4932.41       3.71       0.103       2.35
    -1   2   1      77183.88      42460.85       3.68       0.301      12.67
    -3   6   1      10063.72       5611.87       3.64       0.109       6.08
    -3  11   6       1210.53        300.97       3.64       0.025       2.16
    -1   4   2      13292.36       7699.54       3.63       0.128       6.23
    -2  10   1       6690.86       3878.07       3.50       0.091       3.61
    -1  12   2        776.46         64.72       3.43       0.012       2.77
    -3   8   3     139335.89      83885.52       3.42       0.423       3.65
    -5  10   3     124938.01      73751.73       3.40       0.397       3.20
    -1   4   0      51682.05      30389.70       3.39       0.255       9.41
     0   6   4      30522.51      17942.27       3.39       0.196       3.35
    -3   7   5        667.46         29.02       3.36       0.008       2.85
     0   6   5       2210.52       4283.77       3.35       0.096       2.86



 Bond lengths and angles

 Zr01 -          Distance        Angles
 C01E_$13  1.3338 (0.1356) 
 C01E_$14  1.3341 (0.1356)  106.94 (9.99)
 O005_$5   2.1565 (0.0132)  108.49 (5.88)   1.55 (6.22)
 O005      2.1563 (0.0132)    1.56 (6.21) 108.49 (5.88) 110.05 (0.82)
 O008_$3   2.1854 (0.0111)   69.75 (2.97)  69.83 (2.97)  70.61 (0.28)  70.53 (0.28)
 O008_$1   2.1854 (0.0111)   69.75 (2.97)  69.83 (2.97)  70.61 (0.28)  70.53 (0.29) 109.06 (0.70)
 O003_$4   2.2001 (0.0087)   79.45 (4.68) 141.71 (0.54) 141.56 (0.20)  78.24 (0.38)  77.86 (0.34) 142.75 (0.21)
 O003_$6   2.2003 (0.0087)  141.72 (0.54)  79.43 (4.69)  78.23 (0.39) 141.57 (0.20)  77.91 (0.34) 142.83 (0.21)  74.09 (0.41)
 O003_$5   2.2003 (0.0087)  141.72 (0.54)  79.43 (4.69)  78.23 (0.38) 141.57 (0.20) 142.83 (0.21)  77.91 (0.34) 119.29 (0.45)
 O003      2.2002 (0.0087)   79.45 (4.68) 141.71 (0.54) 141.57 (0.20)  78.24 (0.38) 142.75 (0.21)  77.86 (0.34)  76.31 (0.39)
 Zr02_$4   3.4953 (0.0024)   34.78 (2.83)  89.16 (5.21)  90.50 (0.36)  35.53 (0.21)  90.19 (0.31)  35.01 (0.18) 111.38 (0.21)
 Zr02_$3   3.4960 (0.0024)   89.15 (5.21)  34.78 (2.83)  35.53 (0.21)  90.49 (0.36)  35.09 (0.18)  90.22 (0.31) 110.21 (0.20)
                 Zr01            C01E_$13      C01E_$14      O005_$5       O005          O008_$3       O008_$1       O003_$4      

 Zr02 -          Distance        Angles
 O008_$3   2.1165 (0.0067) 
 O008      2.1201 (0.0067)   68.16 (0.52)
 O005      2.1446 (0.0077)   72.07 (0.48) 109.20 (0.57)
 O005_$7   2.1450 (0.0077)  109.23 (0.57)  72.08 (0.47)  69.26 (0.58)
 O006      2.2032 (0.0117)   84.17 (0.49)  84.07 (0.49) 144.98 (0.29) 144.79 (0.29)
 O007      2.2262 (0.0127)  145.15 (0.26) 145.23 (0.26)  83.04 (0.57)  83.07 (0.57) 104.66 (0.63)
 O004_$7   2.2557 (0.0085)  139.92 (0.35)  76.61 (0.36) 140.19 (0.39)  75.94 (0.40)  73.54 (0.28)  73.97 (0.29)
 O004_$4   2.2550 (0.0085)   76.58 (0.36) 139.89 (0.35)  75.96 (0.40) 140.20 (0.39)  73.69 (0.28)  73.93 (0.29) 125.61 (0.45)
 Zr01_$1   3.4959 (0.0024)   88.95 (0.32)  36.34 (0.30)  89.23 (0.36)  35.75 (0.35) 116.27 (0.25) 115.25 (0.30)  72.58 (0.23)
 Zr01      3.4953 (0.0024)   36.32 (0.30)  88.92 (0.32)  35.75 (0.35)  89.24 (0.36) 116.41 (0.25) 115.22 (0.31) 161.80 (0.23)
 Zr02_$3   3.5089 (0.0044)   34.11 (0.26)  34.05 (0.26)  90.34 (0.41)  90.33 (0.41)  83.38 (0.39) 171.96 (0.48) 108.93 (0.22)
 Zr02_$4   3.5295 (0.0041)   90.41 (0.35)  90.41 (0.35)  34.62 (0.29)  34.64 (0.29) 173.38 (0.40)  81.96 (0.48) 108.76 (0.24)
                 Zr02            O008_$3       O008          O005          O005_$7       O006          O007          O004_$7      

 O003 -          Distance        Angles
 C009      1.2541 (0.0138) 
 Zr01      2.2002 (0.0087)  132.08 (0.84)
                 O003            C009         

 O004 -          Distance        Angles
 C009      1.2582 (0.0131) 
 Zr02_$4   2.2551 (0.0085)  132.96 (0.90)
                 O004            C009         

 O005 -          Distance        Angles
 C01E_$13  0.8238 (0.1383) 
 Zr01      2.1563 (0.0131)    2.52 (9.96)
 Zr02_$4   2.1446 (0.0077)  107.46 (5.24) 108.72 (0.46)
 Zr02      2.1446 (0.0077)  107.45 (5.24) 108.72 (0.46) 110.75 (0.59)
                 O005            C01E_$13      Zr01          Zr02_$4      

 O006 -          Distance        Angles
 Zr02      2.2032 (0.0117) 
                 O006           

 O007 -          Distance        Angles
 C00O      1.4609 (0.4167) 
 Zr02      2.2262 (0.0126)  143.39 (9.99)
                 O007            C00O         

 O008 -          Distance        Angles
 Zr02      2.1201 (0.0067) 
 Zr02_$3   2.1166 (0.0067)  111.83 (0.52)
 Zr01_$1   2.1852 (0.0111)  108.57 (0.39) 108.67 (0.40)
                 O008            Zr02          Zr02_$3      

 C009 -          Distance        Angles
 O004      1.2582 (0.0131) 
 O003      1.2541 (0.0136)  127.20 (1.37)
 C00C      1.4933 (0.0167)  117.22 (1.42) 115.49 (1.30)
                 C009            O004          O003         

 C00A -          Distance        Angles
 O00D      1.4146 (0.0184) 
 O00J      1.4837 (0.0192)  121.42 (1.35)
 C00E      1.5188 (0.0167)  121.68 (1.63) 116.88 (1.59)
                 C00A            O00D          O00J         

 O00B -          Distance        Angles
 C00C      1.3818 (0.0156) 
 O00D      1.4029 (0.0165)  118.78 (1.39)
                 O00B            C00C         

 C00C -          Distance        Angles
 O00B      1.3818 (0.0155) 
 O00G      1.4150 (0.0163)  124.96 (1.33)
 C009      1.4933 (0.0167)  118.53 (1.41) 116.33 (1.43)
                 C00C            O00B          O00G         

 O00D -          Distance        Angles
 O00B      1.4029 (0.0165) 
 C00A      1.4146 (0.0185)  119.69 (1.45)
                 O00D            O00B         

 C00E -          Distance        Angles
 C00H      1.3789 (0.0158) 
 O00F      1.4090 (0.0156)  122.10 (1.37)
 C00A      1.5188 (0.0167)  123.77 (1.21) 114.11 (1.27)
                 C00E            C00H          O00F         

 O00F -          Distance        Angles
 C00E      1.4090 (0.0156) 
 C00E_$8   1.4036 (0.0156)  117.41 (1.81)
                 O00F            C00E         

 O00G -          Distance        Angles
 C00C      1.4150 (0.0162) 
 O00J      1.4333 (0.0169)  117.98 (1.43)
                 O00G            C00C         

 C00H -          Distance        Angles
 C00E      1.3789 (0.0158) 
 C00I      1.4162 (0.0132)  119.53 (1.37)
 O00L      1.5142 (0.0156)  120.05 (1.13) 120.41 (1.14)
                 C00H            C00E          C00I         

 C00I -          Distance        Angles
 C00I_$9   1.4024 (0.0318) 
 C00H_$8   1.4185 (0.0132)  120.35 (0.81)
 C00H      1.4162 (0.0132)  120.39 (0.81) 119.22 (1.61)
                 C00I            C00I_$9       C00H_$8      

 O00J -          Distance        Angles
 O00G      1.4333 (0.0169) 
 C00A      1.4837 (0.0193)  116.95 (1.44)
                 O00J            O00G         

 O00K -          Distance        Angles
 C017_$10  1.3318 (0.4266) 
 C013      3.2439 (0.3032)   32.50 (9.99)
 C00N      1.7592 (0.0347)  134.70 (9.99) 166.56 (5.17)
                 O00K            C017_$10      C013         

 O00L -          Distance        Angles
 O00L_$9   1.3592 (0.0224) 
 C00H      1.5142 (0.0156)  119.17 (0.66)
                 O00L            O00L_$9      

 C00M -          Distance        Angles
 C010      2.0757 (0.0575) 
                 C00M           

 C00N -          Distance        Angles
 O00K      1.7592 (0.0346) 
                 C00N           

 C00O -          Distance        Angles
 C00O_$4   0.8539 (1.1039) 
 O007      1.4609 (0.4136)  134.64 (9.99)
                 C00O            C00O_$4      

 C00P -          Distance        Angles
 C00Q      1.3565 (0.1324) 
 C01C_$4   1.8467 (0.2502)   45.21 (7.55)
 C01C      1.8467 (0.2502)   45.21 (7.55)  89.70 (9.99)
                 C00P            C00Q          C01C_$4      

 C00Q -          Distance        Angles
 C00P      1.3565 (0.1322) 
 C01C_$4   1.3116 (0.2005)   87.58 (9.99)
 C01C      1.3117 (0.2004)   87.58 (9.99) 166.39 (9.36)
                 C00Q            C00P          C01C_$4      

 C00R -          Distance        Angles
 C00Y_$10  1.5749 (0.0776) 
 C00Y      1.5750 (0.0776)   94.71 (6.36)
                 C00R            C00Y_$10     

 C00T -          Distance        Angles
 C017_$10  1.9490 (0.3602) 
 C013      1.3956 (0.2768)   82.22 (9.99)
                 C00T            C017_$10     

 C00U -          Distance        Angles
 C00X      2.3004 (0.2798) 
                 C00U           

 C00V -          Distance        Angles
 C019      1.1668 (0.3329) 
 C019_$11  1.1298 (0.3326)   53.78 (9.99)
                 C00V            C019         

 C00W -          Distance        Angles
 C00W_$12  1.1636 (1.0089) 
 C016      9.5307 (0.5040)  180.00 (0.21)
                 C00W            C00W_$12     

 C00X -          Distance        Angles
 C00U      2.3004 (0.2790) 
                 C00X           

 C00Y -          Distance        Angles
 C00R      1.5750 (0.0776) 
                 C00Y           

 C010 -          Distance        Angles
 C00M      2.0757 (0.0574) 
 C00M_$11  2.0784 (0.0577)   63.71 (2.72)
                 C010            C00M         

 C013 -          Distance        Angles
 C017_$10  2.2382 (0.3985) 
 C00T      1.3956 (0.2771)   59.63 (9.99)
 O00K      3.2439 (0.3032)   18.65 (8.97)  42.22 (9.67)
                 C013            C017_$10      C00T         

 C016 -          Distance        Angles
 C00W      9.5307 (0.5040) 
                 C016           

 C017 -          Distance        Angles
 C013_$10  2.2382 (0.3981) 
 O00K_$10  1.3318 (0.4270)  128.85 (9.99)
 C00T_$10  1.9489 (0.3602)   38.16 (9.99)  92.14 (9.99)
                 C017            C013_$10      O00K_$10     

 C019 -          Distance        Angles
 C00V      1.1668 (0.3309) 
                 C019           

 C01C -          Distance        Angles
 C00P      1.8467 (0.2488) 
 C00Q      1.3117 (0.2004)   47.21 (9.27)
                 C01C            C00P         

 C01E -          Distance        Angles
 Zr01_$2   1.3338 (0.1359) 
 O005_$2   0.8236 (0.1389)  175.92 (9.99)
 C01E_$15  2.1437 (0.2881)   36.53 (6.05) 147.55 (9.99)
                 C01E            Zr01_$2       O005_$2      



 Selected torsion angles

    -6.47 ( 2.09)  Zr02_$4 - O004 - C009 - O003
   170.01 ( 0.84)  Zr02_$4 - O004 - C009 - C00C
     4.99 ( 2.02)  Zr01 - O003 - C009 - O004
  -171.54 ( 0.77)  Zr01 - O003 - C009 - C00C
    -5.94 ( 2.31)  O00D - O00B - C00C - O00G
   179.02 ( 1.24)  O00D - O00B - C00C - C009
  -176.76 ( 1.27)  O004 - C009 - C00C - O00B
     0.14 ( 1.86)  O003 - C009 - C00C - O00B
     7.77 ( 1.84)  O004 - C009 - C00C - O00G
  -175.33 ( 1.20)  O003 - C009 - C00C - O00G
     4.36 ( 2.20)  C00C - O00B - O00D - C00A
    -1.25 ( 2.26)  O00J - C00A - O00D - O00B
   177.19 ( 1.32)  C00E - C00A - O00D - O00B
   122.62 ( 1.81)  O00D - C00A - C00E - C00H
   -58.88 ( 2.32)  O00J - C00A - C00E - C00H
   -56.08 ( 2.31)  O00D - C00A - C00E - O00F
   122.42 ( 1.72)  O00J - C00A - C00E - O00F
     1.09 ( 3.55)  C00H - C00E - O00F - C00E_$8
   179.82 ( 1.40)  C00A - C00E - O00F - C00E_$8
     3.97 ( 2.26)  O00B - C00C - O00G - O00J
   179.11 ( 1.22)  C009 - C00C - O00G - O00J
     0.42 ( 3.04)  O00F - C00E - C00H - C00I
  -178.17 ( 1.77)  C00A - C00E - C00H - C00I
   179.06 ( 1.73)  O00F - C00E - C00H - O00L
     0.46 ( 2.78)  C00A - C00E - C00H - O00L
  -179.64 ( 1.20)  C00E - C00H - C00I - C00I_$9
     1.74 ( 2.14)  O00L - C00H - C00I - C00I_$9
    -1.96 ( 3.45)  C00E - C00H - C00I - C00H_$8
   179.41 ( 1.24)  O00L - C00H - C00I - C00H_$8
    -0.56 ( 2.05)  C00C - O00G - O00J - C00A
    -0.65 ( 2.18)  O00D - C00A - O00J - O00G
  -179.16 ( 1.28)  C00E - C00A - O00J - O00G
   179.67 ( 1.23)  C00E - C00H - O00L - O00L_$9
    -1.71 ( 2.11)  C00I - C00H - O00L - O00L_$9
    -2.62 ( 0.99)  Zr02 - O007 - C00O - C00O_$4
  -167.27 ( 1.98)  C01C - C00P - C00Q - C01C_$4
   167.27 ( 1.99)  C01C_$4 - C00P - C00Q - C01C
    -8.72 ( 2.06)  C017_$10 - C00T - C013 - O00K
    -8.99 ( 1.24)  C01C_$4 - C00P - C01C - C00Q


 FMAP and GRID set by program

 FMAP   2   1 167
 GRID    -0.610  -1  -1     0.610   1   1

 R1 =  0.2098 for   4395 unique reflections after merging for Fourier


 Electron density synthesis with coefficients Fo-Fc

 Highest peak    0.55  at  0.6149  0.0000  0.5000  [  0.67 A from C00O ]
 Deepest hole   -0.53  at  0.5359  0.4641  0.4308  [  1.15 A from ZR01 ]


 Fourier peaks appended to .res file

              x       y       z       sof     U      Peak   Distances to nearest atoms (including eq.)

 Q1    1   0.6149  0.6149  0.5000   0.25000  0.05    0.55   0.67 C00O  1.55 O007  2.68 C00U  2.99 O005
 Q2    1   0.6125  0.6125  0.1873   0.50000  0.05    0.53   1.52 O012  2.71 C00Y  3.16 O006  3.71 C00Z
 Q3    1   0.6208  0.3792  0.1096   0.50000  0.05    0.51   1.82 C00N  3.26 O015^a  3.26 O015^a  3.44 O00K
 Q4    1   1.0000  1.0000  1.1708   0.08333  0.05    0.45   1.21 C018  2.26 C00W  3.42 C00W  3.66 C016
 Q5    1   1.0000  1.0000  0.5000   0.04167  0.05    0.45   1.81 C016  3.74 C011  4.26 C018  4.97 C014
 Q6    1   0.6667  0.3333  0.2645   0.16667  0.05    0.43   1.62 O015^a  4.94 C00P  4.94 C00P  5.04 C01C
 Q7    1   0.5000  0.5000  0.1490   0.25000  0.05    0.42   1.50 C013^a  2.40 O006  2.91 C00T^a  3.08 C017
 Q8    1   0.6512  0.3488  0.0000   0.25000  0.05    0.42   2.96 O015^a  4.18 C00N  5.40 C00I  5.50 C00H
 Q9    1   0.6979  0.3958  0.1492   0.50000  0.05    0.41   2.14 O015^a  2.14 O015^a  3.85 O00F  3.92 C00E
 Q10   1   0.6560  0.6560  0.5000   0.25000  0.05    0.41   1.18 C00O  2.60 O007  2.85 C00U  4.27 O012
 Q11   1   0.5676  0.5676  0.3558   0.50000  0.05    0.40   1.10 ZR02  1.61 O007  1.94 O006  2.01 O004
 Q12   1   0.6864  0.6163  0.6022   1.00000  0.05    0.40   1.95 C00U  2.68 C00X  2.85 C00O  3.10 O007
 Q13   1   0.6936  0.3064  0.0000   0.25000  0.05    0.38   3.32 O015^a  4.04 C00I  4.42 C00H  4.59 C00N
 Q14   1   0.6640  0.5703  0.5000   0.50000  0.05    0.36   0.69 C00U  1.82 C00S  2.28 C00X  3.24 C00O
 Q15   1   0.6251  0.6550  0.5000   0.50000  0.05    0.36   1.20 C00O  1.68 C00U  2.34 O007  3.50 C00X
 Q16   1   0.6667  0.3333  0.0636   0.16667  0.05    0.36   1.71 O015^a  3.83 O015^a  4.95 C00N  4.95 C00N
 Q17   1   0.5712  0.5712  0.4303   0.50000  0.05    0.35   1.20 ZR02  1.20 O007  1.97 O005  2.34 C00O
 Q18   1   0.6486  0.3514  0.2466   0.50000  0.05    0.34   1.80 O015^a  4.24 C01C  4.47 C00N  4.53 O00D
 Q19   1   0.9211  0.8422  0.5000   0.25000  0.05    0.33   1.62 C011  1.73 C014  3.92 C01B  4.76 C011
 Q20   1   0.6851  0.5348  0.5000   0.50000  0.05    0.33   0.94 C00S  2.13 C00M  2.35 C00X  2.57 C00U

 Shortest distances between peaks (including symmetry equivalents)

     10  15  1.19     11  17  1.25      6  18  1.26      6  18  1.26      1  15  1.41      8  16  1.49      8  13  1.59
      1  10  1.61      8   8  1.82     14  20  1.94     15  15  2.03      1  17  2.07     13  16  2.11     16  16  2.11
     18  18  2.12     12  15  2.22     12  14  2.31     17  17  2.32     14  15  2.34      9  18  2.45      9  13  2.49
      9  16  2.55      3   8  2.75      3   9  2.83      6   9  2.86      6   9  2.86      6   9  2.86      8  13  2.88
     10  12  2.93      3  18  2.96


 Time profile in seconds
 -----------------------

      0.02: Read and process instructions
      0.00: Fit rigid groups
      0.01: Interpret restraints etc.
      0.00: Generate connectivity array
      0.00: Analyse DFIX and DANG restraints
      0.00: Analyse SAME, SADI and NCSY restraints
      0.00: Generate CHIV restraints
      0.00: Check if bonds in residues restrained
      0.00: Generate DELU and RIGU restraints
      0.00: Generate SIMU restraints
      0.00: Generate ISOR restraints
      0.00: Analyse electron density
      0.00: Analyse other restraints etc.
      0.45: Read intensity data, sort/merge etc.
      0.01: Set up constraints
      0.00: OSF, H-atoms from difference map
      0.02: Set up l.s. refinement
      0.00: Generate idealized H-atoms
      0.05: Structure factors and derivatives
      0.03: Sum l.s. matrices
      0.00: Generate and apply antibumping restraints
      0.00: Apply other restraints
      0.00: Solve l.s. equations
      0.00: Generate HTAB table
      4.30: Other dependent quantities, CIF, tables
      0.01: Analysis of variance
      0.06: Merge reflections for Fourier and .fcf
      0.03: Fourier summations
      0.05: Peaksearch
      0.00: Analyse peaklist

 ** WARNING: These times are only approximate for multiple threads.
             To get better estimates run with -t1 **

   Please cite: G.M. Sheldrick (2015) "Crystal structure refinement with
   SHELXL", Acta Cryst., C71, 3-8 (Open Access) if SHELXL proves useful.

 +++++++++++++++++++++++++++++++++++++++++++++++++++++++++++++++++++++++++++++
 +  job           finished at 19:41:04   Total elapsed time:      5.06 secs  +
 +++++++++++++++++++++++++++++++++++++++++++++++++++++++++++++++++++++++++++++
