
 +++++++++++++++++++++++++++++++++++++++++++++++++++++++++++++++++++
 +  SHELXL -  CRYSTAL STRUCTURE REFINEMENT  -   MULTI-CPU VERSION  +
 +  Copyright(C) George M. Sheldrick 1993-2023     Version 2019/3  +
 +  m2                         started at 09:19:45 on 22-Sep-2026  +
 +++++++++++++++++++++++++++++++++++++++++++++++++++++++++++++++++++

 Command line parameters: m2 -a50000 -b3000 -c624 -g0 -m0 -t32

 -a sets the approximate maximum number of atoms including hydrogens.
 -b sets the maximum number of full-matrix parameters (not used by CGLS).
 For example -b9000 allows refinement of 1000 anisotropic atoms or 3000
 with BLOC 1. For a 32-bit version, -b times the square root of the
 number of threads should not exceed about 65500. -c sets the reflection
 buffer size. This depends on the CPU cache size but will rarely
 need changing.

 -g sets the number of reflection groups used for calculating R_complete,
 This must be greater than 1 but not greater than the total number of
 reflections for refinement. -m sets the current reflection group number.
 This may not be less than 1 nor greater than the number set by -g. These
 command line flags override other ways of defining free-R reflections.
 The -m value is also used as a seed for the WIGL pseudo-random shifts.

 -t sets the number of threads, otherwise it is set to the apparent
 number of CPUs. For optimal performance on hyperthreading systems,
 -t should be set to a little more than half the number of CPUs;
 e.g. -t4 or -t5 for an Intel i7 processor.

 Running 32 threads on 32 processors

 TITL m2 recompute of delivered CIF model, atoms fixed, scale refined
     m2.res
     created by SHELXL-2019/3 at 09:19:44 on 22-Sep-2026
 CELL 0.68883 39.1900 39.1900 16.6100 90.000 90.000 120.000
 ZERR 24 0.001 0.001 0.001 0.01 0.01 0.01
 LATT 1
 SYMM X-Y,X,Z
 SYMM -Y,X-Y,Z
 SYMM -X,-Y,Z
 SYMM -X+Y,-X,Z
 SYMM Y,-X+Y,Z
 SYMM -Y,-X,-Z
 SYMM -X,-X+Y,-Z
 SYMM -X+Y,Y,-Z
 SYMM Y,X,-Z
 SYMM X,X-Y,-Z
 SYMM X-Y,-Y,-Z
 SFAC Zr O C H
 DISP Zr -9.04135 2.77167 0.0
 DISP O 0.00706 0.00568 0.0
 DISP C 0.00188 0.00150 0.0
 DISP H 0.00000 0.00000 0.0
 UNIT 48 144 288 144

 V =    22092.79     F(000) =    4944.0     Mu =   0.00 mm-1      Cell Wt =    10286.58    Rho =  0.773

 MERG 2
 L.S. 4
 LIST 4
 FMAP 2
 PLAN 5
 WGHT    0.080000
 FVAR       0.04789
 ZR1   1   10.455200   10.000000   10.106112    10.50000   10.08427   10.06065 =
         10.07736   10.00000   10.01199   10.03033
 ZR2   1   10.536158   10.072317   10.000000    10.25000   10.07965   10.05756 =
         10.05712   10.00000   10.00000   10.02878
 O1    2   10.462967   10.000000   10.240676    10.50000   10.19659   10.08554 =
         10.07986   10.00000   10.02400   10.04277
 O2    2   10.473509   10.036504   10.000000    10.50000   10.12394   10.10552 =
         10.08453   10.00000   10.00000   10.00725
 O3    2   10.518013   10.036026   10.107367    10.50000   10.10653   10.09286 =
         10.18327   10.04576   10.02288   10.04643
 O4    2   10.518726   10.105404   10.080894    11.00000   10.10932   10.06933 =
         10.09015   10.00097    9.99902   10.03929
 O5    2   10.465977   10.059417   10.151044    11.00000   10.11852   10.08441 =
         10.12073    9.98872   10.02468   10.04107
 O6    2   10.398923   10.000000   10.087687    10.50000   10.09446   10.09627 =
         10.28898   10.00000   10.00675   10.04813
 C1    3   10.496026   10.248013   10.456770    10.50000   10.26368   10.11431 =
         10.07895   10.00757   10.01514   10.13184
 C2    3   10.461879   10.143201   10.290457    11.00000   10.28561   10.11984 =
         10.11653   10.03026   10.05347   10.13130
 C3    3   10.493747   10.184496   10.282614    11.00000   10.24360   10.12658 =
         10.07414   10.00640   10.01836   10.12760
 C4    3   10.523201   10.193634   10.223212    11.00000   10.20464   10.10542 =
         10.11581    9.98656   10.01858   10.08520
 C5    3   10.522384   10.163654   10.174660    11.00000   10.17498   10.08859 =
         10.10322    9.99657   10.03999   10.06590
 C6    3   10.494717   10.217068   10.331388    11.00000   10.23685   10.11554 =
         10.07935    9.99776   10.01081   10.12213
 C7    3   10.491294   10.124650   10.185474    11.00000   10.14319   10.08710 =
         10.10282   10.00543   10.01580   10.06714
 C8    3   10.495407   10.216931   10.414925    11.00000   10.24299   10.12608 =
         10.07652   10.00086   10.01361   10.12915
 C9    3   10.495435   10.184614   10.459579    11.00000   10.25999   10.12387 =
         10.08554    9.99885    9.99036   10.12039
 C10   3   10.460328   10.112930   10.240328    11.00000   10.18549   10.12258 =
         10.11787   10.01094   10.05394   10.09582
 C11   3   10.496133   10.248067   10.290235    10.50000   10.24069   10.10880 =
         10.10276   10.01808   10.03615   10.12035
 C12   3   10.492135   10.094285   10.133152    11.00000   10.12825   10.07370 =
         10.08820   10.00254   10.00211   10.04586
 H2    4   10.441938   10.136622   10.329792    11.00000   10.19283
 H4    4   10.543616   10.220149   10.216110    11.00000   10.16624
 H5    4   10.542307   10.169610   10.135614    11.00000   10.14671
 H9    4   10.495453   10.163594   10.431130    11.00000   10.17473
 H10   4   10.439509   10.086389   10.243958    11.00000   10.16035
 H11   4   10.498096   10.249047   10.233181    10.50000   10.16332
 HKLF 4



 Covalent radii and connectivity table for  m2 recompute of delivered CIF model, atoms fixed, scale refined            
 ZR     1.590
 O      0.660
 C      0.770
 H      0.320

 Zr1 - O3 O3_$2 O2_$5 O2 O6 O1 O5 O5_$5 Zr2 Zr2_$1 Zr1_$2 Zr1_$3
 Zr2 - O2 O2_$4 O3_$3 O3 O4 O4_$6 O4_$4 O4_$3 Zr1_$3 Zr1 Zr1_$1 Zr1_$2
 O1 - Zr1
 O2 - Zr2 Zr1_$3 Zr1
 O3 - Zr1_$2 Zr1 Zr2
 O4 - C12 Zr2
 O5 - C12 Zr1
 O6 - Zr1
 C1 - C8_$8 C8 C1_$7
 C2 - C10 C3
 C3 - C4 C2 C6
 C4 - C5 C3
 C5 - C7 C4
 C6 - C11 C8 C3
 C7 - C10 C5 C12
 C8 - C6 C1 C9
 C9 - C9_$7 C8
 C10 - C7 C2
 C11 - C6 C6_$8
 C12 - O4 O5 C7


 Operators for generating equivalent atoms:
 $1   -x+1, -y, -z
 $2   -x+1, -y, z
 $3   x, y, -z
 $4   -x+y+1, y, -z
 $5   x-y, -y, z
 $6   -x+y+1, y, z
 $7   x, y, -z+1
 $8   x, x-y, z


    11289  Reflections read, of which       0  rejected

   0 =< h =< 56,    -28 =< k =<  0,      0 =< l =< 24,   Max. 2-theta =   59.78

        0  Systematic absence violations (I>3sig(I)) before merging

        0  Inconsistent equivalents

    11289  Unique reflections, of which       0  suppressed

 R(int) = 0.0000     R(sigma) = 0.3996      Friedel opposites merged

 Maximum memory for data reduction =     1683 /   130099


 Reflection statistics for all twin components combined (TWST 0 set)
 Number of data for d > 0.691A (CIF: max) and d > 0.833A (CIF: full)
 (ignoring systematic absences):
 Unique reflections found (point group)      11289    7410
 Unique reflections possible (point group)   12805    7433
 Unique reflections found (Laue group)       11289    7410
 Unique reflections possible (Laue group)    12805    7433

 Special position constraints for Zr1
 y =  0.0000   U23 = 0   U12 = 0.5 * U22   sof = 0.50000   
 Input constraints retained (at least in part) for  xyz sof and Uij

 Special position constraints for Zr2
 z =  0.0000   y =  2.0 * x - 1.0000   U23 = 0   U13 = 0   U12 = 0.5 * U22   
 sof = 0.25000   
 Input constraints retained (at least in part) for  xyz sof and Uij

 Special position constraints for O1
 y =  0.0000   U23 = 0   U12 = 0.5 * U22   sof = 0.50000   
 Input constraints retained (at least in part) for  xyz sof and Uij

 Special position constraints for O2
 z =  0.0000   U23 = 0   U13 = 0   sof = 0.50000   
 Input constraints retained (at least in part) for  xyz sof and Uij

 Special position constraints for O3
 y =  2.0 * x - 1.0000   U13 = 0.5 * U23   U12 = 0.5 * U22   sof = 0.50000   
 Input constraints retained (at least in part) for  xyz sof and Uij

 Special position constraints for O6
 y =  0.0000   U23 = 0   U12 = 0.5 * U22   sof = 0.50000   
 Input constraints retained (at least in part) for  xyz sof and Uij

 Special position constraints for C1
 y =  0.5 * x + 0.0000   U13 = 2.0 * U23   U12 = 0.5 * U11   sof = 0.50000   
 Input constraints retained (at least in part) for  xyz sof and Uij

 Special position constraints for C11
 y =  0.5 * x + 0.0000   U13 = 2.0 * U23   U12 = 0.5 * U11   sof = 0.50000   
 Input constraints retained (at least in part) for  xyz sof and Uij

 Special position constraints for H11
 y =  0.5 * x + 0.0000   sof = 0.50000   
 Input constraints retained (at least in part) for  xyz sof and Uij


 ** Cell contents from UNIT instruction and atom list do not agree **


 Unit-cell contents from UNIT instruction and atom list resp.

 ZR       48.00     18.00
 O       144.00     96.00
 C       288.00    264.00
 H       144.00    132.00


 Least-squares cycle   1   Maximum vector length =  623   Memory required =     42 /   1960 /    29284

 wR2 =  0.4942 before cycle   1 for   11289 data and      1 /      1 parameters

 GooF = S =     1.688;     Restrained GooF =      1.688 for       0 restraints

 Weight = 1 / [ sigma^2(Fo^2) + ( 0.0800 * P )^2 +   0.00 * P ]   where  P = ( Max ( Fo^2, 0 ) + 2 * Fc^2 ) / 3


     N      value        esd    shift/esd  parameter

     1     0.04789     0.00013     0.001    OSF

 Mean shift/esd =   0.001  Maximum =     0.001 for  OSF          

 Max. shift = 0.000 A for Zr1                                      


 Least-squares cycle   2   Maximum vector length =  623   Memory required =     42 /   1960 /    29284

 wR2 =  0.4942 before cycle   2 for   11289 data and      1 /      1 parameters

 GooF = S =     1.688;     Restrained GooF =      1.688 for       0 restraints

 Weight = 1 / [ sigma^2(Fo^2) + ( 0.0800 * P )^2 +   0.00 * P ]   where  P = ( Max ( Fo^2, 0 ) + 2 * Fc^2 ) / 3


     N      value        esd    shift/esd  parameter

     1     0.04789     0.00013    -0.001    OSF

 Mean shift/esd =   0.001  Maximum =    -0.001 for  OSF          

 Max. shift = 0.000 A for Zr1                                      


 Least-squares cycle   3   Maximum vector length =  623   Memory required =     42 /   1960 /    29284

 wR2 =  0.4942 before cycle   3 for   11289 data and      1 /      1 parameters

 GooF = S =     1.688;     Restrained GooF =      1.688 for       0 restraints

 Weight = 1 / [ sigma^2(Fo^2) + ( 0.0800 * P )^2 +   0.00 * P ]   where  P = ( Max ( Fo^2, 0 ) + 2 * Fc^2 ) / 3


     N      value        esd    shift/esd  parameter

     1     0.04789     0.00013     0.000    OSF

 Mean shift/esd =   0.000  Maximum =     0.000 for  OSF          

 Max. shift = 0.000 A for Zr1                                      


 Least-squares cycle   4   Maximum vector length =  623   Memory required =     42 /   1960 /    29284

 wR2 =  0.4942 before cycle   4 for   11289 data and      1 /      1 parameters

 GooF = S =     1.688;     Restrained GooF =      1.688 for       0 restraints

 Weight = 1 / [ sigma^2(Fo^2) + ( 0.0800 * P )^2 +   0.00 * P ]   where  P = ( Max ( Fo^2, 0 ) + 2 * Fc^2 ) / 3


     N      value        esd    shift/esd  parameter

     1     0.04789     0.00013     0.000    OSF

 Mean shift/esd =   0.000  Maximum =     0.000 for  OSF          

 Max. shift = 0.000 A for Zr1                                      

 No correlation matrix elements larger than  0.500



  m2 recompute of delivered CIF model, atoms fixed, scale refined            

 ATOM           x        y        z         sof        U11      U22      U33      U23      U13      U12       Ueq

 Zr1         0.45520  0.00000  0.10611    0.50000    0.08427  0.06065  0.07736  0.00000  0.01199  0.03033   0.07672
   0.00000   0.00000  0.00000  0.00000    0.00000    0.00000  0.00000  0.00000  0.00000  0.00000  0.00000   0.00000

 Zr2         0.53616  0.07232  0.00000    0.25000    0.07965  0.05756  0.05712  0.00000  0.00000  0.02878   0.06723
   0.00000   0.00000  0.00000  0.00000    0.00000    0.00000  0.00000  0.00000  0.00000  0.00000  0.00000   0.00000

 O1          0.46297  0.00000  0.24067    0.50000    0.19659  0.08554  0.07986  0.00000  0.02400  0.04277   0.13300
   0.00000   0.00000  0.00000  0.00000    0.00000    0.00000  0.00000  0.00000  0.00000  0.00000  0.00000   0.00000

 O2          0.47351  0.03650  0.00000    0.50000    0.12394  0.10552  0.08453  0.00000  0.00000  0.00725   0.12694
   0.00000   0.00000  0.00000  0.00000    0.00000    0.00000  0.00000  0.00000  0.00000  0.00000  0.00000   0.00000

 O3          0.51801  0.03603  0.10737    0.50000    0.10653  0.09286  0.18327  0.04576  0.02288  0.04643   0.12907
   0.00000   0.00000  0.00000  0.00000    0.00000    0.00000  0.00000  0.00000  0.00000  0.00000  0.00000   0.00000

 O4          0.51873  0.10540  0.08089    1.00000    0.10932  0.06933  0.09015  0.00097 -0.00098  0.03929   0.09199
   0.00000   0.00000  0.00000  0.00000    0.00000    0.00000  0.00000  0.00000  0.00000  0.00000  0.00000   0.00000

 O5          0.46598  0.05942  0.15104    1.00000    0.11852  0.08441  0.12073 -0.01128  0.02468  0.04107   0.11218
   0.00000   0.00000  0.00000  0.00000    0.00000    0.00000  0.00000  0.00000  0.00000  0.00000  0.00000   0.00000

 O6          0.39892  0.00000  0.08769    0.50000    0.09446  0.09627  0.28898  0.00000  0.00675  0.04813   0.15970
   0.00000   0.00000  0.00000  0.00000    0.00000    0.00000  0.00000  0.00000  0.00000  0.00000  0.00000   0.00000

 C1          0.49603  0.24801  0.45677    0.50000    0.26368  0.11431  0.07895  0.00757  0.01514  0.13184   0.13572
   0.00000   0.00000  0.00000  0.00000    0.00000    0.00000  0.00000  0.00000  0.00000  0.00000  0.00000   0.00000

 C2          0.46188  0.14320  0.29046    1.00000    0.28561  0.11984  0.11653  0.03026  0.05347  0.13130   0.16069
   0.00000   0.00000  0.00000  0.00000    0.00000    0.00000  0.00000  0.00000  0.00000  0.00000  0.00000   0.00000

 C3          0.49375  0.18449  0.28261    1.00000    0.24360  0.12658  0.07414  0.00640  0.01836  0.12760   0.13253
   0.00000   0.00000  0.00000  0.00000    0.00000    0.00000  0.00000  0.00000  0.00000  0.00000  0.00000   0.00000

 C4          0.52320  0.19363  0.22321    1.00000    0.20464  0.10542  0.11581 -0.01344  0.01858  0.08520   0.13854
   0.00000   0.00000  0.00000  0.00000    0.00000    0.00000  0.00000  0.00000  0.00000  0.00000  0.00000   0.00000

 C5          0.52238  0.16365  0.17466    1.00000    0.17498  0.08859  0.10322 -0.00343  0.03999  0.06590   0.12226
   0.00000   0.00000  0.00000  0.00000    0.00000    0.00000  0.00000  0.00000  0.00000  0.00000  0.00000   0.00000

 C6          0.49472  0.21707  0.33139    1.00000    0.23685  0.11554  0.07935 -0.00224  0.01081  0.12213   0.12879
   0.00000   0.00000  0.00000  0.00000    0.00000    0.00000  0.00000  0.00000  0.00000  0.00000  0.00000   0.00000

 C7          0.49129  0.12465  0.18547    1.00000    0.14319  0.08710  0.10282  0.00543  0.01580  0.06714   0.10678
   0.00000   0.00000  0.00000  0.00000    0.00000    0.00000  0.00000  0.00000  0.00000  0.00000  0.00000   0.00000

 C8          0.49541  0.21693  0.41492    1.00000    0.24299  0.12608  0.07652  0.00086  0.01361  0.12915   0.13214
   0.00000   0.00000  0.00000  0.00000    0.00000    0.00000  0.00000  0.00000  0.00000  0.00000  0.00000   0.00000

 C9          0.49543  0.18461  0.45958    1.00000    0.25999  0.12387  0.08554 -0.00115 -0.00964  0.12039   0.14561
   0.00000   0.00000  0.00000  0.00000    0.00000    0.00000  0.00000  0.00000  0.00000  0.00000  0.00000   0.00000

 C10         0.46033  0.11293  0.24033    1.00000    0.18549  0.12258  0.11787  0.01094  0.05394  0.09582   0.13362
   0.00000   0.00000  0.00000  0.00000    0.00000    0.00000  0.00000  0.00000  0.00000  0.00000  0.00000   0.00000

 C11         0.49613  0.24807  0.29023    0.50000    0.24069  0.10880  0.10276  0.01808  0.03615  0.12035   0.13609
   0.00000   0.00000  0.00000  0.00000    0.00000    0.00000  0.00000  0.00000  0.00000  0.00000  0.00000   0.00000

 C12         0.49213  0.09429  0.13315    1.00000    0.12825  0.07370  0.08820  0.00254  0.00211  0.04586   0.09877
   0.00000   0.00000  0.00000  0.00000    0.00000    0.00000  0.00000  0.00000  0.00000  0.00000  0.00000   0.00000

 H2          0.44194  0.13662  0.32979    1.00000    0.19283
   0.00000   0.00000  0.00000  0.00000    0.00000    0.00000

 H4          0.54362  0.22015  0.21611    1.00000    0.16624
   0.00000   0.00000  0.00000  0.00000    0.00000    0.00000

 H5          0.54231  0.16961  0.13561    1.00000    0.14671
   0.00000   0.00000  0.00000  0.00000    0.00000    0.00000

 H9          0.49545  0.16359  0.43113    1.00000    0.17473
   0.00000   0.00000  0.00000  0.00000    0.00000    0.00000

 H10         0.43951  0.08639  0.24396    1.00000    0.16035
   0.00000   0.00000  0.00000  0.00000    0.00000    0.00000

 H11         0.49810  0.24905  0.23318    0.50000    0.16332
   0.00000   0.00000  0.00000  0.00000    0.00000    0.00000



 Final Structure Factor Calculation for  m2 recompute of delivered CIF model, atoms fixed, scale refined            

 Total number of l.s. parameters =     1  Maximum vector length =  623   Memory required =     42 /   1959 /    28035

 wR2 =  0.4942 before cycle   5 for   11289 data and      0 /      1 parameters

 GooF = S =     1.688;     Restrained GooF =      1.688 for       0 restraints

 Weight = 1 / [ sigma^2(Fo^2) + ( 0.0800 * P )^2 +   0.00 * P ]   where  P = ( Max ( Fo^2, 0 ) + 2 * Fc^2 ) / 3

 wR2 = 0.4942, GooF = S = 1.688, Restrained GooF = 1.688 for all data
 R1 = 0.1950 for 2096 Fo > 4sig(Fo) and 0.4819 for all 11289 data

 Occupancy sum of asymmetric unit =    15.75 for non-hydrogen and     5.50 for H and D atoms



 Principal mean square atomic displacements U

   0.1004   0.0691   0.0606   Zr1  
   0.0870   0.0576   0.0571   Zr2  
   0.2384   0.0855   0.0750   O1    may be split into  0.4658 -0.0028  0.2427  and  0.4601  0.0028  0.2386
   0.2158   0.0845   0.0805   O2    may be split into  0.4731  0.0409  0.0000  and  0.4739  0.0321  0.0000
   0.2024   0.1111   0.0737   O3  
   0.1172   0.0901   0.0687   O4  
   0.1624   0.0955   0.0786   O5  
   0.2893   0.0963   0.0936   O6    may be split into  0.3991 -0.0001  0.1009  and  0.3988  0.0001  0.0745
   0.2649   0.0777   0.0645   C1    may be split into  0.5015  0.2480  0.4578  and  0.4905  0.2480  0.4557
   0.3017   0.1034   0.0769   C2    may be split into  0.4672  0.1429  0.2942  and  0.4566  0.1435  0.2868
   0.2458   0.0813   0.0705   C3    may be split into  0.4990  0.1847  0.2839  and  0.4885  0.1843  0.2813
   0.2137   0.1250   0.0770   C4  
   0.2030   0.0962   0.0676   C5  
   0.2377   0.0844   0.0643   C6    may be split into  0.4998  0.2172  0.3322  and  0.4897  0.2169  0.3306
   0.1491   0.0974   0.0738   C7  
   0.2445   0.0835   0.0684   C8    may be split into  0.5006  0.2172  0.4159  and  0.4902  0.2166  0.4140
   0.2613   0.0923   0.0832   C9    may be split into  0.5005  0.1842  0.4589  and  0.4904  0.1850  0.4603
   0.2156   0.1111   0.0741   C10  
   0.2496   0.0939   0.0648   C11    may be split into  0.5010  0.2481  0.2931  and  0.4912  0.2481  0.2874
   0.1362   0.0885   0.0716   C12  

 ** Warning:    10  atoms may be split and     0  atoms NPD **



 Analysis of variance for reflections employed in refinement      K = Mean[Fo^2] / Mean[Fc^2]  for group


 Fc/Fc(max)       0.000    0.002    0.003    0.004    0.005    0.007    0.010    0.015    0.023    0.042    1.000

 Number in group      2183.    1024.     873.     708.    1091.    1101.    1100.    1003.    1105.    1101.

            GooF      0.756    0.753    0.781    0.875    0.789    1.038    1.523    1.445    2.351    3.888

             K       86.062   13.153    4.930    0.905   -0.874    0.286    0.857    1.019    1.125    1.071


 Resolution(A)    0.69     0.74     0.77     0.81     0.86     0.92     0.99     1.09     1.26     1.61     inf

 Number in group      1140.    1124.    1120.    1142.    1138.    1112.    1126.    1132.    1123.    1132.

            GooF      0.787    0.698    0.718    0.770    0.793    0.872    0.889    0.978    1.152    4.664

             K       78.203    1.180   -3.448   -1.288    0.230    0.830    0.926    0.933    0.976    1.101

             R1       0.927    0.856    0.768    0.705    0.623    0.555    0.384    0.294    0.183    0.227


 Recommended weighting scheme:  WGHT    0.2000    0.0000
 [Weight parameters refined to    0.3368        0.00  but appear excessive]


 Most Disagreeable Reflections (* if suppressed or used for Rfree).
 Error/esd is calculated as sqrt(wD^2/<wD^2>) where w is given by the weight
 formula, D = Fo^2-Fc^2 and <> refers to the average over all reflections.

     h   k   l          Fo^2          Fc^2    Error/esd  Fc/Fc(max)  Resolution(A)

    -1   7   2      14153.13         93.04      14.53       0.010       4.39
    -1   4   1      20946.29       1216.87      13.68       0.037       8.19
    -2   6   1      18687.72       1352.11      13.63       0.040       5.98
    -1   4   2      15587.63        892.89      13.56       0.032       6.23
    -2   7   2       9404.90        253.40      13.54       0.017       4.55
     0   4   1      37432.11       1148.45      12.30       0.036       7.56
    -3   6   1      11894.56        155.57      12.00       0.013       6.08
    -1   2   3      18474.07       1583.18      11.35       0.043       5.33
    -4  11   2      19180.42       3026.01      11.27       0.059       3.24
    -1   5   1       3780.27         42.77      11.14       0.007       6.76
    -3  10   0      13355.22       1096.64      10.24       0.036       3.82
     0   7   2      32417.91       4817.40       9.92       0.075       4.19
    -1   3   2       1648.15      23089.65       9.92       0.163       6.97
    -2   4   0     170216.94       2104.53       9.82       0.049       9.80
    -2   6   2       3291.93        172.85       9.82       0.014       5.08
    -1   8   1       3666.91        128.04       9.77       0.012       4.34
    -1   3   0       7543.10        785.06       9.50       0.030      12.83
    -4   8   2      14903.08       2389.75       9.48       0.053       4.22
    -3   8   0       7015.52        524.69       9.14       0.025       4.85
    -2  10   1       7682.63       1550.29       9.07       0.042       3.61
    -2   7   1       8061.97       1901.66       8.89       0.047       5.17
    -4   9   2       4307.85        456.55       8.70       0.023       3.85
     0   9   2      11667.83       2132.01       8.68       0.050       3.43
     0  10   2       6160.93        693.19       8.36       0.028       3.14
    -1   4   4        497.06       4735.97       8.31       0.074       3.80
    -1   5   3       5480.74       1346.62       8.27       0.039       4.43
    -2   5   0       5022.92      26910.81       8.18       0.176       7.79
    -4   8   0       1386.54       9936.30       8.07       0.107       4.90
    -1   9   3       8109.93       2117.49       8.01       0.049       3.23
    -1   3   4      29173.94       9310.87       7.99       0.104       3.95
     0   6   2     232458.45      58307.91       7.98       0.259       4.68
     0   8   2      26405.23       6814.05       7.88       0.089       3.78
    -7  15   0       5807.76        564.65       7.87       0.026       2.61
    -1  10   2       6457.42       1617.75       7.86       0.043       3.27
    -2  10   0      78688.10      22942.97       7.68       0.163       3.70
     0   1   3       2528.90      11897.89       7.66       0.117       5.46
    -4  12   2      13943.84       4513.85       7.61       0.072       2.99
    -3  11   1      12047.17       3850.29       7.60       0.067       3.37
    -4  11   0      17126.77       4648.64       7.55       0.073       3.52
     0   0   3      22607.51     105618.18       7.52       0.349       5.54
    -3   9   0       3658.19         15.08       7.50       0.004       4.28
     0   3   0     107918.72     466342.91       7.50       0.734      11.31
    -5  11   1       5432.78       1491.14       7.25       0.041       3.48
    -4  10   1      93944.36      35073.27       7.05       0.201       3.79
    -2   8   1       6501.02       2135.85       7.02       0.050       4.53
    -1   6   0       7080.93      25931.11       6.96       0.173       6.10
    -1   3   1      35435.15     125964.25       6.94       0.381      10.15
     0   5   2      22406.95       7285.94       6.67       0.092       5.26
     0   6   4      35875.53      12700.33       6.57       0.121       3.35
    -1   9   5       5685.67       1811.23       6.48       0.046       2.55


 FMAP and GRID set by program

 FMAP   2   1 240
 GRID    -0.422  -1  -1     0.422   1   1

 R1 =  0.4685 for  11289 unique reflections after merging for Fourier


 Electron density synthesis with coefficients Fo-Fc

 Highest peak    1.51  at  0.5715  0.4285  0.3637  [  3.63 A from H9 ]
 Deepest hole   -1.24  at  0.5069  0.4931  0.0353  [  1.41 A from O3 ]


 Fourier peaks appended to .res file

              x       y       z       sof     U      Peak   Distances to nearest atoms (including eq.)

 Q1    1   0.5715  0.1429  0.3637   0.50000  0.05    1.51   3.63 H9  3.63 H9  3.97 C5  3.97 C5
 Q2    1   0.5945  0.1889  0.4023   0.50000  0.05    1.32   3.52 H9  3.92 C9  4.15 C4  4.18 H4
 Q3    1   0.4109  0.0743  0.5000   0.50000  0.05    0.98   3.53 H2  3.60 H9  3.98 C9  4.24 C2
 Q4    1   0.6054  0.2109  0.0000   0.25000  0.05    0.94   3.13 H5  4.05 O4  4.05 C5  4.45 H4
 Q5    1   0.4622  0.2024  0.0000   0.50000  0.05    0.94   4.21 H11  4.46 C5  4.52 C4  4.54 H5

 Shortest distances between peaks (including symmetry equivalents)

      1   2  1.69      5   5  2.25


 Time profile in seconds
 -----------------------

      0.00: Read and process instructions
      0.00: Fit rigid groups
      0.00: Interpret restraints etc.
      0.00: Generate connectivity array
      0.00: Analyse DFIX and DANG restraints
      0.00: Analyse SAME, SADI and NCSY restraints
      0.00: Generate CHIV restraints
      0.00: Check if bonds in residues restrained
      0.00: Generate DELU and RIGU restraints
      0.00: Generate SIMU restraints
      0.00: Generate ISOR restraints
      0.00: Analyse electron density
      0.00: Analyse other restraints etc.
      0.02: Read intensity data, sort/merge etc.
      0.01: Set up constraints
      0.00: OSF, H-atoms from difference map
      0.02: Set up l.s. refinement
      0.00: Generate idealized H-atoms
      0.02: Structure factors and derivatives
      0.00: Sum l.s. matrices
      0.00: Generate and apply antibumping restraints
      0.00: Apply other restraints
      0.00: Solve l.s. equations
      0.00: Generate HTAB table
      0.00: Other dependent quantities, CIF, tables
      0.02: Analysis of variance
      0.20: Merge reflections for Fourier and .fcf
      0.12: Fourier summations
      0.01: Peaksearch
      0.00: Analyse peaklist

 ** WARNING: These times are only approximate for multiple threads.
             To get better estimates run with -t1 **

   Please cite: G.M. Sheldrick (2015) "Crystal structure refinement with
   SHELXL", Acta Cryst., C71, 3-8 (Open Access) if SHELXL proves useful.

 +++++++++++++++++++++++++++++++++++++++++++++++++++++++++++++++++++++++++++++
 +  m2            finished at 09:19:45   Total elapsed time:      0.44 secs  +
 +++++++++++++++++++++++++++++++++++++++++++++++++++++++++++++++++++++++++++++
