
 +++++++++++++++++++++++++++++++++++++++++++++++++++++++++++++++++++
 +  SHELXL -  CRYSTAL STRUCTURE REFINEMENT  -   MULTI-CPU VERSION  +
 +  Copyright(C) George M. Sheldrick 1993-2023     Version 2019/3  +
 +  r08_map                    started at 21:55:35 on 21-Sep-2026  +
 +++++++++++++++++++++++++++++++++++++++++++++++++++++++++++++++++++

 Command line parameters: r08_map -a50000 -b3000 -c624 -g0 -m0 -t4

 -a sets the approximate maximum number of atoms including hydrogens.
 -b sets the maximum number of full-matrix parameters (not used by CGLS).
 For example -b9000 allows refinement of 1000 anisotropic atoms or 3000
 with BLOC 1. For a 32-bit version, -b times the square root of the
 number of threads should not exceed about 65500. -c sets the reflection
 buffer size. This depends on the CPU cache size but will rarely
 need changing.

 -g sets the number of reflection groups used for calculating R_complete,
 This must be greater than 1 but not greater than the total number of
 reflections for refinement. -m sets the current reflection group number.
 This may not be less than 1 nor greater than the number set by -g. These
 command line flags override other ways of defining free-R reflections.
 The -m value is also used as a seed for the WIGL pseudo-random shifts.

 -t sets the number of threads, otherwise it is set to the apparent
 number of CPUs. For optimal performance on hyperthreading systems,
 -t should be set to a little more than half the number of CPUs;
 e.g. -t4 or -t5 for an Intel i7 processor.

 Running  4 threads on 32 processors

 TITL Unmasked zero-cycle map for solvent-mask recomputation
 CELL  0.68883  39.1900  39.1900  16.6100   90.000   90.000  120.000
 ZERR    1.000   0.0000   0.0000   0.0000    0.000    0.000    0.000
 LATT  1
 SYMM -Y, X-Y, Z
 SYMM -X+Y, -X, Z
 SYMM -X, -Y, Z
 SYMM Y, -X+Y, Z
 SYMM X-Y, X, Z
 SYMM Y, X, -Z
 SYMM X-Y, -Y, -Z
 SYMM -X, -X+Y, -Z
 SYMM -Y, -X, -Z
 SYMM -X+Y, Y, -Z
 SYMM X, X-Y, -Z
 SFAC C O ZR H
 DISP C 0.0018766 0.0015000 5.8232
 DISP O 0.0070649 0.0056766 22.0375
 DISP ZR -9.0413504 2.7716699 10760.0761
 UNIT 264 96 18 132

 V =    22092.79     F(000) =    3204.0     Mu =   0.89 mm-1      Cell Wt =     6481.65    Rho =  0.487

 SHEL 999 1.0
 BOND $H
 LIST 6
 FMAP 2
 PLAN 60
 L.S. 0
 EQIV $1 -x+y,y,z
 EQIV $2 x,y,1-z
 DFIX 1.39 0.02 C1 C3 C3 C2 C2 C4 C4 C6 C6 C8 C8 C1
 DANG 2.407 0.04 C1 C2 C3 C4 C2 C6 C4 C8 C6 C1 C8 C3
 DFIX 1.48 0.03 C1 C7
 DFIX 1.49 0.03 C4 C12
 DFIX 1.26 0.02 C12 O1 C12 O2
 DANG 2.22 0.04 O1 O2
 DFIX 1.40 0.03 C5 C7 C7 C10 C9 C10 C10 C11 C9 C9_$2 C11 C11_$2
 DANG 2.42 0.05 C5 C10 C7 C9 C7 C11 C9 C11 C7 C7_$1
 FLAT 0.03 C1 C3 C2 C4 C6 C8 C12
 FLAT 0.03 C5 C7 C9 C10 C11 C7_$1 C10_$1 C11_$1
 RIGU 0.004 C1 > C12 O1 O2
 SIMU 0.02 0.04 2.0 C1 > C12 O1 O2
 WGHT    0.157100
 FVAR       0.05380
 ZR1   3    0.463822    0.536178    1.000000    10.25000    0.09203    0.09203 =
          0.07294    0.00000    0.00000    0.05907
 ZR2   3    0.454969    0.454969    0.893666    10.50000    0.09642    0.09642 =
          0.08778   -0.01225   -0.01225    0.06068
 O1    2    0.413106    0.518188    0.917429    11.00000    0.10051    0.11068 =
          0.09823   -0.00546   -0.00445    0.06961
 O2    2    0.406696    0.465612    0.850420    11.00000    0.12308    0.11796 =
          0.12832   -0.03051   -0.03348    0.07715
 O3    2    0.435893    0.472245    1.000000    10.50000    0.20031    0.11347 =
          0.10195    0.00000    0.00000    0.09735
 O4    2    0.463706    0.463706    0.760124    10.50000    0.21479    0.21479 =
          0.08628   -0.04188   -0.04188    0.17184
 O5    2    0.399694    0.399694    0.911342    10.50000    0.10746    0.10746 =
          0.26841   -0.02377   -0.02377    0.05689
 O6    2    0.518225    0.481775    0.892498    10.50000    0.12768    0.12768 =
          0.14696    0.01537   -0.01537    0.07745
 C1    1    0.310196    0.494978    0.720526    11.00000    0.11370    0.22344 =
          0.09142   -0.01309   -0.01158    0.10809
 C2    1    0.358431    0.522414    0.824598    11.00000    0.13266    0.16508 =
          0.11308   -0.02139   -0.04260    0.10295
 AFIX  43
 H2    4    0.371579    0.541790    0.863339    11.00000   -1.20000
 AFIX   0
 C3    1    0.330349    0.523353    0.777371    11.00000    0.13314    0.19281 =
          0.11286   -0.01127   -0.02911    0.10841
 AFIX  43
 H3    4    0.324828    0.543666    0.783989    11.00000   -1.20000
 AFIX   0
 C4    1    0.367218    0.492904    0.814859    11.00000    0.11762    0.16898 =
          0.10623   -0.02804   -0.02936    0.09727
 C5    1    0.247325    0.494651    0.709705    10.50000    0.12375    0.24485 =
          0.10074   -0.01903   -0.00952    0.12243
 AFIX  43
 H5    4    0.247297    0.494594    0.765695    10.50000   -1.20000
 AFIX   0
 C6    1    0.347255    0.461685    0.760104    11.00000    0.11260    0.21070 =
          0.11288   -0.04381   -0.04379    0.09909
 AFIX  43
 H6    4    0.352435    0.441019    0.756619    11.00000   -1.20000
 AFIX   0
 C7    1    0.278320    0.494691    0.669325    11.00000    0.10822    0.23526 =
          0.09212   -0.01481   -0.01478    0.11162
 C8    1    0.319370    0.463515    0.711564    11.00000    0.12468    0.24282 =
          0.11360   -0.04465   -0.03014    0.11626
 AFIX  43
 H8    4    0.306308    0.444252    0.672574    11.00000   -1.20000
 AFIX   0
 C9    1    0.247417    0.494834    0.542915    10.50000    0.12110    0.27553 =
          0.08253   -0.00588   -0.00294    0.13776
 C10   1    0.278130    0.494759    0.585684    11.00000    0.11950    0.26517 =
          0.08827   -0.00349   -0.00456    0.12669
 C11   1    0.309874    0.494890    0.540430    11.00000    0.13898    0.29290 =
          0.08955    0.00331    0.00199    0.13781
 AFIX  43
 H11   4    0.330591    0.494976    0.567919    11.00000   -1.20000
 AFIX   0
 C12   1    0.397225    0.490964    0.865392    11.00000    0.11252    0.12341 =
          0.09376   -0.02049   -0.01662    0.07698
 HKLF 4



 Covalent radii and connectivity table for  Unmasked zero-cycle map for solvent-mask recomputation                     
 C      0.770
 O      0.660
 ZR     1.590
 H      0.320

 Zr1 - O6_$4 O6_$3 O3 O3_$6 O1_$7 O1_$6 O1_$5 O1 Zr2_$3 Zr2_$5 Zr2_$4 Zr2
 Zr2 - O3 O3_$9 O6 O6_$4 O5 O4 O2 O2_$8 Zr1 Zr1_$3 Zr2_$4 Zr2_$5
 O1 - C12 Zr1
 O2 - C12 Zr2
 O3 - Zr2_$5 Zr2 Zr1
 O4 - Zr2
 O5 - Zr2
 O6 - Zr2_$4 Zr2 Zr1_$3
 C1 - C3 C8 C7
 C2 - C3 C4
 C3 - C2 C1
 C4 - C2 C6 C12
 C5 - C7_$1 C7
 C6 - C8 C4
 C7 - C5 C10 C1
 C8 - C6 C1
 C9 - C10 C10_$1 C9_$2
 C10 - C7 C9 C11
 C11 - C11_$2 C10
 C12 - O2 O1 C4


 Operators for generating equivalent atoms:
 $1   -x+y, y, z
 $2   x, y, -z+1
 $3   -x+1, -y+1, -z+2
 $4   -x+1, -y+1, z
 $5   x, y, -z+2
 $6   -y+1, -x+1, z
 $7   -y+1, -x+1, -z+2
 $8   y, x, z
 $9   y, x, -z+2

   179481  Reflections outside SHEL resolution limits rejected


   337815  Reflections read, of which  179481  rejected

 -39 =< h =< 39,    -39 =< k =< 39,    -16 =< l =< 16,   Max. 2-theta =   40.28

        0  Systematic absence violations (I>3sig(I)) before merging

        0  Inconsistent equivalents

     4395  Unique reflections, of which       0  suppressed

 R(int) = 0.5659     R(sigma) = 0.1066      Friedel opposites merged

 Maximum memory for data reduction =     2675 /    48177


 Reflection statistics for all twin components combined (TWST 0 set)
 Number of data for d > 1.000A (CIF: max) and d > 0.833A (CIF: full)
 (ignoring systematic absences):
 Unique reflections found (point group)       4395    4395
 Unique reflections possible (point group)    4401    7433
 Unique reflections found (Laue group)        4395    4395
 Unique reflections possible (Laue group)     4401    7433

 Special position constraints for Zr1
 z =  1.0000   y = -1.0 * x + 1.0000   U22 = 1.0 * U11   U23 = 0   U13 = 0   
 sof = 0.25000   
 Input constraints retained (at least in part) for  sof

 Special position constraints for Zr2
 y =  1.0 * x + 0.0000   U22 = 1.0 * U11   U13 = 1.0 * U23   sof = 0.50000   
 Input constraints retained (at least in part) for  sof

 Special position constraints for O3
 z =  1.0000   U23 = 0   U13 = 0   sof = 0.50000   
 Input constraints retained (at least in part) for  sof

 Special position constraints for O4
 y =  1.0 * x + 0.0000   U22 = 1.0 * U11   U13 = 1.0 * U23   sof = 0.50000   
 Input constraints retained (at least in part) for  sof

 Special position constraints for O5
 y =  1.0 * x + 0.0000   U22 = 1.0 * U11   U13 = 1.0 * U23   sof = 0.50000   
 Input constraints retained (at least in part) for  sof

 Special position constraints for O6
 y = -1.0 * x + 1.0000   U22 = 1.0 * U11   U13 =-1.0 * U23   sof = 0.50000   
 Input constraints retained (at least in part) for  sof

 Special position constraints for C5
 y =  2.0 * x + 0.0000   U13 = 0.5 * U23   U12 = 0.5 * U22   sof = 0.50000   
 Input constraints retained (at least in part) for  sof

 Special position constraints for C9
 y =  2.0 * x + 0.0000   U13 = 0.5 * U23   U12 = 0.5 * U22   sof = 0.50000   
 Input constraints retained (at least in part) for  sof


 Default effective X-H and X-D distances for T =   20.0C 
 AFIX m =    1     2     3     4   4[N]  3[N]  15[B]  8[O]   9   9[N]   16
 d(X-H) =  0.98  0.97  0.96  0.93  0.86  0.89  1.10  0.82  0.93  0.86  0.93

 Note that these distances are chosen to give the best fit to the X-ray data
 and so avoid the introduction of systematic error.  The true internuclear
 distances are longer and do not vary with temperature!  The apparent
 variation with temperature is caused by libration.



 Idealized hydrogen atom generation before cycle   1

 Name     x       y       z    AFIX  d(X-H)  shift  Bonded to  Conformation determined by
 H2    0.3716  0.5418  0.8633   43   0.930   0.000   C2            C3  C4  
 H3    0.3248  0.5437  0.7840   43   0.930   0.000   C3            C2  C1  
 H5    0.2473  0.4946  0.7657   43   0.930   0.000   C5            C7_$1  C7  
 H6    0.3524  0.4410  0.7566   43   0.930   0.000   C6            C8  C4  
 H8    0.3063  0.4443  0.6726   43   0.930   0.000   C8            C6  C1  
 H11   0.3306  0.4950  0.5679   43   0.930   0.000   C11           C11_$2  C10  



  Unmasked zero-cycle map for solvent-mask recomputation                     

 ATOM           x        y        z         sof        U11      U22      U33      U23      U13      U12       Ueq

 Zr1         0.46382  0.53618  1.00000    0.25000    0.09203  0.09203  0.07294  0.00000  0.00000  0.05907   0.07986
 Zr2         0.45497  0.45497  0.89367    0.50000    0.09642  0.09642  0.08778 -0.01225 -0.01225  0.06068   0.08800
 O1          0.41311  0.51819  0.91743    1.00000    0.10051  0.11068  0.09823 -0.00546 -0.00445  0.06961   0.09567
 O2          0.40670  0.46561  0.85042    1.00000    0.12308  0.11796  0.12832 -0.03051 -0.03348  0.07715   0.11561
 O3          0.43589  0.47225  1.00000    0.50000    0.20031  0.11347  0.10195  0.00000  0.00000  0.09735   0.13017
 O4          0.46371  0.46371  0.76012    0.50000    0.21479  0.21479  0.08628 -0.04188 -0.04188  0.17184   0.14331
 O5          0.39969  0.39969  0.91134    0.50000    0.10746  0.10746  0.26841 -0.02377 -0.02377  0.05689   0.15971
 O6          0.51823  0.48177  0.89250    0.50000    0.12768  0.12768  0.14696  0.01537 -0.01537  0.07745   0.12806
 C1          0.31020  0.49498  0.72053    1.00000    0.11370  0.22344  0.09142 -0.01309 -0.01158  0.10809   0.13227
 C2          0.35843  0.52241  0.82460    1.00000    0.13266  0.16508  0.11308 -0.02139 -0.04260  0.10295   0.12427
 H2          0.37158  0.54179  0.86334    1.00000    0.14912
 C3          0.33035  0.52335  0.77737    1.00000    0.13314  0.19281  0.11286 -0.01127 -0.02911  0.10841   0.13430
 H3          0.32483  0.54367  0.78399    1.00000    0.16117
 C4          0.36722  0.49290  0.81486    1.00000    0.11762  0.16898  0.10623 -0.02804 -0.02936  0.09727   0.11956
 C5          0.24733  0.49465  0.70970    0.50000    0.12375  0.24485  0.10074 -0.01903 -0.00952  0.12242   0.14299
 H5          0.24730  0.49459  0.76570    0.50000    0.17159
 C6          0.34726  0.46169  0.76010    1.00000    0.11260  0.21070  0.11288 -0.04381 -0.04379  0.09909   0.13728
 H6          0.35243  0.44102  0.75662    1.00000    0.16473
 C7          0.27832  0.49469  0.66933    1.00000    0.10822  0.23526  0.09212 -0.01481 -0.01478  0.11162   0.13376
 C8          0.31937  0.46352  0.71156    1.00000    0.12468  0.24282  0.11360 -0.04465 -0.03014  0.11626   0.14953
 H8          0.30631  0.44425  0.67257    1.00000    0.17943
 C9          0.24742  0.49483  0.54291    0.50000    0.12110  0.27553  0.08253 -0.00588 -0.00294  0.13777   0.14256
 C10         0.27813  0.49476  0.58568    1.00000    0.11950  0.26517  0.08827 -0.00349 -0.00456  0.12669   0.14408
 C11         0.30987  0.49489  0.54043    1.00000    0.13898  0.29290  0.08955  0.00331  0.00199  0.13781   0.16055
 H11         0.33059  0.49498  0.56792    1.00000    0.19266
 C12         0.39723  0.49096  0.86539    1.00000    0.11252  0.12341  0.09376 -0.02049 -0.01662  0.07698   0.10190


 Final Structure Factor Calculation for  Unmasked zero-cycle map for solvent-mask recomputation                     

 Total number of l.s. parameters =   155  Maximum vector length =  623   Memory required =     46 /   2675 /    28035

 wR2 =  0.4982 before cycle   1 for    4395 data and      0 /    155 parameters


 Disagreeable restraints before cycle    1

   Observed   Target    Error     Sigma     Restraint

    1.4543    1.3900    0.0643    0.0200    DFIX C8 C1


 Summary of restraints applied in cycle    1

               ANTIBUMP  DFIX    DANG SAME/SADI CHIV/Z CHIV/NZ   FLAT    DELU    RIGU    SIMU    ISOR    SUMP

       Number       0      16      12       0       0       0       9       0      99      84       0       0

 rms sigma      0.0000  0.0255  0.0444  0.0000  0.0000  0.0000  0.0300  0.0000  0.1153  0.0200  0.0000  0.0000

 rms deviation  0.0000  0.0292  0.0347  0.0000  0.0000  0.0000  0.0185  0.0000  0.0112  0.0152  0.0000  0.0000


 GooF = S =     1.876;     Restrained GooF =      1.852 for     220 restraints

 Weight = 1 / [ sigma^2(Fo^2) + ( 0.1571 * P )^2 +   0.00 * P ]   where  P = ( Max ( Fo^2, 0 ) + 2 * Fc^2 ) / 3

 wR2 = 0.4982, GooF = S = 1.876, Restrained GooF = 1.852 for all data
 R1 = 0.1816 for 2063 Fo > 4sig(Fo) and 0.2636 for all 4395 data

 R.m.s. bond length deviation (from DFIX values)  0.0264 (A)
 R.m.s. bond angle deviation (estimated from DANG)  2.94 (deg.)

 Occupancy sum of asymmetric unit =    15.75 for non-hydrogen and     5.50 for H and D atoms



 Principal mean square atomic displacements U

   0.1007   0.0729   0.0659   Zr1  
   0.1127   0.0798   0.0715   Zr2  
   0.1192   0.0966   0.0712   O1  
   0.1673   0.0931   0.0865   O2  
   0.2004   0.1020   0.0882   O3  
   0.2705   0.0859   0.0736   O4    may be split into  0.4698  0.4668  0.7568  and  0.4576  0.4606  0.7634
   0.2730   0.1050   0.1011   O5    may be split into  0.3987  0.3992  0.9235  and  0.4007  0.4002  0.8992
   0.1623   0.1368   0.0852   O6  
   0.2248   0.0934   0.0786   C1  
   0.1871   0.1202   0.0655   C2  
   0.1976   0.1286   0.0767   C3  
   0.1838   0.1011   0.0738   C4  
   0.2473   0.0983   0.0834   C5    may be split into  0.2522  0.4995  0.7082  and  0.2424  0.4898  0.7112
   0.2275   0.1186   0.0657   C6  
   0.2370   0.0946   0.0696   C7    may be split into  0.2830  0.4996  0.6682  and  0.2736  0.4898  0.6705
   0.2568   0.1069   0.0848   C8  
   0.2757   0.0824   0.0696   C9    may be split into  0.2530  0.5004  0.5425  and  0.2418  0.4892  0.5433
   0.2655   0.0893   0.0775   C10    may be split into  0.2834  0.5002  0.5854  and  0.2729  0.4893  0.5859
   0.2935   0.0987   0.0895   C11    may be split into  0.3153  0.5007  0.5406  and  0.3044  0.4891  0.5402
   0.1408   0.0841   0.0808   C12  

 ** Warning:     7  atoms may be split and     0  atoms NPD **



 Analysis of variance for reflections employed in refinement      K = Mean[Fo^2] / Mean[Fc^2]  for group


 Fc/Fc(max)       0.000    0.005    0.007    0.011    0.015    0.020    0.025    0.033    0.045    0.077    1.000

 Number in group       579.     302.     505.     428.     459.     393.     427.     421.     438.     443.

            GooF      0.883    1.420    1.026    1.221    1.689    1.821    1.932    2.618    2.336    2.461

             K        0.529    1.599    1.011    1.113    1.305    1.368    1.187    1.272    1.200    0.940


 Resolution(A)    1.00     1.04     1.08     1.13     1.20     1.28     1.38     1.52     1.77     2.26     inf

 Number in group       445.     444.     438.     443.     436.     431.     437.     444.     437.     440.

            GooF      1.013    1.003    1.023    1.021    0.993    1.015    1.040    1.138    1.867    4.555

             K        1.377    1.251    1.216    1.143    1.040    0.995    1.061    1.022    1.090    0.937

             R1       0.450    0.372    0.330    0.289    0.300    0.276    0.149    0.123    0.141    0.303


 ** Extinction (EXTI) or solvent water (SWAT) correction may be required **

 Recommended weighting scheme:  WGHT    0.2000    0.0000
 [Weight parameters refined to    0.4146        0.00  but appear excessive]


 Most Disagreeable Reflections (* if suppressed or used for Rfree).
 Error/esd is calculated as sqrt(wD^2/<wD^2>) where w is given by the weight
 formula, D = Fo^2-Fc^2 and <> refers to the average over all reflections.

     h   k   l          Fo^2          Fc^2    Error/esd  Fc/Fc(max)  Resolution(A)

    -1   7   2      12111.45        381.43       8.35       0.021       4.39
    -2   7   2       8104.84        301.96       8.14       0.019       4.55
    -1   5   1       3372.54         41.07       8.07       0.007       6.76
    -1   4   1      17737.78       1089.82       7.85       0.036       8.19
     0   4   1      31520.86       1203.94       7.76       0.037       7.56
    -2   6   1      15877.55       1147.39       7.72       0.036       5.98
    -3   6   1      10035.83        513.57       7.35       0.024       6.08
    -2   4   0     143351.28       2350.44       7.09       0.052       9.80
    -3  10   0      11445.87        782.56       6.95       0.030       3.82
    -1   4   2      13255.51       1500.37       6.87       0.042       6.23
    -1   8   1       3266.03        197.77       6.75       0.015       4.34
    -1   2   3      15555.21       1621.11       6.69       0.043       5.33
    -2   6   2       2874.58        211.70       6.60       0.016       5.08
    -3   8   0       6162.77        564.09       6.47       0.026       4.85
     0  10   2       5307.28        385.71       6.36       0.021       3.14
    -3   9   0       3248.52         25.38       6.14       0.005       4.28
    -4  11   2      16279.92       2668.32       6.10       0.056       3.24
    -4   8   2      12670.09       1764.73       6.06       0.045       4.22
    -2  10   1       6672.31       1028.28       5.98       0.035       3.61
    -1   3   0       6395.48        843.28       5.89       0.031      12.83
    -4   9   2       3867.72        561.90       5.80       0.026       3.85
     0   9   2      10064.10       1545.48       5.76       0.042       3.43
    -2   7   1       6977.97       1417.49       5.41       0.041       5.17
    -3  12   4       2714.67        232.26       5.38       0.016       2.50
    -7  15   0       5150.21        752.44       5.27       0.030       2.61
    -3  10   1       2657.97        341.23       5.12       0.020       3.72
    -2   5   4       1548.99        118.07       5.01       0.012       3.66
     0   7   2      27258.03       6192.10       4.96       0.085       4.19
     0  15   2       4350.92        654.55       4.95       0.028       2.18
    -1   3   2       1492.28      22350.65       4.68       0.161       6.97
    -2   8   1       5682.74       1512.10       4.57       0.042       4.53
     0   7   3       7899.00       1893.87       4.57       0.047       3.65
    -1  10   2       5669.24       1545.78       4.47       0.042       3.27
    -1   4   4        451.60       5205.36       4.45       0.078       3.80
    -4   8   0       1233.14      13355.48       4.44       0.124       4.90
    -1   5   3       4707.18       1319.16       4.39       0.039       4.43
    -1   9   5       4949.09       1379.56       4.25       0.040       2.55
    -4  14   0       3783.23        835.24       4.19       0.031       2.72
     0  11   2        196.65       3178.88       4.17       0.061       2.89
    -1   8   3         50.44       1893.34       4.11       0.047       3.49
    -2   5   0       4341.90      27532.08       4.04       0.179       7.79
     0   9   4       4958.80       1295.83       4.03       0.039       2.79
     0   0   3      19010.05     120528.54       4.02       0.374       5.54
     0   1   3       2175.80      13428.68       4.00       0.125       5.46
     0   1   5        506.57       3837.95       3.90       0.067       3.31
    -3  11   1      10329.88       3492.02       3.88       0.064       3.37
     0   5   5        660.14       4402.65       3.85       0.071       2.98
    -4  11   0      14707.61       4842.15       3.83       0.075       3.52
    -1   7   5       5300.59       1783.43       3.80       0.045       2.80
     0   3   0      90850.45     470411.91       3.80       0.739      11.31



 Bond lengths and angles

 Zr1 -           Distance        Angles
 O6_$4     2.1617          
 O6_$3     2.1617           111.38       
 O3        2.1756            71.54         71.54       
 O3_$6     2.1756            71.54         71.54        111.66       
 O1_$7     2.2197           142.41         76.80        141.52         77.24       
 O1_$6     2.2197            76.80        142.41        141.52         77.24         76.33       
 O1_$5     2.2197           142.41         76.80         77.25        141.52         74.67        119.95       
 O1        2.2197            76.80        142.41         77.25        141.52        119.95         74.67         76.32       
 Zr2_$3    3.5020            91.22         35.72         91.32         35.83         74.55        110.91        110.17       
 Zr2_$5    3.5020            91.22         35.72         35.83         91.32        110.17        165.49         74.55       
 Zr2_$4    3.5020            35.72         91.22         91.32         35.83        110.91         74.55        165.49       
 Zr2       3.5021            35.72         91.22         35.83         91.32        165.49        110.17        110.91       
                 Zr1             O6_$4         O6_$3         O3            O3_$6         O1_$7         O1_$6         O1_$5        

 Zr2 -           Distance        Angles
 O3        2.1547          
 O3_$9     2.1548            69.86       
 O6        2.1553           110.45         72.07       
 O6_$4     2.1553            72.07        110.45         70.06       
 O5        2.1860            82.74         82.74        144.35        144.35       
 O4        2.2444           144.35        144.35         82.31         82.31        106.49       
 O2        2.2490            75.37        139.95        140.89         75.83         73.62         74.60       
 O2_$8     2.2492           139.95         75.36         75.83        140.89         73.62         74.60        125.52       
 Zr1       3.5021            36.23         89.79         89.68         35.85        115.57        114.93         72.71       
 Zr1_$3    3.5021            89.79         36.23         35.85         89.68        115.57        114.93        161.76       
 Zr2_$4    3.5294            90.94         90.94         35.03         35.04        172.28         81.23        109.14       
 Zr2_$5    3.5324            34.95         34.95         90.51         90.51         82.28        171.22        108.63       
                 Zr2             O3            O3_$9         O6            O6_$4         O5            O4            O2           

 O1 -            Distance        Angles
 C12       1.2683          
 Zr1       2.2197           132.31       
                 O1              C12          

 O2 -            Distance        Angles
 C12       1.2472          
 Zr2       2.2490           134.19       
                 O2              C12          

 O3 -            Distance        Angles
 Zr2_$5    2.1547          
 Zr2       2.1547           110.11       
 Zr1       2.1756           107.94        107.94       
                 O3              Zr2_$5        Zr2          

 O4 -            Distance        Angles
 Zr2       2.2444          
                 O4             

 O5 -            Distance        Angles
 Zr2       2.1860          
                 O5             

 O6 -            Distance        Angles
 Zr2_$4    2.1552          
 Zr2       2.1553           109.93       
 Zr1_$3    2.1618           108.43        108.43       
                 O6              Zr2_$4        Zr2          

 C1 -            Distance        Angles
 C3        1.3688          
 C8        1.4543           118.20       
 C7        1.5066           122.34        119.44       
                 C1              C3            C8           

 C2 -            Distance        Angles
 C3        1.3669          
 C4        1.3713           120.01       
 H2        0.9300           120.00        120.00       
                 C2              C3            C4           

 C3 -            Distance        Angles
 C2        1.3669          
 C1        1.3688           121.28       
 H3        0.9300           119.36        119.36       
                 C3              C2            C1           

 C4 -            Distance        Angles
 C2        1.3713          
 C6        1.4067           123.01       
 C12       1.4774           121.22        115.68       
                 C4              C2            C6           

 C5 -            Distance        Angles
 C7_$1     1.3869          
 C7        1.3869           122.16       
 H5        0.9300           118.92        118.92       
                 C5              C7_$1         C7           

 C6 -            Distance        Angles
 C8        1.3885          
 C4        1.4067           116.12       
 H6        0.9300           121.94        121.94       
                 C6              C8            C4           

 C7 -            Distance        Angles
 C5        1.3869          
 C10       1.3893           118.56       
 C1        1.5066           116.71        124.73       
                 C7              C5            C10          

 C8 -            Distance        Angles
 C6        1.3885          
 C1        1.4543           121.26       
 H8        0.9300           119.37        119.37       
                 C8              C6            C1           

 C9 -            Distance        Angles
 C10       1.3989          
 C10_$1    1.3989           118.96       
 C9_$2     1.4256           120.52        120.52       
                 C9              C10           C10_$1       

 C10 -           Distance        Angles
 C7        1.3893          
 C9        1.3989           120.88       
 C11       1.4513           120.83        118.29       
                 C10             C7            C9           

 C11 -           Distance        Angles
 C11_$2    1.3431          
 C10       1.4513           121.19       
 H11       0.9300           119.40        119.40       
                 C11             C11_$2        C10          

 C12 -           Distance        Angles
 O2        1.2472          
 O1        1.2683           126.13       
 C4        1.4774           119.30        114.35       
                 C12             O2            O1           


 FMAP and GRID set by program

 FMAP   2   1 167
 GRID    -0.610  -1  -1     0.610   1   1

 R1 =  0.2583 for   4395 unique reflections after merging for Fourier


 Electron density synthesis with coefficients Fo-Fc

 Highest peak    1.42  at  0.5712  0.4288  0.3631  [  3.68 A from H11 ]
 Deepest hole   -1.11  at  0.5048  0.0095  0.0311  [  1.56 A from O6 ]


 Fourier peaks appended to .res file

              x       y       z       sof     U      Peak   Distances to nearest atoms (including eq.)

 Q1    1   0.4288  0.5712  0.6369   0.50000  0.05    1.42   3.68 H11  3.96 C2  4.07 C4  4.07 C3
 Q2    1   0.4049  0.5951  0.5979   0.50000  0.05    1.17   3.56 H11  3.56 H11  3.95 C11  3.95 C11
 Q3    1   0.3360  0.4100  0.5000   0.50000  0.05    0.93   3.60 H8  3.62 H11  4.00 C11  4.31 C8
 Q4    1   0.3945  0.6055  1.0000   0.25000  0.05    0.89   3.16 H2  4.06 C2  4.08 O1  4.43 H3
 Q5    1   0.2597  0.4622  1.0000   0.50000  0.05    0.89   4.20 H5  4.20 H5  4.46 C2  4.52 H2
 Q6    1   0.4677  0.5323  0.7102   0.50000  0.05    0.77   2.74 O4  3.18 O6  3.42 O2  3.52 C12
 Q7    1   0.4155  0.3282  1.0000   0.50000  0.05    0.72   3.48 O5  3.61 C12  3.66 O3  3.67 O2
 Q8    1   0.0000  0.0000  0.8972   0.08333  0.05    0.71   15.67 O5  15.88 H8  15.98 O5  16.01 H6
 Q9    1   0.2982  0.4436  1.0000   0.50000  0.05    0.63   3.91 C4  4.04 C12  4.04 C2  4.14 H2
 Q10   1   0.5000  0.5000  0.6503   0.25000  0.05    0.60   2.31 O4  4.21 O6  4.41 ZR2  4.62 O2
 Q11   1   0.2745  0.5490  0.9499   0.50000  0.05    0.58   3.46 H3  3.57 H5  4.03 C3  4.21 H2
 Q12   1   0.3855  0.3855  0.6895   0.50000  0.05    0.57   3.24 H6  3.28 O4  3.73 O5  3.88 O2
 Q13   1   0.3865  0.3865  1.0000   0.25000  0.05    0.57   1.56 O5  2.92 O3  3.21 ZR2  3.74 O2
 Q14   1   0.3564  0.4138  0.5660   1.00000  0.05    0.55   3.28 H8  3.37 H6  3.79 H11  3.82 C8
 Q15   1   0.2802  0.5605  1.0000   0.25000  0.05    0.54   4.18 H3  4.49 H5  4.60 H2  4.74 C3
 Q16   1   0.3477  0.3477  0.7553   0.50000  0.05    0.53   3.30 O5  3.57 H6  4.30 O2  4.48 C6
 Q17   1   0.3712  0.3712  0.7056   0.50000  0.05    0.50   3.28 H6  3.60 O5  3.74 O4  4.03 O2
 Q18   1   0.3018  0.6036  0.6468   0.50000  0.05    0.49   3.69 H3  3.84 C5  3.91 C7  4.01 C10
 Q19   1   0.0000  0.0000  0.6765   0.08333  0.05    0.47   15.43 H8  15.89 H6  16.11 C8  16.14 O5
 Q20   1   0.3157  0.3858  0.8953   1.00000  0.05    0.47   2.99 H6  3.07 O5  3.43 C6  3.45 O2
 Q21   1   0.4088  0.4616  0.5000   0.50000  0.05    0.46   4.05 H11  4.68 H6  4.70 H8  4.72 C11
 Q22   1   0.4033  0.4033  0.6356   0.50000  0.05    0.45   3.14 O4  3.63 H6  4.29 O2  4.40 C6
 Q23   1   0.0000  0.0000  1.0000   0.04167  0.05    0.45   15.73 O5  16.34 H6  16.36 H8  16.80 C6
 Q24   1   0.3792  0.6208  0.6103   0.50000  0.05    0.44   3.94 H3  3.94 H3  4.32 C3  4.32 C3
 Q25   1   0.4633  0.4233  0.6457   1.00000  0.05    0.44   2.47 O4  3.07 H6  3.47 O2  3.51 C6
 Q26   1   0.0762  0.0762  0.8921   0.50000  0.05    0.42   12.68 O5  13.09 O5  13.11 H6  13.14 H8
 Q27   1   0.0459  0.0919  1.0000   0.25000  0.05    0.41   13.14 O5  13.55 H6  13.55 H8  13.92 C8
 Q28   1   0.3242  0.6485  0.6641   0.50000  0.05    0.40   4.57 H3  4.58 H3  5.14 H3  5.14 H3
 Q29   1   0.3333  0.6667  0.7354   0.16667  0.05    0.39   4.73 H3  4.73 H3  4.73 H3  5.60 C3
 Q30   1   0.0720  0.0720  1.0000   0.25000  0.05    0.38   12.93 O5  13.69 H6  13.88 H8  14.17 C6
 Q31   1   0.2141  0.3950  0.8094   1.00000  0.05    0.38   3.52 H5  3.82 C5  3.87 H8  3.97 C8
 Q32   1   0.3106  0.6211  0.7180   0.50000  0.05    0.37   3.53 H3  4.30 C5  4.37 H5  4.39 C3
 Q33   1   0.3541  0.6459  0.7366   0.50000  0.05    0.37   3.66 H3  4.46 C3  4.85 H3  4.93 H2
 Q34   1   0.0301  0.0601  1.0000   0.25000  0.05    0.37   14.01 O5  14.01 O5  14.50 H6  14.50 H6
 Q35   1   0.1938  0.3875  0.7654   0.50000  0.05    0.36   3.63 H5  3.75 C5  4.12 H8  4.15 C7
 Q36   1   0.2492  0.4447  0.9241   1.00000  0.05    0.35   3.30 H5  3.30 H5  3.97 C3  4.04 C1
 Q37   1   0.0742  0.1484  1.0000   0.25000  0.05    0.34   11.67 O5  11.89 H8  11.90 H6  12.21 C8
 Q38   1   0.2930  0.2930  0.7483   0.50000  0.05    0.33   4.98 O5  5.06 H6  5.82 H8  5.85 C6
 Q39   1   0.3619  0.6381  0.6210   0.50000  0.05    0.31   4.21 H3  4.21 H3  4.79 C3  4.79 C3
 Q40   1   0.3221  0.3574  0.6761   1.00000  0.05    0.31   3.17 H6  3.75 H8  3.95 C6  4.25 C8
 Q41   1   0.2319  0.3945  0.5000   0.50000  0.05    0.31   3.64 C11  3.69 C10  3.73 C9  3.85 H8
 Q42   1   0.0297  0.0593  0.9215   0.50000  0.05    0.31   13.96 O5  14.09 H8  14.21 H6  14.23 O5
 Q43   1   0.4485  0.4485  0.5422   0.50000  0.05    0.31   3.67 O4  4.99 O4  5.06 O4  5.08 H6
 Q44   1   0.4122  0.4122  0.5493   0.50000  0.05    0.31   4.04 O4  4.61 H6  5.24 C6  5.31 H8
 Q45   1   0.4519  0.4519  0.6187   0.50000  0.05    0.30   2.39 O4  4.06 O4  4.35 H6  4.38 O2
 Q46   1   0.4562  0.4562  0.6669   0.50000  0.05    0.30   1.58 O4  3.50 O4  3.73 O2  3.77 ZR2
 Q47   1   0.4492  0.5508  0.9534   0.50000  0.05    0.28   1.26 ZR1  1.48 O1  2.43 O6  2.54 O1
 Q48   1   0.1981  0.3962  0.5843   0.50000  0.05    0.27   3.42 C9  3.55 C10  3.83 C7  3.94 C5
 Q49   1   0.2148  0.3932  1.0000   0.50000  0.05    0.26   5.24 H5  5.97 C5  6.00 C8  6.01 C6
 Q50   1   0.4146  0.5101  0.5903   1.00000  0.05    0.26   3.06 H11  3.68 C6  3.78 H6  3.81 C8
 Q51   1   0.2746  0.3924  0.8966   1.00000  0.05    0.26   3.54 H6  3.59 C6  3.92 C8  4.03 C4
 Q52   1   0.3128  0.6051  0.5000   0.50000  0.05    0.26   3.83 C9  4.09 C10  4.32 C11  4.32 C10
 Q53   1   0.4289  0.4289  0.8487   0.50000  0.05    0.25   1.27 ZR2  1.55 O5  2.01 O4  2.02 O2
 Q54   1   0.3466  0.3466  1.0000   0.25000  0.05    0.25   2.55 O5  4.39 O3  4.60 ZR2  4.74 O2
 Q55   1   0.2990  0.2990  0.8235   0.50000  0.05    0.25   4.21 O5  4.99 H6  5.75 O2  5.77 C6
 Q56   1   0.1290  0.1455  1.0000   0.50000  0.05    0.25   10.40 O5  11.21 H6  11.51 H6  11.56 H8
 Q57   1   0.4358  0.4229  0.8495   1.00000  0.05    0.24   1.32 ZR2  1.58 O2  1.61 O5  2.05 O4
 Q58   1   0.1954  0.3908  0.6639   0.50000  0.05    0.24   3.61 C5  3.73 C7  3.77 H8  3.77 H8
 Q59   1   0.2837  0.2837  0.6614   0.50000  0.05    0.23   5.58 H6  5.90 H8  6.16 O5  6.34 C6
 Q60   1   0.0885  0.0885  0.5422   0.50000  0.05    0.22   12.37 H8  12.69 H8  12.95 H6  13.14 C8

 Shortest distances between peaks (including symmetry equivalents)

     53  57  0.44     12  17  0.62     52  52  0.80     45  46  0.82     57  57  0.87     11  15  0.92     31  35  1.01
     28  28  1.07     27  34  1.08     56  56  1.12     12  22  1.13     24  39  1.19     16  17  1.23     38  55  1.27
     43  45  1.28     28  32  1.29     31  31  1.30     34  42  1.30      3  14  1.32     18  32  1.32     48  58  1.33
     28  29  1.34      5  36  1.39     43  43  1.40     60  60  1.40     29  33  1.41     49  49  1.43     43  44  1.43
     30  34  1.47     25  45  1.47     22  44  1.47     38  59  1.49     25  46  1.49     32  33  1.51     47  47  1.55
     18  28  1.55     13  54  1.56     27  30  1.56     29  32  1.57     44  44  1.64     11  11  1.66     26  42  1.67
     35  58  1.69      8  23  1.71     27  42  1.71     17  22  1.71     28  33  1.72     10  46  1.74      1   2  1.75
      2  24  1.75     20  51  1.75     17  40  1.79     26  30  1.80     16  40  1.81     12  16  1.84     28  39  1.86
     27  37  1.92     22  45  1.93     44  45  1.94     41  48  1.95     10  45  1.96     30  42  1.97      7   9  1.97
      5   9  1.98     33  39  1.99     21  43  1.99      7  20  2.01     42  42  2.01     34  34  2.04     23  34  2.04
     34  34  2.04     34  34  2.04      8  42  2.05     22  25  2.08     43  44  2.08     18  39  2.09     18  39  2.09
     18  39  2.09     43  46  2.09     36  36  2.11     28  32  2.13     22  46  2.14     16  38  2.15     21  44  2.17
     12  40  2.17     36  49  2.18     14  14  2.19     25  43  2.20     37  56  2.21     16  55  2.22     25  50  2.22
     14  44  2.24      5   5  2.24     14  21  2.26      1  50  2.31      9  36  2.32     21  50  2.34     22  43  2.36
     28  33  2.36     14  22  2.37      5  49  2.38     26  27  2.39     26  34  2.40     32  39  2.40     32  39  2.40
     23  42  2.40     40  40  2.40     18  33  2.40     34  42  2.41     34  42  2.41      6  10  2.41     25  44  2.43
     33  33  2.44      9  51  2.44     18  52  2.47     21  25  2.48     38  40  2.50      7  51  2.51     31  58  2.51
     40  59  2.52     36  36  2.52     18  28  2.52      3  21  2.54     12  44  2.55     31  36  2.58      5  36  2.58
     18  29  2.60      6  25  2.60     10  25  2.61     42  42  2.61     44  46  2.61     30  56  2.62     39  52  2.63
     14  40  2.66     28  39  2.66      8  34  2.66     32  32  2.68     43  45  2.68      6  50  2.69     10  43  2.70
     14  25  2.70     24  33  2.70     41  41  2.71     29  39  2.72     25  25  2.72     36  51  2.73     12  25  2.74
     27  34  2.74     27  34  2.74     21  45  2.74     55  59  2.76     36  49  2.79     12  46  2.80     48  48  2.80
     23  30  2.82     30  30  2.82     31  51  2.82     18  24  2.83     18  24  2.83     18  24  2.83     12  14  2.83
     22  40  2.84      9  49  2.85     12  45  2.85     27  56  2.86      6  46  2.88      1   6  2.91     49  51  2.92
     14  44  2.93      2  39  2.94     16  22  2.95     30  37  2.95     20  54  2.95     50  50  2.95     16  59  2.96
     32  33  2.97      5  49  2.97     24  52  2.98     26  26  2.99      8  26  2.99     24  28  2.99     34  37  2.99
     50  50  3.00


 Time profile in seconds
 -----------------------

      0.02: Read and process instructions
      0.00: Fit rigid groups
      0.00: Interpret restraints etc.
      0.00: Generate connectivity array
      0.00: Analyse DFIX and DANG restraints
      0.00: Analyse SAME, SADI and NCSY restraints
      0.00: Generate CHIV restraints
      0.00: Check if bonds in residues restrained
      0.00: Generate DELU and RIGU restraints
      0.00: Generate SIMU restraints
      0.00: Generate ISOR restraints
      0.00: Analyse electron density
      0.01: Analyse other restraints etc.
      0.38: Read intensity data, sort/merge etc.
      0.01: Set up constraints
      0.00: OSF, H-atoms from difference map
      0.00: Set up l.s. refinement
      0.00: Generate idealized H-atoms
      0.00: Structure factors and derivatives
      0.00: Sum l.s. matrices
      0.00: Generate and apply antibumping restraints
      0.00: Apply other restraints
      0.00: Solve l.s. equations
      0.00: Generate HTAB table
      0.00: Other dependent quantities, CIF, tables
      0.01: Analysis of variance
      0.06: Merge reflections for Fourier and .fcf
      0.05: Fourier summations
      0.02: Peaksearch
      0.00: Analyse peaklist

 ** WARNING: These times are only approximate for multiple threads.
             To get better estimates run with -t1 **

   Please cite: G.M. Sheldrick (2015) "Crystal structure refinement with
   SHELXL", Acta Cryst., C71, 3-8 (Open Access) if SHELXL proves useful.

 +++++++++++++++++++++++++++++++++++++++++++++++++++++++++++++++++++++++++++++
 +  r08_map       finished at 21:55:36   Total elapsed time:      0.56 secs  +
 +++++++++++++++++++++++++++++++++++++++++++++++++++++++++++++++++++++++++++++
