
 +++++++++++++++++++++++++++++++++++++++++++++++++++++++++++++++++++
 +  SHELXL -  CRYSTAL STRUCTURE REFINEMENT  -   MULTI-CPU VERSION  +
 +  Copyright(C) George M. Sheldrick 1993-2023     Version 2019/3  +
 +  job                        started at 19:40:44 on 21-Sep-2026  +
 +++++++++++++++++++++++++++++++++++++++++++++++++++++++++++++++++++

 Command line parameters: job -a50000 -b3000 -c624 -g0 -m0 -t4

 -a sets the approximate maximum number of atoms including hydrogens.
 -b sets the maximum number of full-matrix parameters (not used by CGLS).
 For example -b9000 allows refinement of 1000 anisotropic atoms or 3000
 with BLOC 1. For a 32-bit version, -b times the square root of the
 number of threads should not exceed about 65500. -c sets the reflection
 buffer size. This depends on the CPU cache size but will rarely
 need changing.

 -g sets the number of reflection groups used for calculating R_complete,
 This must be greater than 1 but not greater than the total number of
 reflections for refinement. -m sets the current reflection group number.
 This may not be less than 1 nor greater than the number set by -g. These
 command line flags override other ways of defining free-R reflections.
 The -m value is also used as a seed for the WIGL pseudo-random shifts.

 -t sets the number of threads, otherwise it is set to the apparent
 number of CPUs. For optimal performance on hyperthreading systems,
 -t should be set to a little more than half the number of CPUs;
 e.g. -t4 or -t5 for an Intel i7 processor.

 Running  4 threads on  4 processors

 TITL CrystalPilot cross-check in P 6/m m m
 CELL 0.68883 39.19000 39.19000 16.61000 90.0000 90.0000 120.0000
 ZERR 24 0.00000 0.00000 0.00000 0.0000 0.0000 0.0000
 LATT 1
 SYMM X-Y,X,Z
 SYMM Y,-X+Y,Z
 SYMM -Y,X-Y,Z
 SYMM -X+Y,-X,Z
 SYMM X-Y,-Y,-Z
 SYMM -X,-X+Y,-Z
 SYMM -X,-Y,Z
 SYMM Y,X,-Z
 SYMM -Y,-X,-Z
 SYMM -X+Y,Y,-Z
 SYMM X,X-Y,-Z
 SFAC C O Zr
 REM DISP lambda 0.68883 A is not a SHELXL built-in line (Cu/Mo/Ag K-alpha):
 REM DISP f'/f'' from cctbx (sasaki: C O Zr), mu = NIST attenuation in
 REM DISP barn/atom
 DISP $C 0.002 0.002 10.99
 DISP $O 0.007 0.006 30.28
 DISP $Zr -9.041 2.772 14341.91
 UNIT 570.0 124.0 18.0

 V =    22092.79     F(000) =    5132.0     Mu =   1.21 mm-1      Cell Wt =    10471.66    Rho =  0.787

  
 L.S. 10
 BOND $H
 CONF
 ACTA
 FMAP 2
 PLAN 20
  
 SHEL 999 1.000
  
 WGHT 0.100000 0.000000
 FVAR 0.05099
 ZR01  3   0.463918   0.536082   0.500000    10.25000     0.07111     0.07111 =
       0.07111    -0.00000    -0.00000     0.03556
 ZR02  3   0.544758   0.544758   0.393853    10.50000     0.08199     0.08199 =
       0.08199    -0.00000    -0.00000     0.04100
 O003  2   0.481132   0.585862   0.580952    11.00000     0.09070     0.09070 =
       0.09070    -0.00000    -0.00000     0.04535
 O004  2   0.534170   0.593008   0.648756    11.00000     0.11332     0.11332 =
       0.11332    -0.00000    -0.00000     0.05666
 O005  2   0.525950   0.562411   0.500000    10.50000     0.13107     0.13107 =
       0.13107     0.00000     0.00000     0.06554
 O006  2   0.538251   0.538251   0.261788    10.50000     0.12612     0.12612 =
       0.12612    -0.00000    -0.00000     0.06306
 O007  2   0.601428   0.601428   0.408931    10.50000     0.14692     0.14692 =
       0.14692    -0.00000    -0.00000     0.07346
 O008  2   0.517384   0.482616   0.393569    10.50000     0.13461     0.13461 =
       0.13461    -0.00000     0.00000     0.06731
 C009  1   0.507365   0.602233   0.631951    11.00000     0.10413     0.10413 =
       0.10413    -0.00000    -0.00000     0.05207
 C00A  1   0.506137   0.688318   0.780141    11.00000     0.13059     0.13059 =
       0.13059    -0.00000    -0.00000     0.06530
 O00B  1   0.477068   0.641856   0.673353    11.00000     0.11197     0.11197 =
       0.11197    -0.00000    -0.00000     0.05599
 C00C  1   0.506863   0.633235   0.686301    11.00000     0.10893     0.10893 =
       0.10893    -0.00000    -0.00000     0.05447
 O00D  1   0.475047   0.669444   0.725589    11.00000     0.13157     0.13157 =
       0.13157    -0.00000    -0.00000     0.06579
 C00E  1   0.504990   0.720952   0.831576    11.00000     0.14293     0.14293 =
       0.14293    -0.00000    -0.00000     0.07147
 O00F  1   0.506782   0.753391   0.786353    10.50000     0.13976     0.13976 =
       0.13976    -0.00000    -0.00000     0.06988
 O00G  1   0.539731   0.653517   0.739477    11.00000     0.12139     0.12139 =
       0.12139    -0.00000    -0.00000     0.06070
 C00H  1   0.504572   0.720795   0.915082    11.00000     0.14174     0.14174 =
       0.14174    -0.00000    -0.00000     0.07087
 C00I  1   0.503628   0.751814   0.957697    10.50000     0.12689     0.12689 =
       0.12689    -0.00000    -0.00000     0.06344
 O00J  1   0.538890   0.683212   0.790883    11.00000     0.14216     0.14216 =
       0.14216    -0.00000    -0.00000     0.07108
 O00K  2   0.569387   0.430613   0.134829    10.50000     0.28497
 O00L  1   0.503187   0.685813   0.957019    11.00000     0.15430     0.15430 =
       0.15430    -0.00000    -0.00000     0.07715
 C00M  1   0.743023   0.534123   0.500000    10.50000     0.22605
 C00N  1   0.592611   0.407389   0.094843    10.50000     0.21516
 C00O  1   0.602142   0.602142   0.476852    10.50000     0.77740
 C00P  1   0.748582   0.374291   0.500000    10.25000     0.59447
 C00Q  1   0.796547   0.398274   0.500000    10.25000     0.30378
 C00R  1   0.592367   0.668524   0.000000    10.50000     0.28083
 C00S  1   0.701023   0.557821   0.500000    10.50000     0.40346
 C00T  1   0.540340   0.459660   0.202293    10.50000     0.34838
 C00U  1   0.668598   0.587414   0.500000    10.50000     0.38358
 C00V  1   0.785336   0.570672   0.500000    10.25000     1.17419
 C00W  1   1.000000   1.000000  -0.076459    10.08333     0.61067
 C00X  1   0.762128   0.597912   0.500000    10.50000     2.00000
 C00Y  1   0.579463   0.628779   0.074957    11.00000     0.67953
 C00Z  1   0.499745   0.422210   0.108911    11.00000     0.78733
 C010  1   0.741016   0.482031   0.500000    10.25000     1.11024
 C011  1   0.917329   0.834658   0.500000    10.25000     0.69253
 O012  2   0.638413   0.638413   0.239228    10.50000     0.77555
 C013  1   0.515377   0.484623   0.189497    10.50000     0.67032
 C014  1   0.905361   0.810721   0.679994    10.50000     1.75682
 O015  2   0.666667   0.333333   0.123743    10.16667     1.31974
 C016  1   1.000000   1.000000   0.763645    10.08333     0.16874
 C017  1   0.553889   0.446111  -0.071832    10.50000     1.30501
 C018  1   1.000000   1.000000   1.597137    10.08333     2.00000
 C019  1   0.760527   0.430038   0.500000    10.50000     0.93073
 C01A  1   0.558495   0.441505   0.000000    10.25000     1.06122
 C01B  1   0.957504   0.915009   0.834290    10.50000     2.00000
 C01C  1   0.763547   0.381773   0.582731    10.50000     0.93439
 C01D  1   0.752857   0.561606   0.598975    11.00000     0.77598
 C01E  1   0.776090   0.447025   0.500000    11.00000     1.24997
 HKLF 4



 Covalent radii and connectivity table for  CrystalPilot cross-check in P 6/m m m                                      
 C      0.770
 O      0.660
 ZR     1.590

 Zr01 - O005_$4 O005 O008_$2 O008_$1 O003 O003_$5 O003_$4 O003_$3 Zr02_$2 Zr02_$3 Zr02_$1 Zr02
 Zr02 - O008 O008_$2 O005 O005_$6 O006 O007 O004_$3 O004_$6 C00O Zr01_$1 Zr01 Zr02_$2
 O003 - C009 Zr01
 O004 - C009 Zr02_$3
 O005 - Zr01 Zr02 Zr02_$3
 O006 - Zr02
 O007 - C00O C00O_$3 Zr02
 O008 - Zr02_$2 Zr02 Zr01_$1
 C009 - O003 O004 C00C
 C00A - O00D O00J C00E
 O00B - C00C O00D
 C00C - O00B O00G C009
 O00D - C00A O00B
 C00E - C00H O00F C00A
 O00F - C00E_$7 C00E
 O00G - C00C O00J
 C00H - C00E C00I O00L
 C00I - C00I_$8 C00H_$7 C00H
 O00J - C00A O00G
 O00K - C017_$9 C00N
 O00L - O00L_$8 C00H
 C00M - C00V C00M_$10 C01D C01D_$3 C010
 C00N - O00K
 C00O - C00O_$3 O007 O007_$3 Zr02
 C00P - C01C C01C_$3 C00Q C019 C019_$12
 C00Q - C00P C01C_$3 C01C
 C00R - C00Y C00Y_$9
 C00S - no bonds found
 C00T - C013
 C00U - no bonds found
 C00V - C00M_$10 C00M C00X C00X_$10 C01D_$10 C01D_$13 C01D C01D_$3
 C00W - no bonds found
 C00X - C00V
 C00Y - C00R
 C00Z - C017_$9
 C010 - C00M C00M_$10
 C011 - no bonds found
 O012 - no bonds found
 C013 - C00T
 C014 - no bonds found
 O015 - no bonds found
 C016 - no bonds found
 C017 - C01A O00K_$9 C00Z_$11 C00Z_$9
 C018 - no bonds found
 C019 - C01E C00P
 C01A - C017 C017_$9
 C01B - no bonds found
 C01C - C00P C00Q
 C01D - C00M C00V
 C01E - C019


 Operators for generating equivalent atoms:
 $1   -x+1, -y+1, -z+1
 $2   -x+1, -y+1, z
 $3   x, y, -z+1
 $4   -y+1, -x+1, z
 $5   -y+1, -x+1, -z+1
 $6   y, x, -z+1
 $7   x, x-y+1, z
 $8   x, y, -z+2
 $9   x, y, -z
 $10  -x+y+1, y, z
 $11  -y+1, -x+1, -z
 $12  x, x-y, z
 $13  -x+y+1, y, -z+1

   179481  Reflections outside SHEL resolution limits rejected


   337815  Reflections read, of which  179481  rejected

 -39 =< h =< 39,    -39 =< k =< 39,    -16 =< l =< 16,   Max. 2-theta =   40.28

        0  Systematic absence violations (I>3sig(I)) before merging

        0  Inconsistent equivalents

     4395  Unique reflections, of which       0  suppressed

 R(int) = 0.5659     R(sigma) = 0.1066      Friedel opposites merged

 Maximum memory for data reduction =     7109 /    48177


 Reflection statistics for all twin components combined (TWST 0 set)
 Number of data for d > 1.000A (CIF: max) and d > 1.000A (CIF: full)
 (ignoring systematic absences):
 Unique reflections found (point group)       4395    4395
 Unique reflections possible (point group)    4401    4401
 Unique reflections found (Laue group)        4395    4395
 Unique reflections possible (Laue group)     4401    4401

 Special position constraints for Zr01
 z =  0.5000   y = -1.0 * x + 1.0000   U22 = 1.0 * U11   U23 = 0   U13 = 0   
 sof = 0.25000   
 Input constraints retained (at least in part) for  sof

 Special position constraints for Zr02
 y =  1.0 * x + 0.0000   U22 = 1.0 * U11   U13 = 1.0 * U23   sof = 0.50000   
 Input constraints retained (at least in part) for  sof

 Special position constraints for O005
 z =  0.5000   U23 = 0   U13 = 0   sof = 0.50000   
 Input constraints retained (at least in part) for  sof

 Special position constraints for O006
 y =  1.0 * x + 0.0000   U22 = 1.0 * U11   U13 = 1.0 * U23   sof = 0.50000   
 Input constraints retained (at least in part) for  sof

 Special position constraints for O007
 y =  1.0 * x + 0.0000   U22 = 1.0 * U11   U13 = 1.0 * U23   sof = 0.50000   
 Input constraints retained (at least in part) for  sof

 Special position constraints for O008
 y = -1.0 * x + 1.0000   U22 = 1.0 * U11   U13 =-1.0 * U23   sof = 0.50000   
 Input constraints retained (at least in part) for  sof

 Special position constraints for O00F
 y =  0.5 * x + 0.5000   U13 = 2.0 * U23   U12 = 0.5 * U11   sof = 0.50000   
 Input constraints retained (at least in part) for  sof

 Special position constraints for C00I
 y =  0.5 * x + 0.5000   U13 = 2.0 * U23   U12 = 0.5 * U11   sof = 0.50000   
 Input constraints retained (at least in part) for  sof

 Special position constraints for O00K
 y = -1.0 * x + 1.0000   sof = 0.50000   
 Input constraints retained (at least in part) for  sof

 Special position constraints for C00M
 z =  0.5000   sof = 0.50000   
 Input constraints retained (at least in part) for  sof

 Special position constraints for C00N
 y = -1.0 * x + 1.0000   sof = 0.50000   
 Input constraints retained (at least in part) for  sof

 Special position constraints for C00O
 y =  1.0 * x + 0.0000   sof = 0.50000   
 Input constraints retained (at least in part) for  sof

 Special position constraints for C00P
 z =  0.5000   y =  0.5 * x + 0.0000   sof = 0.25000   
 Input constraints retained (at least in part) for  sof

 Special position constraints for C00Q
 z =  0.5000   y =  0.5 * x + 0.0000   sof = 0.25000   
 Input constraints retained (at least in part) for  sof

 Special position constraints for C00R
 z =  0.0000   sof = 0.50000   
 Input constraints retained (at least in part) for  sof

 Special position constraints for C00S
 z =  0.5000   sof = 0.50000   
 Input constraints retained (at least in part) for  sof

 Special position constraints for C00T
 y = -1.0 * x + 1.0000   sof = 0.50000   
 Input constraints retained (at least in part) for  sof

 Special position constraints for C00U
 z =  0.5000   sof = 0.50000   
 Input constraints retained (at least in part) for  sof

 Special position constraints for C00V
 z =  0.5000   y =  2.0 * x - 1.0000   sof = 0.25000   
 Input constraints retained (at least in part) for  sof

 Special position constraints for C00W
 x =  1.0000   y =  1.0000   sof = 0.08333   
 Input constraints retained (at least in part) for  sof

 Special position constraints for C00X
 z =  0.5000   sof = 0.50000   
 Input constraints retained (at least in part) for  sof

 Special position constraints for C010
 z =  0.5000   y =  2.0 * x - 1.0000   sof = 0.25000   
 Input constraints retained (at least in part) for  sof

 Special position constraints for C011
 z =  0.5000   y =  2.0 * x - 1.0000   sof = 0.25000   
 Input constraints retained (at least in part) for  sof

 Special position constraints for O012
 y =  1.0 * x + 0.0000   sof = 0.50000   
 Input constraints retained (at least in part) for  sof

 Special position constraints for C013
 y = -1.0 * x + 1.0000   sof = 0.50000   
 Input constraints retained (at least in part) for  sof

 Special position constraints for C014
 y =  2.0 * x - 1.0000   sof = 0.50000   
 Input constraints retained (at least in part) for  sof

 Special position constraints for O015
 x =  0.6667   y =  0.3333   sof = 0.16667   
 Input constraints retained (at least in part) for  sof

 Special position constraints for C016
 x =  1.0000   y =  1.0000   sof = 0.08333   
 Input constraints retained (at least in part) for  sof

 Special position constraints for C017
 y = -1.0 * x + 1.0000   sof = 0.50000   
 Input constraints retained (at least in part) for  sof

 Special position constraints for C018
 x =  1.0000   y =  1.0000   sof = 0.08333   
 Input constraints retained (at least in part) for  sof

 Special position constraints for C019
 z =  0.5000   sof = 0.50000   
 Input constraints retained (at least in part) for  sof

 Special position constraints for C01A
 z =  0.0000   y = -1.0 * x + 1.0000   sof = 0.25000   
 Input constraints retained (at least in part) for  sof

 Special position constraints for C01B
 y =  2.0 * x - 1.0000   sof = 0.50000   
 Input constraints retained (at least in part) for  sof

 Special position constraints for C01C
 y =  0.5 * x + 0.0000   sof = 0.50000   
 Input constraints retained (at least in part) for  sof

 Special position constraints for C01E
 z =  0.5000   sof = 0.50000   


 ** Cell contents from UNIT instruction and atom list do not agree **


 Unit-cell contents from UNIT instruction and atom list resp.

 C       570.00    558.00
 O       124.00    124.00
 ZR       18.00     18.00


 Least-squares cycle   1   Maximum vector length =  623   Memory required =     75 /   7767 /   352254

 wR2 =  0.4229 before cycle   1 for    4395 data and    238 /    238 parameters

 GooF = S =     2.062;     Restrained GooF =      2.062 for       0 restraints

 Weight = 1 / [ sigma^2(Fo^2) + ( 0.1000 * P )^2 +   0.00 * P ]   where  P = ( Max ( Fo^2, 0 ) + 2 * Fc^2 ) / 3


     N      value        esd    shift/esd  parameter

     1     0.05188     0.00039     2.261    OSF
     3     0.08085     0.00202     4.822    U11 Zr01
     5     0.04817     0.00227     5.552    U12 Zr01
     8     0.08908     0.00160     4.434    U11 Zr02
    10     0.00903     0.00149     6.051    U23 Zr02
    11     0.05329     0.00173     7.103    U12 Zr02
    27    -0.02818     0.00698    -4.038    U23 O004
    33     0.18555     0.01377     3.955    U22 O005
    35     0.10246     0.01149     3.213    U12 O005
    38     0.17129     0.00947     4.769    U11 O006
    41     0.12129     0.01103     5.280    U12 O006
    44     0.11117     0.01157    -3.090    U11 O007
    45     0.21596     0.01653     4.176    U33 O007
    52     0.01849     0.00566     3.268    U23 O008
    66     0.20053     0.02062     3.392    U11 C00A
    80     0.09790     0.01301     3.221    U12 O00B
   102     0.21202     0.01869     3.696    U11 C00E
   126     0.20367     0.01846     3.355    U11 C00H
   128     0.06527     0.02280    -3.353    U33 C00H
   134     0.20554     0.02131     3.690    U11 C00I
   141     0.21513     0.02016     3.620    U11 O00J
   153     0.22566     0.01772     4.026    U11 O00L
   200    -0.33255     0.30492    -4.732    U11 C010
   201     0.92542     0.00268     3.020     x  C011
   202     1.18235     0.11201     4.373    U11 C011
   207     0.16321     0.00738    -3.562     z  C013
   209     0.92282     0.00509     3.432     x  C014
   212     0.17646     0.01608     3.279     z  O015
   215     0.33388     0.02835     5.824    U11 C016
   220     2.00000     1.13356     3.105    U11 C018
   226     0.94230     0.00465    -3.271     x  C01B

 Mean shift/esd =   1.380  Maximum =     7.103 for  U12 Zr02     

 Max. shift = 1.753 A for C00X        Max. dU =-1.443 for C010     


 Least-squares cycle   2   Maximum vector length =  623   Memory required =     75 /   7767 /   352254

 wR2 =  0.4193 before cycle   2 for    4395 data and    238 /    238 parameters

 GooF = S =     2.114;     Restrained GooF =      2.114 for       0 restraints

 Weight = 1 / [ sigma^2(Fo^2) + ( 0.1000 * P )^2 +   0.00 * P ]   where  P = ( Max ( Fo^2, 0 ) + 2 * Fc^2 ) / 3

 Shifts scaled down to reduce maximum shift/esd from   27.88  to   15.00


     N      value        esd    shift/esd  parameter

     1     0.05084     0.00039    -2.711    OSF
   200     0.02535     0.00351     7.500    U11 C010

 Mean shift/esd =   0.437  Maximum =     7.500 for  U11 C010     

 Max. shift = 1.556 A for C01E        Max. dU =-1.620 for C019     


 Least-squares cycle   3   Maximum vector length =  623   Memory required =     75 /   7767 /   352254

 wR2 =  0.5029 before cycle   3 for    4395 data and    238 /    238 parameters

 GooF = S =     2.690;     Restrained GooF =      2.690 for       0 restraints

 Weight = 1 / [ sigma^2(Fo^2) + ( 0.1000 * P )^2 +   0.00 * P ]   where  P = ( Max ( Fo^2, 0 ) + 2 * Fc^2 ) / 3

 Shifts scaled down to reduce maximum shift/esd from   29.64  to   15.00


     N      value        esd    shift/esd  parameter

     1     0.04893     0.00046    -4.126    OSF
   200     0.07984     0.00617     8.834    U11 C010
   223     0.02176     0.00303     7.500    U11 C019

 Mean shift/esd =   0.348  Maximum =     8.834 for  U11 C010     

 Max. shift = 4.199 A for C01E        Max. dU =-0.497 for C00X     


 Least-squares cycle   4   Maximum vector length =  623   Memory required =     75 /   7767 /   352254

 wR2 =  0.4670 before cycle   4 for    4395 data and    238 /    238 parameters

 GooF = S =     2.341;     Restrained GooF =      2.341 for       0 restraints

 Weight = 1 / [ sigma^2(Fo^2) + ( 0.1000 * P )^2 +   0.00 * P ]   where  P = ( Max ( Fo^2, 0 ) + 2 * Fc^2 ) / 3

 Shifts scaled down to reduce maximum shift/esd from   28.68  to   15.00


     N      value        esd    shift/esd  parameter

     1     0.04941     0.00043     1.135    OSF
   200     0.15226     0.00992     7.301    U11 C010
   223     0.07565     0.00378    14.260    U11 C019
   238     2.00000     0.52972     3.476    U11 C01E

 Mean shift/esd =   0.405  Maximum =    14.260 for  U11 C019     

 Max. shift = 9.282 A for C018        Max. dU = 0.736 for C00W     


 Least-squares cycle   5   Maximum vector length =  623   Memory required =     75 /   7767 /   352254

 wR2 =  0.4209 before cycle   5 for    4395 data and    238 /    238 parameters

 GooF = S =     2.061;     Restrained GooF =      2.061 for       0 restraints

 Weight = 1 / [ sigma^2(Fo^2) + ( 0.1000 * P )^2 +   0.00 * P ]   where  P = ( Max ( Fo^2, 0 ) + 2 * Fc^2 ) / 3

 Shifts scaled down to reduce maximum shift/esd from   24.60  to   15.00


     N      value        esd    shift/esd  parameter

     1     0.05031     0.00038     2.358    OSF
   200     0.26421     0.01531     7.314    U11 C010
   223     0.15526     0.00582    13.687    U11 C019
   236     0.87976     0.01236     3.199     x  C01E

 Mean shift/esd =   0.412  Maximum =    13.687 for  U11 C019     

 Max. shift = 3.216 A for C018        Max. dU = 0.251 for C00V     


 Least-squares cycle   6   Maximum vector length =  623   Memory required =     75 /   7767 /   352254

 wR2 =  0.3894 before cycle   6 for    4395 data and    238 /    238 parameters

 GooF = S =     1.889;     Restrained GooF =      1.889 for       0 restraints

 Weight = 1 / [ sigma^2(Fo^2) + ( 0.1000 * P )^2 +   0.00 * P ]   where  P = ( Max ( Fo^2, 0 ) + 2 * Fc^2 ) / 3

 Shifts scaled down to reduce maximum shift/esd from   19.62  to   15.00


     N      value        esd    shift/esd  parameter

     1     0.05122     0.00035     2.556    OSF
   199     0.74913     0.00102    -4.010     x  C010
   200     0.45674     0.02655     7.250    U11 C010
   223     0.28714     0.00978    13.479    U11 C019

 Mean shift/esd =   0.469  Maximum =    13.479 for  U11 C019     

 Max. shift = 3.164 A for C00W        Max. dU =-2.400 for C00W     


 Least-squares cycle   7   Maximum vector length =  623   Memory required =     75 /   7767 /   352254

 wR2 =  0.3984 before cycle   7 for    4395 data and    238 /    238 parameters

 GooF = S =     1.956;     Restrained GooF =      1.956 for       0 restraints

 Weight = 1 / [ sigma^2(Fo^2) + ( 0.1000 * P )^2 +   0.00 * P ]   where  P = ( Max ( Fo^2, 0 ) + 2 * Fc^2 ) / 3

 Shifts scaled down to reduce maximum shift/esd from   16.00  to   15.00


     N      value        esd    shift/esd  parameter

     1     0.05149     0.00037     0.749    OSF
   187     0.04621     0.00629     7.500    U11 C00W
   199     0.73741     0.00192    -6.114     x  C010
   200     0.71798     0.05930     4.406    U11 C010
   220     2.00000     1.54424     4.874    U11 C018
   221     0.76911     0.00134    -3.089     x  C019
   223     0.49807     0.02042    10.329    U11 C019

 Mean shift/esd =   0.505  Maximum =    10.329 for  U11 C019     

 Max. shift = 2.261 A for C018        Max. dU = 0.718 for C016     


 Least-squares cycle   8   Maximum vector length =  623   Memory required =     75 /   7767 /   352254

 wR2 =  0.3667 before cycle   8 for    4395 data and    238 /    238 parameters

 GooF = S =     1.767;     Restrained GooF =      1.767 for       0 restraints

 Weight = 1 / [ sigma^2(Fo^2) + ( 0.1000 * P )^2 +   0.00 * P ]   where  P = ( Max ( Fo^2, 0 ) + 2 * Fc^2 ) / 3


     N      value        esd    shift/esd  parameter

     1     0.05189     0.00034     1.158    OSF
   184     0.71238     0.01301    -4.171     x  C00V
   185    -0.40000     1.40394    -4.451    U11 C00V
   187     0.15891     0.00957    11.780    U11 C00W
   199     0.71917     0.00343    -5.322     x  C010
   214     0.03981     0.16956    -4.462     z  C016
   219     0.64775     0.17485    -3.354     z  C018
   221     0.76164     0.00232    -3.224     x  C019
   223     0.77588     0.03973     6.993    U11 C019
   233     0.57670     0.00337     4.550     y  C01D
   234     0.61047     0.00628     3.614     z  C01D

 Mean shift/esd =   0.559  Maximum =    11.780 for  U11 C00W     

 Max. shift =12.568 A for C016        Max. dU =-2.400 for C00V     


 Least-squares cycle   9   Maximum vector length =  623   Memory required =     75 /   7767 /   352254

 wR2 =  0.4176 before cycle   9 for    4395 data and    238 /    238 parameters

 GooF = S =     2.088;     Restrained GooF =      2.088 for       0 restraints

 Weight = 1 / [ sigma^2(Fo^2) + ( 0.1000 * P )^2 +   0.00 * P ]   where  P = ( Max ( Fo^2, 0 ) + 2 * Fc^2 ) / 3

 Shifts scaled down to reduce maximum shift/esd from   23.87  to   15.00


     N      value        esd    shift/esd  parameter

     1     0.05150     0.00040    -0.972    OSF
   185     0.02563     0.00355     7.500    U11 C00V
   199     0.73240     0.00324     4.088     x  C010
   200     1.54783     0.15742     5.184    U11 C010
   221     0.74500     0.00499    -3.336     x  C019

 Mean shift/esd =   0.364  Maximum =     7.500 for  U11 C00V     

 Max. shift = 0.742 A for C018        Max. dU = 0.816 for C010     


 Least-squares cycle  10   Maximum vector length =  623   Memory required =     75 /   7767 /   352254

 wR2 =  0.3834 before cycle  10 for    4395 data and    238 /    238 parameters

 GooF = S =     1.858;     Restrained GooF =      1.858 for       0 restraints

 Weight = 1 / [ sigma^2(Fo^2) + ( 0.1000 * P )^2 +   0.00 * P ]   where  P = ( Max ( Fo^2, 0 ) + 2 * Fc^2 ) / 3

 Shifts scaled down to reduce maximum shift/esd from   24.25  to   15.00


     N      value        esd    shift/esd  parameter

     1     0.05146     0.00036    -0.111    OSF
   160     0.53348     0.00136     1.689     y  C00M
   169     0.59848     0.09270     1.064    U11 C00P
   185     0.08805     0.00436    14.301    U11 C00V
   187     0.30203     0.04136     1.512    U11 C00W
   199     0.77036     0.01012     3.752     x  C010
   200     0.54652     0.67871    -1.475    U11 C010
   215     2.00000     1.09215     2.698    U11 C016
   232     0.75287     0.00225    -1.085     x  C01D

 Mean shift/esd =   0.295  Maximum =    14.301 for  U11 C00V     

 Max. shift = 1.488 A for C010        Max. dU =-1.001 for C010     


 Largest correlation matrix elements

     0.929 U12 O006 / U11 O006               0.708 U12 O00L / U11 O00L               0.686 U12 O00B / U22 O00B
     0.869 U12 Zr01 / U11 Zr01               0.706 y C019 / U11 C010                 0.686 U12 C00A / U11 C00A
     0.868 U12 Zr02 / U11 Zr02              -0.706 U11 C017 / U11 C013               0.685 U12 O00L / U22 O00L
     0.848 z C017 / z C013                   0.703 U12 C00E / U11 C00E               0.683 U12 C00E / U22 C00E
     0.831 U12 O008 / U11 O008               0.697 U12 O00D / U11 O00D               0.682 U12 O003 / U22 O003
     0.816 U12 O007 / U11 O007               0.694 U12 O005 / U22 O005               0.681 U12 C00A / U22 C00A
     0.718 U12 O005 / U11 O005               0.692 y C00Y / x C00Y                   0.666 U12 O00B / U11 O00B
     0.711 U12 O00J / U22 O00J               0.689 U11 C00Q / x C00P                -0.665 x C00Q / U11 C00P



  CrystalPilot cross-check in P 6/m m m                                      

 ATOM           x        y        z         sof        U11      U22      U33      U23      U13      U12       Ueq

 Zr01        0.46383  0.53617  0.50000    0.25000    0.08664  0.08664  0.06685  0.00000  0.00000  0.05480   0.07494
   0.00000   0.00005  0.00005  0.00000    0.00000    0.00209  0.00209  0.00227  0.00000  0.00000  0.00231   0.00122

 Zr02        0.54474  0.54474  0.39371    0.50000    0.09267  0.09267  0.08406  0.01368  0.01368  0.05893   0.08420
   0.00598   0.00007  0.00007  0.00015    0.00000    0.00160  0.00160  0.00190  0.00137  0.00137  0.00170   0.00106

 O003        0.48126  0.58643  0.58118    1.00000    0.10557  0.10794  0.09354 -0.00310 -0.00431  0.07257   0.09382
   0.02569   0.00031  0.00029  0.00060    0.00000    0.00755  0.00767  0.00699  0.00616  0.00599  0.00655   0.00294

 O004        0.53391  0.59283  0.64989    1.00000    0.11516  0.11937  0.12307 -0.04070 -0.02921  0.07170   0.11339
   0.02062   0.00030  0.00028  0.00062    0.00000    0.00835  0.00815  0.00827  0.00648  0.00663  0.00710   0.00346

 O005        0.52666  0.56254  0.50000    0.50000    0.11986  0.22399  0.10875  0.00000  0.00000  0.11536   0.13780
   0.03346   0.00043  0.00053  0.00000    0.00000    0.01217  0.01759  0.01071  0.00000  0.00000  0.01258   0.00578

 O006        0.53827  0.53827  0.26214    0.50000    0.20326  0.20326  0.08732  0.02037  0.02037  0.15809   0.13952
   0.03885   0.00045  0.00045  0.00080    0.00000    0.01223  0.01223  0.00986  0.00927  0.00927  0.01352   0.00556

 O007        0.60103  0.60103  0.41165    0.50000    0.09298  0.09298  0.28254  0.00827  0.00827  0.04372   0.15739
   0.03651   0.00037  0.00037  0.00132    0.00000    0.00752  0.00752  0.02090  0.01051  0.01051  0.00901   0.00688

 O008        0.51726  0.48274  0.39308    0.50000    0.11772  0.11772  0.15113  0.02723 -0.02723  0.06194   0.12749
   0.01488   0.00020  0.00020  0.00090    0.00000    0.00806  0.00806  0.01326  0.00491  0.00491  0.00917   0.00520

 C009        0.50783  0.60160  0.63411    1.00000    0.10372  0.11140  0.10641  0.00263 -0.00793  0.07074   0.09964
   0.04361   0.00055  0.00049  0.00106    0.00000    0.01424  0.01410  0.01348  0.01112  0.01109  0.01213   0.00498

 C00A        0.50500  0.68986  0.78016    1.00000    0.24770  0.11311  0.08676  0.00284 -0.00561  0.12755   0.13259
   0.04944   0.00071  0.00051  0.00100    0.00000    0.02332  0.01456  0.01227  0.01095  0.01420  0.01627   0.00659

 O00B        0.47726  0.64138  0.67360    1.00000    0.16177  0.11845  0.11398 -0.02339 -0.01098  0.10202   0.11719
   0.03682   0.00051  0.00048  0.00097    0.00000    0.01538  0.01327  0.01279  0.01045  0.01120  0.01280   0.00538

 C00C        0.50731  0.63265  0.68659    1.00000    0.15077  0.09777  0.10975 -0.01910 -0.01615  0.08440   0.10954
   0.04118   0.00056  0.00047  0.00102    0.00000    0.01626  0.01235  0.01290  0.01064  0.01217  0.01255   0.00505

 O00D        0.47466  0.66916  0.72275    1.00000    0.21671  0.12802  0.10392 -0.03247 -0.03446  0.10925   0.13930
   0.04609   0.00059  0.00054  0.00115    0.00000    0.02112  0.01478  0.01355  0.01193  0.01365  0.01540   0.00674

 C00E        0.50499  0.72180  0.83167    1.00000    0.22633  0.11231  0.09659 -0.02486 -0.01495  0.11723   0.13060
   0.03877   0.00056  0.00047  0.00106    0.00000    0.01979  0.01398  0.01308  0.01133  0.01317  0.01428   0.00615

 O00F        0.50458  0.75229  0.78758    0.50000    0.21512  0.08984  0.14596 -0.02337 -0.04673  0.10756   0.13639
   0.04831   0.00077  0.00039  0.00148    0.00000    0.02730  0.01084  0.02158  0.00988  0.01975  0.01365   0.00940

 O00G        0.53804  0.65245  0.74162    1.00000    0.18213  0.11087  0.10030 -0.04160 -0.03651  0.08159   0.12739
   0.04200   0.00057  0.00051  0.00103    0.00000    0.01726  0.01372  0.01227  0.01069  0.01241  0.01332   0.00594

 C00H        0.50457  0.72126  0.91420    1.00000    0.25236  0.11525  0.05850 -0.01455 -0.00667  0.10534   0.13607
   0.03898   0.00059  0.00048  0.00092    0.00000    0.02184  0.01428  0.01082  0.00975  0.01203  0.01473   0.00684

 C00I        0.50275  0.75138  0.95757    0.50000    0.28108  0.11800  0.07482 -0.01164 -0.02329  0.14054   0.13985
   0.04901   0.00079  0.00040  0.00114    0.00000    0.02997  0.01080  0.01415  0.00800  0.01599  0.01499   0.00935

 O00J        0.53783  0.68188  0.79103    1.00000    0.25611  0.12728  0.11027 -0.00340 -0.01521  0.13210   0.14844
   0.04462   0.00066  0.00054  0.00104    0.00000    0.02337  0.01536  0.01369  0.01163  0.01426  0.01707   0.00712

 O00K        0.57075  0.42925  0.13412    0.50000    0.29240
   0.03755   0.00063  0.00063  0.00226    0.00000    0.01395

 O00L        0.50472  0.68750  0.95853    1.00000    0.27992  0.15238  0.08608  0.01881  0.01344  0.14499   0.15639
   0.04187   0.00060  0.00052  0.00083    0.00000    0.02283  0.01501  0.01090  0.00976  0.01212  0.01629   0.00728

 C00M        0.73909  0.53348  0.50000    0.50000    0.27481
   0.08503   0.00116  0.00136  0.00000    0.00000    0.01969

 C00N        0.59435  0.40565  0.09851    0.50000    0.20372
   0.03256   0.00053  0.00053  0.00196    0.00000    0.01288

 C00O        0.62824  0.62824  0.46433    0.50000    0.90775
   0.31728   0.00311  0.00311  0.01445    0.00000    0.13258

 C00P        0.76876  0.38438  0.50000    0.25000    0.59848
   0.34235   0.00582  0.00291  0.00000    0.00000    0.09270

 C00Q        0.80048  0.40024  0.50000    0.25000    0.41081
   0.24869   0.00423  0.00212  0.00000    0.00000    0.06849

 C00R        0.59477  0.67202  0.00000    0.50000    0.33543
   0.11061   0.00161  0.00169  0.00000    0.00000    0.02546

 C00S        0.70420  0.56065  0.50000    0.50000    0.39336
   0.11544   0.00175  0.00178  0.00000    0.00000    0.02832

 C00T        0.53925  0.46075  0.20771    0.50000    0.39239
   0.07614   0.00134  0.00134  0.00458    0.00000    0.03405

 C00U        0.66496  0.58477  0.50000    0.50000    0.44759
   0.17202   0.00257  0.00244  0.00000    0.00000    0.03884

 C00V        0.71220  0.42441  0.50000    0.25000    0.08805
   0.02740   0.00023  0.00047  0.00000    0.00000    0.00436

 C00W        1.00000  1.00000  0.02716    0.08333    0.30203
   0.12977   0.00000  0.00000  0.00781    0.00000    0.04136

 C00X        0.71924  0.62142  0.50000    0.50000    1.34362
   0.53318   0.00822  0.00748  0.00000    0.00000    0.23008

 C00Y        0.58619  0.64221  0.06574    1.00000    0.85501
   0.22465   0.00310  0.00293  0.00485    0.00000    0.07567

 C00Z        0.48222  0.40897  0.10481    1.00000    0.73624
   0.30730   0.00421  0.00376  0.00677    0.00000    0.06591

 C010        0.77036  0.54073  0.50000    0.25000    0.54652
   1.18938   0.01012  0.02023  0.00000    0.00000    0.67871

 C011        0.96198  0.92396  0.50000    0.25000    1.31055
   0.53780   0.00457  0.00915  0.00000    0.00000    0.36149

 O012        0.64373  0.64373  0.23958    0.50000    0.64257
   0.14383   0.00162  0.00162  0.00406    0.00000    0.03969

 C013        0.54743  0.45257  0.12526    0.50000    1.91423
   0.98515   0.01234  0.01234  0.05931    0.00000    1.03546

 C014        0.93017  0.86033  0.59783    0.50000    1.29521
   0.47821   0.00399  0.00797  0.01390    0.00000    0.24078

 O015        0.66667  0.33333  0.13855    0.16667    1.05749
   0.19728   0.00000  0.00000  0.01188    0.00000    0.15267

 C016        1.00000  1.00000  0.13035    0.08333    2.00000
   1.30128   0.00000  0.00000  0.07834    0.00000    1.09215

 C017        0.55472  0.44528 -0.15696    0.50000    1.25031
   0.54762   0.00697  0.00697  0.03297    0.00000    0.43132

 C018        1.00000  1.00000  0.70986    0.08333    2.00000
   1.39337   0.00000  0.00000  0.08389    0.00000    1.00846

 C019        0.74762  0.42895  0.50000    0.50000    0.92122
   0.33534   0.00487  0.00652  0.00000    0.00000    0.15658

 C01A        0.55049  0.44951  0.00000    0.25000    1.37690
   0.00000   0.00691  0.00691  0.00000    0.00000    0.31858

 C01B        0.92675  0.85351  0.72773    0.50000    1.21103
   0.40683   0.00300  0.00600  0.01356    0.00000    0.15816

 C01C        0.78092  0.39046  0.57999    0.50000    1.37023
   0.60024   0.00897  0.00448  0.01348    0.00000    0.18517

 C01D        0.75287  0.57463  0.60330    1.00000    0.73173
   0.18784   0.00225  0.00255  0.00424    0.00000    0.05921

 C01E        0.93585  0.48983  0.50000    0.50000    1.56576
   0.60308   0.00778  0.01051  0.00000    0.00000    0.35087



 Final Structure Factor Calculation for  CrystalPilot cross-check in P 6/m m m                                      

 Total number of l.s. parameters =   238  Maximum vector length =  623   Memory required =     75 /   7529 /    26789

 wR2 =  0.3614 before cycle  11 for    4395 data and      0 /    238 parameters

 GooF = S =     1.729;     Restrained GooF =      1.729 for       0 restraints

 Weight = 1 / [ sigma^2(Fo^2) + ( 0.1000 * P )^2 +   0.00 * P ]   where  P = ( Max ( Fo^2, 0 ) + 2 * Fc^2 ) / 3

 wR2 = 0.3614, GooF = S = 1.729, Restrained GooF = 1.729 for all data
 R1 = 0.1403 for 2063 Fo > 4sig(Fo) and 0.2291 for all 4395 data

 Occupancy sum of asymmetric unit =    29.17 for non-hydrogen and     0.00 for H and D atoms



 Principal mean square atomic displacements U

   0.0943   0.0669   0.0637   Zr01  
   0.1105   0.0746   0.0675   Zr02  
   0.1203   0.0929   0.0683   O003  
   0.1662   0.0941   0.0799   O004  
   0.2241   0.1087   0.0806   O005  
   0.2444   0.0903   0.0838   O006    may be split into  0.5440  0.5411  0.2639  and  0.5325  0.5354  0.2604
   0.2830   0.0985   0.0907   O007    may be split into  0.6013  0.6012  0.4246  and  0.6007  0.6009  0.3987
   0.1893   0.1198   0.0734   O008  
   0.1197   0.1092   0.0700   C009  
   0.2480   0.0883   0.0615   C00A    may be split into  0.5102  0.6900  0.7798  and  0.4998  0.6897  0.7806
   0.1727   0.1156   0.0633   O00B  
   0.1586   0.1059   0.0641   C00C  
   0.2267   0.1123   0.0789   O00D  
   0.2283   0.1052   0.0583   C00E  
   0.2387   0.1224   0.0481   O00F  
   0.1961   0.1229   0.0632   O00G  
   0.2561   0.0984   0.0536   C00H    may be split into  0.5092  0.7204  0.9139  and  0.5000  0.7221  0.9145
   0.2837   0.0722   0.0636   C00I    may be split into  0.5086  0.7514  0.9560  and  0.4969  0.7514  0.9591
   0.2578   0.1096   0.0779   O00J  
   0.2811   0.1102   0.0779   O00L    may be split into  0.5101  0.6877  0.9594  and  0.4994  0.6873  0.9576

 ** Warning:     6  atoms may be split and     0  atoms NPD **



 Analysis of variance for reflections employed in refinement      K = Mean[Fo^2] / Mean[Fc^2]  for group


 Fc/Fc(max)       0.000    0.006    0.011    0.015    0.021    0.027    0.036    0.047    0.065    0.109    1.000

 Number in group       462.     511.     348.     480.     399.     481.     410.     429.     432.     443.

            GooF      0.974    1.020    1.076    1.217    1.221    1.354    1.567    2.172    2.492    2.879

             K        0.930    0.999    1.144    0.991    1.128    1.056    1.018    1.043    1.122    1.079


 Resolution(A)    1.00     1.04     1.08     1.13     1.20     1.28     1.38     1.52     1.77     2.26     inf

 Number in group       445.     444.     438.     443.     436.     431.     437.     444.     437.     440.

            GooF      1.026    0.994    1.050    1.075    1.071    1.134    1.234    1.353    2.017    3.911

             K        1.255    1.115    1.120    1.067    0.993    0.903    0.999    1.006    1.097    1.107

             R1       0.436    0.355    0.317    0.283    0.301    0.285    0.148    0.119    0.125    0.190


 Recommended weighting scheme:  WGHT    0.2000    0.0000
 [Weight parameters refined to    0.3203        0.00  but appear excessive]


 Most Disagreeable Reflections (* if suppressed or used for Rfree).
 Error/esd is calculated as sqrt(wD^2/<wD^2>) where w is given by the weight
 formula, D = Fo^2-Fc^2 and <> refers to the average over all reflections.

     h   k   l          Fo^2          Fc^2    Error/esd  Fc/Fc(max)  Resolution(A)

    -2   4   0     150666.38       4969.18       9.09       0.102       9.80
    -3  10   0      12029.95       1502.35       8.81       0.056       3.82
     0   4   1      33129.34       9233.18       6.75       0.139       7.56
    -1   4   0      54168.75      15543.37       6.69       0.180       9.41
    -1   6   1       1043.86       6008.90       6.60       0.112       5.72
    -1  10   2       5958.53       1806.18       6.47       0.061       3.27
     0   3   2        993.87       5417.06       6.33       0.106       6.69
    -4   9   2       4065.08       1248.09       5.99       0.051       3.85
     0   3   0      95486.46     374990.12       5.81       0.884      11.31
    -2   9   0     153841.72      55570.43       5.69       0.340       4.15
     0   6   0     126154.42      40224.35       5.58       0.290       5.66
     0   7   2      28648.98      10430.20       5.53       0.147       4.19
    -6  12   3       3365.91        755.29       5.52       0.040       2.81
    -3   9   6       2430.74        604.62       5.29       0.035       2.32
     0   9   2      10577.66       3977.38       5.21       0.091       3.43
    -2  10   0      69435.80      27578.07       5.20       0.240       3.70
    -2   7   2       8518.42       3523.83       5.11       0.086       4.55
    -4  12   0       2335.29       7615.80       5.00       0.126       3.21
    -1   5   0       1310.39        177.41       5.00       0.019       7.41
    -5  10   2       5276.03       1872.66       4.92       0.062       3.54
     0   5   3      11400.26       4604.05       4.89       0.098       4.29
     0   7   7      12255.23       4929.89       4.86       0.101       2.13
    -2   4   3       1344.55          9.09       4.81       0.004       4.82
    -2   5   1      12534.55      34736.83       4.79       0.269       7.05
    -6  12   0      28721.69      10976.42       4.74       0.151       3.27
     0   8   0       9892.96       3366.89       4.72       0.084       4.24
     0  10   1      15547.05       6676.17       4.67       0.118       3.33
    -3   9   0       3414.29       1077.21       4.61       0.047       4.28
    -5  14   2       3373.54       1343.75       4.52       0.053       2.62
    -4   9   4      29355.08      13983.28       4.46       0.171       3.00
    -2   8   2      13923.37       6635.94       4.40       0.118       4.09
     0   8   1       1891.15        270.26       4.37       0.024       4.11
     0  15   2       4572.94       1743.64       4.25       0.060       2.18
    -2   8   0      51789.97      24583.70       4.25       0.226       4.71
    -5  15   1       4571.52       2046.19       4.18       0.065       2.54
    -7  14   4        132.14       1718.30       4.13       0.060       2.32
     0   4   3      26059.46      12814.56       4.04       0.163       4.64
    -4   8   2      13316.63       6459.76       4.03       0.116       4.22
    -4  12   2      12578.77       6456.98       3.95       0.116       2.99
    -1   4   2      13931.93       7179.89       3.94       0.122       6.23
     0   9   4       5211.84       2244.45       3.93       0.068       2.79
    -1   4   3        910.74        190.95       3.85       0.020       4.77
    -5  10   3     130949.44      67249.76       3.83       0.374       3.20
    -4  16   0       9730.43       4653.86       3.82       0.098       2.35
    -5  10   0       3644.32        760.33       3.81       0.040       3.92
    -4  14   4        360.34       1678.59       3.80       0.059       2.27
    -3  13   3       1760.44       4113.34       3.80       0.093       2.55
    -3   6   1      10547.94       5315.30       3.79       0.105       6.08
     0   6   5       2316.88       5394.30       3.77       0.106       2.86
     0   3   1      15163.28       7741.47       3.70       0.127       9.35



 Bond lengths and angles

 Zr01 -          Distance        Angles
 O005_$4   2.1417 (0.0144) 
 O005      2.1415 (0.0144)  109.40 (0.94)
 O008_$2   2.1917 (0.0130)   70.19 (0.32)  70.22 (0.32)
 O008_$1   2.1917 (0.0130)   70.19 (0.32)  70.22 (0.32) 108.25 (0.81)
 O003      2.1950 (0.0105)  141.85 (0.24)  78.48 (0.45) 142.70 (0.25)  78.46 (0.40)
 O003_$5   2.1953 (0.0105)   78.46 (0.45) 141.85 (0.24)  78.43 (0.40) 142.65 (0.25) 119.00 (0.54)
 O003_$4   2.1953 (0.0105)   78.46 (0.45) 141.85 (0.24) 142.65 (0.25)  78.43 (0.40)  74.35 (0.50)  75.79 (0.48)
 O003_$3   2.1950 (0.0105)  141.85 (0.24)  78.48 (0.45)  78.45 (0.40) 142.70 (0.25)  75.80 (0.48)  74.35 (0.50) 119.00 (0.54)
 Zr02_$2   3.4950 (0.0029)   35.39 (0.23)  90.20 (0.41)  34.81 (0.20)  89.86 (0.36) 165.89 (0.28)  75.11 (0.27) 111.32 (0.26)
 Zr02_$3   3.4956 (0.0029)   90.19 (0.41)  35.40 (0.23)  89.87 (0.36)  34.84 (0.20)  75.13 (0.27) 165.86 (0.28) 110.44 (0.25)
 Zr02_$1   3.4950 (0.0029)   35.39 (0.23)  90.20 (0.41)  89.86 (0.36)  34.81 (0.20) 110.44 (0.25) 111.32 (0.26)  75.11 (0.27)
 Zr02      3.4957 (0.0029)   90.19 (0.41)  35.40 (0.23)  34.84 (0.20)  89.87 (0.36) 111.34 (0.26) 110.44 (0.25) 165.87 (0.28)
                 Zr01            O005_$4       O005          O008_$2       O008_$1       O003          O003_$5       O003_$4      

 Zr02 -          Distance        Angles
 O008      2.1071 (0.0077) 
 O008_$2   2.1089 (0.0077)   67.48 (0.61)
 O005      2.1450 (0.0086)  108.52 (0.65)  71.74 (0.54)
 O005_$6   2.1443 (0.0086)   71.76 (0.54) 108.51 (0.65)  69.19 (0.66)
 O006      2.2000 (0.0138)   84.28 (0.58)  84.21 (0.58) 144.76 (0.32) 144.91 (0.32)
 O007      2.2251 (0.0151)  145.53 (0.31) 145.60 (0.31)  83.83 (0.66)  83.78 (0.66) 104.28 (0.75)
 O004_$3   2.2493 (0.0100)  139.67 (0.42)  76.96 (0.43)  76.15 (0.46) 140.41 (0.44)  73.52 (0.33)  73.86 (0.35)
 O004_$6   2.2482 (0.0100)   76.99 (0.43) 139.69 (0.42) 140.44 (0.45)  76.19 (0.46)  73.63 (0.33)  73.77 (0.35) 125.55 (0.54)
 C00O      3.4534 (0.1326)  140.99 (1.77) 142.24 (1.81)  74.32 (3.17)  73.48 (3.18) 116.44 (4.00)  12.18 (4.13)  79.33 (1.69)
 Zr01_$1   3.4950 (0.0029)   36.43 (0.35)  88.60 (0.38)  88.97 (0.41)  35.34 (0.39) 116.43 (0.30) 115.40 (0.36) 161.83 (0.28)
 Zr01      3.4957 (0.0029)   88.60 (0.38)  36.42 (0.35)  35.33 (0.39)  88.96 (0.41) 116.32 (0.29) 115.45 (0.36)  72.59 (0.27)
 Zr02_$2   3.5058 (0.0053)   33.75 (0.31)  33.73 (0.31)  89.85 (0.46)  89.87 (0.45)  83.42 (0.47) 172.30 (0.57) 108.93 (0.27)
                 Zr02            O008          O008_$2       O005          O005_$6       O006          O007          O004_$3      

 O003 -          Distance        Angles
 C009      1.2616 (0.0166) 
 Zr01      2.1950 (0.0104)  131.61 (1.00)
                 O003            C009         

 O004 -          Distance        Angles
 C009      1.2580 (0.0157) 
 Zr02_$3   2.2493 (0.0100)  132.95 (1.06)
                 O004            C009         

 O005 -          Distance        Angles
 Zr01      2.1415 (0.0144) 
 Zr02      2.1450 (0.0086)  109.28 (0.52)
 Zr02_$3   2.1450 (0.0086)  109.27 (0.52) 110.78 (0.66)
                 O005            Zr01          Zr02         

 O006 -          Distance        Angles
 Zr02      2.2000 (0.0138) 
                 O006           

 O007 -          Distance        Angles
 C00O      1.3618 (0.1701) 
 C00O_$3   2.3092 (0.2260)   23.16 (9.99)
 Zr02      2.2251 (0.0150)  147.66 (9.51) 124.54 (3.61)
                 O007            C00O          C00O_$3      

 O008 -          Distance        Angles
 Zr02_$2   2.1086 (0.0077) 
 Zr02      2.1071 (0.0077)  112.52 (0.61)
 Zr01_$1   2.1917 (0.0130)  108.73 (0.46) 108.76 (0.46)
                 O008            Zr02_$2       Zr02         

 C009 -          Distance        Angles
 O003      1.2616 (0.0165) 
 O004      1.2580 (0.0157)  127.47 (1.61)
 C00C      1.5054 (0.0199)  116.28 (1.55) 116.20 (1.70)
                 C009            O003          O004         

 C00A -          Distance        Angles
 O00D      1.4201 (0.0217) 
 O00J      1.4794 (0.0225)  121.97 (1.58)
 C00E      1.5165 (0.0196)  120.31 (1.88) 117.71 (1.85)
                 C00A            O00D          O00J         

 O00B -          Distance        Angles
 C00C      1.3977 (0.0184) 
 O00D      1.4046 (0.0193)  119.76 (1.60)
                 O00B            C00C         

 C00C -          Distance        Angles
 O00B      1.3977 (0.0184) 
 O00G      1.3977 (0.0192)  124.26 (1.56)
 C009      1.5054 (0.0199)  117.53 (1.67) 118.11 (1.69)
                 C00C            O00B          O00G         

 O00D -          Distance        Angles
 C00A      1.4201 (0.0218) 
 O00B      1.4046 (0.0193)  117.95 (1.67)
                 O00D            C00A         

 C00E -          Distance        Angles
 C00H      1.3710 (0.0184) 
 O00F      1.4078 (0.0184)  121.88 (1.64)
 C00A      1.5165 (0.0196)  123.79 (1.44) 114.31 (1.50)
                 C00E            C00H          O00F         

 O00F -          Distance        Angles
 C00E_$7   1.4085 (0.0184) 
 C00E      1.4078 (0.0183)  117.32 (2.15)
                 O00F            C00E_$7      

 O00G -          Distance        Angles
 C00C      1.3977 (0.0191) 
 O00J      1.4190 (0.0200)  118.41 (1.72)
                 O00G            C00C         

 C00H -          Distance        Angles
 C00E      1.3710 (0.0184) 
 C00I      1.4084 (0.0160)  120.24 (1.62)
 O00L      1.5168 (0.0186)  119.58 (1.37) 120.14 (1.35)
                 C00H            C00E          C00I         

 C00I -          Distance        Angles
 C00I_$8   1.4097 (0.0378) 
 C00H_$7   1.4209 (0.0159)  120.46 (0.95)
 C00H      1.4084 (0.0159)  120.76 (0.95) 118.53 (1.91)
                 C00I            C00I_$8       C00H_$7      

 O00J -          Distance        Angles
 C00A      1.4794 (0.0225) 
 O00G      1.4190 (0.0200)  117.41 (1.73)
                 O00J            C00A         

 O00K -          Distance        Angles
 C017_$9   1.0468 (0.5299) 
 C00N      1.6970 (0.0452)  176.45 (7.84)
                 O00K            C017_$9      

 O00L -          Distance        Angles
 O00L_$8   1.3778 (0.0274) 
 C00H      1.5168 (0.0187)  119.04 (0.80)
                 O00L            O00L_$8      

 C00M -          Distance        Angles
 C00V      3.8473 (0.0493) 
 C00M_$10  2.1674 (0.0807)   73.72 (0.59)
 C01D      2.2284 (0.0777)  129.43 (2.17)  96.86 (2.29)
 C01D_$3   2.2284 (0.0777)  129.43 (2.17)  96.86 (2.29) 100.71 (4.30)
 C010      3.4706 (0.4444)   31.53 (8.26)  42.19 (8.37) 120.63 (4.44) 120.63 (4.43)
                 C00M            C00V          C00M_$10      C01D          C01D_$3      

 C00N -          Distance        Angles
 O00K      1.6970 (0.0451) 
                 C00N           

 C00O -          Distance        Angles
 C00O_$3   1.1850 (0.4799) 
 O007      1.3618 (0.1687)  129.98 (9.18)
 O007_$3   2.3093 (0.2251)   26.87 (3.51) 103.11 (8.95)
 Zr02      3.4534 (0.1313)  109.86 (3.81)  20.16 (5.49)  82.99 (3.83)
                 C00O            C00O_$3       O007          O007_$3      

 C00P -          Distance        Angles
 C01C      1.3967 (0.2579) 
 C01C_$3   1.3968 (0.2579)  144.06 (9.99)
 C00Q      1.0766 (0.1806)   72.79 (9.99)  72.79 (9.99)
 C019      2.2539 (0.2589)  100.26 (4.40) 100.26 (4.40) 108.80 (6.61)
 C019_$12  2.3004 (0.2593)   90.45 (4.77)  90.45 (4.77) 107.94 (6.46) 143.26 (9.99)
                 C00P            C01C          C01C_$3       C00Q          C019         

 C00Q -          Distance        Angles
 C00P      1.0766 (0.1809) 
 C01C_$3   1.4900 (0.2540)   63.57 (9.99)
 C01C      1.4901 (0.2540)   63.56 (9.99) 126.17 (9.99)
                 C00Q            C00P          C01C_$3      

 C00R -          Distance        Angles
 C00Y      1.5092 (0.0916) 
 C00Y_$9   1.5093 (0.0916)   92.68 (7.69)
                 C00R            C00Y         

 C00T -          Distance        Angles
 C013      1.4456 (1.0148) 
                 C00T           

 C00V -          Distance        Angles
 C00M_$10  3.8502 (0.0496) 
 C00M      3.8473 (0.0494)   32.71 (1.18)
 C00X      7.5766 (0.2538)   44.62 (2.19)  11.91 (2.20)
 C00X_$10  7.5815 (0.2553)   11.83 (2.20)  44.54 (2.20)  56.45 (4.24)
 C01D_$10  5.5393 (0.0885)   18.11 (0.74)  35.57 (0.86)  46.03 (2.08)  22.32 (1.35)
 C01D_$13  5.5393 (0.0885)   18.11 (0.74)  35.57 (0.86)  46.03 (2.08)  22.32 (1.35)  36.09 (1.46)
 C01D      5.5368 (0.0880)   35.61 (0.85)  18.11 (0.74)  22.34 (1.35)  46.00 (2.08)  28.22 (1.57)  46.43 (1.42)
 C01D_$3   5.5369 (0.0880)   35.61 (0.85)  18.11 (0.74)  22.34 (1.35)  46.00 (2.08)  46.44 (1.42)  28.22 (1.57)  36.11 (1.46)
                 C00V            C00M_$10      C00M          C00X          C00X_$10      C01D_$10      C01D_$13      C01D         

 C00X -          Distance        Angles
 C00V      7.5766 (0.2535) 
                 C00X           

 C00Y -          Distance        Angles
 C00R      1.5092 (0.0916) 
                 C00Y           

 C00Z -          Distance        Angles
 C017_$9   2.6119 (0.3214) 
                 C00Z           

 C010 -          Distance        Angles
 C00M      3.4706 (0.4442) 
 C00M_$10  2.3657 (0.6635)   37.98 (6.00)
                 C010            C00M         

 C013 -          Distance        Angles
 C00T      1.4456 (1.0139) 
                 C013           

 C017 -          Distance        Angles
 C01A      2.6300 (0.5056) 
 O00K_$9   1.0468 (0.5307)   76.22 (9.99)
 C00Z_$11  2.7184 (0.3111)   66.98 (8.48) 107.02 (9.99)
 C00Z_$9   2.6119 (0.3199)   67.28 (8.95) 114.10 (9.99) 106.24 (9.99)
                 C017            C01A          O00K_$9       C00Z_$11     

 C019 -          Distance        Angles
 C01E      6.5198 (0.3497) 
 C00P      2.2539 (0.2589)   59.91 (6.82)
                 C019            C01E         

 C01A -          Distance        Angles
 C017      2.6300 (0.5057) 
 C017_$9   2.6300 (0.5057)  164.87 (9.99)
                 C01A            C017         

 C01C -          Distance        Angles
 C00P      1.3967 (0.2574) 
 C00Q      1.4901 (0.2542)   43.64 (9.99)
                 C01C            C00P         

 C01D -          Distance        Angles
 C00M      2.2284 (0.0775) 
 C00V      5.5368 (0.0878)   32.46 (1.65)
                 C01D            C00M         

 C01E -          Distance        Angles
 C019      6.5198 (0.3495) 
                 C01E           



 Selected torsion angles

     5.86 ( 2.38)  Zr01 - O003 - C009 - O004
  -171.55 ( 0.90)  Zr01 - O003 - C009 - C00C
    -6.87 ( 2.47)  Zr02_$3 - O004 - C009 - O003
   170.53 ( 0.97)  Zr02_$3 - O004 - C009 - C00C
    -6.11 ( 2.69)  O00D - O00B - C00C - O00G
   177.83 ( 1.47)  O00D - O00B - C00C - C009
     1.36 ( 2.15)  O003 - C009 - C00C - O00B
  -176.34 ( 1.45)  O004 - C009 - C00C - O00B
  -174.95 ( 1.44)  O003 - C009 - C00C - O00G
     7.35 ( 2.18)  O004 - C009 - C00C - O00G
    -2.22 ( 2.63)  O00J - C00A - O00D - O00B
   176.59 ( 1.55)  C00E - C00A - O00D - O00B
     5.11 ( 2.55)  C00C - O00B - O00D - C00A
   122.16 ( 2.13)  O00D - C00A - C00E - C00H
   -58.98 ( 2.76)  O00J - C00A - C00E - C00H
   -56.54 ( 2.63)  O00D - C00A - C00E - O00F
   122.32 ( 2.01)  O00J - C00A - C00E - O00F
     1.96 ( 4.05)  C00H - C00E - O00F - C00E_$7
  -179.31 ( 1.62)  C00A - C00E - O00F - C00E_$7
     3.69 ( 2.66)  O00B - C00C - O00G - O00J
   179.73 ( 1.46)  C009 - C00C - O00G - O00J
     1.54 ( 3.60)  O00F - C00E - C00H - C00I
  -177.06 ( 2.13)  C00A - C00E - C00H - C00I
   179.53 ( 2.02)  O00F - C00E - C00H - O00L
     0.93 ( 3.29)  C00A - C00E - C00H - O00L
  -179.28 ( 1.44)  C00E - C00H - C00I - C00I_$8
     2.74 ( 2.60)  O00L - C00H - C00I - C00I_$8
    -4.99 ( 4.18)  C00E - C00H - C00I - C00H_$7
   177.03 ( 1.47)  O00L - C00H - C00I - C00H_$7
    -0.04 ( 2.64)  O00D - C00A - O00J - O00G
  -178.88 ( 1.54)  C00E - C00A - O00J - O00G
    -0.56 ( 2.52)  C00C - O00G - O00J - C00A
   179.32 ( 1.46)  C00E - C00H - O00L - O00L_$8
    -2.69 ( 2.55)  C00I - C00H - O00L - O00L_$8
    -4.07 ( 1.00)  Zr02 - O007 - C00O - C00O_$3
     0.00 ( 0.06)  C00O_$3 - O007 - C00O - O007_$3
    -4.07 ( 0.96)  Zr02 - O007 - C00O - O007_$3
     4.07 ( 1.03)  C00O_$3 - O007 - C00O - Zr02
   169.49 ( 1.80)  C01C - C00P - C00Q - C01C_$3
   -95.25 ( 0.90)  C019 - C00P - C00Q - C01C_$3
    84.75 ( 0.90)  C019_$12 - C00P - C00Q - C01C_$3
  -169.49 ( 1.80)  C01C_$3 - C00P - C00Q - C01C
    95.25 ( 0.90)  C019 - C00P - C00Q - C01C
   -84.75 ( 0.90)  C019_$12 - C00P - C00Q - C01C
   180.00  C00V - C00M - C010 - C00M_$10
   -63.49 ( 5.26)  C01D - C00M - C010 - C00M_$10
    63.49 ( 5.28)  C01D_$3 - C00M - C010 - C00M_$10
    17.26 (16.26)  C01C_$3 - C00P - C01C - C00Q
  -106.67 ( 8.80)  C019 - C00P - C01C - C00Q
   108.66 ( 6.23)  C019_$12 - C00P - C01C - C00Q
   -11.67 ( 5.26)  C01C_$3 - C00Q - C01C - C00P


 FMAP and GRID set by program

 FMAP   2   1 167
 GRID    -0.610  -1  -1     0.610   1   1

 R1 =  0.2229 for   4395 unique reflections after merging for Fourier


 Electron density synthesis with coefficients Fo-Fc

 Highest peak    0.70  at  1.0000  0.4526  0.3936  [  0.10 A from ZR02 ]
 Deepest hole   -1.86  at  0.5773  0.2886  0.5000  [  0.06 A from C00V ]


 Fourier peaks appended to .res file

              x       y       z       sof     U      Peak   Distances to nearest atoms (including eq.)

 Q1    1   0.7319  0.4638  0.5379   0.50000  0.05    0.68   1.48 C00V  1.87 C019  2.68 C00M  2.69 C010
 Q2    1   1.0000  1.0000  0.6005   0.08333  0.05    0.57   1.82 C018  3.07 C011  4.47 C016  4.74 C014
 Q3    1   0.6150  0.6150  0.5000   0.25000  0.05    0.57   0.79 C00O  1.57 O007  2.75 C00U  3.01 O005
 Q4    1   0.6205  0.3795  0.1090   0.50000  0.05    0.51   1.78 C00N  3.17 O015^a  3.17 O015^a  3.40 O00K
 Q5    1   0.6110  0.6110  0.1841   0.50000  0.05    0.47   1.58 O012  2.74 C00Y  3.13 O006  3.58 C00Z
 Q6    1   0.5000  0.5000  0.1485   0.25000  0.05    0.46   2.41 O006  2.84 C00T^a  3.24 C013^a  3.35 C00Z
 Q7    1   0.6667  0.3333  0.2593   0.16667  0.05    0.45   2.01 O015^a  4.71 C01C  4.71 C01C  5.05 C00V
 Q8    1   0.6977  0.3023  0.1464   0.50000  0.05    0.41   2.11 O015^a  3.86 O00F  3.93 C00E  4.03 C00H
 Q9    1   0.6498  0.3502  0.0000   0.25000  0.05    0.40   2.57 O015^a  4.11 C00N  5.32 C00I  5.44 C00H
 Q10   1   1.0000  1.0000  0.5000   0.04167  0.05    0.40   2.58 C011  3.49 C018  5.01 C014  6.14 C016
 Q11   1   0.6855  0.6152  0.3959   1.00000  0.05    0.39   2.02 C00U  2.11 C00X  2.78 C00O  3.08 O007
 Q12   1   0.5656  0.5656  0.3578   0.50000  0.05    0.37   1.01 ZR02  1.65 O007  1.92 O006  2.01 O004
 Q13   1   0.9218  0.8435  0.5000   0.25000  0.05    0.36   1.72 C014  2.73 C011  3.80 C01B  4.60 C011
 Q14   1   1.0000  1.0000  0.1685   0.08333  0.05    0.36   0.63 C016  2.02 C018  2.35 C00W  3.25 C00W
 Q15   1   0.5000  0.5000  0.2370   0.25000  0.05    0.36   1.56 O006  2.71 C00T^a  2.85 O008  3.14 ZR02
 Q16   1   0.6936  0.3064  0.0000   0.25000  0.05    0.35   2.94 O015^a  3.99 C00I  4.40 C00H  4.60 C00N
 Q17   1   1.0000  0.9603  0.7740   0.50000  0.05    0.35   1.88 C018  2.22 C016  3.65 C00W  3.79 C01B
 Q18   1   0.6886  0.3114  0.2348   0.50000  0.05    0.35   2.19 O015^a  4.31 O00D  4.31 O00D  4.34 O00F
 Q19   1   0.6215  0.3412  0.0529   1.00000  0.05    0.35   2.41 O015^a  2.41 O015^a  3.28 C00N  3.73 O015^a
 Q20   1   0.6546  0.6192  0.5000   0.50000  0.05    0.33   1.38 C00O  1.59 C00U  2.36 O007  2.49 C00X

 Shortest distances between peaks (including symmetry equivalents)

      1   1  1.26      9  19  1.32     19  19  1.46      6  15  1.47      3  20  1.48     16  19  1.51      7  18  1.54
      7  18  1.54     17  17  1.55      8  18  1.59      9  16  1.60      2  10  1.67     19  19  1.76      4  19  1.78
     14  17  1.82      9   9  1.98      8  19  2.04     11  20  2.16     19  19  2.29     19  19  2.39     20  20  2.41
      8  16  2.45      9  19  2.54     18  18  2.58     16  19  2.63      4   9  2.69     17  17  2.69      7   8  2.82
      7   8  2.82      7   8  2.82      4   8  2.84     19  19  2.96      9  16  2.97


 Time profile in seconds
 -----------------------

      0.02: Read and process instructions
      0.00: Fit rigid groups
      0.00: Interpret restraints etc.
      0.00: Generate connectivity array
      0.00: Analyse DFIX and DANG restraints
      0.00: Analyse SAME, SADI and NCSY restraints
      0.00: Generate CHIV restraints
      0.00: Check if bonds in residues restrained
      0.00: Generate DELU and RIGU restraints
      0.00: Generate SIMU restraints
      0.00: Generate ISOR restraints
      0.00: Analyse electron density
      0.00: Analyse other restraints etc.
      0.45: Read intensity data, sort/merge etc.
      0.01: Set up constraints
      0.00: OSF, H-atoms from difference map
      0.02: Set up l.s. refinement
      0.00: Generate idealized H-atoms
      0.13: Structure factors and derivatives
      0.02: Sum l.s. matrices
      0.00: Generate and apply antibumping restraints
      0.00: Apply other restraints
      0.01: Solve l.s. equations
      0.00: Generate HTAB table
      4.22: Other dependent quantities, CIF, tables
      0.01: Analysis of variance
      0.05: Merge reflections for Fourier and .fcf
      0.05: Fourier summations
      0.04: Peaksearch
      0.00: Analyse peaklist

 ** WARNING: These times are only approximate for multiple threads.
             To get better estimates run with -t1 **

   Please cite: G.M. Sheldrick (2015) "Crystal structure refinement with
   SHELXL", Acta Cryst., C71, 3-8 (Open Access) if SHELXL proves useful.

 +++++++++++++++++++++++++++++++++++++++++++++++++++++++++++++++++++++++++++++
 +  job           finished at 19:40:49   Total elapsed time:      5.06 secs  +
 +++++++++++++++++++++++++++++++++++++++++++++++++++++++++++++++++++++++++++++
