Raw-background shadow-mask exclusions 57
rejected observations 53 Rint before rejection 0.07349513089296718
scale factors runs2..6,module1 [0.97095772 0.94016047 0.88246539 0.97562091 0.95883014 0.99709788]
N raw/valid/unique 5816 3883 674 Rint 0.040810151265481986 Rint strong 0.039833567207963105
SYSTEMATIC ABSENCES [[ 0.00000000e+00  0.00000000e+00  1.00000000e+00 -7.91870110e-02
   2.12121475e-01  2.00000000e+00  1.22972378e+01  1.00000000e+00]
 [ 0.00000000e+00  0.00000000e+00  3.00000000e+00  2.89236026e-01
   8.71221782e-01  2.00000000e+00  4.09907928e+00  1.00000000e+00]
 [ 0.00000000e+00  0.00000000e+00  5.00000000e+00  6.93774098e-01
   7.77399385e-01  4.00000000e+00  2.45944757e+00  1.00000000e+00]
 [ 0.00000000e+00  0.00000000e+00  7.00000000e+00 -4.24974895e-01
   8.08138414e-01  4.00000000e+00  1.75674826e+00  1.00000000e+00]
 [ 0.00000000e+00  0.00000000e+00  9.00000000e+00 -2.63075274e-01
   1.03848617e+00  4.00000000e+00  1.36635976e+00  1.00000000e+00]
 [ 0.00000000e+00  0.00000000e+00  1.10000000e+01  8.09425264e-01
   1.65248883e+00  4.00000000e+00  1.11793071e+00  1.00000000e+00]
 [ 0.00000000e+00  0.00000000e+00  1.30000000e+01 -3.82060014e-01
   1.44485457e+00  3.00000000e+00  9.45941372e-01  1.00000000e+00]
 [ 0.00000000e+00  0.00000000e+00  1.50000000e+01  1.78331854e+00
   2.43722751e+00  2.00000000e+00  8.19815856e-01  1.00000000e+00]
 [ 0.00000000e+00  0.00000000e+00  1.70000000e+01  3.78400838e+00
   3.26124157e+00  1.00000000e+00  7.23366932e-01  1.00000000e+00]
 [ 0.00000000e+00  1.00000000e+00  0.00000000e+00 -2.10391916e-03
   1.23573867e+00  1.00000000e+00  5.96930346e+00  1.00000000e+00]
 [ 0.00000000e+00  3.00000000e+00  0.00000000e+00  2.02286010e+00
   2.53003851e+00  1.00000000e+00  1.98976782e+00  1.00000000e+00]
 [ 0.00000000e+00  5.00000000e+00  0.00000000e+00  1.63243753e-02
   2.15178890e+00  2.00000000e+00  1.19386069e+00  1.00000000e+00]
 [ 0.00000000e+00  7.00000000e+00  0.00000000e+00  2.31022622e+00
   3.96681421e+00  1.00000000e+00  8.52757638e-01  1.00000000e+00]
 [ 1.00000000e+00  0.00000000e+00  0.00000000e+00  3.68147602e-01
   7.03650598e-01  2.00000000e+00  5.79561120e+00  1.00000000e+00]
 [ 3.00000000e+00  0.00000000e+00  0.00000000e+00 -2.35664489e+00
   1.30402728e+00  2.00000000e+00  1.93187040e+00  1.00000000e+00]
 [ 5.00000000e+00  0.00000000e+00  0.00000000e+00 -8.32283859e-01
   7.17857396e-01  4.00000000e+00  1.15912224e+00  1.00000000e+00]
 [ 7.00000000e+00  0.00000000e+00  0.00000000e+00  4.85118772e-01
   1.59194979e+00  2.00000000e+00  8.27944458e-01  1.00000000e+00]]
{
  "n_predicted": 5816,
  "n_used": 3883,
  "n_retained": 3830,
  "n_shadow_masked": 90,
  "n_geometry_filtered": 1933,
  "counting_variance": "Expected signal counts from equivalent-group median plus measured background variance; 4 percent group-intensity floor; group scatter inflation",
  "n_unique": 674,
  "n_unique_allowed": 657,
  "n_gt_2sigma": 599,
  "Rint": 0.040810151265481986,
  "Rint_strong": 0.039833567207963105,
  "scale_parameters": [
    -0.029472350752107003,
    -0.06170470364058783,
    -0.12503570735740455,
    -0.024681180914591434,
    -0.04204134456334244,
    -0.0029063423931712773
  ],
  "scale_factors": [
    0.9709577235208496,
    0.9401604717687316,
    0.8824653915148782,
    0.9756209090157287,
    0.9588301373396263,
    0.9970978769312916
  ],
  "n_outlier_gt5sigma": 61,
  "outliers_omitted": true,
  "n_rejected": 53,
  "Rint_before_rejection": 0.07349513089296718,
  "rejection_rule": "at least 3 equivalents, median SNR>5, deviation from median greater than max(8sigma,30 percent median); symmetry-only, no structural model",
  "median_I_sigma": 13.875166705917808,
  "completeness_d0.85": {
    "observed": 449,
    "possible": 449,
    "fraction": 1.0
  },
  "completeness_d0.8": {
    "observed": 540,
    "possible": 540,
    "fraction": 1.0
  },
  "completeness_d0.75": {
    "observed": 623,
    "possible": 642,
    "fraction": 0.9704049844236761
  },
  "completeness_d0.72": {
    "observed": 649,
    "possible": 720,
    "fraction": 0.9013888888888889
  },
  "completeness_d0.71": {
    "observed": 656,
    "possible": 754,
    "fraction": 0.870026525198939
  },
  "completeness_d0.7": {
    "observed": 657,
    "possible": 788,
    "fraction": 0.833756345177665
  }
}
