
 +++++++++++++++++++++++++++++++++++++++++++++++++++++++++++++++++++
 +  SHELXL -  CRYSTAL STRUCTURE REFINEMENT  -   MULTI-CPU VERSION  +
 +  Copyright(C) George M. Sheldrick 1993-2023     Version 2019/3  +
 +  job                        started at 20:26:23 on 21-Sep-2026  +
 +++++++++++++++++++++++++++++++++++++++++++++++++++++++++++++++++++

 Command line parameters: job -a50000 -b3000 -c624 -g0 -m0 -t4

 -a sets the approximate maximum number of atoms including hydrogens.
 -b sets the maximum number of full-matrix parameters (not used by CGLS).
 For example -b9000 allows refinement of 1000 anisotropic atoms or 3000
 with BLOC 1. For a 32-bit version, -b times the square root of the
 number of threads should not exceed about 65500. -c sets the reflection
 buffer size. This depends on the CPU cache size but will rarely
 need changing.

 -g sets the number of reflection groups used for calculating R_complete,
 This must be greater than 1 but not greater than the total number of
 reflections for refinement. -m sets the current reflection group number.
 This may not be less than 1 nor greater than the number set by -g. These
 command line flags override other ways of defining free-R reflections.
 The -m value is also used as a seed for the WIGL pseudo-random shifts.

 -t sets the number of threads, otherwise it is set to the apparent
 number of CPUs. For optimal performance on hyperthreading systems,
 -t should be set to a little more than half the number of CPUs;
 e.g. -t4 or -t5 for an Intel i7 processor.

 Running  4 threads on  4 processors

 TITL CrystalPilot cross-check in P 21 21 21
 CELL 0.71073 5.78803 5.96863 12.29941 90.0000 90.0000 90.0000
 ZERR 4 0.00000 0.00000 0.00000 0.0000 0.0000 0.0000
 LATT -1
 SYMM X+1/2,-Y+1/2,-Z
 SYMM -X,Y+1/2,-Z+1/2
 SYMM -X+1/2,-Y,Z+1/2
 SFAC C H N O
 UNIT 12.0 28.0 4.0 8.0

 V =      424.90     F(000) =     192.0     Mu =   0.12 mm-1      Cell Wt =      356.38    Rho =  1.393

  
 L.S. 10
 BOND $H
 CONF
 ACTA
 FMAP 2
 PLAN 20
 TEMP -123.1
  
 SADI 0.020 O1 C1 O1B C1
 SIMU 0.040 0.080 O1 O1B
  
 WGHT 0.100000 0.000000
 FVAR 1.35511 0.95000
 PART 1
 O1    4   0.261019   1.054443   0.684170    21.00000     0.01813
 PART 0
 O2    4   0.125682   0.773295   0.583459    11.00000     0.01160     0.02720 =
       0.01648    -0.00398     0.00148     0.00132
 N1    3  -0.316206   0.853349   0.637763    11.00000     0.00780     0.01409 =
       0.01382    -0.00105     0.00006     0.00027
 AFIX 137
 H1A   2  -0.460980   0.909582   0.647130    11.00000    -1.50000
 H1B   2  -0.294341   0.735919   0.683815    11.00000    -1.50000
 H1C   2  -0.299286   0.805944   0.567895    11.00000    -1.50000
 AFIX 0
 C2    1  -0.144961   1.028814   0.661107    11.00000     0.00659     0.01836 =
       0.01129    -0.00010    -0.00050     0.00127
 AFIX 13
 H2    2  -0.158983   1.072348   0.739341    11.00000    -1.20000
 AFIX 0
 C1    1   0.100542   0.943401   0.640898    11.00000     0.01034     0.01152 =
       0.00868     0.00181    -0.00007     0.00042
 C3    1  -0.196797   1.235098   0.590747    11.00000     0.01156     0.01468 =
       0.02501     0.00312     0.00010     0.00088
 AFIX 137
 H3A   2  -0.082738   1.352317   0.605973    11.00000    -1.50000
 H3B   2  -0.351894   1.291063   0.607595    11.00000    -1.50000
 H3C   2  -0.188862   1.193651   0.513739    11.00000    -1.50000
 AFIX 0
 PART 2
 O1B   4   0.253900   1.255200   0.716300   -21.00000     0.01813
 PART 0
 HKLF 4



 Covalent radii and connectivity table for  CrystalPilot cross-check in P 21 21 21                                     
 C      0.770
 H      0.320
 N      0.700
 O      0.660

 O1^a - C1
 O2 - C1
 N1 - C2
 C2 - N1 C1 C3
 C1 - O2 O1^a C2
 C3 - C2
 O1B^b - no bonds found

       50  Systematically absent reflections rejected


     4132  Reflections read, of which      50  rejected

  -6 =< h =<  8,     -7 =< k =<  7,    -17 =< l =< 15,   Max. 2-theta =   60.25

        0  Systematic absence violations (I>3sig(I)) before merging

        1  Inconsistent equivalents

     1055  Unique reflections, of which       0  suppressed

 R(int) = 0.0361     R(sigma) = 0.0311      Friedel opposites not merged

 Maximum memory for data reduction =      975 /    10643


 Reflection statistics for all twin components combined (TWST 0 set)
 Number of data for d > 0.708A (CIF: max) and d > 0.833A (CIF: full)
 (ignoring systematic absences):
 Unique reflections found (point group)       1055     767
 Unique reflections possible (point group)    1258     768
 Unique reflections found (Laue group)         669     477
 Unique reflections possible (Laue group)      761     478
 Unique Friedel pairs found                    386     290
 Unique Friedel pairs possible                 497     290


 Default effective X-H and X-D distances for T = -123.1C 
 AFIX m =    1     2     3     4   4[N]  3[N]  15[B]  8[O]   9   9[N]   16
 d(X-H) =  1.00  0.99  0.98  0.95  0.88  0.91  1.12  0.84  0.95  0.88  0.95

 Note that these distances are chosen to give the best fit to the X-ray data
 and so avoid the introduction of systematic error.  The true internuclear
 distances are longer and do not vary with temperature!  The apparent
 variation with temperature is caused by libration.


 Least-squares cycle   1   Maximum vector length =  623   Memory required =     22 /   1146 /   100824

 wR2 =  0.2435 before cycle   1 for    1055 data and     57 /     57 parameters


 Disagreeable restraints before cycle    1

   Observed   Target    Error     Sigma     Restraint

                        1.0018    0.0200    SAME/SADI O1^a C1 C1 O1B^b


 Summary of restraints applied in cycle    1

               ANTIBUMP  DFIX    DANG SAME/SADI CHIV/Z CHIV/NZ   FLAT    DELU    RIGU    SIMU    ISOR    SUMP

       Number       0       0       0       1       0       0       0       0       0       1       0       0

 rms sigma      0.0000  0.0000  0.0000  0.0200  0.0000  0.0000  0.0000  0.0000  0.0000  0.0800  0.0000  0.0000

 rms deviation  0.0000  0.0000  0.0000  1.0018  0.0000  0.0000  0.0000  0.0000  0.0000  0.0000  0.0000  0.0000


 GooF = S =     1.970;     Restrained GooF =      3.617 for       2 restraints

 Weight = 1 / [ sigma^2(Fo^2) + ( 0.1000 * P )^2 +   0.00 * P ]   where  P = ( Max ( Fo^2, 0 ) + 2 * Fc^2 ) / 3

 Shifts scaled down to reduce maximum shift/esd from   17.96  to   15.00


     N      value        esd    shift/esd  parameter

     1     1.36847     0.01607     0.832    OSF
     2     0.94350     0.00948    -0.685   FVAR  2 
    55     1.17572     0.00707   -11.250     y  O1B^b
    56     0.69696     0.00440    -4.394     z  O1B^b

 Mean shift/esd =   0.713  Maximum =   -11.250 for   y  O1B^b    

 Max. shift = 0.546 A for O1B^b        Max. dU = 0.027 for O1B^b   


 Least-squares cycle   2   Maximum vector length =  623   Memory required =     22 /   1146 /   100824

 wR2 =  0.2317 before cycle   2 for    1055 data and     57 /     57 parameters


 Disagreeable restraints before cycle    2

   Observed   Target    Error     Sigma     Restraint

                        0.4652    0.0200    SAME/SADI O1^a C1 C1 O1B^b


 Summary of restraints applied in cycle    2

               ANTIBUMP  DFIX    DANG SAME/SADI CHIV/Z CHIV/NZ   FLAT    DELU    RIGU    SIMU    ISOR    SUMP

       Number       0       0       0       1       0       0       0       0       0       1       0       0

 rms sigma      0.0000  0.0000  0.0000  0.0200  0.0000  0.0000  0.0000  0.0000  0.0000  0.0800  0.0000  0.0000

 rms deviation  0.0000  0.0000  0.0000  0.4652  0.0000  0.0000  0.0000  0.0000  0.0000  0.0291  0.0000  0.0000


 GooF = S =     1.887;     Restrained GooF =      2.318 for       2 restraints

 Weight = 1 / [ sigma^2(Fo^2) + ( 0.1000 * P )^2 +   0.00 * P ]   where  P = ( Max ( Fo^2, 0 ) + 2 * Fc^2 ) / 3


     N      value        esd    shift/esd  parameter

     1     1.36498     0.01529    -0.229    OSF
     2     0.90820     0.01387    -2.545   FVAR  2 
     6     0.01295     0.00103    -3.314    U11 O1^a
    55     1.10270     0.01010    -7.229     y  O1B^b
    56     0.67445     0.00554    -4.067     z  O1B^b
    57     0.12156     0.02372     3.209    U11 O1B^b

 Mean shift/esd =   0.604  Maximum =    -7.229 for   y  O1B^b    

 Max. shift = 0.518 A for O1B^b        Max. dU = 0.076 for O1B^b   


 Least-squares cycle   3   Maximum vector length =  623   Memory required =     22 /   1146 /   100824

 wR2 =  0.2308 before cycle   3 for    1055 data and     57 /     57 parameters


 Summary of restraints applied in cycle    3

               ANTIBUMP  DFIX    DANG SAME/SADI CHIV/Z CHIV/NZ   FLAT    DELU    RIGU    SIMU    ISOR    SUMP

       Number       0       0       0       1       0       0       0       0       0       1       0       0

 rms sigma      0.0000  0.0000  0.0000  0.0200  0.0000  0.0000  0.0000  0.0000  0.0000  0.0800  0.0000  0.0000

 rms deviation  0.0000  0.0000  0.0000  0.0528  0.0000  0.0000  0.0000  0.0000  0.0000  0.1086  0.0000  0.0000


 GooF = S =     1.885;     Restrained GooF =      1.891 for       2 restraints

 Weight = 1 / [ sigma^2(Fo^2) + ( 0.1000 * P )^2 +   0.00 * P ]   where  P = ( Max ( Fo^2, 0 ) + 2 * Fc^2 ) / 3


     N      value        esd    shift/esd  parameter

     1     1.35752     0.01607    -0.464    OSF
     2     1.02615     0.05468     2.157   FVAR  2 
    56     0.62954     0.01424    -3.153     z  O1B^b

 Mean shift/esd =   0.435  Maximum =    -3.153 for   z  O1B^b    

 Max. shift = 0.596 A for O1B^b        Max. dU = 0.073 for O1B^b   


 Least-squares cycle   4   Maximum vector length =  623   Memory required =     22 /   1146 /   100824

 wR2 =  0.2240 before cycle   4 for    1055 data and     57 /     57 parameters


 Disagreeable restraints before cycle    4

   Observed   Target    Error     Sigma     Restraint

                        0.0851    0.0200    SAME/SADI O1^a C1 C1 O1B^b


 Summary of restraints applied in cycle    4

               ANTIBUMP  DFIX    DANG SAME/SADI CHIV/Z CHIV/NZ   FLAT    DELU    RIGU    SIMU    ISOR    SUMP

       Number       0       0       0       1       0       0       0       0       0       1       0       0

 rms sigma      0.0000  0.0000  0.0000  0.0200  0.0000  0.0000  0.0000  0.0000  0.0000  0.0800  0.0000  0.0000

 rms deviation  0.0000  0.0000  0.0000  0.0851  0.0000  0.0000  0.0000  0.0000  0.0000  0.1767  0.0000  0.0000


 GooF = S =     1.832;     Restrained GooF =      1.850 for       2 restraints

 Weight = 1 / [ sigma^2(Fo^2) + ( 0.1000 * P )^2 +   0.00 * P ]   where  P = ( Max ( Fo^2, 0 ) + 2 * Fc^2 ) / 3


     N      value        esd    shift/esd  parameter

     1     1.35887     0.01529     0.088    OSF
     2     0.99690     0.01636    -1.788   FVAR  2 

 Mean shift/esd =   0.204  Maximum =    -1.788 for FVAR  2       

 Max. shift = 0.151 A for O1B^b        Max. dU =-0.115 for O1B^b   


 Least-squares cycle   5   Maximum vector length =  623   Memory required =     22 /   1146 /   100824

 wR2 =  0.2215 before cycle   5 for    1055 data and     57 /     57 parameters


 Summary of restraints applied in cycle    5

               ANTIBUMP  DFIX    DANG SAME/SADI CHIV/Z CHIV/NZ   FLAT    DELU    RIGU    SIMU    ISOR    SUMP

       Number       0       0       0       1       0       0       0       0       0       1       0       0

 rms sigma      0.0000  0.0000  0.0000  0.0200  0.0000  0.0000  0.0000  0.0000  0.0000  0.0800  0.0000  0.0000

 rms deviation  0.0000  0.0000  0.0000  0.0357  0.0000  0.0000  0.0000  0.0000  0.0000  0.0621  0.0000  0.0000


 GooF = S =     1.804;     Restrained GooF =      1.805 for       2 restraints

 Weight = 1 / [ sigma^2(Fo^2) + ( 0.1000 * P )^2 +   0.00 * P ]   where  P = ( Max ( Fo^2, 0 ) + 2 * Fc^2 ) / 3


     N      value        esd    shift/esd  parameter

     1     1.35680     0.01464    -0.142    OSF
     2     0.97914     0.01348    -1.317   FVAR  2 

 Mean shift/esd =   0.124  Maximum =    -1.317 for FVAR  2       

 Max. shift = 1.592 A for O1B^b        Max. dU =-0.032 for O1B^b   


 Least-squares cycle   6   Maximum vector length =  623   Memory required =     22 /   1146 /   100824

 wR2 =  0.2240 before cycle   6 for    1055 data and     57 /     57 parameters


 Disagreeable restraints before cycle    6

   Observed   Target    Error     Sigma     Restraint

                        0.7676    0.0200    SAME/SADI O1^a C1 C1 O1B^b


 Summary of restraints applied in cycle    6

               ANTIBUMP  DFIX    DANG SAME/SADI CHIV/Z CHIV/NZ   FLAT    DELU    RIGU    SIMU    ISOR    SUMP

       Number       0       0       0       1       0       0       0       0       0       1       0       0

 rms sigma      0.0000  0.0000  0.0000  0.0200  0.0000  0.0000  0.0000  0.0000  0.0000  0.0800  0.0000  0.0000

 rms deviation  0.0000  0.0000  0.0000  0.7676  0.0000  0.0000  0.0000  0.0000  0.0000  0.0308  0.0000  0.0000


 GooF = S =     1.822;     Restrained GooF =      2.818 for       2 restraints

 Weight = 1 / [ sigma^2(Fo^2) + ( 0.1000 * P )^2 +   0.00 * P ]   where  P = ( Max ( Fo^2, 0 ) + 2 * Fc^2 ) / 3


     N      value        esd    shift/esd  parameter

     1     1.35312     0.01460    -0.252    OSF
     2     0.99955     0.01159     1.761   FVAR  2 

 Mean shift/esd =   0.302  Maximum =    -2.067 for   y  O1B^b    

 Max. shift = 0.578 A for O1B^b        Max. dU = 0.026 for O1B^b   


 Least-squares cycle   7   Maximum vector length =  623   Memory required =     22 /   1146 /   100824

 wR2 =  0.2226 before cycle   7 for    1055 data and     57 /     57 parameters


 Disagreeable restraints before cycle    7

   Observed   Target    Error     Sigma     Restraint

                        0.3582    0.0200    SAME/SADI O1^a C1 C1 O1B^b


 Summary of restraints applied in cycle    7

               ANTIBUMP  DFIX    DANG SAME/SADI CHIV/Z CHIV/NZ   FLAT    DELU    RIGU    SIMU    ISOR    SUMP

       Number       0       0       0       1       0       0       0       0       0       1       0       0

 rms sigma      0.0000  0.0000  0.0000  0.0200  0.0000  0.0000  0.0000  0.0000  0.0000  0.0800  0.0000  0.0000

 rms deviation  0.0000  0.0000  0.0000  0.3582  0.0000  0.0000  0.0000  0.0000  0.0000  0.0554  0.0000  0.0000


 GooF = S =     1.812;     Restrained GooF =      2.068 for       2 restraints

 Weight = 1 / [ sigma^2(Fo^2) + ( 0.1000 * P )^2 +   0.00 * P ]   where  P = ( Max ( Fo^2, 0 ) + 2 * Fc^2 ) / 3


     N      value        esd    shift/esd  parameter

     1     1.35535     0.01459     0.153    OSF
     2     0.99401     0.01109    -0.500   FVAR  2 

 Mean shift/esd =   0.132  Maximum =    -1.612 for   y  O1B^b    

 Max. shift =12.711 A for O1B^b        Max. dU =-0.031 for O1B^b   


 Least-squares cycle   8   Maximum vector length =  623   Memory required =     22 /   1146 /   100824

 wR2 =  0.2224 before cycle   8 for    1055 data and     57 /     57 parameters


 Disagreeable restraints before cycle    8

   Observed   Target    Error     Sigma     Restraint

                       11.4990    0.0200    SAME/SADI O1^a C1 C1 O1B^b


 Summary of restraints applied in cycle    8

               ANTIBUMP  DFIX    DANG SAME/SADI CHIV/Z CHIV/NZ   FLAT    DELU    RIGU    SIMU    ISOR    SUMP

       Number       0       0       0       1       0       0       0       0       0       1       0       0

 rms sigma      0.0000  0.0000  0.0000  0.0200  0.0000  0.0000  0.0000  0.0000  0.0000  0.0800  0.0000  0.0000

 rms deviation  0.0000  0.0000  0.0000 11.4990  0.0000  0.0000  0.0000  0.0000  0.0000  0.0252  0.0000  0.0000


 GooF = S =     1.810;     Restrained GooF =     32.062 for       2 restraints

 Weight = 1 / [ sigma^2(Fo^2) + ( 0.1000 * P )^2 +   0.00 * P ]   where  P = ( Max ( Fo^2, 0 ) + 2 * Fc^2 ) / 3

 Shifts scaled down to reduce maximum shift/esd from   53.70  to   15.00


     N      value        esd    shift/esd  parameter

     1     1.35424     0.01465    -0.075    OSF
     2     0.99500     0.00924     0.107   FVAR  2 
    55    -0.90852     0.03331     7.500     y  O1B^b

 Mean shift/esd =   0.243  Maximum =     7.500 for   y  O1B^b    

 Max. shift = 1.529 A for O1B^b        Max. dU =-0.024 for O1B^b   


 Least-squares cycle   9   Maximum vector length =  623   Memory required =     22 /   1146 /   100824

 wR2 =  0.2235 before cycle   9 for    1055 data and     57 /     57 parameters


 Disagreeable restraints before cycle    9

   Observed   Target    Error     Sigma     Restraint

                        9.9738    0.0200    SAME/SADI O1^a C1 C1 O1B^b


 Summary of restraints applied in cycle    9

               ANTIBUMP  DFIX    DANG SAME/SADI CHIV/Z CHIV/NZ   FLAT    DELU    RIGU    SIMU    ISOR    SUMP

       Number       0       0       0       1       0       0       0       0       0       1       0       0

 rms sigma      0.0000  0.0000  0.0000  0.0200  0.0000  0.0000  0.0000  0.0000  0.0000  0.0800  0.0000  0.0000

 rms deviation  0.0000  0.0000  0.0000  9.9738  0.0000  0.0000  0.0000  0.0000  0.0000  0.0008  0.0000  0.0000


 GooF = S =     1.818;     Restrained GooF =     27.950 for       2 restraints

 Weight = 1 / [ sigma^2(Fo^2) + ( 0.1000 * P )^2 +   0.00 * P ]   where  P = ( Max ( Fo^2, 0 ) + 2 * Fc^2 ) / 3

 Shifts scaled down to reduce maximum shift/esd from   59.10  to   15.00


     N      value        esd    shift/esd  parameter

     1     1.35518     0.01444     0.065    OSF
     2     0.99875     0.00817     0.458   FVAR  2 
    55    -0.50174     0.02712    15.000     y  O1B^b

 Mean shift/esd =   0.354  Maximum =    15.000 for   y  O1B^b    

 Max. shift = 2.445 A for O1B^b        Max. dU =-0.014 for O1B^b   


 Least-squares cycle  10   Maximum vector length =  623   Memory required =     22 /   1146 /   100824

 wR2 =  0.2232 before cycle  10 for    1055 data and     57 /     57 parameters


 Disagreeable restraints before cycle   10

   Observed   Target    Error     Sigma     Restraint

                        7.5503    0.0200    SAME/SADI O1^a C1 C1 O1B^b


 Summary of restraints applied in cycle   10

               ANTIBUMP  DFIX    DANG SAME/SADI CHIV/Z CHIV/NZ   FLAT    DELU    RIGU    SIMU    ISOR    SUMP

       Number       0       0       0       1       0       0       0       0       0       1       0       0

 rms sigma      0.0000  0.0000  0.0000  0.0200  0.0000  0.0000  0.0000  0.0000  0.0000  0.0800  0.0000  0.0000

 rms deviation  0.0000  0.0000  0.0000  7.5503  0.0000  0.0000  0.0000  0.0000  0.0000  0.0138  0.0000  0.0000


 GooF = S =     1.816;     Restrained GooF =     21.161 for       2 restraints

 Weight = 1 / [ sigma^2(Fo^2) + ( 0.1000 * P )^2 +   0.00 * P ]   where  P = ( Max ( Fo^2, 0 ) + 2 * Fc^2 ) / 3

 Shifts scaled down to reduce maximum shift/esd from   21.12  to   15.00


     N      value        esd    shift/esd  parameter

     1     1.34994     0.01450    -0.362    OSF
     2     1.00923     0.00612     1.713   FVAR  2 
    55     0.27171     0.05971    12.953     y  O1B^b

 Mean shift/esd =   0.383  Maximum =    12.953 for   y  O1B^b    

 Max. shift = 4.672 A for O1B^b        Max. dU =-0.003 for O1B^b   


 Largest correlation matrix elements

     0.728 y O1B^b / x O1B^b                 0.616 z O1B^b / y O1B^b                 0.587 U11 O1^a / OSF 



 Idealized hydrogen atom generation before cycle  11

 Name     x       y       z    AFIX  d(X-H)  shift  Bonded to  Conformation determined by
 H1A  -0.4606  0.9087  0.6481  137   0.910   0.000   N1            C2  H1A  
 H1B  -0.2923  0.7348  0.6828  137   0.910   0.000   N1            C2  H1A  
 H1C  -0.3003  0.8079  0.5674  137   0.910   0.000   N1            C2  H1A  
 H2   -0.1588  1.0725  0.7394   13   1.000   0.000   C2            N1  C1  C3  
 H3A  -0.0859  1.3538  0.6076  137   0.980   0.000   C3            C2  H3A  
 H3B  -0.3539  1.2877  0.6061  137   0.980   0.000   C3            C2  H3A  
 H3C  -0.1844  1.1942  0.5139  137   0.980   0.000   C3            C2  H3A  



  CrystalPilot cross-check in P 21 21 21                                     

 ATOM           x        y        z         sof        U11      U22      U33      U23      U13      U12       Ueq

 O1^a        0.26124  1.05491  0.68423    1.00923    0.01768
   0.00449   0.00046  0.00046  0.00020    0.00612    0.00079

 O2          0.12573  0.77347  0.58339    1.00000    0.01046  0.02668  0.01626 -0.00378  0.00150  0.00165   0.01780
   0.00461   0.00047  0.00051  0.00019    0.00000    0.00138  0.00158  0.00127  0.00113  0.00099  0.00116   0.00075

 N1         -0.31578  0.85338  0.63762    1.00000    0.00885  0.01376  0.01324 -0.00182  0.00061  0.00071   0.01195
   0.00511   0.00053  0.00049  0.00025    0.00000    0.00144  0.00151  0.00141  0.00117  0.00112  0.00116   0.00076

 H1A        -0.46058  0.90872  0.64812    1.00000    0.01793
                                          0.00000    0.00000

 H1B        -0.29227  0.73483  0.68281    1.00000    0.01793
                                          0.00000    0.00000

 H1C        -0.30035  0.80792  0.56737    1.00000    0.01793
                                          0.00000    0.00000

 C2         -0.14470  1.02905  0.66116    1.00000    0.00780  0.01937  0.01080 -0.00063 -0.00038  0.00109   0.01266
   0.00616   0.00061  0.00064  0.00026    0.00000    0.00163  0.00191  0.00138  0.00137  0.00117  0.00139   0.00081

 H2         -0.15876  1.07250  0.73941    1.00000    0.01519
                                          0.00000    0.00000

 C1          0.10102  0.94346  0.64079    1.00000    0.00958  0.01231  0.00814  0.00177 -0.00090  0.00085   0.01001
   0.00597   0.00057  0.00063  0.00026    0.00000    0.00159  0.00161  0.00136  0.00128  0.00114  0.00135   0.00076

 C3         -0.19693  1.23468  0.59085    1.00000    0.01106  0.01378  0.02509  0.00218 -0.00018  0.00085   0.01664
   0.00706   0.00071  0.00069  0.00029    0.00000    0.00174  0.00175  0.00192  0.00153  0.00134  0.00146   0.00087

 H3A        -0.08593  1.35378  0.60757    1.00000    0.02496
                                          0.00000    0.00000

 H3B        -0.35387  1.28767  0.60613    1.00000    0.02496
                                          0.00000    0.00000

 H3C        -0.18443  1.19418  0.51386    1.00000    0.02496
                                          0.00000    0.00000

 O1B^b       0.33769  0.27171  0.68565    0.00000    0.00025
   2.67752   0.30794  0.05971  0.12417    0.00612    0.10260



 Final Structure Factor Calculation for  CrystalPilot cross-check in P 21 21 21                                     

 Total number of l.s. parameters =    57  Maximum vector length =  623   Memory required =     22 /   1089 /    28035

 wR2 =  0.2224 before cycle  11 for    1055 data and      0 /     57 parameters


 Disagreeable restraints before cycle   11

   Observed   Target    Error     Sigma     Restraint

                        3.0126    0.0200    SAME/SADI O1^a C1 C1 O1B^b


 Summary of restraints applied in cycle   11

               ANTIBUMP  DFIX    DANG SAME/SADI CHIV/Z CHIV/NZ   FLAT    DELU    RIGU    SIMU    ISOR    SUMP

       Number       0       0       0       1       0       0       0       0       0       1       0       0

 rms sigma      0.0000  0.0000  0.0000  0.0200  0.0000  0.0000  0.0000  0.0000  0.0000  0.0800  0.0000  0.0000

 rms deviation  0.0000  0.0000  0.0000  3.0126  0.0000  0.0000  0.0000  0.0000  0.0000  0.0174  0.0000  0.0000


 GooF = S =     1.810;     Restrained GooF =      8.579 for       2 restraints

 Weight = 1 / [ sigma^2(Fo^2) + ( 0.1000 * P )^2 +   0.00 * P ]   where  P = ( Max ( Fo^2, 0 ) + 2 * Fc^2 ) / 3

 wR2 = 0.2224, GooF = S = 1.810, Restrained GooF = 8.579 for all data
 R1 = 0.0548 for 966 Fo > 4sig(Fo) and 0.0765 for all 1055 data

 Flack x =   -0.368(999) by classical fit to all intensities
              0.862(844) from 345 selected quotients (Parsons' method)

 ** Absolute structure cannot be determined reliably **

 Occupancy sum of asymmetric unit =     6.01 for non-hydrogen and     7.00 for H and D atoms



 Principal mean square atomic displacements U

   0.0280   0.0157   0.0097   O2  
   0.0153   0.0119   0.0086   N1  
   0.0195   0.0108   0.0077   C2  
   0.0130   0.0100   0.0070   C1  
   0.0255   0.0137   0.0108   C3  

     0  atoms may be split and     0  atoms NPD



 Analysis of variance for reflections employed in refinement      K = Mean[Fo^2] / Mean[Fc^2]  for group


 Fc/Fc(max)       0.000    0.025    0.041    0.053    0.065    0.079    0.094    0.114    0.137    0.186    1.000

 Number in group       106.     114.     107.      95.     106.     117.     100.     105.     104.     101.

            GooF      1.206    1.860    1.688    1.535    2.372    1.207    0.975    1.146    1.789    3.219

             K        1.071    1.037    1.038    0.990    0.953    1.036    1.023    1.043    1.036    1.021


 Resolution(A)    0.71     0.78     0.81     0.84     0.89     0.94     1.02     1.12     1.29     1.61     inf

 Number in group       109.     102.     107.     105.     105.     105.     107.     105.     104.     106.

            GooF      1.327    1.231    1.262    1.043    1.386    1.292    1.061    1.197    1.292    4.348

             K        0.976    0.978    1.027    1.000    1.008    1.021    1.036    1.065    1.073    1.007

             R1       0.123    0.087    0.085    0.061    0.077    0.055    0.038    0.043    0.048    0.128


 Recommended weighting scheme:  WGHT    0.1412    0.1454


 Most Disagreeable Reflections (* if suppressed or used for Rfree).
 Error/esd is calculated as sqrt(wD^2/<wD^2>) where w is given by the weight
 formula, D = Fo^2-Fc^2 and <> refers to the average over all reflections.

     h   k   l          Fo^2          Fc^2    Error/esd  Fc/Fc(max)  Resolution(A)

     1   0   2         -0.07        159.39       8.52       0.171       4.21
     0   2   3         -0.02        669.91       8.52       0.350       2.41
     0   2   2         -0.02       1518.16       8.52       0.527       2.68
    -1   3   1         -0.20        300.87       8.52       0.235       1.86
     1   3   1          0.36        301.26       8.50       0.235       1.86
     0   3   3         -0.07         30.44       8.36       0.075       1.79
     0   2   4          0.23         28.03       8.25       0.072       2.14
     0   3   1          0.44          9.00       7.07       0.041       1.96
    -5   2   3         25.54         14.60       2.81       0.052       1.04
    -2   4  14          2.01         10.69       2.64       0.044       0.73
    -5   3   1         31.26         19.67       2.58       0.060       1.00
     3   1   0         34.55         23.25       2.31       0.065       1.84
     5   3   1         30.61         19.61       2.25       0.060       1.00
     5   0   6          1.51          0.18       2.08       0.006       1.01
     7   0   4         14.38          3.82       2.06       0.026       0.80
     2   7   3          7.02         14.06       2.04       0.051       0.80
     3   5  11          7.44         16.42       1.98       0.055       0.75
     5   2   3         24.45         14.45       1.94       0.051       1.04
     0   0  16         20.39          9.42       1.93       0.042       0.77
     3   5   0         15.70         10.08       1.92       0.043       1.02
     1   1   0         68.26         46.20       1.90       0.092       4.16
     2   0   7          5.16          3.21       1.86       0.024       1.50
     6   0   2         14.49          9.66       1.85       0.042       0.95
    -3   1   5         24.42         17.43       1.79       0.056       1.47
     3   7   2         19.13         11.14       1.74       0.045       0.77
    -3   4   2         19.21         13.86       1.73       0.050       1.16
     3   2   0        124.88         93.00       1.72       0.130       1.62
     2   6   7          4.81          8.89       1.70       0.040       0.83
    -1   3   5         22.23         16.38       1.68       0.055       1.49
     3   7   3          4.22          9.18       1.68       0.041       0.77
     0   5   1         26.42         37.02       1.65       0.082       1.19
     3   1   5         23.25         17.39       1.63       0.056       1.47
     0   0   8         34.56         47.32       1.63       0.093       1.54
     5   4   0         25.54         18.25       1.62       0.058       0.91
     3   4   2         20.28         13.79       1.62       0.050       1.16
     6   0   4         18.22         12.95       1.59       0.049       0.92
     1   4  13         16.67         25.66       1.58       0.069       0.79
    -3   5   9         11.11          4.34       1.57       0.028       0.81
     0   5   2         55.36         41.44       1.57       0.087       1.17
     0   4   5         12.27          8.42       1.57       0.039       1.28
     6   0   0          0.21          2.66       1.57       0.022       0.96
     3   5   9          8.40          4.42       1.56       0.028       0.81
    -2   5   9         14.05         22.20       1.55       0.064       0.86
    -4   2  14          3.68          8.18       1.55       0.039       0.73
    -4   5   3         21.07         29.71       1.54       0.074       0.90
     2   2   4         85.35         65.32       1.54       0.109       1.72
     5   1  10          4.24          7.58       1.53       0.037       0.83
     4   4   7         22.06         30.97       1.53       0.075       0.89
     2   0   2        184.95        142.71       1.52       0.162       2.62
    -6   4   3         26.27         14.83       1.52       0.052       0.79



 Bond lengths and angles

 O1^a -          Distance        Angles
 C1        1.2602 (0.0045) 
                 O1^a           

 O2 -            Distance        Angles
 C1        1.2442 (0.0046) 
                 O2             

 N1 -            Distance        Angles
 C2        1.4710 (0.0048) 
 H1A       0.9100           109.44       
 H1B       0.9100           109.50        109.47       
 H1C       0.9100           109.47        109.47        109.47       
                 N1              C2            H1A           H1B          

 C2 -            Distance        Angles
 N1        1.4710 (0.0048) 
 C1        1.5318 (0.0048)  110.80 (0.30)
 C3        1.5316 (0.0053)  109.10 (0.31) 110.99 (0.29)
 H2        1.0000           108.63        108.63        108.64       
                 C2              N1            C1            C3           

 C1 -            Distance        Angles
 O2        1.2442 (0.0045) 
 O1^a      1.2602 (0.0045)  125.90 (0.32)
 C2        1.5318 (0.0048)  118.13 (0.30) 115.96 (0.31)
                 C1              O2            O1^a         

 C3 -            Distance        Angles
 C2        1.5316 (0.0053) 
 H3A       0.9800           109.47       
 H3B       0.9800           109.47        109.47       
 H3C       0.9800           109.48        109.47        109.47       
                 C3              C2            H3A           H3B          



 Selected torsion angles

    18.25 ( 0.43)  N1 - C2 - C1 - O2
  -103.12 ( 0.38)  C3 - C2 - C1 - O2
  -162.07 ( 0.29)  N1 - C2 - C1 - O1^a
    76.56 ( 0.38)  C3 - C2 - C1 - O1^a


 FMAP and GRID set by program

 FMAP   2   1  10
 GRID    -3.571  -2  -2     3.571   2   2

 R1 =  0.0829 for    669 unique reflections after merging for Fourier


 Electron density synthesis with coefficients Fo-Fc

 Highest peak    0.95  at  0.2501  0.7337  0.2181  [  0.65 A from O1B ]
 Deepest hole   -0.88  at  0.1490  0.0558  0.7025  [  0.69 A from O1 ]


 Fourier peaks appended to .res file

              x       y       z       sof     U      Peak   Distances to nearest atoms (including eq.)

 Q1    1   0.2499  0.2663  0.7181   1.00000  0.05    0.95   0.65 O1B  1.26 H1B  1.33 O1  1.89 N1
 Q2    1   0.3909  0.2754  0.7342   1.00000  0.05    0.76   0.67 O1B  1.19 H1B  1.63 O1  1.70 N1
 Q3    1   0.2747  0.5872  0.6041   1.00000  0.05    0.70   1.43 O2  2.04 H2  2.16 O1B  2.23 H3C
 Q4    1   0.2553  1.1438  0.6718   1.00000  0.05    0.64   0.55 O1  0.92 O1B  1.54 C1  1.88 H1B
 Q5    1  -0.3114  0.7806  0.6461   1.00000  0.05    0.61   0.45 N1  0.54 H1B  0.98 H1C  1.15 H1A
 Q6    1   0.2499  0.9451  0.6978   1.00000  0.05    0.61   0.68 O1  1.11 C1  1.80 H1A  1.88 O2
 Q7    1   0.2399  0.8634  0.7488   1.00000  0.05    0.58   1.40 O1  1.63 C1  1.80 H2  1.95 H3B
 Q8    1   0.1419  0.5550  0.5674   1.00000  0.05    0.55   1.32 O2  1.85 H3A  1.88 H1C  2.05 H3C
 Q9    1  -0.1762  1.1136  0.6179   1.00000  0.05    0.50   0.76 C2  0.80 C3  1.37 H3C  1.47 H3B
 Q10   1  -0.2399  1.0263  0.4982   1.00000  0.05    0.49   1.07 H3C  1.60 H1C  1.71 C3  2.05 N1
 Q11   1  -0.4985  1.0351  0.5360   1.00000  0.05    0.49   1.59 H1A  1.82 H1C  1.93 H3B  1.95 H3A
 Q12   1   0.2321  0.9702  0.5033   1.00000  0.05    0.47   1.65 O2  1.86 C1  1.88 H1C  2.02 H3A
 Q13   1  -0.0086  1.5372  0.5433   1.00000  0.05    0.45   1.42 H3A  1.68 O2  2.04 H1C  2.19 C3
 Q14   1   0.2528  1.0017  0.5576   1.00000  0.05    0.45   1.39 C1  1.58 O2  1.59 O1  2.05 H3C
 Q15   1   0.1306  1.0557  0.5332   1.00000  0.05    0.41   1.49 C1  1.79 O2  1.93 H3C  1.95 H3B
 Q16   1  -0.0281  1.0752  0.5584   1.00000  0.05    0.38   1.27 H3C  1.42 C3  1.46 C2  1.48 C1
 Q17   1   0.1057  0.8790  0.6585   1.00000  0.05    0.37   0.44 C1  1.12 O2  1.42 O1  1.70 C2
 Q18   1   0.2126  1.1534  0.6024   1.00000  0.05    0.36   1.20 O1  1.44 O1B  1.49 C1  1.80 H3C
 Q19   1   0.0675  1.1244  0.5763   1.00000  0.05    0.34   1.35 C1  1.68 C3  1.68 H3A  1.70 H3C
 Q20   1  -0.4267  0.5446  0.5318   1.00000  0.05    0.32   1.79 H1C  1.81 O2  1.83 H3B  2.13 C1

 Shortest distances between peaks (including symmetry equivalents)

     16  19  0.66     12  14  0.70     15  19  0.76      6   7  0.80     14  15  0.83      1   2  0.84     12  15  0.86
      4  18  0.89      3   8  0.91     18  19  0.92      8  13  0.93      1   4  0.93     15  16  0.98     12  20  1.02
      6  17  1.04     15  20  1.05     11  13  1.07     14  18  1.08     15  18  1.13      9  16  1.15      8  10  1.16
      4   6  1.23     14  19  1.32      2   4  1.35      7  17  1.36      3  10  1.43     16  20  1.44     10  16  1.46
     11  14  1.48      9  19  1.50     14  20  1.54      2   5  1.54     16  18  1.57     10  11  1.57      1  18  1.59
     12  19  1.60      8  11  1.60      4  19  1.60      9  10  1.60     12  13  1.61      4  14  1.64     12  18  1.64
     11  12  1.66     19  20  1.67     14  17  1.67     10  13  1.68     14  16  1.68      1   5  1.71      6  18  1.72
      6  14  1.76     12  16  1.77     17  19  1.79      4  17  1.81      3  13  1.83     16  17  1.87     13  14  1.87
     15  17  1.87     17  18  1.88     10  20  1.90      4  15  1.92      4   7  1.93      1   6  1.93      3  20  1.96
     11  18  1.99      2  18  2.05      9  15  2.09      5  20  2.10     10  19  2.11      3  17  2.11     12  17  2.12
      6  19  2.12     11  15  2.15      5   9  2.16      9  11  2.17      2   6  2.18     18  20  2.18      4  16  2.19
     10  15  2.19      9  17  2.21      1  19  2.21      2   7  2.21      6  15  2.24      8  17  2.24      7   9  2.25
      9  18  2.27      4  11  2.29     10  18  2.29      5  11  2.31      4  12  2.32     13  15  2.36      5  10  2.37
      1   3  2.38      5  12  2.38     17  20  2.39      6  12  2.40      4   5  2.41     13  20  2.42      3   6  2.43
      3   7  2.43      1   7  2.44      3  11  2.45      2   6  2.46      8  18  2.47      6  16  2.48     11  19  2.49
      5  17  2.49      7  14  2.49      3  16  2.50      7  18  2.50      9  20  2.52      6  11  2.52      1  14  2.53
      8  12  2.53     10  19  2.54      8  20  2.54     13  19  2.54      3  14  2.54      2   3  2.54      1  17  2.56
     13  17  2.57      8  16  2.58      4   9  2.59      5  13  2.60     11  16  2.60      1   8  2.61      8  19  2.61
      3  12  2.61      3  18  2.61     11  19  2.62      2   7  2.62     10  15  2.63      5  16  2.64      1  17  2.64
      8  12  2.65     11  20  2.66     13  18  2.67      9  14  2.68      1  15  2.69     11  15  2.69     13  20  2.70
      8   9  2.70      3   5  2.71      8  20  2.71     13  18  2.72      8  14  2.75     11  16  2.75      8  14  2.75
     10  12  2.75     13  16  2.77      3   4  2.78      1  16  2.78      5   6  2.80      5   6  2.80      3  15  2.80
     11  18  2.80      5  13  2.81      7  19  2.81      5   8  2.82      2  14  2.83      5   7  2.84      6   9  2.84
      2  19  2.84      4   8  2.85      9  13  2.86      4  10  2.87      9  12  2.88      6   8  2.90     11  17  2.90
     10  14  2.90      2  11  2.90      1   9  2.90      9  13  2.90      1   7  2.92      1   9  2.92      5   7  2.93
      9  15  2.93      1  10  2.93      4  20  2.94     10  17  2.94      9  12  2.94      7   8  2.95     10  14  2.95
     11  20  2.96      7  15  2.96     16  18  2.96     10  12  2.97     12  13  2.98      3  12  2.98     10  16  2.99
     13  15  2.99      2   9  2.99      2   3  2.99      3   9  3.00     10  11  3.00      3  20  3.00


 Time profile in seconds
 -----------------------

      0.02: Read and process instructions
      0.00: Fit rigid groups
      0.00: Interpret restraints etc.
      0.00: Generate connectivity array
      0.00: Analyse DFIX and DANG restraints
      0.00: Analyse SAME, SADI and NCSY restraints
      0.00: Generate CHIV restraints
      0.00: Check if bonds in residues restrained
      0.00: Generate DELU and RIGU restraints
      0.00: Generate SIMU restraints
      0.00: Generate ISOR restraints
      0.00: Analyse electron density
      0.00: Analyse other restraints etc.
      0.01: Read intensity data, sort/merge etc.
      0.00: Set up constraints
      0.00: OSF, H-atoms from difference map
      0.01: Set up l.s. refinement
      0.00: Generate idealized H-atoms
      0.01: Structure factors and derivatives
      0.00: Sum l.s. matrices
      0.00: Generate and apply antibumping restraints
      0.01: Apply other restraints
      0.00: Solve l.s. equations
      0.00: Generate HTAB table
      0.05: Other dependent quantities, CIF, tables
      0.00: Analysis of variance
      0.02: Merge reflections for Fourier and .fcf
      0.00: Fourier summations
      0.00: Peaksearch
      0.00: Analyse peaklist

 ** WARNING: These times are only approximate for multiple threads.
             To get better estimates run with -t1 **

   Please cite: G.M. Sheldrick (2015) "Crystal structure refinement with
   SHELXL", Acta Cryst., C71, 3-8 (Open Access) if SHELXL proves useful.

 +++++++++++++++++++++++++++++++++++++++++++++++++++++++++++++++++++++++++++++
 +  job           finished at 20:26:23   Total elapsed time:      0.12 secs  +
 +++++++++++++++++++++++++++++++++++++++++++++++++++++++++++++++++++++++++++++
