
 ++++++++++++++++++++++++++++++++++++++++++++++++++++++++++++++++++++++
 +  SHELXT  -  CRYSTAL STRUCTURE SOLUTION - VERSION 2018/2            +
 +  Copyright(c)  George M. Sheldrick 2010-2018  All Rights Reserved  +
 +  Started at 20:17:29 on 21 Sep 2026                                +
 ++++++++++++++++++++++++++++++++++++++++++++++++++++++++++++++++++++++

 Command line parameters:  -t4 -a job

  4 threads running in parallel

 Unit-cell:   5.788   5.969  12.299   90.00   90.00   90.00

 Laue group identified as number  3:   mmm                         

    4132 reflections read from file job.hkl

 R(sym) = 0.0323,  R(rim) = 0.0356,  R(pim) = 0.0140

 Highest resln. = 0.708 A. For 1.2>d>1.1, <I/sig> =  95.4 and %(F>4sig) = 94.3
     686 unique reflections converted to     1747  with d > 0.800 A  in P1

       2 data added to fill out missing data to  0.800A in P1

 Fourier grid:    24 x  24 x  45:   0.241 x 0.249 x 0.273 A

 Mean |E^2-1|    0kl  0.909    h0l  0.855    hk0  1.096    Rest  0.688
   185 Reflections with E < 0.250 employed for R(weak)

   40 unique Patterson peaks with heights greater than  26 selected as
 superposition vectors

 Setup:   0.067 secs

  4 threads running in parallel

  Try N(iter)  CC   R(weak)   CHEM    CFOM    best  Sig(min) N(P1) Vol/N
    1   100   93.31  0.1058  1.0000  0.8273  0.8273  2.095    25   17.00
    2   100   93.32  0.1076  1.0000  0.8256  0.8273  2.094    25   17.00
    3   100   93.28  0.1076  1.0000  0.8252  0.8273  1.871    25   17.00
    4   100   93.25  0.1090  1.0000  0.8234  0.8273  2.065    25   17.00

       4 attempts, solution  1 selected with best CFOM = 0.8273, Alpha0 = 0.878

 Structure solution:       0.061 secs

   0 Centrosymmetric and  56 non-centrosymmetric space groups evaluated

 Space group determination:       0.314 secs

   R1  Rweak Alpha SysAbs  Orientation      Space group  Flack_x  File  Formula
 0.114 0.017 0.001 0.11      as input       P2(1)2(1)2(1) 0.47   job_a  C3 O3

 Assign elements and isotropic refinement     0.084 secs

  Please cite: G.M. Sheldrick (2015) "SHELXT - Integrated space-group
  and crystal-structure determination", Acta Cryst., A71, 3-8 (Open
  Access) if SHELXT proves useful.

 ++++++++++++++++++++++++++++++++++++++++++++++++++++++++++++++++++
 +  SHELXT finished at 20:17:30    Total time:        0.525 secs  +
 ++++++++++++++++++++++++++++++++++++++++++++++++++++++++++++++++++
