
 +++++++++++++++++++++++++++++++++++++++++++++++++++++++++++++++++++
 +  SHELXL -  CRYSTAL STRUCTURE REFINEMENT  -   MULTI-CPU VERSION  +
 +  Copyright(C) George M. Sheldrick 1993-2023     Version 2019/3  +
 +  job                        started at 19:44:57 on 21-Sep-2026  +
 +++++++++++++++++++++++++++++++++++++++++++++++++++++++++++++++++++

 Command line parameters: job -a50000 -b3000 -c624 -g0 -m0 -t4

 -a sets the approximate maximum number of atoms including hydrogens.
 -b sets the maximum number of full-matrix parameters (not used by CGLS).
 For example -b9000 allows refinement of 1000 anisotropic atoms or 3000
 with BLOC 1. For a 32-bit version, -b times the square root of the
 number of threads should not exceed about 65500. -c sets the reflection
 buffer size. This depends on the CPU cache size but will rarely
 need changing.

 -g sets the number of reflection groups used for calculating R_complete,
 This must be greater than 1 but not greater than the total number of
 reflections for refinement. -m sets the current reflection group number.
 This may not be less than 1 nor greater than the number set by -g. These
 command line flags override other ways of defining free-R reflections.
 The -m value is also used as a seed for the WIGL pseudo-random shifts.

 -t sets the number of threads, otherwise it is set to the apparent
 number of CPUs. For optimal performance on hyperthreading systems,
 -t should be set to a little more than half the number of CPUs;
 e.g. -t4 or -t5 for an Intel i7 processor.

 Running  4 threads on  4 processors

 TITL CrystalPilot cross-check in P 6/m m m
 CELL 0.68883 39.19000 39.19000 16.61000 90.0000 90.0000 120.0000
 ZERR 24 0.00000 0.00000 0.00000 0.0000 0.0000 0.0000
 LATT 1
 SYMM X-Y,X,Z
 SYMM Y,-X+Y,Z
 SYMM -Y,X-Y,Z
 SYMM -X+Y,-X,Z
 SYMM X-Y,-Y,-Z
 SYMM -X,-X+Y,-Z
 SYMM -X,-Y,Z
 SYMM Y,X,-Z
 SYMM -Y,-X,-Z
 SYMM -X+Y,Y,-Z
 SYMM X,X-Y,-Z
 SFAC C H O Zr
 REM DISP lambda 0.68883 A is not a SHELXL built-in line (Cu/Mo/Ag K-alpha):
 REM DISP f'/f'' from cctbx (sasaki: C O Zr; henke: H), mu = NIST attenuation
 REM DISP in barn/atom
 DISP $C 0.002 0.002 10.99
 DISP $H 0.000 0.000 0.62
 DISP $O 0.007 0.006 30.28
 DISP $Zr -9.041 2.772 14341.91
 UNIT 264.0 132.0 96.0 18.0

 V =    22092.79     F(000) =    3204.0     Mu =   1.20 mm-1      Cell Wt =     6481.65    Rho =  0.487

  
 L.S. 8
 BOND $H
 CONF
 ACTA
 FMAP 2
 PLAN 20
  
 SHEL 999 1.000
  
 WGHT 0.100000 0.000000
 FVAR 0.04963
 ZR1   4   0.463866   0.536134   0.500000    10.25000     0.08293     0.08293 =
       0.06136     0.00000     0.00000     0.05299
 ZR2   4   0.544823   0.544823   0.393930    10.50000     0.08788     0.08788 =
       0.08164     0.01211     0.01211     0.05587
 O1    3   0.481696   0.587074   0.581606    11.00000     0.10485     0.09644 =
       0.09147    -0.00030     0.00139     0.06859
 O2    3   0.534010   0.593393   0.650907    11.00000     0.11343     0.11459 =
       0.12093    -0.03775    -0.02523     0.07232
 O3    3   0.526495   0.562791   0.500000    10.50000     0.11584     0.21161 =
       0.08479     0.00000     0.00000     0.11107
 O4    3   0.537311   0.537311   0.259594    10.50000     0.18844     0.18844 =
       0.07634     0.02334     0.02334     0.14672
 O5    3   0.601017   0.601017   0.412307    10.50000     0.09204     0.09204 =
       0.28471     0.00475     0.00475     0.04513
 O6    3   0.518025   0.481975   0.393157    10.50000     0.10333     0.10333 =
       0.17992     0.02679    -0.02679     0.05738
 C1    1   0.508612   0.602770   0.633996    11.00000     0.11629     0.11546 =
       0.09265     0.00352    -0.00370     0.08444
 C2    1   0.505910   0.690789   0.781699    11.00000     0.23290     0.12518 =
       0.07341     0.00750    -0.01231     0.11406
 C3    1   0.477100   0.640598   0.673488    11.00000     0.19309     0.11247 =
       0.09280    -0.03589    -0.01369     0.10637
 AFIX 43
 H3    2   0.458071   0.626717   0.634541    11.00000    -1.20000
 AFIX 0
 C4    1   0.509235   0.633305   0.686755    11.00000     0.15666     0.09203 =
       0.11745     0.00341     0.01257     0.09340
 C5    1   0.475349   0.669923   0.722184    11.00000     0.19664     0.13302 =
       0.10070    -0.01014    -0.01354     0.10301
 AFIX 43
 H5    2   0.455020   0.675431   0.715695    11.00000    -1.20000
 AFIX 0
 C6    1   0.505744   0.723159   0.830699    11.00000     0.22985     0.10273 =
       0.09238    -0.03865    -0.01276     0.10960
 C7    1   0.504042   0.752021   0.788197    10.50000     0.24849     0.08138 =
       0.14179    -0.01722    -0.03445     0.12424
 AFIX 43
 H7    2   0.501807   0.750904   0.732393    10.50000    -1.20000
 AFIX 0
 C8    1   0.541097   0.652111   0.740879    11.00000     0.19087     0.11527 =
       0.11414    -0.06397    -0.08070     0.07557
 AFIX 43
 H8    2   0.561075   0.645928   0.744422    11.00000    -1.20000
 AFIX 0
 C9    1   0.504216   0.721669   0.914605    11.00000     0.23582     0.11108 =
       0.07090    -0.02082    -0.01498     0.10684
 C10   1   0.503290   0.751645   0.956543    10.50000     0.24931     0.11068 =
       0.07710    -0.00620    -0.01240     0.12466
 C11   1   0.539890   0.682387   0.791229    11.00000     0.25928     0.13755 =
       0.11409     0.00370    -0.02532     0.13274
 AFIX 43
 H11   2   0.559694   0.696370   0.828708    11.00000    -1.20000
 AFIX 0
 C12   1   0.503458   0.687288   0.959688    11.00000     0.24734     0.14784 =
       0.08632     0.01689     0.00920     0.13580
 AFIX 43
 H12   2   0.503001   0.666582   0.931410    11.00000    -1.20000
 AFIX 0
 HKLF 4



 Covalent radii and connectivity table for  CrystalPilot cross-check in P 6/m m m                                      
 C      0.770
 H      0.320
 O      0.660
 ZR     1.590

 Zr1 - O3 O3_$4 O6_$2 O6_$1 O1_$5 O1_$4 O1_$3 O1 Zr2 Zr2_$2 Zr2_$3 Zr2_$1
 Zr2 - O6 O6_$2 O3_$6 O3 O5 O4 O2_$6 O2_$3 Zr1_$1 Zr1 Zr2_$2 Zr2_$3
 O1 - C1 Zr1
 O2 - C1 Zr2_$3
 O3 - Zr1 Zr2 Zr2_$3
 O4 - Zr2
 O5 - Zr2
 O6 - Zr2_$2 Zr2 Zr1_$1
 C1 - O2 O1 C4
 C2 - C5 C6 C11
 C3 - C5 C4
 C4 - C8 C3 C1
 C5 - C3 C2
 C6 - C7 C9 C2
 C7 - C6_$7 C6
 C8 - C4 C11
 C9 - C10 C6 C12
 C10 - C9_$7 C9 C10_$8
 C11 - C8 C2
 C12 - C12_$8 C9


 Operators for generating equivalent atoms:
 $1   -x+1, -y+1, -z+1
 $2   -x+1, -y+1, z
 $3   x, y, -z+1
 $4   -y+1, -x+1, z
 $5   -y+1, -x+1, -z+1
 $6   y, x, -z+1
 $7   x, x-y+1, z
 $8   x, y, -z+2

   179481  Reflections outside SHEL resolution limits rejected


   337815  Reflections read, of which  179481  rejected

 -39 =< h =< 39,    -39 =< k =< 39,    -16 =< l =< 16,   Max. 2-theta =   40.28

        0  Systematic absence violations (I>3sig(I)) before merging

        0  Inconsistent equivalents

     4395  Unique reflections, of which       0  suppressed

 R(int) = 0.5659     R(sigma) = 0.1066      Friedel opposites merged

 Maximum memory for data reduction =     4551 /    48177


 Reflection statistics for all twin components combined (TWST 0 set)
 Number of data for d > 1.000A (CIF: max) and d > 1.000A (CIF: full)
 (ignoring systematic absences):
 Unique reflections found (point group)       4395    4395
 Unique reflections possible (point group)    4401    4401
 Unique reflections found (Laue group)        4395    4395
 Unique reflections possible (Laue group)     4401    4401

 Special position constraints for Zr1
 z =  0.5000   y = -1.0 * x + 1.0000   U22 = 1.0 * U11   U23 = 0   U13 = 0   
 sof = 0.25000   
 Input constraints retained (at least in part) for  sof

 Special position constraints for Zr2
 y =  1.0 * x + 0.0000   U22 = 1.0 * U11   U13 = 1.0 * U23   sof = 0.50000   
 Input constraints retained (at least in part) for  sof

 Special position constraints for O3
 z =  0.5000   U23 = 0   U13 = 0   sof = 0.50000   
 Input constraints retained (at least in part) for  sof

 Special position constraints for O4
 y =  1.0 * x + 0.0000   U22 = 1.0 * U11   U13 = 1.0 * U23   sof = 0.50000   
 Input constraints retained (at least in part) for  sof

 Special position constraints for O5
 y =  1.0 * x + 0.0000   U22 = 1.0 * U11   U13 = 1.0 * U23   sof = 0.50000   
 Input constraints retained (at least in part) for  sof

 Special position constraints for O6
 y = -1.0 * x + 1.0000   U22 = 1.0 * U11   U13 =-1.0 * U23   sof = 0.50000   
 Input constraints retained (at least in part) for  sof

 Special position constraints for C7
 y =  0.5 * x + 0.5000   U13 = 2.0 * U23   U12 = 0.5 * U11   sof = 0.50000   
 Input constraints retained (at least in part) for  sof

 Special position constraints for C10
 y =  0.5 * x + 0.5000   U13 = 2.0 * U23   U12 = 0.5 * U11   sof = 0.50000   
 Input constraints retained (at least in part) for  sof


 Default effective X-H and X-D distances for T =   20.0C 
 AFIX m =    1     2     3     4   4[N]  3[N]  15[B]  8[O]   9   9[N]   16
 d(X-H) =  0.98  0.97  0.96  0.93  0.86  0.89  1.10  0.82  0.93  0.86  0.93

 Note that these distances are chosen to give the best fit to the X-ray data
 and so avoid the introduction of systematic error.  The true internuclear
 distances are longer and do not vary with temperature!  The apparent
 variation with temperature is caused by libration.


 Least-squares cycle   1   Maximum vector length =  623   Memory required =     47 /   4982 /   233565

 wR2 =  0.4772 before cycle   1 for    4395 data and    155 /    155 parameters

 GooF = S =     2.358;     Restrained GooF =      2.358 for       0 restraints

 Weight = 1 / [ sigma^2(Fo^2) + ( 0.1000 * P )^2 +   0.00 * P ]   where  P = ( Max ( Fo^2, 0 ) + 2 * Fc^2 ) / 3


     N      value        esd    shift/esd  parameter

     1     0.04949     0.00041    -0.330    OSF

 Mean shift/esd =   0.257  Maximum =     1.587 for   y  C12      

 Max. shift = 0.036 A for C12        Max. dU = 0.009 for C7        


 Least-squares cycle   2   Maximum vector length =  623   Memory required =     47 /   4982 /   233565

 wR2 =  0.4745 before cycle   2 for    4395 data and    155 /    155 parameters

 GooF = S =     2.339;     Restrained GooF =      2.339 for       0 restraints

 Weight = 1 / [ sigma^2(Fo^2) + ( 0.1000 * P )^2 +   0.00 * P ]   where  P = ( Max ( Fo^2, 0 ) + 2 * Fc^2 ) / 3


     N      value        esd    shift/esd  parameter

     1     0.04944     0.00041    -0.143    OSF

 Mean shift/esd =   0.117  Maximum =     0.690 for   y  C12      

 Max. shift = 0.018 A for C8        Max. dU = 0.003 for C7         


 Least-squares cycle   3   Maximum vector length =  623   Memory required =     47 /   4982 /   233565

 wR2 =  0.4740 before cycle   3 for    4395 data and    155 /    155 parameters

 GooF = S =     2.335;     Restrained GooF =      2.335 for       0 restraints

 Weight = 1 / [ sigma^2(Fo^2) + ( 0.1000 * P )^2 +   0.00 * P ]   where  P = ( Max ( Fo^2, 0 ) + 2 * Fc^2 ) / 3


     N      value        esd    shift/esd  parameter

     1     0.04942     0.00041    -0.035    OSF

 Mean shift/esd =   0.034  Maximum =    -0.178 for   x  C11      

 Max. shift = 0.005 A for C11        Max. dU =-0.001 for C8        


 Least-squares cycle   4   Maximum vector length =  623   Memory required =     47 /   4982 /   233565

 wR2 =  0.4740 before cycle   4 for    4395 data and    155 /    155 parameters

 GooF = S =     2.336;     Restrained GooF =      2.336 for       0 restraints

 Weight = 1 / [ sigma^2(Fo^2) + ( 0.1000 * P )^2 +   0.00 * P ]   where  P = ( Max ( Fo^2, 0 ) + 2 * Fc^2 ) / 3


     N      value        esd    shift/esd  parameter

     1     0.04942     0.00041    -0.013    OSF

 Mean shift/esd =   0.015  Maximum =    -0.088 for   x  C8       

 Max. shift = 0.003 A for C8        Max. dU =-0.001 for C8         


 Least-squares cycle   5   Maximum vector length =  623   Memory required =     47 /   4982 /   233565

 wR2 =  0.4739 before cycle   5 for    4395 data and    155 /    155 parameters

 GooF = S =     2.335;     Restrained GooF =      2.335 for       0 restraints

 Weight = 1 / [ sigma^2(Fo^2) + ( 0.1000 * P )^2 +   0.00 * P ]   where  P = ( Max ( Fo^2, 0 ) + 2 * Fc^2 ) / 3


     N      value        esd    shift/esd  parameter

     1     0.04941     0.00041    -0.006    OSF

 Mean shift/esd =   0.007  Maximum =    -0.047 for   x  C8       

 Max. shift = 0.001 A for C8        Max. dU = 0.000 for C8         


 Least-squares cycle   6   Maximum vector length =  623   Memory required =     47 /   4982 /   233565

 wR2 =  0.4739 before cycle   6 for    4395 data and    155 /    155 parameters

 GooF = S =     2.335;     Restrained GooF =      2.335 for       0 restraints

 Weight = 1 / [ sigma^2(Fo^2) + ( 0.1000 * P )^2 +   0.00 * P ]   where  P = ( Max ( Fo^2, 0 ) + 2 * Fc^2 ) / 3


     N      value        esd    shift/esd  parameter

     1     0.04941     0.00041    -0.003    OSF

 Mean shift/esd =   0.004  Maximum =    -0.024 for   x  C8       

 Max. shift = 0.001 A for C8        Max. dU = 0.000 for C8         


 Least-squares cycle   7   Maximum vector length =  623   Memory required =     47 /   4982 /   233565

 wR2 =  0.4739 before cycle   7 for    4395 data and    155 /    155 parameters

 GooF = S =     2.335;     Restrained GooF =      2.335 for       0 restraints

 Weight = 1 / [ sigma^2(Fo^2) + ( 0.1000 * P )^2 +   0.00 * P ]   where  P = ( Max ( Fo^2, 0 ) + 2 * Fc^2 ) / 3


     N      value        esd    shift/esd  parameter

     1     0.04941     0.00041    -0.001    OSF

 Mean shift/esd =   0.002  Maximum =    -0.013 for   x  C8       

 Max. shift = 0.000 A for C8        Max. dU = 0.000 for C8         


 Least-squares cycle   8   Maximum vector length =  623   Memory required =     47 /   4982 /   233565

 wR2 =  0.4739 before cycle   8 for    4395 data and    155 /    155 parameters

 GooF = S =     2.335;     Restrained GooF =      2.335 for       0 restraints

 Weight = 1 / [ sigma^2(Fo^2) + ( 0.1000 * P )^2 +   0.00 * P ]   where  P = ( Max ( Fo^2, 0 ) + 2 * Fc^2 ) / 3


     N      value        esd    shift/esd  parameter

     1     0.04941     0.00041    -0.001    OSF

 Mean shift/esd =   0.001  Maximum =    -0.007 for   x  C8       

 Max. shift = 0.000 A for C8        Max. dU = 0.000 for C8         


 Largest correlation matrix elements

     0.928 U12 O4 / U11 O4                   0.702 U12 C4 / U11 C4                   0.671 U12 C1 / U11 C1
     0.871 U12 Zr1 / U11 Zr1                 0.692 U12 C6 / U11 C6                   0.669 U12 C6 / U22 C6
     0.868 U12 Zr2 / U11 Zr2                 0.689 U12 C12 / U22 C12                 0.665 U12 C11 / U22 C11
     0.831 U12 O6 / U11 O6                   0.680 U12 O3 / U22 O3                   0.664 U12 C4 / U22 C4
     0.820 U12 O5 / U11 O5                   0.679 U12 O1 / U22 O1                   0.653 U12 C3 / U22 C3
     0.735 U12 C5 / U11 C5                   0.679 U12 C5 / U22 C5                   0.651 U12 O1 / U11 O1
     0.728 U12 C12 / U11 C12                 0.676 U12 C9 / U11 C9                   0.646 U12 C8 / U22 C8
     0.712 U12 O3 / U11 O3                   0.675 U12 C1 / U22 C1                   0.639 U12 C9 / U22 C9



 Idealized hydrogen atom generation before cycle   9

 Name     x       y       z    AFIX  d(X-H)  shift  Bonded to  Conformation determined by
 H3    0.4589  0.6277  0.6362   43   0.930   0.000   C3            C5  C4  
 H5    0.4566  0.6757  0.7155   43   0.930   0.000   C5            C3  C2  
 H7    0.5022  0.7511  0.7345   43   0.930   0.000   C7            C6_$7  C6  
 H8    0.5600  0.6466  0.7444   43   0.930   0.000   C8            C4  C11  
 H11   0.5582  0.6946  0.8275   43   0.930   0.000   C11           C8  C2  
 H12   0.5041  0.6681  0.9330   43   0.930   0.000   C12           C12_$8  C9  



  CrystalPilot cross-check in P 6/m m m                                      

 ATOM           x        y        z         sof        U11      U22      U33      U23      U13      U12       Ueq

 Zr1         0.46386  0.53614  0.50000    0.25000    0.08185  0.08185  0.06120  0.00000  0.00000  0.05251   0.06982
   0.00000   0.00006  0.00006  0.00000    0.00000    0.00257  0.00257  0.00276  0.00000  0.00000  0.00288   0.00146

 Zr2         0.54483  0.54483  0.39392    0.50000    0.08748  0.08748  0.08068  0.01220  0.01220  0.05557   0.07995
   0.00748   0.00008  0.00008  0.00018    0.00000    0.00196  0.00196  0.00235  0.00173  0.00173  0.00213   0.00127

 O1          0.48142  0.58683  0.58129    1.00000    0.10258  0.09775  0.08970  0.00043 -0.00048  0.06747   0.08895
   0.02999   0.00037  0.00034  0.00073    0.00000    0.00955  0.00926  0.00873  0.00756  0.00738  0.00805   0.00369

 O2          0.53390  0.59332  0.65072    1.00000    0.11621  0.11365  0.11689 -0.03533 -0.02204  0.07310   0.10863
   0.02602   0.00037  0.00036  0.00077    0.00000    0.01069  0.01011  0.01016  0.00801  0.00817  0.00901   0.00429

 O3          0.52633  0.56277  0.50000    0.50000    0.12071  0.20742  0.08395  0.00000  0.00000  0.11315   0.12353
   0.03934   0.00052  0.00060  0.00000    0.00000    0.01481  0.02021  0.01175  0.00000  0.00000  0.01487   0.00660

 O4          0.53722  0.53722  0.25951    0.50000    0.19046  0.19046  0.07527  0.02375  0.02375  0.14904   0.12815
   0.04691   0.00054  0.00054  0.00094    0.00000    0.01466  0.01466  0.01138  0.01093  0.01093  0.01614   0.00672

 O5          0.60116  0.60116  0.41230    0.50000    0.09108  0.09108  0.28357  0.00729  0.00729  0.04553   0.15525
   0.04232   0.00043  0.00043  0.00147    0.00000    0.00951  0.00951  0.02430  0.01296  0.01296  0.01137   0.00825

 O6          0.51813  0.48187  0.39274    0.50000    0.10138  0.10138  0.17614  0.02504 -0.02504  0.05613   0.12389
   0.01942   0.00024  0.00024  0.00117    0.00000    0.00960  0.00960  0.01843  0.00628  0.00628  0.01105   0.00677

 C1          0.50816  0.60244  0.63347    1.00000    0.11989  0.11422  0.09267  0.00798  0.00457  0.08788   0.09588
   0.05560   0.00069  0.00063  0.00124    0.00000    0.01969  0.01838  0.01600  0.01368  0.01400  0.01634   0.00631

 C2          0.50606  0.69109  0.78266    1.00000    0.22110  0.13284  0.07411  0.00827 -0.02308  0.10948   0.13335
   0.06219   0.00088  0.00072  0.00125    0.00000    0.02864  0.02105  0.01497  0.01452  0.01714  0.02134   0.00864

 C3          0.47824  0.64128  0.67485    1.00000    0.18742  0.11427  0.09736 -0.05243 -0.03115  0.10167   0.12135
   0.04492   0.00068  0.00058  0.00115    0.00000    0.02265  0.01675  0.01512  0.01297  0.01469  0.01720   0.00749

 H3          0.45895  0.62768  0.63619    1.00000    0.14562
                                          0.00000    0.00000

 C4          0.50904  0.63315  0.68586    1.00000    0.14747  0.09390  0.11428  0.00067  0.00574  0.08928   0.10569
   0.05507   0.00071  0.00061  0.00132    0.00000    0.02094  0.01595  0.01719  0.01410  0.01606  0.01653   0.00660

 C5          0.47682  0.67021  0.72288    1.00000    0.18906  0.14628  0.11821 -0.01148 -0.01745  0.11918   0.13548
   0.05920   0.00073  0.00069  0.00141    0.00000    0.02504  0.02083  0.01868  0.01672  0.01794  0.02000   0.00804

 H5          0.45656  0.67574  0.71545    1.00000    0.16257
                                          0.00000    0.00000

 C6          0.50567  0.72316  0.83104    1.00000    0.23988  0.10137  0.09029 -0.03804 -0.01042  0.11372   0.13122
   0.04972   0.00074  0.00060  0.00132    0.00000    0.02657  0.01691  0.01644  0.01433  0.01672  0.01828   0.00836

 C7          0.50420  0.75210  0.79037    0.50000    0.27900  0.09193  0.12240 -0.02094 -0.04188  0.13950   0.14366
   0.06531   0.00104  0.00052  0.00185    0.00000    0.04192  0.01360  0.02555  0.01332  0.02665  0.02096   0.01378

 H7          0.50218  0.75109  0.73454    0.50000    0.17239
                                          0.00000    0.00000

 C8          0.53973  0.65237  0.74040    1.00000    0.18805  0.11522  0.12880 -0.07320 -0.08340  0.08935   0.13801
   0.04984   0.00072  0.00064  0.00132    0.00000    0.02361  0.01844  0.01841  0.01543  0.01780  0.01792   0.00915

 H8          0.56001  0.64664  0.74443    1.00000    0.16562
                                          0.00000    0.00000

 C9          0.50469  0.72187  0.91443    1.00000    0.23440  0.10459  0.07263 -0.01854 -0.01213  0.10619   0.12768
   0.04925   0.00073  0.00060  0.00122    0.00000    0.02624  0.01714  0.01450  0.01272  0.01555  0.01809   0.00811

 C10         0.50375  0.75187  0.95647    0.50000    0.24411  0.10797  0.07703 -0.00432 -0.00863  0.12206   0.12791
   0.06220   0.00099  0.00050  0.00143    0.00000    0.03492  0.01346  0.01808  0.00988  0.01976  0.01746   0.01103

 C11         0.53838  0.68127  0.78966    1.00000    0.25951  0.13424  0.11292 -0.01293 -0.05929  0.12404   0.15751
   0.05685   0.00086  0.00071  0.00134    0.00000    0.03171  0.02117  0.01893  0.01606  0.01958  0.02273   0.00985

 H11         0.55817  0.69457  0.82753    1.00000    0.18901
                                          0.00000    0.00000

 C12         0.50433  0.68881  0.96063    1.00000    0.26840  0.14306  0.08269  0.00528  0.01066  0.14290   0.14692
   0.04815   0.00068  0.00062  0.00095    0.00000    0.02765  0.01815  0.01385  0.01201  0.01453  0.01979   0.00886

 H12         0.50411  0.66807  0.93296    1.00000    0.17631
                                          0.00000    0.00000



 Final Structure Factor Calculation for  CrystalPilot cross-check in P 6/m m m                                      

 Total number of l.s. parameters =   155  Maximum vector length =  623   Memory required =     47 /   4827 /    28035

 wR2 =  0.4739 before cycle   9 for    4395 data and      0 /    155 parameters

 GooF = S =     2.335;     Restrained GooF =      2.335 for       0 restraints

 Weight = 1 / [ sigma^2(Fo^2) + ( 0.1000 * P )^2 +   0.00 * P ]   where  P = ( Max ( Fo^2, 0 ) + 2 * Fc^2 ) / 3

 wR2 = 0.4739, GooF = S = 2.335, Restrained GooF = 2.335 for all data
 R1 = 0.1796 for 2063 Fo > 4sig(Fo) and 0.2640 for all 4395 data

 Occupancy sum of asymmetric unit =    15.75 for non-hydrogen and     5.50 for H and D atoms



 Principal mean square atomic displacements U

   0.0896   0.0612   0.0587   Zr1  
   0.1039   0.0721   0.0638   Zr2  
   0.1119   0.0897   0.0652   O1  
   0.1554   0.0964   0.0741   O2  
   0.2083   0.0839   0.0783   O3  
   0.2312   0.0828   0.0704   O4    may be split into  0.5428  0.5400  0.2615  and  0.5316  0.5344  0.2575
   0.2839   0.0911   0.0907   O5    may be split into  0.6014  0.6013  0.4255  and  0.6009  0.6010  0.3991
   0.1992   0.1050   0.0674   O6  
   0.1379   0.0920   0.0578   C1  
   0.2248   0.1158   0.0595   C2  
   0.2013   0.1191   0.0436   C3  
   0.1516   0.1138   0.0518   C4  
   0.2011   0.1146   0.0908   C5  
   0.2407   0.1169   0.0360   C6  
   0.2895   0.1119   0.0296   C7    may be split into  0.5094  0.7521  0.7873  and  0.4990  0.7521  0.7935
   0.2488   0.1176   0.0476   C8  
   0.2362   0.0888   0.0581   C9    may be split into  0.5094  0.7215  0.9136  and  0.5000  0.7223  0.9152
   0.2446   0.0766   0.0626   C10    may be split into  0.5090  0.7519  0.9558  and  0.4985  0.7519  0.9571
   0.2814   0.1119   0.0792   C11    may be split into  0.5431  0.6808  0.7855  and  0.5337  0.6817  0.7939
   0.2696   0.0892   0.0820   C12    may be split into  0.5099  0.6892  0.9614  and  0.4988  0.6885  0.9599

 ** Warning:     7  atoms may be split and     0  atoms NPD **



 Analysis of variance for reflections employed in refinement      K = Mean[Fo^2] / Mean[Fc^2]  for group


 Fc/Fc(max)       0.000    0.005    0.008    0.012    0.017    0.022    0.028    0.036    0.049    0.081    1.000

 Number in group       512.     367.     488.     465.     440.     395.     414.     452.     424.     438.

            GooF      1.360    1.571    1.415    1.917    1.419    1.669    2.424    3.116    3.296    3.707

             K        3.597    1.924    1.112    1.253    1.031    1.121    1.106    1.164    1.221    1.016


 Resolution(A)    1.00     1.04     1.08     1.13     1.20     1.28     1.38     1.52     1.77     2.26     inf

 Number in group       445.     444.     438.     443.     436.     431.     437.     444.     437.     440.

            GooF      0.995    0.971    0.997    1.046    1.055    1.133    1.181    1.348    2.425    6.246

             K        1.124    1.033    1.041    1.013    0.963    0.908    1.012    1.022    1.134    1.044

             R1       0.418    0.344    0.312    0.278    0.299    0.283    0.144    0.121    0.148    0.301


 ** Extinction (EXTI) or solvent water (SWAT) correction may be required **

 Recommended weighting scheme:  WGHT    0.2000    0.0000
 [Weight parameters refined to    0.4124       15.48  but appear excessive]


 Most Disagreeable Reflections (* if suppressed or used for Rfree).
 Error/esd is calculated as sqrt(wD^2/<wD^2>) where w is given by the weight
 formula, D = Fo^2-Fc^2 and <> refers to the average over all reflections.

     h   k   l          Fo^2          Fc^2    Error/esd  Fc/Fc(max)  Resolution(A)

    -1   7   2      13669.46         20.09       9.77       0.005       4.39
    -2   7   2       9147.44        233.58       9.09       0.016       4.55
    -1   4   2      14960.70        819.62       8.90       0.031       6.23
    -1   4   1      20019.57       1209.57       8.84       0.037       8.19
    -2   6   1      17920.04       1411.45       8.66       0.040       5.98
    -1   5   1       3806.38         41.70       8.31       0.007       6.76
     0   4   1      35575.70       1228.74       8.23       0.038       7.56
    -3   6   1      11326.83        194.50       8.16       0.015       6.08
    -1   2   3      17556.23       1669.93       7.39       0.044       5.33
    -3  10   0      12918.27        795.34       7.28       0.030       3.82
    -2   6   2       3244.36         92.09       7.22       0.010       5.08
    -1   8   1       3686.17        133.14       7.07       0.012       4.34
    -4  11   2      18374.16       3081.69       7.01       0.060       3.24
    -2   4   0     161791.98       2097.65       6.88       0.049       9.80
    -4   9   2       4365.26        442.36       6.68       0.023       3.85
    -3   8   0       6955.54        767.34       6.44       0.030       4.85
     0   7   2      30764.50       4936.39       6.37       0.075       4.19
    -1   3   0       7218.19        817.89       6.37       0.031      12.83
    -1   3   2       1684.25      23354.48       5.85       0.164       6.97
    -2  10   1       7530.64       1608.24       5.82       0.043       3.61
    -4   8   2      14299.97       2891.89       5.76       0.058       4.22
    -3   9   0       3666.41         26.26       5.59       0.006       4.28
    -7  15   0       5812.73        652.89       5.58       0.027       2.61
     0  10   2       5990.00        873.59       5.54       0.032       3.14
    -2   7   1       7875.62       2025.74       5.45       0.048       5.17
     0   9   2      11358.74       2637.88       5.26       0.055       3.43
     0   6   2     222199.73      55310.66       5.22       0.253       4.68
    -1   4   4        509.69       4626.71       5.14       0.073       3.80
    -1   9   3       7890.16       2141.71       5.10       0.050       3.23
    -4  11   0      16599.60       4440.02       4.99       0.072       3.52
    -3  10   1       2999.89        364.75       4.98       0.021       3.72
    -1  10   2       6398.53       1801.39       4.98       0.046       3.27
    -3  12   4       3063.88        315.41       4.91       0.019       2.50
    -2   5   0       4900.44      27064.72       4.88       0.177       7.79
    -3  11   1      11658.72       3698.73       4.82       0.065       3.37
    -4   8   0       1391.77       9117.17       4.80       0.103       4.90
    -4  12   2      13507.62       4403.09       4.75       0.071       2.99
    -2  10   0      74563.12      22827.78       4.74       0.162       3.70
    -5  11   1       5340.27       1518.31       4.70       0.042       3.48
     0   8   2      25367.78       7583.81       4.69       0.094       3.78
    -1   3   4      27790.23       9475.53       4.68       0.105       3.95
     0   7   3       8915.12       2335.86       4.68       0.052       3.65
     0   1   3       2455.70      12163.95       4.66       0.118       5.46
     0   0   3      21455.50     108639.65       4.65       0.354       5.54
    -1   5   3       5312.72       1658.36       4.64       0.044       4.43
    -2   5   4       1748.25        120.75       4.60       0.012       3.66
     0  15   2       4910.62        886.41       4.58       0.032       2.18
     0   3   0     102537.44     466350.06       4.54       0.733      11.31
    -1   9   5       5585.74       1710.76       4.41       0.044       2.55
    -2   8   1       6413.76       2186.17       4.39       0.050       4.53



 Bond lengths and angles

 Zr1 -           Distance        Angles
 O3        2.1279 (0.0173) 
 O3_$4     2.1279 (0.0173)  110.28 (1.08)
 O6_$2     2.1605 (0.0168)   71.13 (0.37)  71.13 (0.37)
 O6_$1     2.1605 (0.0168)   71.13 (0.38)  71.13 (0.37) 111.10 (1.03)
 O1_$5     2.2082 (0.0124)  142.00 (0.30)  78.13 (0.51)  77.52 (0.51) 142.41 (0.30)
 O1_$4     2.2082 (0.0124)  142.00 (0.30)  78.13 (0.51) 142.41 (0.30)  77.52 (0.51)  75.39 (0.59)
 O1_$3     2.2082 (0.0124)   78.12 (0.51) 142.00 (0.30)  77.52 (0.51) 142.41 (0.30)  74.54 (0.60) 118.76 (0.67)
 O1        2.2082 (0.0124)   78.13 (0.51) 142.00 (0.30) 142.41 (0.30)  77.52 (0.51) 118.76 (0.67)  74.54 (0.60)  75.39 (0.59)
 Zr2       3.4939 (0.0035)   35.53 (0.27)  90.65 (0.48)  35.61 (0.27)  91.07 (0.45) 110.71 (0.31) 166.03 (0.35)  75.21 (0.33)
 Zr2_$2    3.4939 (0.0035)   90.65 (0.48)  35.53 (0.27)  35.61 (0.27)  91.07 (0.45)  75.21 (0.33) 111.19 (0.31) 110.71 (0.31)
 Zr2_$3    3.4939 (0.0035)   35.53 (0.27)  90.65 (0.48)  91.07 (0.45)  35.61 (0.27) 166.03 (0.35) 110.71 (0.31) 111.19 (0.31)
 Zr2_$1    3.4939 (0.0035)   90.65 (0.48)  35.53 (0.27)  91.07 (0.45)  35.61 (0.27) 111.19 (0.31)  75.21 (0.33) 166.03 (0.35)
                 Zr1             O3            O3_$4         O6_$2         O6_$1         O1_$5         O1_$4         O1_$3        

 Zr2 -           Distance        Angles
 O6        2.1448 (0.0098) 
 O6_$2     2.1450 (0.0098)   70.02 (0.72)
 O3_$6     2.1527 (0.0099)   70.97 (0.64) 109.45 (0.75)
 O3        2.1527 (0.0099)  109.45 (0.76)  70.96 (0.64)  70.12 (0.75)
 O5        2.2289 (0.0178)  144.35 (0.37) 144.34 (0.36)  83.84 (0.74)  83.84 (0.74)
 O4        2.2522 (0.0164)   83.26 (0.71)  83.26 (0.71) 144.16 (0.38) 144.16 (0.38) 105.48 (0.85)
 O2_$6     2.2711 (0.0124)   75.71 (0.52) 140.52 (0.52)  76.04 (0.53) 141.16 (0.53)  73.96 (0.41)  73.69 (0.40)
 O2_$3     2.2711 (0.0124)  140.52 (0.52)  75.70 (0.52) 141.16 (0.53)  76.04 (0.53)  73.96 (0.41)  73.70 (0.40) 125.22 (0.66)
 Zr1_$1    3.4938 (0.0035)   35.91 (0.45)  89.75 (0.46)  35.06 (0.46)  89.31 (0.46) 115.40 (0.40) 115.68 (0.35)  72.80 (0.33)
 Zr1       3.4939 (0.0035)   89.74 (0.46)  35.91 (0.45)  89.31 (0.46)  35.06 (0.46) 115.40 (0.40) 115.68 (0.35) 161.98 (0.34)
 Zr2_$2    3.5134 (0.0067)   35.01 (0.37)  35.02 (0.36)  89.72 (0.53)  89.72 (0.53) 172.13 (0.63)  82.40 (0.55) 108.91 (0.33)
 Zr2_$3    3.5241 (0.0060)   90.52 (0.53)  90.52 (0.53)  35.06 (0.37)  35.06 (0.37)  82.13 (0.63) 172.40 (0.55) 109.06 (0.35)
                 Zr2             O6            O6_$2         O3_$6         O3            O5            O4            O2_$6        

 O1 -            Distance        Angles
 C1        1.2581 (0.0209) 
 Zr1       2.2082 (0.0123)  131.90 (1.25)
                 O1              C1           

 O2 -            Distance        Angles
 C1        1.2604 (0.0197) 
 Zr2_$3    2.2711 (0.0124)  132.51 (1.35)
                 O2              C1           

 O3 -            Distance        Angles
 Zr1       2.1279 (0.0173) 
 Zr2       2.1527 (0.0099)  109.41 (0.62)
 Zr2_$3    2.1527 (0.0099)  109.41 (0.62) 109.87 (0.74)
                 O3              Zr1           Zr2          

 O4 -            Distance        Angles
 Zr2       2.2522 (0.0164) 
                 O4             

 O5 -            Distance        Angles
 Zr2       2.2289 (0.0176) 
                 O5             

 O6 -            Distance        Angles
 Zr2_$2    2.1448 (0.0098) 
 Zr2       2.1448 (0.0098)  109.98 (0.73)
 Zr1_$1    2.1606 (0.0167)  108.49 (0.61) 108.49 (0.61)
                 O6              Zr2_$2        Zr2          

 C1 -            Distance        Angles
 O2        1.2604 (0.0197) 
 O1        1.2581 (0.0207)  127.51 (2.01)
 C4        1.4712 (0.0250)  113.75 (2.12) 118.59 (1.95)
                 C1              O2            O1           

 C2 -            Distance        Angles
 C5        1.4249 (0.0268) 
 C6        1.4982 (0.0260)  120.87 (2.47)
 C11       1.5011 (0.0290)  116.48 (2.16) 122.49 (2.40)
                 C2              C5            C6           

 C3 -            Distance        Angles
 C5        1.4101 (0.0234) 
 C4        1.4061 (0.0234)  119.48 (2.04)
 H3        0.9300           120.27        120.26       
                 C3              C5            C4           

 C4 -            Distance        Angles
 C8        1.3887 (0.0238) 
 C3        1.4061 (0.0234)  124.79 (2.01)
 C1        1.4712 (0.0249)  119.31 (2.15) 115.88 (2.15)
                 C4              C8            C3           

 C5 -            Distance        Angles
 C3        1.4101 (0.0234) 
 C2        1.4249 (0.0270)  120.83 (2.18)
 H5        0.9300           119.58        119.59       
                 C5              C3            C2           

 C6 -            Distance        Angles
 C7        1.3458 (0.0235) 
 C9        1.3857 (0.0230)  121.36 (2.12)
 C2        1.4982 (0.0260)  117.40 (2.01) 121.15 (1.87)
                 C6              C7            C9           

 C7 -            Distance        Angles
 C6_$7     1.3458 (0.0235) 
 C6        1.3458 (0.0235)  119.56 (2.85)
 H7        0.9300           120.22        120.22       
                 C7              C6_$7         C6           

 C8 -            Distance        Angles
 C4        1.3887 (0.0238) 
 C11       1.4196 (0.0261)  116.18 (2.22)
 H8        0.9300           121.91        121.91       
                 C8              C4            C11          

 C9 -            Distance        Angles
 C10       1.3838 (0.0198) 
 C6        1.3857 (0.0230)  119.03 (2.03)
 C12       1.5000 (0.0226)  118.89 (1.80) 122.07 (1.71)
                 C9              C10           C6           

 C10 -           Distance        Angles
 C9_$7     1.3838 (0.0198) 
 C9        1.3838 (0.0198)  119.32 (2.49)
 C10_$8    1.4461 (0.0474)  120.30 (1.25) 120.31 (1.24)
                 C10             C9_$7         C9           

 C11 -           Distance        Angles
 C8        1.4196 (0.0261) 
 C2        1.5011 (0.0290)  122.19 (2.26)
 H11       0.9300           118.90        118.90       
                 C11             C8            C2           

 C12 -           Distance        Angles
 C12_$8    1.3079 (0.0315) 
 C9        1.5000 (0.0227)  120.77 (1.02)
 H12       0.9300           119.61        119.61       
                 C12             C12_$8        C9           



 Selected torsion angles

    -3.49 ( 3.14)  Zr2_$3 - O2 - C1 - O1
   171.95 ( 1.21)  Zr2_$3 - O2 - C1 - C4
     3.24 ( 3.06)  Zr1 - O1 - C1 - O2
  -172.01 ( 1.15)  Zr1 - O1 - C1 - C4
    -1.62 ( 3.44)  C5 - C3 - C4 - C8
   179.75 ( 1.81)  C5 - C3 - C4 - C1
     8.04 ( 2.79)  O2 - C1 - C4 - C8
  -176.08 ( 1.88)  O1 - C1 - C4 - C8
  -173.26 ( 1.81)  O2 - C1 - C4 - C3
     2.62 ( 2.77)  O1 - C1 - C4 - C3
    -0.39 ( 3.29)  C4 - C3 - C5 - C2
   177.09 ( 2.02)  C6 - C2 - C5 - C3
     1.50 ( 3.21)  C11 - C2 - C5 - C3
   -52.59 ( 3.69)  C5 - C2 - C6 - C7
   122.73 ( 2.86)  C11 - C2 - C6 - C7
   123.96 ( 2.61)  C5 - C2 - C6 - C9
   -60.73 ( 3.50)  C11 - C2 - C6 - C9
     6.57 ( 5.68)  C9 - C6 - C7 - C6_$7
  -176.89 ( 2.25)  C2 - C6 - C7 - C6_$7
     2.21 ( 3.41)  C3 - C4 - C8 - C11
  -179.21 ( 1.89)  C1 - C4 - C8 - C11
    -2.59 ( 4.63)  C7 - C6 - C9 - C10
  -179.00 ( 2.63)  C2 - C6 - C9 - C10
   176.99 ( 2.66)  C7 - C6 - C9 - C12
     0.58 ( 4.11)  C2 - C6 - C9 - C12
    -1.41 ( 5.23)  C6 - C9 - C10 - C9_$7
   178.99 ( 1.89)  C12 - C9 - C10 - C9_$7
  -178.38 ( 1.78)  C6 - C9 - C10 - C10_$8
     2.02 ( 3.12)  C12 - C9 - C10 - C10_$8
    -0.92 ( 3.41)  C4 - C8 - C11 - C2
    -0.85 ( 3.39)  C5 - C2 - C11 - C8
  -176.36 ( 2.15)  C6 - C2 - C11 - C8
    -2.03 ( 3.13)  C10 - C9 - C12 - C12_$8
   178.39 ( 1.89)  C6 - C9 - C12 - C12_$8


 FMAP and GRID set by program

 FMAP   2   1 167
 GRID    -0.610  -1  -1     0.610   1   1

 R1 =  0.2574 for   4395 unique reflections after merging for Fourier


 Electron density synthesis with coefficients Fo-Fc

 Highest peak    1.52  at  0.5713  0.4287  0.1399  [  3.66 A from H12 ]
 Deepest hole   -1.16  at  0.5068  0.4932  0.4717  [  1.52 A from O6 ]


 Fourier peaks appended to .res file

              x       y       z       sof     U      Peak   Distances to nearest atoms (including eq.)

 Q1    1   0.4287  0.5713  0.8601   0.50000  0.05    1.52   3.66 H12  3.93 C3  4.06 C5  4.07 C4
 Q2    1   0.4049  0.5951  0.8989   0.50000  0.05    1.27   3.53 H12  3.93 C12  4.11 C5  4.12 H5
 Q3    1   0.5901  0.6642  1.0000   0.50000  0.05    0.99   3.56 H11  3.63 H12  3.99 C12  4.26 C11
 Q4    1   0.3946  0.6054  0.5000   0.25000  0.05    0.95   3.17 H3  4.05 O1  4.07 C3  4.43 H5
 Q5    1   0.5376  0.7976  0.5000   0.50000  0.05    0.92   4.23 H7  4.45 C3  4.51 C5  4.52 H3
 Q6    1   0.4678  0.5322  0.2133   0.50000  0.05    0.83   2.74 O4  3.13 O6  3.37 O2  3.49 C1
 Q7    1   0.5861  0.6718  0.5000   0.50000  0.05    0.71   3.43 O5  3.65 C1  3.69 O2  3.71 O3
 Q8    1   1.0000  1.0000  0.3977   0.08333  0.05    0.70   15.63 O5  15.81 H11  15.95 O5  16.00 H8
 Q9    1   0.5552  0.7012  0.5000   0.50000  0.05    0.65   3.88 C4  4.00 C3  4.02 C1  4.10 H3
 Q10   1   0.5000  0.5000  0.1518   0.25000  0.05    0.59   2.31 O4  4.19 O6  4.39 ZR2  4.59 O2
 Q11   1   0.6554  0.6554  0.2564   0.50000  0.05    0.57   3.35 O5  3.58 H8  4.40 O2  4.47 C8
 Q12   1   0.5872  0.6456  0.9324   1.00000  0.05    0.57   3.19 H11  3.31 H8  3.73 C11  3.77 C8
 Q13   1   0.4510  0.7255  0.5404   0.50000  0.05    0.57   3.57 H5  3.66 H7  4.14 C5  4.30 H3
 Q14   1   0.6137  0.6137  0.8077   0.50000  0.05    0.56   3.15 H8  3.20 O4  3.69 O5  3.84 O2
 Q15   1   0.4385  0.7192  0.5000   0.25000  0.05    0.54   4.17 H5  4.46 H7  4.64 H3  4.75 C5
 Q16   1   0.5000  0.5000  0.2334   0.25000  0.05    0.53   1.52 O4  2.92 O6  3.19 ZR2  3.74 O2
 Q17   1   0.6138  0.6138  0.5000   0.25000  0.05    0.52   1.54 O5  2.98 O3  3.23 ZR2  3.77 O2
 Q18   1   0.3951  0.6976  0.8531   0.50000  0.05    0.51   3.72 H5  3.85 C7  3.94 C6  4.04 C9
 Q19   1   0.5372  0.5768  0.1498   1.00000  0.05    0.48   2.39 O4  2.99 H8  3.39 O2  3.44 C8
 Q20   1   0.5856  0.5965  0.1377   1.00000  0.05    0.48   2.95 O4  3.27 H8  3.87 H8  4.01 C8

 Shortest distances between peaks (including symmetry equivalents)

     20  20  0.74     13  15  0.79      3  12  1.31     14  20  1.32     13  13  1.34     10  16  1.36     19  20  1.66
      1   2  1.74     11  14  1.95      5   9  1.96      7   9  2.04     19  20  2.18      6  16  2.21     12  20  2.22
     12  12  2.24      5   5  2.26      6  10  2.41     10  19  2.61      6  19  2.61     19  19  2.69     14  19  2.69
     12  19  2.77     12  20  2.80     12  14  2.87      1   6  2.92     16  19  2.96      7  17  2.97


 Time profile in seconds
 -----------------------

      0.02: Read and process instructions
      0.00: Fit rigid groups
      0.00: Interpret restraints etc.
      0.00: Generate connectivity array
      0.00: Analyse DFIX and DANG restraints
      0.00: Analyse SAME, SADI and NCSY restraints
      0.00: Generate CHIV restraints
      0.00: Check if bonds in residues restrained
      0.00: Generate DELU and RIGU restraints
      0.00: Generate SIMU restraints
      0.00: Generate ISOR restraints
      0.00: Analyse electron density
      0.00: Analyse other restraints etc.
      0.46: Read intensity data, sort/merge etc.
      0.00: Set up constraints
      0.00: OSF, H-atoms from difference map
      0.02: Set up l.s. refinement
      0.00: Generate idealized H-atoms
      0.05: Structure factors and derivatives
      0.02: Sum l.s. matrices
      0.00: Generate and apply antibumping restraints
      0.00: Apply other restraints
      0.00: Solve l.s. equations
      0.00: Generate HTAB table
      4.24: Other dependent quantities, CIF, tables
      0.01: Analysis of variance
      0.06: Merge reflections for Fourier and .fcf
      0.05: Fourier summations
      0.03: Peaksearch
      0.00: Analyse peaklist

 ** WARNING: These times are only approximate for multiple threads.
             To get better estimates run with -t1 **

   Please cite: G.M. Sheldrick (2015) "Crystal structure refinement with
   SHELXL", Acta Cryst., C71, 3-8 (Open Access) if SHELXL proves useful.

 +++++++++++++++++++++++++++++++++++++++++++++++++++++++++++++++++++++++++++++
 +  job           finished at 19:45:02   Total elapsed time:      4.94 secs  +
 +++++++++++++++++++++++++++++++++++++++++++++++++++++++++++++++++++++++++++++
