
 +++++++++++++++++++++++++++++++++++++++++++++++++++++++++++++++++++
 +  SHELXL -  CRYSTAL STRUCTURE REFINEMENT  -   MULTI-CPU VERSION  +
 +  Copyright(C) George M. Sheldrick 1993-2023     Version 2019/3  +
 +  job                        started at 19:41:20 on 21-Sep-2026  +
 +++++++++++++++++++++++++++++++++++++++++++++++++++++++++++++++++++

 Command line parameters: job -a50000 -b3000 -c624 -g0 -m0 -t4

 -a sets the approximate maximum number of atoms including hydrogens.
 -b sets the maximum number of full-matrix parameters (not used by CGLS).
 For example -b9000 allows refinement of 1000 anisotropic atoms or 3000
 with BLOC 1. For a 32-bit version, -b times the square root of the
 number of threads should not exceed about 65500. -c sets the reflection
 buffer size. This depends on the CPU cache size but will rarely
 need changing.

 -g sets the number of reflection groups used for calculating R_complete,
 This must be greater than 1 but not greater than the total number of
 reflections for refinement. -m sets the current reflection group number.
 This may not be less than 1 nor greater than the number set by -g. These
 command line flags override other ways of defining free-R reflections.
 The -m value is also used as a seed for the WIGL pseudo-random shifts.

 -t sets the number of threads, otherwise it is set to the apparent
 number of CPUs. For optimal performance on hyperthreading systems,
 -t should be set to a little more than half the number of CPUs;
 e.g. -t4 or -t5 for an Intel i7 processor.

 Running  4 threads on  4 processors

 TITL CrystalPilot cross-check in P 6/m m m
 CELL 0.68883 39.19000 39.19000 16.61000 90.0000 90.0000 120.0000
 ZERR 24 0.00000 0.00000 0.00000 0.0000 0.0000 0.0000
 LATT 1
 SYMM X-Y,X,Z
 SYMM Y,-X+Y,Z
 SYMM -Y,X-Y,Z
 SYMM -X+Y,-X,Z
 SYMM X-Y,-Y,-Z
 SYMM -X,-X+Y,-Z
 SYMM -X,-Y,Z
 SYMM Y,X,-Z
 SYMM -Y,-X,-Z
 SYMM -X+Y,Y,-Z
 SYMM X,X-Y,-Z
 SFAC C O Zr
 REM DISP lambda 0.68883 A is not a SHELXL built-in line (Cu/Mo/Ag K-alpha):
 REM DISP f'/f'' from cctbx (sasaki: C O Zr), mu = NIST attenuation in
 REM DISP barn/atom
 DISP $C 0.002 0.002 10.99
 DISP $O 0.007 0.006 30.28
 DISP $Zr -9.041 2.772 14341.91
 UNIT 522.0 124.0 18.0

 V =    22092.79     F(000) =    4844.0     Mu =   1.21 mm-1      Cell Wt =     9895.18    Rho =  0.744

  
 L.S. 6
 BOND $H
 CONF
 ACTA
 FMAP 2
 PLAN 20
  
 SHEL 999 1.000
  
 WGHT 0.100000 0.000000
 FVAR 0.05146
 ZR01  3   0.463835   0.536165   0.500000    10.25000     0.08664     0.08664 =
       0.06685     0.00000     0.00000     0.05480
 ZR02  3   0.544739   0.544739   0.393713    10.50000     0.09267     0.09267 =
       0.08406     0.01368     0.01368     0.05893
 O003  2   0.481260   0.586428   0.581178    11.00000     0.10557     0.10794 =
       0.09354    -0.00310    -0.00431     0.07257
 O004  2   0.533910   0.592828   0.649892    11.00000     0.11516     0.11937 =
       0.12307    -0.04070    -0.02921     0.07170
 O005  2   0.526661   0.562541   0.500000    10.50000     0.11986     0.22399 =
       0.10875     0.00000     0.00000     0.11536
 O006  2   0.538267   0.538267   0.262137    10.50000     0.20326     0.20326 =
       0.08732     0.02037     0.02037     0.15809
 O007  2   0.601029   0.601029   0.411655    10.50000     0.09298     0.09298 =
       0.28254     0.00827     0.00827     0.04372
 O008  2   0.517261   0.482739   0.393078    10.50000     0.11772     0.11772 =
       0.15113     0.02723    -0.02723     0.06194
 C009  1   0.507829   0.601595   0.634113    11.00000     0.10372     0.11140 =
       0.10641     0.00263    -0.00793     0.07074
 C00A  1   0.505000   0.689858   0.780162    11.00000     0.24770     0.11311 =
       0.08676     0.00284    -0.00561     0.12755
 O00B  1   0.477256   0.641379   0.673598    11.00000     0.16177     0.11845 =
       0.11398    -0.02339    -0.01098     0.10202
 C00C  1   0.507310   0.632652   0.686587    11.00000     0.15077     0.09777 =
       0.10975    -0.01910    -0.01615     0.08440
 O00D  1   0.474660   0.669158   0.722752    11.00000     0.21671     0.12802 =
       0.10392    -0.03247    -0.03446     0.10925
 C00E  1   0.504988   0.721803   0.831666    11.00000     0.22633     0.11231 =
       0.09659    -0.02486    -0.01495     0.11723
 O00F  1   0.504581   0.752290   0.787581    10.50000     0.21512     0.08984 =
       0.14596    -0.02337    -0.04673     0.10756
 O00G  1   0.538043   0.652445   0.741619    11.00000     0.18213     0.11087 =
       0.10030    -0.04160    -0.03651     0.08159
 C00H  1   0.504574   0.721260   0.914200    11.00000     0.25236     0.11525 =
       0.05850    -0.01455    -0.00667     0.10534
 C00I  1   0.502754   0.751377   0.957567    10.50000     0.28108     0.11800 =
       0.07482    -0.01165    -0.02329     0.14054
 O00J  1   0.537833   0.681877   0.791031    11.00000     0.25611     0.12728 =
       0.11027    -0.00340    -0.01521     0.13210
 O00K  2   0.570754   0.429246   0.134123    10.50000     0.29240
 O00L  1   0.504724   0.687496   0.958527    11.00000     0.27992     0.15238 =
       0.08608     0.01881     0.01344     0.14499
 C00M  1   0.739087   0.533480   0.500000    10.50000     0.27481
 C00N  1   0.594346   0.405654   0.098508    10.50000     0.20372
 C00O  1   0.628239   0.628239   0.464327    10.50000     0.90775
 C00R  1   0.594771   0.672025   0.000000    10.50000     0.33543
 C00S  1   0.704197   0.560648   0.500000    10.50000     0.39336
 C00T  1   0.539253   0.460747   0.207711    10.50000     0.39239
 C00U  1   0.664960   0.584773   0.500000    10.50000     0.44759
 C00V  1   0.712205   0.424409   0.500000    10.25000     0.08805
 C00W  1   1.000000   1.000000   0.027156    10.08333     0.30203
 C00X  1   0.719243   0.621423   0.500000    10.50000     1.34362
 C00Y  1   0.586186   0.642208   0.065737    11.00000     0.85501
 C00Z  1   0.482216   0.408973   0.104805    11.00000     0.73624
 C010  1   0.770363   0.540727   0.500000    10.25000     0.54652
 C011  1   0.961978   0.923956   0.500000    10.25000     1.31055
 O012  2   0.643731   0.643731   0.239579    10.50000     0.64257
 C013  1   0.547432   0.452568   0.125261    10.50000     1.91423
 C014  1   0.930166   0.860332   0.597830    10.50000     1.29521
 O015  2   0.666667   0.333333   0.138550    10.16667     1.05749
 C016  1   1.000000   1.000000   0.130352    10.08333     2.00000
 C017  1   0.554718   0.445282  -0.156960    10.50000     1.25031
 C018  1   1.000000   1.000000   0.709858    10.08333     2.00000
 C01A  1   0.550493   0.449507   0.000000    10.25000     1.37690
 C01B  1   0.926752   0.853505   0.727727    10.50000     1.21103
 C01D  1   0.752868   0.574630   0.603303    11.00000     0.73173
 C01E  1   0.935847   0.489832   0.500000    10.50000     1.56576
 HKLF 4



 Covalent radii and connectivity table for  CrystalPilot cross-check in P 6/m m m                                      
 C      0.770
 O      0.660
 ZR     1.590

 Zr01 - C01E_$13 C01E_$14 O005_$5 O005 O008_$3 O008_$1 O003_$4 O003_$6 O003_$5 O003 Zr02_$4 Zr02_$3
 Zr02 - O008_$3 O008 O005 O005_$7 O006 O007 O004_$7 O004_$4 Zr01_$1 Zr01 Zr02_$3 Zr02_$4
 O003 - C009 Zr01
 O004 - C009 Zr02_$4
 O005 - C01E_$13 Zr01 Zr02_$4 Zr02
 O006 - Zr02
 O007 - C00O Zr02
 O008 - Zr02 Zr02_$3 Zr01_$1
 C009 - O004 O003 C00C
 C00A - O00D O00J C00E
 O00B - C00C O00D
 C00C - O00B O00G C009
 O00D - O00B C00A
 C00E - C00H O00F C00A
 O00F - C00E C00E_$8
 O00G - C00C O00J
 C00H - C00E C00I O00L
 C00I - C00I_$9 C00H_$8 C00H
 O00J - O00G C00A
 O00K - C017_$10 C013 C00N
 O00L - O00L_$9 C00H
 C00M - C010
 C00N - O00K
 C00O - C00O_$4 O007
 C00R - C00Y_$10 C00Y
 C00S - no bonds found
 C00T - C017_$10 C013
 C00U - C00X
 C00V - no bonds found
 C00W - C00W_$12 C016
 C00X - C00U
 C00Y - C00R
 C00Z - no bonds found
 C010 - C00M C00M_$11
 C011 - no bonds found
 O012 - no bonds found
 C013 - C017_$10 C00T O00K
 C014 - no bonds found
 O015 - no bonds found
 C016 - C00W
 C017 - C013_$10 O00K_$10 C00T_$10
 C018 - no bonds found
 C01A - no bonds found
 C01B - no bonds found
 C01D - no bonds found
 C01E - Zr01_$2 O005_$2 C01E_$15


 Operators for generating equivalent atoms:
 $1   -x+1, -y+1, -z+1
 $2   x-y+1, x, z
 $3   -x+1, -y+1, z
 $4   x, y, -z+1
 $5   -y+1, -x+1, z
 $6   -y+1, -x+1, -z+1
 $7   y, x, -z+1
 $8   x, x-y+1, z
 $9   x, y, -z+2
 $10  x, y, -z
 $11  -x+y+1, y, z
 $12  -x+2, -y+2, -z
 $13  y, -x+y+1, z
 $14  x-y, -y+1, -z+1
 $15  x, x-y, z

   179481  Reflections outside SHEL resolution limits rejected


   337815  Reflections read, of which  179481  rejected

 -39 =< h =< 39,    -39 =< k =< 39,    -16 =< l =< 16,   Max. 2-theta =   40.28

        0  Systematic absence violations (I>3sig(I)) before merging

        0  Inconsistent equivalents

     4395  Unique reflections, of which       0  suppressed

 R(int) = 0.5659     R(sigma) = 0.1066      Friedel opposites merged

 Maximum memory for data reduction =     6110 /    48177


 Reflection statistics for all twin components combined (TWST 0 set)
 Number of data for d > 1.000A (CIF: max) and d > 1.000A (CIF: full)
 (ignoring systematic absences):
 Unique reflections found (point group)       4395    4395
 Unique reflections possible (point group)    4401    4401
 Unique reflections found (Laue group)        4395    4395
 Unique reflections possible (Laue group)     4401    4401

 Special position constraints for Zr01
 z =  0.5000   y = -1.0 * x + 1.0000   U22 = 1.0 * U11   U23 = 0   U13 = 0   
 sof = 0.25000   
 Input constraints retained (at least in part) for  sof

 Special position constraints for Zr02
 y =  1.0 * x + 0.0000   U22 = 1.0 * U11   U13 = 1.0 * U23   sof = 0.50000   
 Input constraints retained (at least in part) for  sof

 Special position constraints for O005
 z =  0.5000   U23 = 0   U13 = 0   sof = 0.50000   
 Input constraints retained (at least in part) for  sof

 Special position constraints for O006
 y =  1.0 * x + 0.0000   U22 = 1.0 * U11   U13 = 1.0 * U23   sof = 0.50000   
 Input constraints retained (at least in part) for  sof

 Special position constraints for O007
 y =  1.0 * x + 0.0000   U22 = 1.0 * U11   U13 = 1.0 * U23   sof = 0.50000   
 Input constraints retained (at least in part) for  sof

 Special position constraints for O008
 y = -1.0 * x + 1.0000   U22 = 1.0 * U11   U13 =-1.0 * U23   sof = 0.50000   
 Input constraints retained (at least in part) for  sof

 Special position constraints for O00F
 y =  0.5 * x + 0.5000   U13 = 2.0 * U23   U12 = 0.5 * U11   sof = 0.50000   
 Input constraints retained (at least in part) for  sof

 Special position constraints for C00I
 y =  0.5 * x + 0.5000   U13 = 2.0 * U23   U12 = 0.5 * U11   sof = 0.50000   
 Input constraints retained (at least in part) for  sof

 Special position constraints for O00K
 y = -1.0 * x + 1.0000   sof = 0.50000   
 Input constraints retained (at least in part) for  sof

 Special position constraints for C00M
 z =  0.5000   sof = 0.50000   
 Input constraints retained (at least in part) for  sof

 Special position constraints for C00N
 y = -1.0 * x + 1.0000   sof = 0.50000   
 Input constraints retained (at least in part) for  sof

 Special position constraints for C00O
 y =  1.0 * x + 0.0000   sof = 0.50000   
 Input constraints retained (at least in part) for  sof

 Special position constraints for C00R
 z =  0.0000   sof = 0.50000   
 Input constraints retained (at least in part) for  sof

 Special position constraints for C00S
 z =  0.5000   sof = 0.50000   
 Input constraints retained (at least in part) for  sof

 Special position constraints for C00T
 y = -1.0 * x + 1.0000   sof = 0.50000   
 Input constraints retained (at least in part) for  sof

 Special position constraints for C00U
 z =  0.5000   sof = 0.50000   
 Input constraints retained (at least in part) for  sof

 Special position constraints for C00V
 z =  0.5000   y =  2.0 * x - 1.0000   sof = 0.25000   
 Input constraints retained (at least in part) for  sof

 Special position constraints for C00W
 x =  1.0000   y =  1.0000   sof = 0.08333   
 Input constraints retained (at least in part) for  sof

 Special position constraints for C00X
 z =  0.5000   sof = 0.50000   
 Input constraints retained (at least in part) for  sof

 Special position constraints for C010
 z =  0.5000   y =  2.0 * x - 1.0000   sof = 0.25000   
 Input constraints retained (at least in part) for  sof

 Special position constraints for C011
 z =  0.5000   y =  2.0 * x - 1.0000   sof = 0.25000   
 Input constraints retained (at least in part) for  sof

 Special position constraints for O012
 y =  1.0 * x + 0.0000   sof = 0.50000   
 Input constraints retained (at least in part) for  sof

 Special position constraints for C013
 y = -1.0 * x + 1.0000   sof = 0.50000   
 Input constraints retained (at least in part) for  sof

 Special position constraints for C014
 y =  2.0 * x - 1.0000   sof = 0.50000   
 Input constraints retained (at least in part) for  sof

 Special position constraints for O015
 x =  0.6667   y =  0.3333   sof = 0.16667   
 Input constraints retained (at least in part) for  sof

 Special position constraints for C016
 x =  1.0000   y =  1.0000   sof = 0.08333   
 Input constraints retained (at least in part) for  sof

 Special position constraints for C017
 y = -1.0 * x + 1.0000   sof = 0.50000   
 Input constraints retained (at least in part) for  sof

 Special position constraints for C018
 x =  1.0000   y =  1.0000   sof = 0.08333   
 Input constraints retained (at least in part) for  sof

 Special position constraints for C01A
 z =  0.0000   y = -1.0 * x + 1.0000   sof = 0.25000   
 Input constraints retained (at least in part) for  sof

 Special position constraints for C01B
 y =  2.0 * x - 1.0000   sof = 0.50000   
 Input constraints retained (at least in part) for  sof

 Special position constraints for C01E
 z =  0.5000   sof = 0.50000   
 Input constraints retained (at least in part) for  sof


 Least-squares cycle   1   Maximum vector length =  623   Memory required =     73 /   6734 /   337439

 wR2 =  0.3957 before cycle   1 for    4395 data and    228 /    228 parameters

 GooF = S =     1.913;     Restrained GooF =      1.913 for       0 restraints

 Weight = 1 / [ sigma^2(Fo^2) + ( 0.1000 * P )^2 +   0.00 * P ]   where  P = ( Max ( Fo^2, 0 ) + 2 * Fc^2 ) / 3

 Shifts scaled down to reduce maximum shift/esd from   15.82  to   15.00


     N      value        esd    shift/esd  parameter

     1     0.05172     0.00037     0.720    OSF
   181     0.18116     0.00828    11.250    U11 C00V
   196     1.16844     0.12780     4.866    U11 C010
   211     2.00000     1.33934     3.015    U11 C016

 Mean shift/esd =   0.560  Maximum =    11.250 for  U11 C00V     

 Max. shift = 2.170 A for C013        Max. dU = 0.622 for C010     


 Least-squares cycle   2   Maximum vector length =  623   Memory required =     73 /   6734 /   337439

 wR2 =  0.3738 before cycle   2 for    4395 data and    228 /    228 parameters

 GooF = S =     1.787;     Restrained GooF =      1.787 for       0 restraints

 Weight = 1 / [ sigma^2(Fo^2) + ( 0.1000 * P )^2 +   0.00 * P ]   where  P = ( Max ( Fo^2, 0 ) + 2 * Fc^2 ) / 3


     N      value        esd    shift/esd  parameter

     1     0.05216     0.00034     1.265    OSF
   181     0.32718     0.01513     9.651    U11 C00V
   187     0.59967     0.00320     3.162     x  C00Y
   195     0.74298     0.00585    -4.096     x  C010
   206     0.72642     0.02340     3.681     z  C014
   210     0.74051     0.08856     5.575     z  C016
   216     2.00000     1.55900     3.593    U11 C018
   220     0.84203     0.01890     4.347     z  C01B

 Mean shift/esd =   0.567  Maximum =     9.651 for  U11 C00V     

 Max. shift =14.173 A for C013        Max. dU =-1.435 for C016     


 Least-squares cycle   3   Maximum vector length =  623   Memory required =     73 /   6734 /   337439

 wR2 =  0.3694 before cycle   3 for    4395 data and    228 /    228 parameters

 GooF = S =     1.765;     Restrained GooF =      1.765 for       0 restraints

 Weight = 1 / [ sigma^2(Fo^2) + ( 0.1000 * P )^2 +   0.00 * P ]   where  P = ( Max ( Fo^2, 0 ) + 2 * Fc^2 ) / 3


     N      value        esd    shift/esd  parameter

     1     0.05220     0.00034     0.122    OSF
   181     0.42109     0.03083     3.046    U11 C00V
   195     0.72540     0.00306    -5.739     x  C010
   196     0.29849     0.11237    -4.062    U11 C010
   216     2.00000     1.19381     3.595    U11 C018
   222     0.74118     0.00254    -4.191     x  C01D
   223     0.57461     0.00274    -3.922     y  C01D

 Mean shift/esd =   0.502  Maximum =    -5.739 for   x  C010     

 Max. shift = 4.749 A for C018        Max. dU =-0.456 for C010     


 Least-squares cycle   4   Maximum vector length =  623   Memory required =     73 /   6734 /   337439

 wR2 =  0.3570 before cycle   4 for    4395 data and    228 /    228 parameters

 GooF = S =     1.696;     Restrained GooF =      1.696 for       0 restraints

 Weight = 1 / [ sigma^2(Fo^2) + ( 0.1000 * P )^2 +   0.00 * P ]   where  P = ( Max ( Fo^2, 0 ) + 2 * Fc^2 ) / 3


     N      value        esd    shift/esd  parameter

     1     0.05223     0.00033     0.087    OSF
   206     0.62592     0.02120    -3.282     z  C014

 Mean shift/esd =   0.392  Maximum =    -3.282 for   z  C014     

 Max. shift = 1.979 A for C018        Max. dU =-0.463 for C011     


 Least-squares cycle   5   Maximum vector length =  623   Memory required =     73 /   6734 /   337439

 wR2 =  0.3488 before cycle   5 for    4395 data and    228 /    228 parameters

 GooF = S =     1.652;     Restrained GooF =      1.652 for       0 restraints

 Weight = 1 / [ sigma^2(Fo^2) + ( 0.1000 * P )^2 +   0.00 * P ]   where  P = ( Max ( Fo^2, 0 ) + 2 * Fc^2 ) / 3


     N      value        esd    shift/esd  parameter

     1     0.05216     0.00032    -0.219    OSF
   185     0.62108     0.00800     3.116     y  C00X
   202     0.55265     0.00532     3.452     x  C013

 Mean shift/esd =   0.328  Maximum =     3.452 for   x  C013     

 Max. shift = 1.435 A for C016        Max. dU = 0.476 for C016     


 Least-squares cycle   6   Maximum vector length =  623   Memory required =     73 /   6734 /   337439

 wR2 =  0.3458 before cycle   6 for    4395 data and    228 /    228 parameters

 GooF = S =     1.634;     Restrained GooF =      1.634 for       0 restraints

 Weight = 1 / [ sigma^2(Fo^2) + ( 0.1000 * P )^2 +   0.00 * P ]   where  P = ( Max ( Fo^2, 0 ) + 2 * Fc^2 ) / 3


     N      value        esd    shift/esd  parameter

     1     0.05223     0.00032     0.227    OSF
   174     0.54089     0.00100     1.045     x  C00T
   198     1.68727     0.27113     1.784    U11 C011
   203     0.81848     0.10440    -1.018     z  C013
   210     0.99545     0.22122     1.560     z  C016
   213    -0.03195     0.06536     1.269     z  C017
   215     0.78054     0.29290     1.484     z  C018
   218     1.01168     0.31658    -1.637    U11 C01A
   221     2.00000     0.30986     1.468    U11 C01B
   226     0.94319     0.00527    -1.012     x  C01E

 Mean shift/esd =   0.207  Maximum =     1.784 for  U11 C011     

 Max. shift = 7.221 A for C018        Max. dU =-1.507 for C016     


 Largest correlation matrix elements

    -0.981 U11 C018 / U11 C016               0.823 U12 O008 / U11 O008               0.693 U12 O003 / U22 O003
     0.978 z C018 / z C016                   0.799 U12 O007 / U11 O007               0.684 U12 C00E / U22 C00E
     0.924 U12 O006 / U11 O006               0.744 U12 O005 / U11 O005               0.681 U12 O00L / U22 O00L
    -0.917 U11 C017 / U11 C013               0.712 U12 O005 / U22 O005               0.675 U12 O00B / U22 O00B
    -0.886 x C017 / x C013                   0.710 U12 C00E / U11 C00E               0.669 U12 C00A / U22 C00A
    -0.883 z C017 / z C013                   0.708 U12 O00L / U11 O00L               0.669 U12 C00A / U11 C00A
     0.869 U12 Zr01 / U11 Zr01               0.699 U12 O00D / U11 O00D              -0.666 z O012 / U11 C00O
     0.868 U12 Zr02 / U11 Zr02               0.694 U12 O00J / U22 O00J               0.665 U12 C00C / U11 C00C



  CrystalPilot cross-check in P 6/m m m                                      

 ATOM           x        y        z         sof        U11      U22      U33      U23      U13      U12       Ueq

 Zr01        0.46385  0.53615  0.50000    0.25000    0.08793  0.08793  0.06901  0.00000  0.00000  0.05540   0.07654
   0.00000   0.00004  0.00004  0.00000    0.00000    0.00185  0.00185  0.00202  0.00000  0.00000  0.00205   0.00108

 Zr02        0.54472  0.54472  0.39367    0.50000    0.09377  0.09377  0.08515  0.01331  0.01331  0.05923   0.08541
   0.00528   0.00006  0.00006  0.00013    0.00000    0.00141  0.00141  0.00167  0.00121  0.00121  0.00151   0.00093

 O003        0.48159  0.58647  0.58209    1.00000    0.11250  0.11167  0.09289 -0.00285 -0.00377  0.07863   0.09565
   0.02190   0.00027  0.00025  0.00051    0.00000    0.00677  0.00672  0.00601  0.00537  0.00531  0.00581   0.00256

 O004        0.53395  0.59307  0.64947    1.00000    0.11386  0.12427  0.12683 -0.04362 -0.03060  0.07329   0.11554
   0.01810   0.00026  0.00025  0.00055    0.00000    0.00728  0.00727  0.00738  0.00577  0.00580  0.00627   0.00309

 O005        0.52681  0.56290  0.50000    0.50000    0.12816  0.24996  0.10166  0.00000  0.00000  0.13022   0.14406
   0.03186   0.00040  0.00050  0.00000    0.00000    0.01124  0.01683  0.00912  0.00000  0.00000  0.01193   0.00553

 O006        0.53813  0.53813  0.26201    0.50000    0.20165  0.20165  0.08766  0.01663  0.01663  0.15481   0.13966
   0.03354   0.00039  0.00039  0.00069    0.00000    0.01048  0.01048  0.00850  0.00804  0.00804  0.01156   0.00482

 O007        0.60126  0.60126  0.41438    0.50000    0.09678  0.09678  0.29083  0.01561  0.01561  0.04359   0.16360
   0.03059   0.00031  0.00031  0.00105    0.00000    0.00660  0.00660  0.01717  0.00910  0.00910  0.00791   0.00582

 O008        0.51732  0.48268  0.39342    0.50000    0.11604  0.11604  0.15679  0.02926 -0.02926  0.05892   0.12922
   0.01327   0.00018  0.00018  0.00080    0.00000    0.00703  0.00703  0.01183  0.00439  0.00439  0.00804   0.00466

 C009        0.50847  0.60211  0.63402    1.00000    0.10533  0.12516  0.09620  0.00132 -0.01708  0.07583   0.10081
   0.03746   0.00047  0.00044  0.00088    0.00000    0.01238  0.01309  0.01104  0.00966  0.00953  0.01084   0.00447

 C00A        0.50526  0.69031  0.78143    1.00000    0.24047  0.12330  0.08550 -0.00050 -0.02133  0.12631   0.13404
   0.04291   0.00062  0.00046  0.00087    0.00000    0.02032  0.01350  0.01065  0.00971  0.01219  0.01452   0.00584

 O00B        0.47768  0.64136  0.67354    1.00000    0.16738  0.11426  0.11487 -0.02541 -0.00986  0.10241   0.11795
   0.03233   0.00045  0.00042  0.00085    0.00000    0.01394  0.01142  0.01104  0.00910  0.00990  0.01121   0.00477

 C00C        0.50741  0.63276  0.68646    1.00000    0.15427  0.09438  0.11275 -0.02801 -0.02299  0.08558   0.11006
   0.03578   0.00049  0.00041  0.00090    0.00000    0.01443  0.01078  0.01148  0.00930  0.01076  0.01110   0.00452

 O00D        0.47564  0.66934  0.72392    1.00000    0.20293  0.12509  0.11169 -0.01793 -0.02642  0.10611   0.13586
   0.04097   0.00051  0.00048  0.00101    0.00000    0.01750  0.01286  0.01222  0.01059  0.01182  0.01314   0.00553

 C00E        0.50544  0.72182  0.83220    1.00000    0.24305  0.10918  0.09285 -0.02809 -0.02094  0.12315   0.13276
   0.03441   0.00051  0.00041  0.00094    0.00000    0.01803  0.01201  0.01116  0.00983  0.01146  0.01262   0.00553

 O00F        0.50529  0.75264  0.79001    0.50000    0.21492  0.09907  0.13000 -0.02090 -0.04180  0.10746   0.13513
   0.04216   0.00068  0.00034  0.00125    0.00000    0.02370  0.01014  0.01754  0.00821  0.01643  0.01185   0.00798

 O00G        0.53853  0.65211  0.74038    1.00000    0.20374  0.11107  0.10496 -0.05376 -0.04373  0.09021   0.13481
   0.03726   0.00052  0.00045  0.00091    0.00000    0.01638  0.01210  0.01103  0.00960  0.01139  0.01223   0.00559

 C00H        0.50478  0.72090  0.91349    1.00000    0.23846  0.11872  0.06597 -0.02389 -0.00871  0.10484   0.13414
   0.03362   0.00051  0.00042  0.00084    0.00000    0.01809  0.01271  0.00981  0.00891  0.01049  0.01270   0.00572

 C00I        0.50324  0.75162  0.95628    0.50000    0.25094  0.12133  0.08067 -0.00859 -0.01719  0.12547   0.13658
   0.04299   0.00069  0.00035  0.00103    0.00000    0.02511  0.00986  0.01286  0.00699  0.01398  0.01255   0.00791

 O00J        0.53786  0.68198  0.79055    1.00000    0.25909  0.14486  0.11222  0.00459 -0.02352  0.13659   0.15624
   0.03971   0.00058  0.00050  0.00092    0.00000    0.02046  0.01464  0.01255  0.01106  0.01283  0.01544   0.00634

 O00K        0.56994  0.43006  0.13701    0.50000    0.29731
   0.03122   0.00052  0.00052  0.00188    0.00000    0.01213

 O00L        0.50359  0.68672  0.95842    1.00000    0.26130  0.14272  0.09309  0.01906  0.01069  0.13527   0.15048
   0.03473   0.00050  0.00043  0.00072    0.00000    0.01843  0.01246  0.00978  0.00836  0.01015  0.01339   0.00601

 C00M        0.73996  0.53376  0.50000    0.50000    0.26412
   0.06944   0.00095  0.00108  0.00000    0.00000    0.01619

 C00N        0.59394  0.40606  0.09804    0.50000    0.20295
   0.03014   0.00046  0.00046  0.00181    0.00000    0.01109

 C00O        0.65419  0.65419  0.82138    0.50000    1.48237
   0.64379   0.00802  0.00802  0.01725    0.00000    0.34506

 C00R        0.59410  0.67097  0.00000    0.50000    0.31559
   0.08616   0.00126  0.00132  0.00000    0.00000    0.02025

 C00S        0.70160  0.55954  0.50000    0.50000    0.40595
   0.11337   0.00179  0.00165  0.00000    0.00000    0.02736

 C00T        0.54089  0.45911  0.20839    0.50000    0.41317
   0.06675   0.00100  0.00100  0.00402    0.00000    0.03246

 C00U        0.66197  0.58000  0.50000    0.50000    0.46013
   0.16703   0.00237  0.00255  0.00000    0.00000    0.04033

 C00V        0.70899  0.41799  0.50000    0.25000    0.44600
   0.17449   0.00148  0.00297  0.00000    0.00000    0.05019

 C00W        1.00000  1.00000  0.02088    0.08333    0.68205
   0.35988   0.00000  0.00000  0.02167    0.00000    0.14687

 C00X        0.67605  0.61800  0.50000    0.50000    0.97222
   0.30700   0.00444  0.00436  0.00000    0.00000    0.12127

 C00Y        0.60254  0.64609  0.08389    1.00000    0.79943
   0.20216   0.00292  0.00244  0.00486    0.00000    0.07757

 C00Z        0.48494  0.40944  0.12463    1.00000    0.74571
   0.21790   0.00282  0.00261  0.00522    0.00000    0.05487

 C010        0.73215  0.46430  0.50000    0.25000    0.48001
   0.20898   0.00178  0.00356  0.00000    0.00000    0.06203

 C011        0.95537  0.91073  0.50000    0.25000    1.68727
   0.50326   0.00428  0.00856  0.00000    0.00000    0.27113

 O012        0.64037  0.64037  0.23330    0.50000    0.71064
   0.19243   0.00220  0.00220  0.00583    0.00000    0.05534

 C013        0.55233  0.44767  0.81848    0.50000    2.00000
   1.73407   0.01405  0.01405  0.10440    0.00000    1.36152

 C014        0.92331  0.84661  0.65500    0.50000    1.22810
   0.36269   0.00283  0.00566  0.01237    0.00000    0.12596

 O015        0.66667  0.33333  0.16084    0.16667    1.03325
   0.15502   0.00000  0.00000  0.00933    0.00000    0.10925

 C016        1.00000  1.00000  0.99545    0.08333    0.05740
   3.67443   0.00000  0.00000  0.22122    0.00000    3.13398

 C017        0.55690  0.44310 -0.03195    0.50000    1.40289
   1.08558   0.01105  0.01105  0.06536    0.00000    0.88027

 C018        1.00000  1.00000  0.78054    0.08333    2.00000
   4.86514   0.00000  0.00000  0.29290    0.00000    4.90648

 C01A        0.60737  0.39263  0.00000    0.25000    1.01168
   0.00000   0.00657  0.00657  0.00000    0.00000    0.31658

 C01B        0.92505  0.85010  0.81270    0.50000    2.00000
   0.67054   0.00472  0.00944  0.02287    0.00000    0.30986

 C01D        0.73472  0.57032  0.59430    1.00000    0.70330
   0.15308   0.00193  0.00199  0.00369    0.00000    0.04618

 C01E        0.94319  0.50934  0.50000    0.50000    1.46229
   0.35402   0.00527  0.00571  0.00000    0.00000    0.25651



 Final Structure Factor Calculation for  CrystalPilot cross-check in P 6/m m m                                      

 Total number of l.s. parameters =   228  Maximum vector length =  623   Memory required =     73 /   6506 /    26789

 wR2 =  0.3738 before cycle   7 for    4395 data and      0 /    228 parameters

 GooF = S =     1.800;     Restrained GooF =      1.800 for       0 restraints

 Weight = 1 / [ sigma^2(Fo^2) + ( 0.1000 * P )^2 +   0.00 * P ]   where  P = ( Max ( Fo^2, 0 ) + 2 * Fc^2 ) / 3

 wR2 = 0.3738, GooF = S = 1.800, Restrained GooF = 1.800 for all data
 R1 = 0.1459 for 2063 Fo > 4sig(Fo) and 0.2333 for all 4395 data

 Occupancy sum of asymmetric unit =    27.67 for non-hydrogen and     0.00 for H and D atoms



 Principal mean square atomic displacements U

   0.0956   0.0690   0.0651   Zr01  
   0.1111   0.0761   0.0691   Zr02  
   0.1276   0.0925   0.0669   O003  
   0.1726   0.0925   0.0815   O004  
   0.2502   0.1017   0.0804   O005  
   0.2401   0.0937   0.0852   O006    may be split into  0.5437  0.5409  0.2634  and  0.5325  0.5353  0.2606
   0.2925   0.1064   0.0919   O007    may be split into  0.6018  0.6015  0.4273  and  0.6007  0.6010  0.4014
   0.1978   0.1166   0.0732   O008  
   0.1308   0.1078   0.0638   C009  
   0.2435   0.0923   0.0663   C00A    may be split into  0.5103  0.6905  0.7799  and  0.5003  0.6901  0.7830
   0.1758   0.1193   0.0588   O00B  
   0.1672   0.1063   0.0566   C00C  
   0.2104   0.1057   0.0914   O00D  
   0.2460   0.1004   0.0519   C00E  
   0.2320   0.1129   0.0605   O00F  
   0.2203   0.1314   0.0527   O00G  
   0.2406   0.1088   0.0530   C00H  
   0.2527   0.0790   0.0781   C00I    may be split into  0.5085  0.7516  0.9550  and  0.4979  0.7516  0.9575
   0.2629   0.1236   0.0822   O00J  
   0.2622   0.1102   0.0790   O00L  

 ** Warning:     4  atoms may be split and     0  atoms NPD **



 Analysis of variance for reflections employed in refinement      K = Mean[Fo^2] / Mean[Fc^2]  for group


 Fc/Fc(max)       0.000    0.006    0.010    0.014    0.019    0.025    0.033    0.043    0.060    0.099    1.000

 Number in group       515.     451.     397.     436.     420.     451.     411.     440.     435.     439.

            GooF      0.900    1.134    1.001    1.177    1.210    1.323    1.633    2.361    2.811    2.809

             K        0.899    1.478    0.839    1.145    1.112    1.108    1.018    1.052    1.099    1.069


 Resolution(A)    1.00     1.04     1.08     1.13     1.20     1.28     1.38     1.52     1.77     2.26     inf

 Number in group       445.     444.     438.     443.     436.     431.     437.     444.     437.     440.

            GooF      1.036    1.001    1.049    1.093    1.099    1.153    1.248    1.299    2.060    4.138

             K        1.281    1.133    1.126    1.100    1.020    0.922    1.007    1.007    1.090    1.088

             R1       0.440    0.354    0.316    0.285    0.306    0.295    0.153    0.113    0.126    0.203


 Recommended weighting scheme:  WGHT    0.2000    0.0000
 [Weight parameters refined to    0.3259        0.00  but appear excessive]


 Most Disagreeable Reflections (* if suppressed or used for Rfree).
 Error/esd is calculated as sqrt(wD^2/<wD^2>) where w is given by the weight
 formula, D = Fo^2-Fc^2 and <> refers to the average over all reflections.

     h   k   l          Fo^2          Fc^2    Error/esd  Fc/Fc(max)  Resolution(A)

    -1   2   3      16010.89       1946.43       9.16       0.060       5.33
     0   1   2      12145.00       1481.83       9.10       0.052       8.07
    -2   7   2       8342.26       1812.44       7.85       0.057       4.55
    -2   4   0     147550.70      18149.14       7.49       0.182       9.80
    -2   6   1      16342.68       4807.27       6.84       0.094       5.98
    -4  12   2      12318.65       3564.84       6.79       0.081       2.99
    -4   9   2       3981.02       1025.18       6.40       0.043       3.85
    -1   7   3       3056.59        668.33       6.14       0.035       3.78
    -1   4   2      13643.83       4796.58       5.85       0.093       6.23
    -2  10   0      67999.91      23140.20       5.73       0.205       3.70
     0   9   2      10358.92       3283.71       5.73       0.077       3.43
    -2   5   0       4469.09      15816.71       5.31       0.170       7.79
     0   7   0      14678.21       4506.69       5.28       0.091       4.85
     0   0   2     187125.45      26265.25       5.25       0.219       8.31
     0   3   0      93511.88     315867.91       5.14       0.759      11.31
    -1   7   2      12466.25       5225.52       4.88       0.098       4.39
    -5  11   0       3499.70      10953.18       4.80       0.141       3.56
    -3  10   0      11781.18       4681.58       4.71       0.092       3.82
    -1   7   1       1355.57       4112.50       4.65       0.087       4.94
    -1   4   0      53048.59      22402.33       4.64       0.202       9.41
    -2   9   0     150660.39      64419.82       4.63       0.343       4.15
    -4  11   1      33290.73      14999.48       4.60       0.165       3.44
    -1   7   5       5455.87       2317.85       4.59       0.065       2.80
    -5  10   0       3568.96        136.41       4.58       0.016       3.92
    -5  10   3     128241.51      55521.05       4.57       0.318       3.20
    -2   8   1       5849.21       2536.29       4.56       0.068       4.53
    -2   5   1      12275.35      33562.33       4.55       0.247       7.05
     0   0   3      19566.94       4253.48       4.53       0.088       5.54
     0   5   2      19545.19       8248.16       4.50       0.123       5.26
     0   1   3       2239.54        694.62       4.49       0.036       5.46
    -4  12   1      15493.14       7287.40       4.31       0.115       3.15
    -2   8   2      13635.45       6401.43       4.30       0.108       4.09
    -4   9   4      28748.04      13701.73       4.28       0.158       3.00
     0  10   2       5462.75       2252.24       4.20       0.064       3.14
    -1  12   3       2885.52       1138.75       4.19       0.046       2.60
     0   6   1      11821.15       5321.10       4.19       0.098       5.35
    -3  10   1       2735.83        996.50       4.19       0.043       3.72
    -2  10   1       6867.77       3240.86       4.10       0.077       3.61
    -4  14   4        352.88       1869.12       4.10       0.058       2.27
    -5  10   2       5166.92       2202.36       4.01       0.063       3.54
    -1   5   2      10403.78       5128.72       3.99       0.097       5.53
    -2   8   0      50719.00      24894.61       3.90       0.213       4.71
     0   8   0       9688.38       4035.84       3.84       0.086       4.24
     0   5   5        679.47       2412.99       3.79       0.066       2.98
    -6  12   2       1413.05       3760.92       3.76       0.083       3.04
    -3   8   3     143020.08      74782.30       3.75       0.369       3.65
    -3   7   0       8569.09       4289.09       3.67       0.088       5.58
    -5  12   2        427.78       1542.54       3.66       0.053       3.03
    -5  11   1       4870.21       2440.97       3.64       0.067       3.48
    -4  10   5        652.97       1859.16       3.49       0.058       2.53



 Bond lengths and angles

 Zr01 -          Distance        Angles
 C01E_$13  1.5697 (0.2029) 
 C01E_$14  1.5696 (0.2011)  140.88 (9.99)
 O005_$5   2.1447 (0.0133)  125.48 (6.81)  15.40 (7.13)
 O005      2.1449 (0.0133)   15.40 (7.12) 125.48 (6.83) 110.09 (0.89)
 O008_$3   2.1838 (0.0115)   78.70 (3.89)  78.69 (3.90)  70.39 (0.30)  70.40 (0.30)
 O008_$1   2.1838 (0.0115)   78.70 (3.89)  78.69 (3.90)  70.39 (0.30)  70.40 (0.30) 108.31 (0.74)
 O003_$4   2.2046 (0.0089)   66.29 (5.13) 137.56 (2.81) 141.55 (0.21)  77.97 (0.41)  78.02 (0.36) 142.66 (0.21)
 O003_$6   2.2046 (0.0089)  137.56 (2.81)  66.29 (5.14)  77.97 (0.41) 141.55 (0.21)  78.01 (0.36) 142.65 (0.21)  74.45 (0.43)
 O003_$5   2.2046 (0.0089)  137.56 (2.81)  66.29 (5.14)  77.97 (0.41) 141.55 (0.21) 142.65 (0.21)  78.01 (0.36) 119.80 (0.47)
 O003      2.2047 (0.0089)   66.29 (5.13) 137.56 (2.81) 141.55 (0.21)  77.97 (0.41) 142.66 (0.21)  78.02 (0.36)  76.41 (0.41)
 Zr02_$4   3.4945 (0.0025)   44.96 (4.86) 103.74 (5.95)  90.50 (0.39)  35.58 (0.22)  89.92 (0.33)  34.83 (0.18) 111.18 (0.22)
 Zr02_$3   3.4944 (0.0025)  103.74 (5.94)  44.96 (4.86)  35.58 (0.22)  90.50 (0.39)  34.82 (0.18)  89.91 (0.32) 110.06 (0.21)
                 Zr01            C01E_$13      C01E_$14      O005_$5       O005          O008_$3       O008_$1       O003_$4      

 Zr02 -          Distance        Angles
 O008_$3   2.1101 (0.0071) 
 O008      2.1099 (0.0070)   67.68 (0.55)
 O005      2.1493 (0.0080)   71.72 (0.49) 108.73 (0.61)
 O005_$7   2.1493 (0.0080)  108.72 (0.61)  71.71 (0.49)  69.48 (0.60)
 O006      2.2022 (0.0119)   84.30 (0.51)  84.25 (0.51) 144.76 (0.29) 144.67 (0.29)
 O007      2.2434 (0.0128)  145.15 (0.27) 145.24 (0.28)  82.59 (0.56)  82.65 (0.56) 105.58 (0.61)
 O004_$7   2.2541 (0.0088)  140.03 (0.36)  77.00 (0.38) 140.14 (0.39)  75.71 (0.42)  73.87 (0.30)  74.14 (0.29)
 O004_$4   2.2542 (0.0088)   77.01 (0.38) 140.04 (0.37)  75.71 (0.42) 140.14 (0.39)  73.95 (0.30)  74.04 (0.29) 125.76 (0.47)
 Zr01_$1   3.4944 (0.0025)   88.59 (0.34)  36.23 (0.31)  89.20 (0.38)  35.49 (0.36) 116.25 (0.26) 114.75 (0.29)  72.52 (0.23)
 Zr01      3.4945 (0.0025)   36.24 (0.31)  88.60 (0.34)  35.49 (0.36)  89.20 (0.38) 116.32 (0.26) 114.67 (0.29) 161.71 (0.24)
 Zr02_$3   3.5050 (0.0047)   33.84 (0.28)  33.85 (0.28)  90.14 (0.43)  90.14 (0.43)  83.24 (0.41) 171.18 (0.45) 109.07 (0.23)
 Zr02_$4   3.5323 (0.0042)   90.11 (0.37)  90.11 (0.37)  34.74 (0.30)  34.74 (0.30) 173.24 (0.42)  81.18 (0.45) 108.54 (0.25)
                 Zr02            O008_$3       O008          O005          O005_$7       O006          O007          O004_$7      

 O003 -          Distance        Angles
 C009      1.2585 (0.0139) 
 Zr01      2.2047 (0.0089)  132.25 (0.89)
                 O003            C009         

 O004 -          Distance        Angles
 C009      1.2418 (0.0135) 
 Zr02_$4   2.2543 (0.0088)  133.58 (0.95)
                 O004            C009         

 O005 -          Distance        Angles
 C01E_$13  0.7566 (0.1781) 
 Zr01      2.1449 (0.0132)   33.42 (9.99)
 Zr02_$4   2.1493 (0.0080)  121.93 (4.27) 108.93 (0.49)
 Zr02      2.1493 (0.0080)  121.93 (4.27) 108.93 (0.49) 110.52 (0.60)
                 O005            C01E_$13      Zr01          Zr02_$4      

 O006 -          Distance        Angles
 Zr02      2.2022 (0.0119) 
                 O006           

 O007 -          Distance        Angles
 C00O      7.0439 (0.2754) 
 Zr02      2.2434 (0.0127)  115.06 (2.72)
                 O007            C00O         

 O008 -          Distance        Angles
 Zr02      2.1099 (0.0070) 
 Zr02_$3   2.1102 (0.0070)  112.31 (0.55)
 Zr01_$1   2.1836 (0.0115)  108.94 (0.41) 108.93 (0.41)
                 O008            Zr02          Zr02_$3      

 C009 -          Distance        Angles
 O004      1.2418 (0.0135) 
 O003      1.2585 (0.0138)  126.82 (1.46)
 C00C      1.5013 (0.0174)  117.16 (1.45) 115.84 (1.36)
                 C009            O004          O003         

 C00A -          Distance        Angles
 O00D      1.4075 (0.0186) 
 O00J      1.4761 (0.0197)  119.53 (1.43)
 C00E      1.4924 (0.0173)  121.86 (1.70) 118.58 (1.66)
                 C00A            O00D          O00J         

 O00B -          Distance        Angles
 C00C      1.3817 (0.0159) 
 O00D      1.4131 (0.0170)  118.62 (1.40)
                 O00B            C00C         

 C00C -          Distance        Angles
 O00B      1.3817 (0.0159) 
 O00G      1.3927 (0.0169)  125.65 (1.37)
 C009      1.5013 (0.0174)  117.98 (1.46) 116.20 (1.46)
                 C00C            O00B          O00G         

 O00D -          Distance        Angles
 O00B      1.4131 (0.0170) 
 C00A      1.4075 (0.0187)  120.31 (1.47)
                 O00D            O00B         

 C00E -          Distance        Angles
 C00H      1.3506 (0.0164) 
 O00F      1.3994 (0.0155)  121.02 (1.43)
 C00A      1.4924 (0.0172)  123.42 (1.26) 115.54 (1.32)
                 C00E            C00H          O00F         

 O00F -          Distance        Angles
 C00E      1.3994 (0.0154) 
 C00E_$8   1.3991 (0.0155)  119.90 (1.86)
                 O00F            C00E         

 O00G -          Distance        Angles
 C00C      1.3927 (0.0168) 
 O00J      1.4478 (0.0184)  116.45 (1.50)
                 O00G            C00C         

 C00H -          Distance        Angles
 C00E      1.3506 (0.0164) 
 C00I      1.4235 (0.0137)  119.01 (1.43)
 O00L      1.5136 (0.0162)  120.55 (1.18) 120.36 (1.20)
                 C00H            C00E          C00I         

 C00I -          Distance        Angles
 C00I_$9   1.4523 (0.0343) 
 C00H_$8   1.4268 (0.0137)  119.89 (0.84)
 C00H      1.4235 (0.0137)  119.95 (0.84) 119.98 (1.70)
                 C00I            C00I_$9       C00H_$8      

 O00J -          Distance        Angles
 O00G      1.4478 (0.0184) 
 C00A      1.4761 (0.0197)  119.16 (1.53)
                 O00J            O00G         

 O00K -          Distance        Angles
 C017_$10  1.9735 (0.9265) 
 C013     11.3825 (1.7044)  146.12 (9.99)
 C00N      1.7476 (0.0380)   96.10 (9.99) 117.78 (5.43)
                 O00K            C017_$10      C013         

 O00L -          Distance        Angles
 O00L_$9   1.3812 (0.0238) 
 C00H      1.5136 (0.0162)  119.54 (0.69)
                 O00L            O00L_$9      

 C00M -          Distance        Angles
 C010      2.7173 (0.1081) 
                 C00M           

 C00N -          Distance        Angles
 O00K      1.7476 (0.0379) 
                 C00N           

 C00O -          Distance        Angles
 C00O_$4  10.6763 (0.5731) 
 O007      7.0439 (0.2748)   16.31 (2.66)
                 C00O            C00O_$4      

 C00R -          Distance        Angles
 C00Y_$10  1.8235 (0.0844) 
 C00Y      1.8235 (0.0844)   99.66 (5.55)
                 C00R            C00Y_$10     

 C00T -          Distance        Angles
 C017_$10  3.1299 (1.1154) 
 C013     10.1670 (1.7561)  154.81 (9.94)
                 C00T            C017_$10     

 C00U -          Distance        Angles
 C00X      1.3042 (0.1512) 
                 C00U           

 C00W -          Distance        Angles
 C00W_$12  0.6935 (0.7198) 
 C016     16.1876 (3.6192)  180.00 (2.78)
                 C00W            C00W_$12     

 C00X -          Distance        Angles
 C00U      1.3042 (0.1510) 
                 C00X           

 C00Y -          Distance        Angles
 C00R      1.8235 (0.0844) 
                 C00Y           

 C010 -          Distance        Angles
 C00M      2.7173 (0.1079) 
 C00M_$11  2.6643 (0.1104)   46.15 (2.45)
                 C010            C00M         

 C013 -          Distance        Angles
 C017_$10 13.0673 (0.9185) 
 C00T     10.1670 (1.7561)    5.85 (2.66)
 O00K     11.3825 (1.7039)    4.83 (2.66)  10.68 (1.44)
                 C013            C017_$10      C00T         

 C016 -          Distance        Angles
 C00W     16.1876 (3.6192) 
                 C016           

 C017 -          Distance        Angles
 C013_$10 13.0673 (0.9186) 
 O00K_$10  1.9736 (0.9262)   29.05 (9.99)
 C00T_$10  3.1298 (1.1147)   19.34 (8.77)  48.39 (9.99)
                 C017            C013_$10      O00K_$10     

 C01E -          Distance        Angles
 Zr01_$2   1.5697 (0.2007) 
 O005_$2   0.7565 (0.1793)  131.17 (9.99)
 C01E_$15  2.9582 (0.4218)   19.56 (6.95) 111.62 (9.99)
                 C01E            Zr01_$2       O005_$2      



 Selected torsion angles

    -5.32 ( 2.21)  Zr02_$4 - O004 - C009 - O003
   169.71 ( 0.89)  Zr02_$4 - O004 - C009 - C00C
     3.50 ( 2.10)  Zr01 - O003 - C009 - O004
  -171.58 ( 0.80)  Zr01 - O003 - C009 - C00C
    -6.73 ( 2.42)  O00D - O00B - C00C - O00G
   178.23 ( 1.27)  O00D - O00B - C00C - C009
  -175.88 ( 1.33)  O004 - C009 - C00C - O00B
    -0.31 ( 1.92)  O003 - C009 - C00C - O00B
     8.61 ( 1.95)  O004 - C009 - C00C - O00G
  -175.81 ( 1.26)  O003 - C009 - C00C - O00G
     5.27 ( 2.26)  C00C - O00B - O00D - C00A
    -1.92 ( 2.31)  O00J - C00A - O00D - O00B
   176.18 ( 1.38)  C00E - C00A - O00D - O00B
   121.74 ( 1.89)  O00D - C00A - C00E - C00H
   -60.14 ( 2.48)  O00J - C00A - C00E - C00H
   -56.62 ( 2.44)  O00D - C00A - C00E - O00F
   121.50 ( 1.82)  O00J - C00A - C00E - O00F
     1.61 ( 3.71)  C00H - C00E - O00F - C00E_$8
  -179.99 ( 1.49)  C00A - C00E - O00F - C00E_$8
     4.29 ( 2.39)  O00B - C00C - O00G - O00J
   179.41 ( 1.27)  C009 - C00C - O00G - O00J
     1.07 ( 3.11)  O00F - C00E - C00H - C00I
  -177.20 ( 1.83)  C00A - C00E - C00H - C00I
   177.96 ( 1.75)  O00F - C00E - C00H - O00L
    -0.31 ( 2.92)  C00A - C00E - C00H - O00L
  -178.87 ( 1.26)  C00E - C00H - C00I - C00I_$9
     4.23 ( 2.18)  O00L - C00H - C00I - C00I_$9
    -3.76 ( 3.59)  C00E - C00H - C00I - C00H_$8
   179.35 ( 1.30)  O00L - C00H - C00I - C00H_$8
    -0.56 ( 2.23)  C00C - O00G - O00J - C00A
    -0.45 ( 2.32)  O00D - C00A - O00J - O00G
  -178.61 ( 1.39)  C00E - C00A - O00J - O00G
   178.94 ( 1.31)  C00E - C00H - O00L - O00L_$9
    -4.22 ( 2.16)  C00I - C00H - O00L - O00L_$9


 FMAP and GRID set by program

 FMAP   2   1 167
 GRID    -0.610  -1  -1     0.610   1   1

 R1 =  0.2274 for   4395 unique reflections after merging for Fourier


 Electron density synthesis with coefficients Fo-Fc

 Highest peak    1.16  at  0.6051  0.2102  0.5000  [  3.70 A from C00V ]
 Deepest hole   -5.93  at  0.0000  0.0000  0.0000  [  0.08 A from C016 ]


 Fourier peaks appended to .res file

              x       y       z       sof     U      Peak   Distances to nearest atoms (including eq.)

 Q1    1   0.6051  0.3949  0.5000   0.25000  0.05    1.16   3.70 C00V  3.70 C00V  4.03 O00B  4.03 O00B
 Q2    1   0.6169  0.6169  0.5000   0.25000  0.05    0.60   1.55 O007  2.30 C00X  2.79 C00U  3.08 O005
 Q3    1   1.0000  1.0000  0.6016   0.08333  0.05    0.50   2.97 C018  3.47 C011  5.28 C014  6.18 C01B
 Q4    1   0.6099  0.6099  0.1914   0.50000  0.05    0.49   1.38 O012  1.75 C00O  2.39 C00Y  3.05 O006
 Q5    1   0.6204  0.3796  0.1093   0.50000  0.05    0.45   1.80 C00N  2.02 C01A  3.26 O015^a  3.26 O015^a
 Q6    1   0.6546  0.6546  0.5000   0.25000  0.05    0.45   1.99 C00X  2.53 O007  3.08 C00U  4.46 O012
 Q7    1   0.5000  0.5000  0.1463   0.25000  0.05    0.44   2.43 O006  2.96 C00T^a  3.31 C00Z  3.60 C013^a
 Q8    1   0.6859  0.6157  0.6056   1.00000  0.05    0.43   1.81 C00X  2.15 C00U  3.09 O007  3.11 C00S
 Q9    1   0.9213  0.8427  0.5000   0.25000  0.05    0.41   2.31 C011  2.58 C014  4.64 C011  4.64 C011
 Q10   1   1.0000  1.0000  0.5000   0.04167  0.05    0.41   3.03 C011  4.66 C018  5.81 C014  7.27 C01B
 Q11   1   0.4615  0.4122  0.0000   0.50000  0.05    0.39   2.29 C00Z  2.78 C00Y  2.87 C00R  3.35 C017
 Q12   1   0.6462  0.6215  0.5000   0.50000  0.05    0.37   1.24 C00X  2.01 C00U  2.09 O007  2.86 C00X
 Q13   1   0.4673  0.3933  0.0000   0.50000  0.05    0.37   2.17 C00Z  2.46 C00R  2.76 C00Y  3.09 C017
 Q14   1   0.7262  0.4524  0.4361   0.50000  0.05    0.37   1.14 C010  1.58 C00V  3.14 C00M  3.86 O00D
 Q15   1   0.6083  0.7767  0.9611   1.00000  0.05    0.37   3.61 C00H  3.73 C00I  3.85 O00L  3.95 C00R
 Q16   1   0.7731  0.7731  0.8543   0.50000  0.05    0.36   4.69 C00O  5.20 C01B  5.40 O012  6.08 C014
 Q17   1   0.6667  0.3333  0.2566   0.16667  0.05    0.36   1.59 O015^a  4.96 C00V  5.53 O00D  5.53 O00D
 Q18   1   0.5690  0.6363  0.0739   1.00000  0.05    0.35   1.18 C00Y  1.73 C00R  2.15 C00Z  2.87 C00Y
 Q19   1   0.5740  0.5740  0.0318   0.50000  0.05    0.35   2.61 C00Y  3.10 C00Z  3.12 C00Y  3.51 C00R
 Q20   1   0.6048  0.8024  0.9112   0.50000  0.05    0.35   3.53 C00I  3.61 C00H  3.82 C00E  3.93 O00F

 Shortest distances between peaks (including symmetry equivalents)

     11  13  0.88     19  19  1.06      2  12  1.07      6  12  1.17     15  15  1.29     15  20  1.36     15  20  1.36
      2   6  1.48     12  12  1.68      3  10  1.69     13  18  1.80     11  19  1.80     11  18  2.07     14  14  2.12
     15  15  2.15     15  20  2.38     15  20  2.38      8  12  2.43     18  18  2.45     15  15  2.51     13  19  2.57
     18  19  2.64     20  20  2.95      6   8  2.96


 Time profile in seconds
 -----------------------

      0.02: Read and process instructions
      0.00: Fit rigid groups
      0.00: Interpret restraints etc.
      0.00: Generate connectivity array
      0.00: Analyse DFIX and DANG restraints
      0.00: Analyse SAME, SADI and NCSY restraints
      0.00: Generate CHIV restraints
      0.00: Check if bonds in residues restrained
      0.00: Generate DELU and RIGU restraints
      0.00: Generate SIMU restraints
      0.00: Generate ISOR restraints
      0.00: Analyse electron density
      0.00: Analyse other restraints etc.
      0.47: Read intensity data, sort/merge etc.
      0.01: Set up constraints
      0.00: OSF, H-atoms from difference map
      0.02: Set up l.s. refinement
      0.00: Generate idealized H-atoms
      0.05: Structure factors and derivatives
      0.02: Sum l.s. matrices
      0.00: Generate and apply antibumping restraints
      0.00: Apply other restraints
      0.00: Solve l.s. equations
      0.00: Generate HTAB table
      4.38: Other dependent quantities, CIF, tables
      0.01: Analysis of variance
      0.06: Merge reflections for Fourier and .fcf
      0.07: Fourier summations
      0.02: Peaksearch
      0.00: Analyse peaklist

 ** WARNING: These times are only approximate for multiple threads.
             To get better estimates run with -t1 **

   Please cite: G.M. Sheldrick (2015) "Crystal structure refinement with
   SHELXL", Acta Cryst., C71, 3-8 (Open Access) if SHELXL proves useful.

 +++++++++++++++++++++++++++++++++++++++++++++++++++++++++++++++++++++++++++++
 +  job           finished at 19:41:26   Total elapsed time:      5.12 secs  +
 +++++++++++++++++++++++++++++++++++++++++++++++++++++++++++++++++++++++++++++
