
 +++++++++++++++++++++++++++++++++++++++++++++++++++++++++++++++++++
 +  SHELXL -  CRYSTAL STRUCTURE REFINEMENT  -   MULTI-CPU VERSION  +
 +  Copyright(C) George M. Sheldrick 1993-2023     Version 2019/3  +
 +  job                        started at 19:58:21 on 21-Sep-2026  +
 +++++++++++++++++++++++++++++++++++++++++++++++++++++++++++++++++++

 Command line parameters: job -a50000 -b3000 -c624 -g0 -m0 -t4

 -a sets the approximate maximum number of atoms including hydrogens.
 -b sets the maximum number of full-matrix parameters (not used by CGLS).
 For example -b9000 allows refinement of 1000 anisotropic atoms or 3000
 with BLOC 1. For a 32-bit version, -b times the square root of the
 number of threads should not exceed about 65500. -c sets the reflection
 buffer size. This depends on the CPU cache size but will rarely
 need changing.

 -g sets the number of reflection groups used for calculating R_complete,
 This must be greater than 1 but not greater than the total number of
 reflections for refinement. -m sets the current reflection group number.
 This may not be less than 1 nor greater than the number set by -g. These
 command line flags override other ways of defining free-R reflections.
 The -m value is also used as a seed for the WIGL pseudo-random shifts.

 -t sets the number of threads, otherwise it is set to the apparent
 number of CPUs. For optimal performance on hyperthreading systems,
 -t should be set to a little more than half the number of CPUs;
 e.g. -t4 or -t5 for an Intel i7 processor.

 Running  4 threads on  4 processors

 TITL CrystalPilot cross-check in P 6/m m m
 CELL 0.68883 39.19000 39.19000 16.61000 90.0000 90.0000 120.0000
 ZERR 3 0.00000 0.00000 0.00000 0.0000 0.0000 0.0000
 LATT 1
 SYMM X-Y,X,Z
 SYMM Y,-X+Y,Z
 SYMM -Y,X-Y,Z
 SYMM -X+Y,-X,Z
 SYMM X-Y,-Y,-Z
 SYMM -X,-X+Y,-Z
 SYMM -X,-Y,Z
 SYMM Y,X,-Z
 SYMM -Y,-X,-Z
 SYMM -X+Y,Y,-Z
 SYMM X,X-Y,-Z
 SFAC C H O Zr
 REM DISP lambda 0.68883 A is not a SHELXL built-in line (Cu/Mo/Ag K-alpha):
 REM DISP f'/f'' from cctbx (sasaki: C O Zr; henke: H), mu = NIST attenuation
 REM DISP in barn/atom
 DISP $C 0.002 0.002 10.99
 DISP $H 0.000 0.000 0.62
 DISP $O 0.007 0.006 30.28
 DISP $Zr -9.041 2.772 14341.91
 UNIT 264.0 132.0 96.0 18.0

 V =    22092.79     F(000) =    3204.0     Mu =   1.20 mm-1      Cell Wt =     6481.65    Rho =  0.487

  
 L.S. 3
 BOND $H
 CONF
 ACTA
 FMAP 2
 PLAN 20
 ABIN
 EQIV $1 X, Y, -Z+1
 EQIV $2 -X+1, -Y+1, Z
 EQIV $3 -X+1, -Y+1, -Z+1
 FREE ZR1 ZR2
 FREE ZR1 ZR2_$1
 FREE ZR1 ZR2_$2
 FREE ZR1 ZR2_$3
 FREE ZR2 ZR2_$1
 FREE ZR2 ZR2_$2
  
 SHEL 999 1.000
  
 WGHT 0.144400 0.000000
 FVAR 0.05121
 ZR1   4   0.463830   0.536170   0.500000    10.25000     0.08741     0.08741 =
       0.06894     0.00000     0.00000     0.05596
 ZR2   4   0.544998   0.544998   0.393677    10.50000     0.09119     0.09119 =
       0.08208     0.01233     0.01233     0.05712
 O1    3   0.482267   0.587240   0.582177    11.00000     0.10079     0.09652 =
       0.09770     0.00087    -0.00022     0.06690
 O2    3   0.534173   0.593110   0.649519    11.00000     0.10641     0.11896 =
       0.12844    -0.03937    -0.03322     0.07109
 O3    3   0.527374   0.563776   0.500000    10.50000     0.09943     0.19126 =
       0.09559     0.00000     0.00000     0.08851
 O4    3   0.536484   0.536484   0.260071    10.50000     0.19653     0.19653 =
       0.08208     0.03868     0.03868     0.15379
 O5    3   0.600080   0.600080   0.409779    10.50000     0.10926     0.10926 =
       0.24659     0.02714     0.02714     0.05772
 O6    3   0.518129   0.481871   0.393009    10.50000     0.12431     0.12431 =
       0.12761     0.01773    -0.01773     0.07785
 C1    1   0.509215   0.602806   0.634645    11.00000     0.10390     0.10741 =
       0.08301    -0.00210    -0.01856     0.06404
 C2    1   0.505177   0.690156   0.780632    11.00000     0.22042     0.11631 =
       0.07044     0.00012    -0.02232     0.09333
 C3    1   0.477794   0.641034   0.675753    11.00000     0.15220     0.11801 =
       0.12250    -0.04858    -0.02218     0.09238
 AFIX 43
 H3    2   0.458368   0.627760   0.637168    11.00000    -1.20000
 AFIX 0
 C4    1   0.507971   0.632754   0.685919    11.00000     0.16575     0.10765 =
       0.09745    -0.03156    -0.02631     0.09326
 C5    1   0.477059   0.669731   0.724580    11.00000     0.18024     0.14398 =
       0.11599    -0.00483     0.00363     0.11228
 AFIX 43
 H5    2   0.456553   0.675000   0.718396    11.00000    -1.20000
 AFIX 0
 C6    1   0.505300   0.722151   0.830803    11.00000     0.23172     0.09787 =
       0.09037    -0.02365    -0.01630     0.11078
 C7    1   0.505234   0.752617   0.792571    10.50000     0.26186     0.11786 =
       0.09419    -0.01602    -0.03203     0.13093
 AFIX 43
 H7    2   0.505136   0.752568   0.736581    10.50000    -1.20000
 AFIX 0
 C8    1   0.537918   0.652369   0.739777    11.00000     0.22794     0.10838 =
       0.11753    -0.06327    -0.05785     0.10736
 AFIX 43
 H8    2   0.558148   0.646570   0.743793    11.00000    -1.20000
 AFIX 0
 C9    1   0.504646   0.722129   0.913384    11.00000     0.25423     0.10858 =
       0.08475     0.00261    -0.00466     0.11223
 C10   1   0.505099   0.752549   0.956079    10.50000     0.27910     0.10920 =
       0.08329     0.00074     0.00148     0.13955
 C11   1   0.537732   0.680785   0.787929    11.00000     0.24696     0.12266 =
       0.10878    -0.00681    -0.05361     0.10849
 AFIX 43
 H11   2   0.557843   0.694225   0.825112    11.00000    -1.20000
 AFIX 0
 C12   1   0.504503   0.690137   0.959607    11.00000     0.31398     0.15666 =
       0.08483    -0.00747    -0.00032     0.15990
 AFIX 43
 H12   2   0.504411   0.669382   0.932269    11.00000    -1.20000
 AFIX 0
 HKLF 4



 Covalent radii and connectivity table for  CrystalPilot cross-check in P 6/m m m                                      
 C      0.770
 H      0.320
 O      0.660
 ZR     1.590

 Zr1 - O6_$3 O6_$2 O3 O3_$4 O1 O1_$5 O1_$4 O1_$1
 Zr2 - O6_$2 O6 O3_$6 O3 O5 O4 O2_$6 O2_$1 Zr1_$3
 O1 - C1 Zr1
 O2 - C1 Zr2_$1
 O3 - Zr2_$1 Zr2 Zr1
 O4 - Zr2
 O5 - Zr2
 O6 - Zr2_$2 Zr2 Zr1_$3
 C1 - O2 O1 C4
 C2 - C5 C11 C6
 C3 - C4 C5
 C4 - C8 C3 C1
 C5 - C2 C3
 C6 - C7 C9 C2
 C7 - C6_$7 C6
 C8 - C4 C11
 C9 - C6 C10 C12
 C10 - C9_$7 C9 C10_$8
 C11 - C8 C2
 C12 - C12_$8 C9


 Operators for generating equivalent atoms:
 $1   x, y, -z+1
 $2   -x+1, -y+1, z
 $3   -x+1, -y+1, -z+1
 $4   -y+1, -x+1, z
 $5   -y+1, -x+1, -z+1
 $6   y, x, -z+1
 $7   x, x-y+1, z
 $8   x, y, -z+2

   179481  Reflections outside SHEL resolution limits rejected


   337815  Reflections read, of which  179481  rejected

 -39 =< h =< 39,    -39 =< k =< 39,    -16 =< l =< 16,   Max. 2-theta =   40.28

        0  Systematic absence violations (I>3sig(I)) before merging

        0  Inconsistent equivalents

     4395  Unique reflections, of which       0  suppressed

 R(int) = 0.5659     R(sigma) = 0.1066      Friedel opposites merged

 Maximum memory for data reduction =     3027 /    48177


 Reflection statistics for all twin components combined (TWST 0 set)
 Number of data for d > 1.000A (CIF: max) and d > 1.000A (CIF: full)
 (ignoring systematic absences):
 Unique reflections found (point group)       4395    4395
 Unique reflections possible (point group)    4401    4401
 Unique reflections found (Laue group)        4395    4395
 Unique reflections possible (Laue group)     4401    4401

 Special position constraints for Zr1
 z =  0.5000   y = -1.0 * x + 1.0000   U22 = 1.0 * U11   U23 = 0   U13 = 0   
 sof = 0.25000   
 Input constraints retained (at least in part) for  sof

 Special position constraints for Zr2
 y =  1.0 * x + 0.0000   U22 = 1.0 * U11   U13 = 1.0 * U23   sof = 0.50000   
 Input constraints retained (at least in part) for  sof

 Special position constraints for O3
 z =  0.5000   U23 = 0   U13 = 0   sof = 0.50000   
 Input constraints retained (at least in part) for  sof

 Special position constraints for O4
 y =  1.0 * x + 0.0000   U22 = 1.0 * U11   U13 = 1.0 * U23   sof = 0.50000   
 Input constraints retained (at least in part) for  sof

 Special position constraints for O5
 y =  1.0 * x + 0.0000   U22 = 1.0 * U11   U13 = 1.0 * U23   sof = 0.50000   
 Input constraints retained (at least in part) for  sof

 Special position constraints for O6
 y = -1.0 * x + 1.0000   U22 = 1.0 * U11   U13 =-1.0 * U23   sof = 0.50000   
 Input constraints retained (at least in part) for  sof

 Special position constraints for C7
 y =  0.5 * x + 0.5000   U13 = 2.0 * U23   U12 = 0.5 * U11   sof = 0.50000   
 Input constraints retained (at least in part) for  sof

 Special position constraints for C10
 y =  0.5 * x + 0.5000   U13 = 2.0 * U23   U12 = 0.5 * U11   sof = 0.50000   
 Input constraints retained (at least in part) for  sof


 Default effective X-H and X-D distances for T =   20.0C 
 AFIX m =    1     2     3     4   4[N]  3[N]  15[B]  8[O]   9   9[N]   16
 d(X-H) =  0.98  0.97  0.96  0.93  0.86  0.89  1.10  0.82  0.93  0.86  0.93

 Note that these distances are chosen to give the best fit to the X-ray data
 and so avoid the introduction of systematic error.  The true internuclear
 distances are longer and do not vary with temperature!  The apparent
 variation with temperature is caused by libration.


 Least-squares cycle   1   Maximum vector length =  623   Memory required =     47 /   3458 /   233565

 wR2 =  0.2526 before cycle   1 for    4395 data and    155 /    155 parameters

 GooF = S =     0.912;     Restrained GooF =      0.912 for       0 restraints

 Weight = 1 / [ sigma^2(Fo^2) + ( 0.1444 * P )^2 +   0.00 * P ]   where  P = ( Max ( Fo^2, 0 ) + 2 * Fc^2 ) / 3


     N      value        esd    shift/esd  parameter

     1     0.05121     0.00020     0.009    OSF

 Mean shift/esd =   0.001  Maximum =     0.009 for  OSF          

 Max. shift = 0.000 A for C3        Max. dU = 0.000 for C3         


 Least-squares cycle   2   Maximum vector length =  623   Memory required =     47 /   3458 /   233565

 wR2 =  0.2526 before cycle   2 for    4395 data and    155 /    155 parameters

 GooF = S =     0.912;     Restrained GooF =      0.912 for       0 restraints

 Weight = 1 / [ sigma^2(Fo^2) + ( 0.1444 * P )^2 +   0.00 * P ]   where  P = ( Max ( Fo^2, 0 ) + 2 * Fc^2 ) / 3


     N      value        esd    shift/esd  parameter

     1     0.05121     0.00020     0.001    OSF

 Mean shift/esd =   0.000  Maximum =    -0.002 for   x  Zr2      

 Max. shift = 0.000 A for C3        Max. dU = 0.000 for C3         


 Least-squares cycle   3   Maximum vector length =  623   Memory required =     47 /   3458 /   233565

 wR2 =  0.2526 before cycle   3 for    4395 data and    155 /    155 parameters

 GooF = S =     0.912;     Restrained GooF =      0.912 for       0 restraints

 Weight = 1 / [ sigma^2(Fo^2) + ( 0.1444 * P )^2 +   0.00 * P ]   where  P = ( Max ( Fo^2, 0 ) + 2 * Fc^2 ) / 3


     N      value        esd    shift/esd  parameter

     1     0.05121     0.00020     0.000    OSF

 Mean shift/esd =   0.000  Maximum =    -0.001 for   x  Zr2      

 Max. shift = 0.000 A for C1        Max. dU = 0.000 for C12        


 Largest correlation matrix elements

     0.931 U12 O4 / U11 O4                   0.699 U12 C6 / U11 C6                   0.672 U12 C4 / U11 C4
     0.868 U12 O6 / U11 O6                   0.688 U12 C8 / U22 C8                   0.664 U12 O1 / U11 O1
     0.868 U12 Zr1 / U11 Zr1                 0.687 U12 C9 / U11 C9                   0.659 U12 C3 / U22 C3
     0.866 U12 Zr2 / U11 Zr2                 0.684 U12 C6 / U22 C6                   0.657 U12 C9 / U22 C9
     0.833 U12 O5 / U11 O5                   0.683 U12 C8 / U11 C8                   0.653 U12 C4 / U22 C4
     0.732 U12 C5 / U11 C5                   0.678 U12 C5 / U22 C5                   0.649 U12 C3 / U11 C3
     0.729 U12 C12 / U11 C12                 0.676 U12 O3 / U11 O3                   0.638 U12 O3 / U22 O3
     0.714 U12 C12 / U22 C12                 0.676 U12 O1 / U22 O1                   0.636 U12 O2 / U22 O2



 Idealized hydrogen atom generation before cycle   4

 Name     x       y       z    AFIX  d(X-H)  shift  Bonded to  Conformation determined by
 H3    0.4584  0.6278  0.6372   43   0.930   0.000   C3            C4  C5  
 H5    0.4566  0.6750  0.7184   43   0.930   0.000   C5            C2  C3  
 H7    0.5051  0.7526  0.7366   43   0.930   0.000   C7            C6_$7  C6  
 H8    0.5581  0.6466  0.7438   43   0.930   0.000   C8            C4  C11  
 H11   0.5578  0.6942  0.8251   43   0.930   0.000   C11           C8  C2  
 H12   0.5044  0.6694  0.9323   43   0.930   0.000   C12           C12_$8  C9  



  CrystalPilot cross-check in P 6/m m m                                      

 ATOM           x        y        z         sof        U11      U22      U33      U23      U13      U12       Ueq

 Zr1         0.46383  0.53617  0.50000    0.25000    0.08741  0.08741  0.06894  0.00000  0.00000  0.05596   0.07581
   0.00000   0.00003  0.00003  0.00000    0.00000    0.00116  0.00116  0.00126  0.00000  0.00000  0.00127   0.00068

 Zr2         0.54500  0.54500  0.39368    0.50000    0.09119  0.09119  0.08208  0.01233  0.01233  0.05712   0.08303
   0.00336   0.00004  0.00004  0.00008    0.00000    0.00088  0.00088  0.00102  0.00074  0.00074  0.00093   0.00057

 O1          0.48227  0.58724  0.58218    1.00000    0.10079  0.09652  0.09770  0.00087 -0.00022  0.06690   0.09053
   0.01268   0.00015  0.00015  0.00031    0.00000    0.00396  0.00389  0.00377  0.00325  0.00325  0.00338   0.00153

 O2          0.53417  0.59311  0.64952    1.00000    0.10641  0.11896  0.12844 -0.03937 -0.03322  0.07109   0.11138
   0.01145   0.00016  0.00016  0.00034    0.00000    0.00446  0.00453  0.00474  0.00365  0.00363  0.00389   0.00193

 O3          0.52737  0.56378  0.50000    0.50000    0.09943  0.19127  0.09559  0.00000  0.00000  0.08851   0.12172
   0.01657   0.00022  0.00026  0.00000    0.00000    0.00586  0.00853  0.00543  0.00000  0.00000  0.00601   0.00285

 O4          0.53648  0.53648  0.26007    0.50000    0.19653  0.19653  0.08208  0.03868  0.03868  0.15379   0.13370
   0.02174   0.00025  0.00025  0.00044    0.00000    0.00675  0.00675  0.00524  0.00493  0.00493  0.00729   0.00315

 O5          0.60008  0.60008  0.40978    0.50000    0.10926  0.10926  0.24659  0.02714  0.02714  0.05772   0.15366
   0.02060   0.00021  0.00021  0.00064    0.00000    0.00477  0.00477  0.01030  0.00574  0.00574  0.00556   0.00361

 O6          0.51813  0.48187  0.39301    0.50000    0.12431  0.12431  0.12761  0.01773 -0.01773  0.07785   0.11844
   0.00771   0.00011  0.00011  0.00046    0.00000    0.00487  0.00487  0.00658  0.00245  0.00245  0.00546   0.00275

 C1          0.50922  0.60281  0.63464    1.00000    0.10390  0.10741  0.08301 -0.00210 -0.01856  0.06404   0.09312
   0.02098   0.00028  0.00026  0.00051    0.00000    0.00728  0.00716  0.00599  0.00529  0.00544  0.00612   0.00253

 C2          0.50518  0.69016  0.78063    1.00000    0.22042  0.11631  0.07044  0.00012 -0.02232  0.09333   0.13165
   0.02676   0.00040  0.00030  0.00054    0.00000    0.01276  0.00845  0.00616  0.00583  0.00721  0.00891   0.00384

 C3          0.47779  0.64103  0.67575    1.00000    0.15220  0.11801  0.12250 -0.04858 -0.02218  0.09238   0.11987
   0.02041   0.00029  0.00027  0.00054    0.00000    0.00862  0.00736  0.00735  0.00607  0.00637  0.00704   0.00314

 H3          0.45837  0.62776  0.63717    1.00000    0.14385
                                          0.00000    0.00000

 C4          0.50797  0.63275  0.68592    1.00000    0.16575  0.10765  0.09745 -0.03156 -0.02631  0.09326   0.11254
   0.02293   0.00033  0.00027  0.00055    0.00000    0.00964  0.00720  0.00671  0.00594  0.00672  0.00750   0.00298

 C5          0.47706  0.66973  0.72458    1.00000    0.18024  0.14398  0.11599 -0.00483  0.00363  0.11228   0.13286
   0.02719   0.00033  0.00031  0.00062    0.00000    0.01079  0.00910  0.00798  0.00727  0.00763  0.00864   0.00345

 H5          0.45655  0.67500  0.71840    1.00000    0.15943
                                          0.00000    0.00000

 C6          0.50530  0.72215  0.83080    1.00000    0.23172  0.09787  0.09037 -0.02365 -0.01630  0.11078   0.12737
   0.02188   0.00033  0.00026  0.00056    0.00000    0.01131  0.00698  0.00669  0.00598  0.00697  0.00766   0.00346

 C7          0.50523  0.75262  0.79257    0.50000    0.26186  0.11786  0.09419 -0.01602 -0.03203  0.13093   0.14197
   0.02851   0.00046  0.00023  0.00075    0.00000    0.01850  0.00690  0.00964  0.00522  0.01043  0.00925   0.00568

 H7          0.50514  0.75257  0.73658    0.50000    0.17036
                                          0.00000    0.00000

 C8          0.53792  0.65237  0.73978    1.00000    0.22794  0.10838  0.11753 -0.06327 -0.05785  0.10736   0.14093
   0.02335   0.00034  0.00028  0.00058    0.00000    0.01176  0.00757  0.00752  0.00646  0.00805  0.00824   0.00400

 H8          0.55815  0.64657  0.74379    1.00000    0.16912
                                          0.00000    0.00000

 C9          0.50465  0.72213  0.91338    1.00000    0.25423  0.10858  0.08475  0.00261 -0.00466  0.11223   0.13962
   0.02361   0.00035  0.00027  0.00055    0.00000    0.01290  0.00761  0.00682  0.00596  0.00743  0.00849   0.00393

 C10         0.50510  0.75255  0.95608    0.50000    0.27910  0.10920  0.08329  0.00074  0.00148  0.13955   0.13832
   0.02956   0.00046  0.00023  0.00065    0.00000    0.01776  0.00568  0.00791  0.00461  0.00921  0.00888   0.00547

 C11         0.53773  0.68078  0.78793    1.00000    0.24696  0.12266  0.10878 -0.00681 -0.05361  0.10849   0.15232
   0.02459   0.00038  0.00031  0.00057    0.00000    0.01356  0.00867  0.00795  0.00665  0.00805  0.00942   0.00426

 H11         0.55784  0.69422  0.82511    1.00000    0.18278
                                          0.00000    0.00000

 C12         0.50450  0.69014  0.95961    1.00000    0.31398  0.15666  0.08483 -0.00747 -0.00032  0.15990   0.16638
   0.02367   0.00034  0.00030  0.00045    0.00000    0.01458  0.00894  0.00593  0.00567  0.00718  0.01026   0.00452

 H12         0.50441  0.66938  0.93227    1.00000    0.19966
                                          0.00000    0.00000



 Final Structure Factor Calculation for  CrystalPilot cross-check in P 6/m m m                                      

 Total number of l.s. parameters =   155  Maximum vector length =  623   Memory required =     47 /   3303 /    28035

 wR2 =  0.2526 before cycle   4 for    4395 data and      0 /    155 parameters

 GooF = S =     0.912;     Restrained GooF =      0.912 for       0 restraints

 Weight = 1 / [ sigma^2(Fo^2) + ( 0.1444 * P )^2 +   0.00 * P ]   where  P = ( Max ( Fo^2, 0 ) + 2 * Fc^2 ) / 3

 wR2 = 0.2526, GooF = S = 0.912, Restrained GooF = 0.912 for all data
 R1 = 0.0849 for 2063 Fo > 4sig(Fo) and 0.1313 for all 4395 data

 Occupancy sum of asymmetric unit =    15.75 for non-hydrogen and     5.50 for H and D atoms



 Principal mean square atomic displacements U

   0.0956   0.0689   0.0629   Zr1  
   0.1070   0.0740   0.0681   Zr2  
   0.1105   0.0977   0.0634   O1  
   0.1685   0.0841   0.0815   O2  
   0.1919   0.0956   0.0777   O3  
   0.2457   0.0855   0.0699   O4    may be split into  0.5422  0.5393  0.2632  and  0.5308  0.5336  0.2569
   0.2535   0.1044   0.1031   O5  
   0.1497   0.1348   0.0708   O6  
   0.1177   0.0971   0.0646   C1  
   0.2273   0.1032   0.0644   C2  
   0.1805   0.1228   0.0564   C3  
   0.1780   0.0980   0.0617   C4  
   0.1879   0.1189   0.0918   C5  
   0.2337   0.0976   0.0509   C6  
   0.2678   0.0883   0.0699   C7    may be split into  0.5105  0.7526  0.7903  and  0.4999  0.7526  0.7949
   0.2531   0.1250   0.0446   C8  
   0.2561   0.0875   0.0753   C9    may be split into  0.5096  0.7215  0.9130  and  0.4997  0.7227  0.9138
   0.2791   0.0833   0.0526   C10    may be split into  0.5107  0.7525  0.9562  and  0.4995  0.7525  0.9560
   0.2687   0.1106   0.0776   C11  
   0.3140   0.1040   0.0811   C12    may be split into  0.5104  0.6902  0.9596  and  0.4986  0.6900  0.9596

 ** Warning:     5  atoms may be split and     0  atoms NPD **



 Analysis of variance for reflections employed in refinement      K = Mean[Fo^2] / Mean[Fc^2]  for group


 Fc/Fc(max)       0.000    0.005    0.008    0.015    0.022    0.028    0.036    0.045    0.062    0.103    1.000

 Number in group       531.     351.     457.     471.     419.     435.     432.     422.     439.     438.

            GooF      0.674    0.725    0.626    0.592    0.677    0.794    1.019    1.193    1.185    1.308

             K      -20.058   -3.885    0.635    1.194    1.047    1.018    1.003    0.999    1.018    0.998


 Resolution(A)    1.00     1.04     1.08     1.13     1.20     1.28     1.38     1.52     1.77     2.26     inf

 Number in group       445.     444.     438.     443.     436.     431.     437.     444.     437.     440.

            GooF      0.651    0.660    0.658    0.694    0.673    0.782    0.820    0.787    0.888    1.841

             K        0.896    0.964    0.956    0.937    0.873    0.868    0.966    0.982    1.034    0.998

             R1       0.333    0.255    0.235    0.206    0.232    0.214    0.113    0.086    0.071    0.112


 Recommended weighting scheme:  WGHT    0.1461    0.0000


 Most Disagreeable Reflections (* if suppressed or used for Rfree).
 Error/esd is calculated as sqrt(wD^2/<wD^2>) where w is given by the weight
 formula, D = Fo^2-Fc^2 and <> refers to the average over all reflections.

     h   k   l          Fo^2          Fc^2    Error/esd  Fc/Fc(max)  Resolution(A)

    -3   8   0       6475.28       1397.17      10.68       0.051       4.85
    -1   5   0       1309.99        267.19       7.69       0.022       7.41
     0   9   0      10351.61       3733.57       6.98       0.083       3.77
    -5  10   2       5274.43       2011.01       6.90       0.061       3.54
     0   3   2        993.56       3238.17       6.55       0.077       6.69
    -2   6   2       3020.34       8161.38       6.10       0.123       5.08
     0   1   2      12397.69       5997.60       5.69       0.105       8.07
    -4   9   0       2724.74       1094.09       5.57       0.045       4.35
    -3   6   2      34658.04      17192.46       5.49       0.178       5.13
     0   2   2      26645.65      59994.08       5.23       0.333       7.46
     0   5   3      11396.80       5981.11       4.98       0.105       4.29
     0   8   1       1890.58        732.51       4.95       0.037       4.11
    -1   4   4        474.50       1310.90       4.93       0.049       3.80
    -1   8   3         53.00        736.81       4.72       0.037       3.49
    -1   9   0       1797.83        537.54       4.72       0.032       3.97
    -3   8   2      29600.03      16514.62       4.70       0.175       4.19
    -2   6   0       6756.37      13424.29       4.54       0.158       6.41
    -2   5   0       4562.07       8761.55       4.34       0.127       7.79
    -2   5   4       1627.54        835.97       4.31       0.039       3.66
    -2  10   3       6012.66       3460.12       4.31       0.080       3.08
    -5  11   0       3572.51       1874.88       4.28       0.059       3.56
    -6  13   0       2880.63       1475.83       4.28       0.052       3.01
    -4  10   2       1952.62       1026.92       4.26       0.044       3.53
    -2   8   2      13919.14       8215.35       4.22       0.123       4.09
    -3   7   0       8747.38       5181.79       4.05       0.098       5.58
    -1   8   0       7670.02       4513.14       4.03       0.091       4.50
    -1   2   2       4125.20       7475.63       3.99       0.118       7.65
    -6  12   2       1442.45        607.54       3.94       0.034       3.04
    -2   6   1      16682.70      28975.22       3.79       0.231       5.98
    -3   6   0      12635.46       7680.47       3.70       0.119       6.53
    -2   6   4       2691.15       1668.63       3.53       0.056       3.49
    -4  14   1       5827.60       3712.24       3.50       0.083       2.68
    -1   7   4        142.98        562.25       3.46       0.032       3.24
     0   0   4       3832.00       7078.32       3.46       0.114       4.15
     0  11   0      50208.68      31699.24       3.45       0.242       3.09
    -2  11   1       9406.73       6139.80       3.37       0.107       3.28
    -1   3   2       1567.95       2556.93       3.30       0.069       6.97
     0   4   3      26051.55      17103.85       3.29       0.178       4.64
     0   0   2     191018.73     115283.43       3.28       0.462       8.31
    -1   5   1       3543.56       2331.69       3.23       0.066       6.76
    -2  12   0       8807.88       5788.71       3.20       0.103       3.05
    -5  21   7       1590.60        847.24       3.18       0.040       1.43
    -5  11   3       7098.81       4733.84       3.18       0.094       2.99
   -13  26   9       6335.16       3888.65       3.17       0.085       1.17
     0  18   9       1775.95       3293.77       3.16       0.078       1.32
     0   4   1      33119.27      22066.73       3.16       0.202       7.56
     0  15  10       4437.32       2753.87       3.14       0.071       1.34
    -2   4   1     162339.38     253897.08       3.11       0.685       8.44
    -5  13   3       2101.41       1341.41       3.10       0.050       2.63
     0   2  12       3103.35       5153.27       3.03       0.098       1.38



 Bond lengths and angles

 Zr1 -           Distance        Angles
 O6_$3     2.1583 (0.0070) 
 O6_$2     2.1583 (0.0070)  110.86 (0.43)
 O3        2.1628 (0.0073)   71.34 (0.16)  71.34 (0.16)
 O3_$4     2.1628 (0.0073)   71.34 (0.16)  71.34 (0.16) 111.34 (0.47)
 O1        2.2237 (0.0053)   77.13 (0.21) 142.00 (0.13)  77.00 (0.21) 141.88 (0.13)
 O1_$5     2.2237 (0.0053)  142.00 (0.13)  77.13 (0.21) 141.88 (0.13)  77.00 (0.22) 120.26 (0.27)
 O1_$4     2.2237 (0.0053)   77.13 (0.21) 142.00 (0.13) 141.88 (0.13)  77.00 (0.22)  75.54 (0.25)  75.73 (0.25)
 O1_$1     2.2237 (0.0053)  142.00 (0.13)  77.13 (0.21)  77.00 (0.22) 141.88 (0.13)  75.73 (0.25)  75.54 (0.25) 120.26 (0.27)
                 Zr1             O6_$3         O6_$2         O3            O3_$4         O1            O1_$5         O1_$4        

 Zr2 -           Distance        Angles
 O6_$2     2.1503 (0.0042) 
 O6        2.1504 (0.0042)   69.81 (0.32)
 O3_$6     2.1554 (0.0045)  109.93 (0.31)  71.63 (0.26)
 O3        2.1554 (0.0044)   71.63 (0.26) 109.93 (0.31)  69.95 (0.33)
 O5        2.1752 (0.0087)  144.54 (0.16) 144.54 (0.16)  83.62 (0.32)  83.62 (0.32)
 O4        2.2441 (0.0077)   82.70 (0.29)  82.70 (0.29) 144.27 (0.17) 144.27 (0.17) 105.61 (0.38)
 O2_$6     2.2472 (0.0055)  140.74 (0.23)  75.85 (0.22)  75.40 (0.23) 140.21 (0.24)  73.54 (0.18)  74.49 (0.18)
 O2_$1     2.2472 (0.0055)   75.85 (0.22) 140.75 (0.23) 140.21 (0.24)  75.40 (0.23)  73.54 (0.18)  74.49 (0.18) 125.78 (0.29)
 Zr1_$3    3.5010 (0.0016)   89.48 (0.19)  35.73 (0.18)  35.90 (0.19)  89.65 (0.20) 115.97 (0.18) 115.08 (0.16)  72.58 (0.14)
                 Zr2             O6_$2         O6            O3_$6         O3            O5            O4            O2_$6        

 O1 -            Distance        Angles
 C1        1.2660 (0.0084) 
 Zr1       2.2237 (0.0053)  132.35 (0.53)
                 O1              C1           

 O2 -            Distance        Angles
 C1        1.2385 (0.0086) 
 Zr2_$1    2.2472 (0.0055)  134.68 (0.56)
                 O2              C1           

 O3 -            Distance        Angles
 Zr2_$1    2.1554 (0.0044) 
 Zr2       2.1554 (0.0044)  110.04 (0.34)
 Zr1       2.1628 (0.0073)  108.34 (0.26) 108.34 (0.26)
                 O3              Zr2_$1        Zr2          

 O4 -            Distance        Angles
 Zr2       2.2441 (0.0077) 
                 O4             

 O5 -            Distance        Angles
 Zr2       2.1752 (0.0086) 
                 O5             

 O6 -            Distance        Angles
 Zr2_$2    2.1504 (0.0042) 
 Zr2       2.1504 (0.0042)  110.18 (0.32)
 Zr1_$3    2.1582 (0.0070)  108.69 (0.24) 108.69 (0.24)
                 O6              Zr2_$2        Zr2          

 C1 -            Distance        Angles
 O2        1.2385 (0.0086) 
 O1        1.2660 (0.0084)  125.88 (0.85)
 C4        1.4705 (0.0109)  118.41 (0.85) 115.51 (0.84)
                 C1              O2            O1           

 C2 -            Distance        Angles
 C5        1.3564 (0.0119) 
 C11       1.4986 (0.0132)  116.80 (0.96)
 C6        1.5036 (0.0115)  122.38 (1.16) 120.76 (1.05)
                 C2              C5            C11          

 C3 -            Distance        Angles
 C4        1.3843 (0.0105) 
 C5        1.3985 (0.0108)  118.77 (0.92)
 H3        0.9300           120.61        120.61       
                 C3              C4            C5           

 C4 -            Distance        Angles
 C8        1.3662 (0.0111) 
 C3        1.3843 (0.0105)  122.84 (0.87)
 C1        1.4705 (0.0109)  117.80 (0.95) 119.31 (0.91)
                 C4              C8            C3           

 C5 -            Distance        Angles
 C2        1.3564 (0.0119) 
 C3        1.3985 (0.0108)  122.36 (1.00)
 H5        0.9300           118.82        118.82       
                 C5              C2            C3           

 C6 -            Distance        Angles
 C7        1.3535 (0.0096) 
 C9        1.3719 (0.0103)  117.48 (0.90)
 C2        1.5036 (0.0115)  118.36 (0.87) 124.15 (0.82)
                 C6              C7            C9           

 C7 -            Distance        Angles
 C6_$7     1.3535 (0.0096) 
 C6        1.3535 (0.0096)  124.04 (1.21)
 H7        0.9300           117.98        117.98       
                 C7              C6_$7         C6           

 C8 -            Distance        Angles
 C4        1.3662 (0.0110) 
 C11       1.3740 (0.0114)  119.08 (1.02)
 H8        0.9300           120.46        120.46       
                 C8              C4            C11          

 C9 -            Distance        Angles
 C6        1.3719 (0.0103) 
 C10       1.3796 (0.0096)  121.41 (0.90)
 C12       1.4678 (0.0105)  121.04 (0.82) 117.53 (0.83)
                 C9              C6            C10          

 C10 -           Distance        Angles
 C9_$7     1.3796 (0.0096) 
 C9        1.3796 (0.0096)  118.12 (1.12)
 C10_$8    1.4591 (0.0216)  120.93 (0.56) 120.93 (0.56)
                 C10             C9_$7         C9           

 C11 -           Distance        Angles
 C8        1.3740 (0.0114) 
 C2        1.4986 (0.0132)  120.11 (1.00)
 H11       0.9300           119.94        119.94       
                 C11             C8            C2           

 C12 -           Distance        Angles
 C12_$8    1.3418 (0.0149) 
 C9        1.4678 (0.0105)  121.53 (0.49)
 H12       0.9300           119.23        119.23       
                 C12             C12_$8        C9           



 Selected torsion angles

    -4.77 ( 1.38)  Zr2_$1 - O2 - C1 - O1
   169.81 ( 0.59)  Zr2_$1 - O2 - C1 - C4
     4.04 ( 1.28)  Zr1 - O1 - C1 - O2
  -170.68 ( 0.52)  Zr1 - O1 - C1 - C4
    -2.33 ( 1.57)  C5 - C3 - C4 - C8
  -179.65 ( 0.83)  C5 - C3 - C4 - C1
     9.25 ( 1.32)  O2 - C1 - C4 - C8
  -175.61 ( 0.83)  O1 - C1 - C4 - C8
  -173.29 ( 0.87)  O2 - C1 - C4 - C3
     1.84 ( 1.27)  O1 - C1 - C4 - C3
     0.38 ( 1.48)  C11 - C2 - C5 - C3
   177.46 ( 0.90)  C6 - C2 - C5 - C3
     1.05 ( 1.53)  C4 - C3 - C5 - C2
   -56.04 ( 1.70)  C5 - C2 - C6 - C7
   120.92 ( 1.28)  C11 - C2 - C6 - C7
   122.54 ( 1.25)  C5 - C2 - C6 - C9
   -60.50 ( 1.62)  C11 - C2 - C6 - C9
     1.28 ( 2.59)  C9 - C6 - C7 - C6_$7
   179.95 ( 1.08)  C2 - C6 - C7 - C6_$7
     2.01 ( 1.60)  C3 - C4 - C8 - C11
   179.37 ( 0.86)  C1 - C4 - C8 - C11
    -1.90 ( 2.12)  C7 - C6 - C9 - C10
   179.51 ( 1.31)  C2 - C6 - C9 - C10
   179.75 ( 1.23)  C7 - C6 - C9 - C12
     1.16 ( 1.98)  C2 - C6 - C9 - C12
     2.54 ( 2.57)  C6 - C9 - C10 - C9_$7
  -179.05 ( 0.89)  C12 - C9 - C10 - C9_$7
  -178.91 ( 0.86)  C6 - C9 - C10 - C10_$8
    -0.50 ( 1.54)  C12 - C9 - C10 - C10_$8
    -0.46 ( 1.53)  C4 - C8 - C11 - C2
    -0.70 ( 1.48)  C5 - C2 - C11 - C8
  -177.82 ( 0.91)  C6 - C2 - C11 - C8
   178.92 ( 0.86)  C6 - C9 - C12 - C12_$8
     0.51 ( 1.55)  C10 - C9 - C12 - C12_$8


 FMAP and GRID set by program

 FMAP   2   1 167
 GRID    -0.610  -1  -1     0.610   1   1

 R1 =  0.1246 for   4395 unique reflections after merging for Fourier


 Electron density synthesis with coefficients Fo-Fc

 Highest peak    0.51  at  0.6137  0.0000  0.5000  [  1.59 A from O5 ]
 Deepest hole   -0.85  at  0.5000  0.0000  0.5000  [  2.16 A from O6 ]


 Fourier peaks appended to .res file

              x       y       z       sof     U      Peak   Distances to nearest atoms (including eq.)

 Q1    1   0.6137  0.6137  0.5000   0.25000  0.05    0.51   1.59 O5  2.94 O3  3.22 ZR2  3.74 O2
 Q2    1   0.5000  0.5000  0.2282   0.25000  0.05    0.48   1.52 O4  3.00 O6  3.27 ZR2  3.79 O2
 Q3    1   0.4514  0.5486  0.4626   0.50000  0.05    0.44   1.04 ZR1  1.57 O1  2.37 O6  2.42 O1
 Q4    1   0.5476  0.5476  0.2084   0.50000  0.05    0.41   0.96 O4  3.08 ZR2  3.16 O2  3.40 O4
 Q5    1   0.5537  0.5659  0.3586   1.00000  0.05    0.33   0.92 ZR2  1.60 O2  1.84 O5  1.92 O4
 Q6    1   0.5608  0.5608  0.3583   0.50000  0.05    0.32   0.85 ZR2  1.76 O5  1.89 O4  2.01 O2
 Q7    1   0.4603  0.6103  0.7064   1.00000  0.05    0.26   1.16 C3  1.36 H3  1.65 C4  2.10 C5
 Q8    1   0.4431  0.6236  0.6509   1.00000  0.05    0.24   0.58 H3  1.25 C3  2.03 C5  2.13 H5
 Q9    1   0.5392  0.6257  0.6084   1.00000  0.05    0.21   1.15 C1  1.37 O2  1.89 C4  2.02 O1
 Q10   1   0.5571  0.5571  0.4213   0.50000  0.05    0.20   0.66 ZR2  1.70 O5  1.85 O3  2.33 O2
 Q11   1   1.0000  1.0000  0.7825   0.08333  0.05    0.20   15.39 H11  15.88 H8  15.99 O5  16.06 C11
 Q12   1   1.0000  1.0000  0.4105   0.08333  0.05    0.20   15.67 O5  15.86 H11  15.95 O5  16.08 H8
 Q13   1   0.4650  0.6048  0.6017   1.00000  0.05    0.20   1.21 H3  1.22 O1  1.75 C3  1.85 C1
 Q14   1   1.0000  1.0000  0.7002   0.08333  0.05    0.19   15.51 H11  15.78 O5  15.89 H8  16.13 C11
 Q15   1   0.6318  0.6109  0.4004   1.00000  0.05    0.18   1.11 O5  2.73 O2  3.08 ZR2  3.34 O5
 Q16   1   0.5307  0.6225  0.6945   1.00000  0.05    0.18   1.16 C4  1.28 C1  1.30 C8  1.30 H8
 Q17   1   0.5615  0.6453  0.7097   1.00000  0.05    0.18   0.59 H8  1.20 C8  1.94 C4  2.03 O2
 Q18   1   0.5651  0.6614  0.6880   1.00000  0.05    0.18   1.05 H8  1.27 C8  1.94 C4  2.30 C11
 Q19   1   0.5384  0.6274  0.8016   1.00000  0.05    0.17   1.23 H8  1.42 C8  2.12 C11  2.33 C4
 Q20   1   0.5625  0.6263  0.5000   0.50000  0.05    0.16   2.13 O3  2.64 O5  2.77 O2  2.88 C1

 Shortest distances between peaks (including symmetry equivalents)

      5   6  0.41     17  18  0.68      5   5  0.83      6  10  1.05     16  17  1.11      5  10  1.12      3   3  1.24
     11  14  1.37      7   8  1.39     15  15  1.42     16  18  1.45      9  16  1.46      8  13  1.61     17  19  1.73
      7  13  1.77     16  19  1.80      9  18  1.82      1  15  1.82     12  14  1.84      9  17  1.87      2   4  1.89
      9  20  2.01     18  19  2.24      3  13  2.26      1  20  2.29     15  20  2.44      5  15  2.53      4   6  2.54
      7  16  2.56      6  15  2.57      4   5  2.57      1  10  2.57      9  13  2.60      8   8  2.61     10  10  2.62
     10  15  2.64      9  15  2.70      5   9  2.73     13  13  2.73      5  15  2.75      7   7  2.77     13  16  2.78
     15  17  2.90      5  16  2.92     10  20  2.92     15  18  2.97     12  12  2.97


 Time profile in seconds
 -----------------------

      0.02: Read and process instructions
      0.00: Fit rigid groups
      0.00: Interpret restraints etc.
      0.00: Generate connectivity array
      0.00: Analyse DFIX and DANG restraints
      0.00: Analyse SAME, SADI and NCSY restraints
      0.00: Generate CHIV restraints
      0.00: Check if bonds in residues restrained
      0.00: Generate DELU and RIGU restraints
      0.00: Generate SIMU restraints
      0.00: Generate ISOR restraints
      0.00: Analyse electron density
      0.00: Analyse other restraints etc.
      0.45: Read intensity data, sort/merge etc.
      0.01: Set up constraints
      0.45: OSF, H-atoms from difference map
      0.02: Set up l.s. refinement
      0.00: Generate idealized H-atoms
      0.02: Structure factors and derivatives
      0.01: Sum l.s. matrices
      0.00: Generate and apply antibumping restraints
      0.00: Apply other restraints
      0.00: Solve l.s. equations
      0.00: Generate HTAB table
      7.56: Other dependent quantities, CIF, tables
      0.01: Analysis of variance
      0.06: Merge reflections for Fourier and .fcf
      0.06: Fourier summations
      0.03: Peaksearch
      0.01: Analyse peaklist

 ** WARNING: These times are only approximate for multiple threads.
             To get better estimates run with -t1 **

   Please cite: G.M. Sheldrick (2015) "Crystal structure refinement with
   SHELXL", Acta Cryst., C71, 3-8 (Open Access) if SHELXL proves useful.

 +++++++++++++++++++++++++++++++++++++++++++++++++++++++++++++++++++++++++++++
 +  job           finished at 19:58:30   Total elapsed time:      8.69 secs  +
 +++++++++++++++++++++++++++++++++++++++++++++++++++++++++++++++++++++++++++++
