
 +++++++++++++++++++++++++++++++++++++++++++++++++++++++++++++++++++
 +  SHELXL -  CRYSTAL STRUCTURE REFINEMENT  -   MULTI-CPU VERSION  +
 +  Copyright(C) George M. Sheldrick 1993-2023     Version 2019/3  +
 +  job                        started at 19:41:49 on 21-Sep-2026  +
 +++++++++++++++++++++++++++++++++++++++++++++++++++++++++++++++++++

 Command line parameters: job -a50000 -b3000 -c624 -g0 -m0 -t4

 -a sets the approximate maximum number of atoms including hydrogens.
 -b sets the maximum number of full-matrix parameters (not used by CGLS).
 For example -b9000 allows refinement of 1000 anisotropic atoms or 3000
 with BLOC 1. For a 32-bit version, -b times the square root of the
 number of threads should not exceed about 65500. -c sets the reflection
 buffer size. This depends on the CPU cache size but will rarely
 need changing.

 -g sets the number of reflection groups used for calculating R_complete,
 This must be greater than 1 but not greater than the total number of
 reflections for refinement. -m sets the current reflection group number.
 This may not be less than 1 nor greater than the number set by -g. These
 command line flags override other ways of defining free-R reflections.
 The -m value is also used as a seed for the WIGL pseudo-random shifts.

 -t sets the number of threads, otherwise it is set to the apparent
 number of CPUs. For optimal performance on hyperthreading systems,
 -t should be set to a little more than half the number of CPUs;
 e.g. -t4 or -t5 for an Intel i7 processor.

 Running  4 threads on  4 processors

 TITL CrystalPilot cross-check in P 6/m m m
 CELL 0.68883 39.19000 39.19000 16.61000 90.0000 90.0000 120.0000
 ZERR 24 0.00000 0.00000 0.00000 0.0000 0.0000 0.0000
 LATT 1
 SYMM X-Y,X,Z
 SYMM Y,-X+Y,Z
 SYMM -Y,X-Y,Z
 SYMM -X+Y,-X,Z
 SYMM X-Y,-Y,-Z
 SYMM -X,-X+Y,-Z
 SYMM -X,-Y,Z
 SYMM Y,X,-Z
 SYMM -Y,-X,-Z
 SYMM -X+Y,Y,-Z
 SYMM X,X-Y,-Z
 SFAC C O Zr
 REM DISP lambda 0.68883 A is not a SHELXL built-in line (Cu/Mo/Ag K-alpha):
 REM DISP f'/f'' from cctbx (sasaki: C O Zr), mu = NIST attenuation in
 REM DISP barn/atom
 DISP $C 0.002 0.002 10.99
 DISP $O 0.007 0.006 30.28
 DISP $Zr -9.041 2.772 14341.91
 UNIT 522.0 124.0 18.0

 V =    22092.79     F(000) =    4844.0     Mu =   1.21 mm-1      Cell Wt =     9895.18    Rho =  0.744

  
 L.S. 6
 BOND $H
 CONF
 ACTA
 FMAP 2
 PLAN 20
  
 SHEL 999 1.000
  
 WGHT 0.100000 0.000000
 FVAR 0.05146
 ZR01  3   0.463835   0.536165   0.500000    10.25000     0.08664     0.08664 =
       0.06685     0.00000     0.00000     0.05480
 ZR02  3   0.544739   0.544739   0.393713    10.50000     0.09267     0.09267 =
       0.08406     0.01368     0.01368     0.05893
 O003  2   0.481260   0.586428   0.581178    11.00000     0.10557     0.10794 =
       0.09354    -0.00310    -0.00431     0.07257
 O004  2   0.533910   0.592828   0.649892    11.00000     0.11516     0.11937 =
       0.12307    -0.04070    -0.02921     0.07170
 O005  2   0.526661   0.562541   0.500000    10.50000     0.11986     0.22399 =
       0.10875     0.00000     0.00000     0.11536
 O006  2   0.538267   0.538267   0.262137    10.50000     0.20326     0.20326 =
       0.08732     0.02037     0.02037     0.15809
 O007  2   0.601029   0.601029   0.411655    10.50000     0.09298     0.09298 =
       0.28254     0.00827     0.00827     0.04372
 O008  2   0.517261   0.482739   0.393078    10.50000     0.11772     0.11772 =
       0.15113     0.02723    -0.02723     0.06194
 C009  1   0.507829   0.601595   0.634113    11.00000     0.10372     0.11140 =
       0.10641     0.00263    -0.00793     0.07074
 C00A  1   0.505000   0.689858   0.780162    11.00000     0.24770     0.11311 =
       0.08676     0.00284    -0.00561     0.12755
 O00B  1   0.477256   0.641379   0.673598    11.00000     0.16177     0.11845 =
       0.11398    -0.02339    -0.01098     0.10202
 C00C  1   0.507310   0.632652   0.686587    11.00000     0.15077     0.09777 =
       0.10975    -0.01910    -0.01615     0.08440
 O00D  1   0.474660   0.669158   0.722752    11.00000     0.21671     0.12802 =
       0.10392    -0.03247    -0.03446     0.10925
 C00E  1   0.504988   0.721803   0.831666    11.00000     0.22633     0.11231 =
       0.09659    -0.02486    -0.01495     0.11723
 O00F  1   0.504581   0.752290   0.787581    10.50000     0.21512     0.08984 =
       0.14596    -0.02337    -0.04673     0.10756
 O00G  1   0.538043   0.652445   0.741619    11.00000     0.18213     0.11087 =
       0.10030    -0.04160    -0.03651     0.08159
 C00H  1   0.504574   0.721260   0.914200    11.00000     0.25236     0.11525 =
       0.05850    -0.01455    -0.00667     0.10534
 C00I  1   0.502754   0.751377   0.957567    10.50000     0.28108     0.11800 =
       0.07482    -0.01165    -0.02329     0.14054
 O00J  1   0.537833   0.681877   0.791031    11.00000     0.25611     0.12728 =
       0.11027    -0.00340    -0.01521     0.13210
 O00K  2   0.570754   0.429246   0.134123    10.50000     0.29240
 O00L  1   0.504724   0.687496   0.958527    11.00000     0.27992     0.15238 =
       0.08608     0.01881     0.01344     0.14499
 C00M  1   0.739087   0.533480   0.500000    10.50000     0.27481
 C00N  1   0.594346   0.405654   0.098508    10.50000     0.20372
 C00O  1   0.628239   0.628239   0.464327    10.50000     0.90775
 C00P  1   0.768763   0.384381   0.500000    10.25000     0.59848
 C00Q  1   0.800483   0.400241   0.500000    10.25000     0.41081
 C00S  1   0.704197   0.560648   0.500000    10.50000     0.39336
 C00T  1   0.539253   0.460747   0.207711    10.50000     0.39239
 C00U  1   0.664960   0.584773   0.500000    10.50000     0.44759
 C00V  1   0.712205   0.424409   0.500000    10.25000     0.08805
 C00W  1   1.000000   1.000000   0.027156    10.08333     0.30203
 C00X  1   0.719243   0.621423   0.500000    10.50000     1.34362
 C00Z  1   0.482216   0.408973   0.104805    11.00000     0.73624
 C010  1   0.770363   0.540727   0.500000    10.25000     0.54652
 C011  1   0.961978   0.923956   0.500000    10.25000     1.31055
 O012  2   0.643731   0.643731   0.239579    10.50000     0.64257
 C013  1   0.547432   0.452568   0.125261    10.50000     1.91423
 C014  1   0.930166   0.860332   0.597830    10.50000     1.29521
 O015  2   0.666667   0.333333   0.138550    10.16667     1.05749
 C016  1   1.000000   1.000000   0.130352    10.08333     2.00000
 C017  1   0.554718   0.445282  -0.156960    10.50000     1.25031
 C018  1   1.000000   1.000000   0.709858    10.08333     2.00000
 C019  1   0.747620   0.428955   0.500000    10.50000     0.92122
 C01A  1   0.550493   0.449507   0.000000    10.25000     1.37690
 C01B  1   0.926752   0.853505   0.727727    10.50000     1.21103
 C01C  1   0.780922   0.390461   0.579990    10.50000     1.37023
 C01D  1   0.752868   0.574630   0.603303    11.00000     0.73173
 C01E  1   0.935847   0.489832   0.500000    10.50000     1.56576
 HKLF 4



 Covalent radii and connectivity table for  CrystalPilot cross-check in P 6/m m m                                      
 C      0.770
 O      0.660
 ZR     1.590

 Zr01 - C01E_$13 C01E_$14 O005_$5 O005 O008_$3 O008_$1 O003_$4 O003_$6 O003_$5 O003 Zr02_$4 Zr02_$3
 Zr02 - O008_$3 O008 O005 O005_$7 O006 O007 O004_$7 O004_$4 Zr01_$1 Zr01 Zr02_$3 Zr02_$4
 O003 - C009 Zr01
 O004 - C009 Zr02_$4
 O005 - C01E_$13 Zr01 Zr02_$4 Zr02
 O006 - Zr02
 O007 - C00O Zr02
 O008 - Zr02 Zr02_$3 Zr01_$1
 C009 - O004 O003 C00C
 C00A - O00D O00J C00E
 O00B - C00C O00D
 C00C - O00B O00G C009
 O00D - O00B C00A
 C00E - C00H O00F C00A
 O00F - C00E C00E_$8
 O00G - C00C O00J
 C00H - C00E C00I O00L
 C00I - C00I_$9 C00H_$8 C00H
 O00J - O00G C00A
 O00K - C017_$10 C013 C00N
 O00L - O00L_$9 C00H
 C00M - C010
 C00N - O00K
 C00O - C00O_$4 O007
 C00P - C00Q C01C_$4 C01C
 C00Q - C00P C01C_$4 C01C
 C00S - no bonds found
 C00T - C017_$10 C013
 C00U - C00X
 C00V - C019 C019_$11
 C00W - C00W_$12 C016
 C00X - C00U
 C00Z - no bonds found
 C010 - C00M C00M_$11
 C011 - no bonds found
 O012 - no bonds found
 C013 - C017_$10 C00T O00K
 C014 - no bonds found
 O015 - no bonds found
 C016 - C00W
 C017 - C013_$10 O00K_$10 C00T_$10
 C018 - no bonds found
 C019 - C00V
 C01A - no bonds found
 C01B - no bonds found
 C01C - C00P C00Q
 C01D - no bonds found
 C01E - Zr01_$2 O005_$2 C01E_$15


 Operators for generating equivalent atoms:
 $1   -x+1, -y+1, -z+1
 $2   x-y+1, x, z
 $3   -x+1, -y+1, z
 $4   x, y, -z+1
 $5   -y+1, -x+1, z
 $6   -y+1, -x+1, -z+1
 $7   y, x, -z+1
 $8   x, x-y+1, z
 $9   x, y, -z+2
 $10  x, y, -z
 $11  -x+y+1, y, z
 $12  -x+2, -y+2, -z
 $13  y, -x+y+1, z
 $14  x-y, -y+1, -z+1
 $15  x, x-y, z

   179481  Reflections outside SHEL resolution limits rejected


   337815  Reflections read, of which  179481  rejected

 -39 =< h =< 39,    -39 =< k =< 39,    -16 =< l =< 16,   Max. 2-theta =   40.28

        0  Systematic absence violations (I>3sig(I)) before merging

        0  Inconsistent equivalents

     4395  Unique reflections, of which       0  suppressed

 R(int) = 0.5659     R(sigma) = 0.1066      Friedel opposites merged

 Maximum memory for data reduction =     6291 /    48177


 Reflection statistics for all twin components combined (TWST 0 set)
 Number of data for d > 1.000A (CIF: max) and d > 1.000A (CIF: full)
 (ignoring systematic absences):
 Unique reflections found (point group)       4395    4395
 Unique reflections possible (point group)    4401    4401
 Unique reflections found (Laue group)        4395    4395
 Unique reflections possible (Laue group)     4401    4401

 Special position constraints for Zr01
 z =  0.5000   y = -1.0 * x + 1.0000   U22 = 1.0 * U11   U23 = 0   U13 = 0   
 sof = 0.25000   
 Input constraints retained (at least in part) for  sof

 Special position constraints for Zr02
 y =  1.0 * x + 0.0000   U22 = 1.0 * U11   U13 = 1.0 * U23   sof = 0.50000   
 Input constraints retained (at least in part) for  sof

 Special position constraints for O005
 z =  0.5000   U23 = 0   U13 = 0   sof = 0.50000   
 Input constraints retained (at least in part) for  sof

 Special position constraints for O006
 y =  1.0 * x + 0.0000   U22 = 1.0 * U11   U13 = 1.0 * U23   sof = 0.50000   
 Input constraints retained (at least in part) for  sof

 Special position constraints for O007
 y =  1.0 * x + 0.0000   U22 = 1.0 * U11   U13 = 1.0 * U23   sof = 0.50000   
 Input constraints retained (at least in part) for  sof

 Special position constraints for O008
 y = -1.0 * x + 1.0000   U22 = 1.0 * U11   U13 =-1.0 * U23   sof = 0.50000   
 Input constraints retained (at least in part) for  sof

 Special position constraints for O00F
 y =  0.5 * x + 0.5000   U13 = 2.0 * U23   U12 = 0.5 * U11   sof = 0.50000   
 Input constraints retained (at least in part) for  sof

 Special position constraints for C00I
 y =  0.5 * x + 0.5000   U13 = 2.0 * U23   U12 = 0.5 * U11   sof = 0.50000   
 Input constraints retained (at least in part) for  sof

 Special position constraints for O00K
 y = -1.0 * x + 1.0000   sof = 0.50000   
 Input constraints retained (at least in part) for  sof

 Special position constraints for C00M
 z =  0.5000   sof = 0.50000   
 Input constraints retained (at least in part) for  sof

 Special position constraints for C00N
 y = -1.0 * x + 1.0000   sof = 0.50000   
 Input constraints retained (at least in part) for  sof

 Special position constraints for C00O
 y =  1.0 * x + 0.0000   sof = 0.50000   
 Input constraints retained (at least in part) for  sof

 Special position constraints for C00P
 z =  0.5000   y =  0.5 * x + 0.0000   sof = 0.25000   
 Input constraints retained (at least in part) for  sof

 Special position constraints for C00Q
 z =  0.5000   y =  0.5 * x + 0.0000   sof = 0.25000   
 Input constraints retained (at least in part) for  sof

 Special position constraints for C00S
 z =  0.5000   sof = 0.50000   
 Input constraints retained (at least in part) for  sof

 Special position constraints for C00T
 y = -1.0 * x + 1.0000   sof = 0.50000   
 Input constraints retained (at least in part) for  sof

 Special position constraints for C00U
 z =  0.5000   sof = 0.50000   
 Input constraints retained (at least in part) for  sof

 Special position constraints for C00V
 z =  0.5000   y =  2.0 * x - 1.0000   sof = 0.25000   
 Input constraints retained (at least in part) for  sof

 Special position constraints for C00W
 x =  1.0000   y =  1.0000   sof = 0.08333   
 Input constraints retained (at least in part) for  sof

 Special position constraints for C00X
 z =  0.5000   sof = 0.50000   
 Input constraints retained (at least in part) for  sof

 Special position constraints for C010
 z =  0.5000   y =  2.0 * x - 1.0000   sof = 0.25000   
 Input constraints retained (at least in part) for  sof

 Special position constraints for C011
 z =  0.5000   y =  2.0 * x - 1.0000   sof = 0.25000   
 Input constraints retained (at least in part) for  sof

 Special position constraints for O012
 y =  1.0 * x + 0.0000   sof = 0.50000   
 Input constraints retained (at least in part) for  sof

 Special position constraints for C013
 y = -1.0 * x + 1.0000   sof = 0.50000   
 Input constraints retained (at least in part) for  sof

 Special position constraints for C014
 y =  2.0 * x - 1.0000   sof = 0.50000   
 Input constraints retained (at least in part) for  sof

 Special position constraints for O015
 x =  0.6667   y =  0.3333   sof = 0.16667   
 Input constraints retained (at least in part) for  sof

 Special position constraints for C016
 x =  1.0000   y =  1.0000   sof = 0.08333   
 Input constraints retained (at least in part) for  sof

 Special position constraints for C017
 y = -1.0 * x + 1.0000   sof = 0.50000   
 Input constraints retained (at least in part) for  sof

 Special position constraints for C018
 x =  1.0000   y =  1.0000   sof = 0.08333   
 Input constraints retained (at least in part) for  sof

 Special position constraints for C019
 z =  0.5000   sof = 0.50000   
 Input constraints retained (at least in part) for  sof

 Special position constraints for C01A
 z =  0.0000   y = -1.0 * x + 1.0000   sof = 0.25000   
 Input constraints retained (at least in part) for  sof

 Special position constraints for C01B
 y =  2.0 * x - 1.0000   sof = 0.50000   
 Input constraints retained (at least in part) for  sof

 Special position constraints for C01C
 y =  0.5 * x + 0.0000   sof = 0.50000   
 Input constraints retained (at least in part) for  sof

 Special position constraints for C01E
 z =  0.5000   sof = 0.50000   
 Input constraints retained (at least in part) for  sof


 Least-squares cycle   1   Maximum vector length =  623   Memory required =     75 /   6930 /   341873

 wR2 =  0.4007 before cycle   1 for    4395 data and    231 /    231 parameters

 GooF = S =     1.946;     Restrained GooF =      1.946 for       0 restraints

 Weight = 1 / [ sigma^2(Fo^2) + ( 0.1000 * P )^2 +   0.00 * P ]   where  P = ( Max ( Fo^2, 0 ) + 2 * Fc^2 ) / 3

 Shifts scaled down to reduce maximum shift/esd from   16.37  to   15.00


     N      value        esd    shift/esd  parameter

     1     0.05165     0.00038     0.518    OSF
   182     0.18445     0.00857    11.250    U11 C00V
   193     1.07934     0.12897     4.131    U11 C010
   215     0.45795     0.00512     5.658     y  C019

 Mean shift/esd =   0.517  Maximum =    11.250 for  U11 C00V     

 Max. shift = 1.017 A for C019        Max. dU =-1.645 for C018     


 Least-squares cycle   2   Maximum vector length =  623   Memory required =     75 /   6930 /   341873

 wR2 =  0.3758 before cycle   2 for    4395 data and    231 /    231 parameters

 GooF = S =     1.802;     Restrained GooF =      1.802 for       0 restraints

 Weight = 1 / [ sigma^2(Fo^2) + ( 0.1000 * P )^2 +   0.00 * P ]   where  P = ( Max ( Fo^2, 0 ) + 2 * Fc^2 ) / 3


     N      value        esd    shift/esd  parameter

     1     0.05223     0.00035     1.657    OSF
   182     0.35117     0.01611    10.346    U11 C00V
   201     1.03551     0.09055     3.454    U11 C013
   208     2.00000     1.01006     4.025    U11 C016

 Mean shift/esd =   0.481  Maximum =    10.346 for  U11 C00V     

 Max. shift = 1.209 A for C00O        Max. dU =-0.680 for C01A     


 Least-squares cycle   3   Maximum vector length =  623   Memory required =     75 /   6930 /   341873

 wR2 =  0.3638 before cycle   3 for    4395 data and    231 /    231 parameters

 GooF = S =     1.743;     Restrained GooF =      1.743 for       0 restraints

 Weight = 1 / [ sigma^2(Fo^2) + ( 0.1000 * P )^2 +   0.00 * P ]   where  P = ( Max ( Fo^2, 0 ) + 2 * Fc^2 ) / 3


     N      value        esd    shift/esd  parameter

     1     0.05248     0.00034     0.727    OSF
   182     0.56968     0.03773     5.792    U11 C00V
   201     2.00000     0.30145     5.086    U11 C013
   208     2.00000     1.04846     4.175    U11 C016
   211    -0.40000     0.91414    -3.792    U11 C017

 Mean shift/esd =   0.522  Maximum =     5.792 for  U11 C00V     

 Max. shift = 2.557 A for C016        Max. dU =-2.152 for C017     


 Least-squares cycle   4   Maximum vector length =  623   Memory required =     75 /   6930 /   341873

 wR2 =  0.4877 before cycle   4 for    4395 data and    231 /    231 parameters

 GooF = S =     2.598;     Restrained GooF =      2.598 for       0 restraints

 Weight = 1 / [ sigma^2(Fo^2) + ( 0.1000 * P )^2 +   0.00 * P ]   where  P = ( Max ( Fo^2, 0 ) + 2 * Fc^2 ) / 3

 Shifts scaled down to reduce maximum shift/esd from   30.46  to   15.00


     N      value        esd    shift/esd  parameter

     1     0.05028     0.00047    -4.657    OSF
   211     0.01967     0.00276     7.500    U11 C017
   218     2.00000     0.32179     5.981    U11 C01A

 Mean shift/esd =   0.320  Maximum =     7.500 for  U11 C017     

 Max. shift = 1.344 A for C00O        Max. dU =-1.093 for C013     


 Least-squares cycle   5   Maximum vector length =  623   Memory required =     75 /   6930 /   341873

 wR2 =  0.4510 before cycle   5 for    4395 data and    231 /    231 parameters

 GooF = S =     2.247;     Restrained GooF =      2.247 for       0 restraints

 Weight = 1 / [ sigma^2(Fo^2) + ( 0.1000 * P )^2 +   0.00 * P ]   where  P = ( Max ( Fo^2, 0 ) + 2 * Fc^2 ) / 3

 Shifts scaled down to reduce maximum shift/esd from   29.70  to   15.00


     N      value        esd    shift/esd  parameter

     1     0.05031     0.00042     0.055    OSF
   211     0.06748     0.00333    14.353    U11 C017

 Mean shift/esd =   0.295  Maximum =    14.353 for  U11 C017     

 Max. shift = 0.921 A for C013        Max. dU = 0.543 for C010     


 Least-squares cycle   6   Maximum vector length =  623   Memory required =     75 /   6930 /   341873

 wR2 =  0.4102 before cycle   6 for    4395 data and    231 /    231 parameters

 GooF = S =     2.000;     Restrained GooF =      2.000 for       0 restraints

 Weight = 1 / [ sigma^2(Fo^2) + ( 0.1000 * P )^2 +   0.00 * P ]   where  P = ( Max ( Fo^2, 0 ) + 2 * Fc^2 ) / 3

 Shifts scaled down to reduce maximum shift/esd from   24.08  to   15.00


     N      value        esd    shift/esd  parameter

     1     0.05083     0.00037     1.394    OSF
   166     0.57586     0.05814     1.669     z  C00O
   182     0.76804     0.12239     1.123    U11 C00V
   193    -0.23533     0.89180    -1.831    U11 C010
   210    -0.04120     0.00098    -1.579     z  C017
   211     0.13690     0.00506    13.719    U11 C017
   216     0.89390     0.13799     1.248    U11 C019
   217     0.54842     0.00917     1.422     x  C01A
   218     2.00000     0.71026     4.609    U11 C01A
   224     0.92777     0.23869    -1.677    U11 C01C
   229     1.06311     0.05909     1.196     x  C01E
   230     0.58074     0.03160     1.249     y  C01E
   231     2.00000     0.57415     1.280    U11 C01E

 Mean shift/esd =   0.336  Maximum =    13.719 for  U11 C017     

 Max. shift = 2.404 A for C01E        Max. dU =-1.633 for C010     


 Largest correlation matrix elements

     0.960 y C01E / x C01E                  -0.790 y C019 / x C010                   0.708 U12 C00A / U11 C00A
     0.931 U12 O006 / U11 O006              -0.780 z C014 / U11 C011                 0.707 U12 O00L / U22 O00L
     0.916 z C018 / z C016                   0.748 x C014 / U11 C011                 0.703 U12 C00E / U11 C00E
     0.868 U12 Zr02 / U11 Zr02               0.748 U12 O005 / U11 O005              -0.701 U11 C019 / U11 C010
     0.866 U12 Zr01 / U11 Zr01               0.735 U11 C01E / x C01E                 0.699 U12 O00B / U22 O00B
    -0.840 U11 C018 / U11 C016               0.721 U11 C00O / z C00O                 0.698 U12 O00D / U11 O00D
     0.834 U12 O008 / U11 O008               0.716 U12 O00L / U11 O00L              -0.698 x C01C / x C00P
     0.803 U12 O007 / U11 O007               0.716 U12 O005 / U22 O005               0.698 U12 C00A / U22 C00A



  CrystalPilot cross-check in P 6/m m m                                      

 ATOM           x        y        z         sof        U11      U22      U33      U23      U13      U12       Ueq

 Zr01        0.46385  0.53615  0.50000    0.25000    0.08494  0.08494  0.06438  0.00000  0.00000  0.05380   0.07305
   0.00000   0.00005  0.00005  0.00000    0.00000    0.00225  0.00225  0.00242  0.00000  0.00000  0.00249   0.00131

 Zr02        0.54477  0.54477  0.39364    0.50000    0.09130  0.09130  0.08221  0.01355  0.01355  0.05785   0.08284
   0.00661   0.00007  0.00007  0.00016    0.00000    0.00173  0.00173  0.00204  0.00150  0.00150  0.00186   0.00112

 O003        0.48160  0.58683  0.58172    1.00000    0.10639  0.10588  0.09139  0.00040  0.00178  0.07283   0.09244
   0.02592   0.00032  0.00030  0.00062    0.00000    0.00828  0.00814  0.00737  0.00658  0.00643  0.00707   0.00313

 O004        0.53390  0.59311  0.64910    1.00000    0.11814  0.11863  0.12070 -0.03939 -0.03156  0.07236   0.11330
   0.02255   0.00033  0.00031  0.00067    0.00000    0.00937  0.00913  0.00897  0.00710  0.00718  0.00793   0.00383

 O005        0.52659  0.56295  0.50000    0.50000    0.13075  0.21749  0.10467  0.00000  0.00000  0.12427   0.13443
   0.03765   0.00049  0.00057  0.00000    0.00000    0.01387  0.01855  0.01157  0.00000  0.00000  0.01402   0.00627

 O006        0.53853  0.53853  0.26189    0.50000    0.20100  0.20100  0.09036  0.01395  0.01395  0.15869   0.13826
   0.04148   0.00048  0.00048  0.00087    0.00000    0.01310  0.01310  0.01081  0.01040  0.01040  0.01437   0.00603

 O007        0.60122  0.60122  0.41057    0.50000    0.09710  0.09710  0.25945  0.00862  0.00862  0.04529   0.15267
   0.03848   0.00039  0.00039  0.00134    0.00000    0.00830  0.00830  0.02041  0.01098  0.01098  0.00995   0.00694

 O008        0.51760  0.48240  0.39319    0.50000    0.11306  0.11306  0.15572  0.02360 -0.02360  0.06177   0.12496
   0.01652   0.00022  0.00022  0.00099    0.00000    0.00885  0.00885  0.01474  0.00533  0.00533  0.01009   0.00573

 C009        0.50813  0.60220  0.63460    1.00000    0.10728  0.11158  0.10149 -0.00490 -0.01837  0.07482   0.09785
   0.04441   0.00057  0.00053  0.00109    0.00000    0.01561  0.01505  0.01385  0.01165  0.01191  0.01298   0.00539

 C00A        0.50461  0.69018  0.78060    1.00000    0.24400  0.12398  0.08807  0.00382 -0.00769  0.13624   0.13236
   0.05409   0.00075  0.00058  0.00110    0.00000    0.02486  0.01676  0.01365  0.01241  0.01532  0.01809   0.00714

 O00B        0.47720  0.64125  0.67381    1.00000    0.17113  0.12119  0.10719 -0.02093 -0.00849  0.10608   0.11851
   0.04095   0.00056  0.00053  0.00102    0.00000    0.01793  0.01507  0.01338  0.01139  0.01213  0.01465   0.00607

 C00C        0.50711  0.63238  0.68633    1.00000    0.13945  0.09176  0.10993 -0.02451 -0.02151  0.07689   0.10523
   0.04231   0.00058  0.00050  0.00108    0.00000    0.01664  0.01308  0.01360  0.01128  0.01264  0.01308   0.00529

 O00D        0.47480  0.66940  0.72330    1.00000    0.21905  0.12002  0.10387 -0.03237 -0.03069  0.10535   0.13850
   0.04957   0.00065  0.00058  0.00124    0.00000    0.02329  0.01561  0.01462  0.01278  0.01499  0.01670   0.00730

 C00E        0.50558  0.72214  0.83146    1.00000    0.24079  0.11140  0.08957 -0.02920 -0.01661  0.12207   0.13213
   0.04241   0.00062  0.00051  0.00113    0.00000    0.02231  0.01499  0.01390  0.01209  0.01391  0.01580   0.00684

 O00F        0.50470  0.75235  0.78862    0.50000    0.23299  0.09158  0.13612 -0.01502 -0.03005  0.11650   0.13785
   0.05509   0.00086  0.00043  0.00159    0.00000    0.03025  0.01164  0.02303  0.01074  0.02147  0.01512   0.01025

 O00G        0.53809  0.65185  0.74150    1.00000    0.18019  0.10620  0.10547 -0.04505 -0.03466  0.08305   0.12553
   0.04467   0.00061  0.00053  0.00111    0.00000    0.01843  0.01412  0.01357  0.01154  0.01355  0.01411   0.00629

 C00H        0.50554  0.72157  0.91326    1.00000    0.23352  0.12157  0.06620 -0.02071 -0.00753  0.11512   0.12872
   0.04193   0.00062  0.00052  0.00101    0.00000    0.02248  0.01580  0.01194  0.01104  0.01284  0.01605   0.00697

 C00I        0.50586  0.75293  0.95600    0.50000    0.21558  0.11323  0.07799 -0.00265 -0.00529  0.10779   0.12423
   0.05112   0.00080  0.00040  0.00125    0.00000    0.02732  0.01223  0.01540  0.00812  0.01623  0.01366   0.00883

 O00J        0.53727  0.68194  0.79104    1.00000    0.26915  0.13725  0.10058  0.00575 -0.00534  0.13198   0.15549
   0.04901   0.00075  0.00060  0.00110    0.00000    0.02632  0.01737  0.01494  0.01286  0.01589  0.01892   0.00799

 O00K        0.57064  0.42936  0.13469    0.50000    0.29290
   0.03234   0.00053  0.00053  0.00195    0.00000    0.01320

 O00L        0.50388  0.68748  0.95936    1.00000    0.29701  0.15515  0.08173  0.01281  0.00820  0.15695   0.15845
   0.04569   0.00067  0.00055  0.00087    0.00000    0.02535  0.01613  0.01153  0.01047  0.01333  0.01785   0.00808

 C00M        0.73726  0.53387  0.50000    0.50000    0.26059
   0.09335   0.00127  0.00154  0.00000    0.00000    0.01971

 C00N        0.59350  0.40650  0.09683    0.50000    0.20365
   0.03471   0.00055  0.00055  0.00209    0.00000    0.01397

 C00O        0.64375  0.64375  0.57586    0.50000    1.57562
   1.04768   0.00725  0.00725  0.05814    0.00000    0.32599

 C00P        0.75226  0.37613  0.50000    0.25000    0.60963
   0.39876   0.00678  0.00339  0.00000    0.00000    0.11218

 C00Q        0.79497  0.39748  0.50000    0.25000    0.36351
   0.19448   0.00331  0.00165  0.00000    0.00000    0.04721

 C00S        0.70623  0.56467  0.50000    0.50000    0.37888
   0.12239   0.00188  0.00187  0.00000    0.00000    0.02993

 C00T        0.54084  0.45916  0.21693    0.50000    0.43403
   0.11153   0.00143  0.00143  0.00671    0.00000    0.05489

 C00U        0.66416  0.58815  0.50000    0.50000    0.41003
   0.16878   0.00246  0.00243  0.00000    0.00000    0.03691

 C00V        0.70750  0.41499  0.50000    0.25000    0.76804
   0.46496   0.00395  0.00791  0.00000    0.00000    0.12239

 C00W        1.00000  1.00000  0.02966    0.08333    0.40390
   0.20561   0.00000  0.00000  0.01238    0.00000    0.09408

 C00X        0.68693  0.62560  0.50000    0.50000    0.93198
   0.39763   0.00586  0.00626  0.00000    0.00000    0.14857

 C00Z        0.46672  0.39094  0.07355    1.00000    1.19037
   0.31999   0.00422  0.00432  0.00704    0.00000    0.11059

 C010        0.73437  0.46875  0.50000    0.25000   -0.00100
   1.56298   0.01329  0.02659  0.00000    0.00000    0.89180

 C011        0.95947  0.91895  0.50000    0.25000    0.83115
   1.12048   0.00953  0.01906  0.00000    0.00000    1.61168

 O012        0.64576  0.64576  0.25830    0.50000    0.70108
   0.16089   0.00182  0.00182  0.00474    0.00000    0.04420

 C013        0.54030  0.45970  0.14789    0.50000    0.86728
   0.30654   0.00404  0.00404  0.01846    0.00000    0.23065

 C014        0.93924  0.87847  0.59075    0.50000    1.98843
   0.79249   0.00839  0.01678  0.03356    0.00000    0.58414

 O015        0.66667  0.33333  0.19233    0.16667    1.06179
   0.23480   0.00000  0.00000  0.01414    0.00000    0.16311

 C016        1.00000  1.00000  0.42583    0.08333    1.10246
   3.11489   0.00000  0.00000  0.18753    0.00000    2.49260

 C017        0.53888  0.46112 -0.04120    0.50000    0.13690
   0.01630   0.00023  0.00023  0.00098    0.00000    0.00506

 C018        1.00000  1.00000  0.75607    0.08333    1.43937
   1.19417   0.00000  0.00000  0.07189    0.00000    0.66029

 C019        0.74944  0.47623  0.50000    0.50000    0.89390
   0.70654   0.01420  0.00671  0.00000    0.00000    0.13799

 C01A        0.54842  0.45158  0.00000    0.25000    2.00000
   0.00000   0.00917  0.00917  0.00000    0.00000    0.71026

 C01B        0.93849  0.87698  0.72682    0.50000    1.24099
   0.50813   0.00381  0.00762  0.01496    0.00000    0.18892

 C01C        0.75480  0.37740  0.57401    0.50000    0.92777
   0.62420   0.00922  0.00461  0.01534    0.00000    0.23869

 C01D        0.75082  0.57718  0.59582    1.00000    0.68049
   0.17490   0.00206  0.00232  0.00425    0.00000    0.05272

 C01E        1.06311  0.58074  0.50000    0.50000    2.00000
   3.52106   0.05909  0.03160  0.00000    0.00000    0.57415



 Final Structure Factor Calculation for  CrystalPilot cross-check in P 6/m m m                                      

 Total number of l.s. parameters =   231  Maximum vector length =  623   Memory required =     75 /   6699 /    26789

 wR2 =  0.4438 before cycle   7 for    4395 data and      0 /    231 parameters

 GooF = S =     2.249;     Restrained GooF =      2.249 for       0 restraints

 Weight = 1 / [ sigma^2(Fo^2) + ( 0.1000 * P )^2 +   0.00 * P ]   where  P = ( Max ( Fo^2, 0 ) + 2 * Fc^2 ) / 3

 wR2 = 0.4438, GooF = S = 2.249, Restrained GooF = 2.249 for all data
 R1 = 0.1732 for 2063 Fo > 4sig(Fo) and 0.2724 for all 4395 data

 Occupancy sum of asymmetric unit =    27.67 for non-hydrogen and     0.00 for H and D atoms



 Principal mean square atomic displacements U

   0.0925   0.0644   0.0623   Zr01  
   0.1087   0.0730   0.0669   Zr02  
   0.1194   0.0914   0.0665   O003  
   0.1654   0.0943   0.0802   O004  
   0.2198   0.1047   0.0788   O005  
   0.2415   0.0886   0.0846   O006    may be split into  0.5443  0.5414  0.2631  and  0.5328  0.5357  0.2606
   0.2601   0.1036   0.0943   O007    may be split into  0.6016  0.6014  0.4225  and  0.6009  0.6010  0.3987
   0.1833   0.1166   0.0750   O008  
   0.1296   0.1005   0.0635   C009  
   0.2458   0.0911   0.0602   C00A    may be split into  0.5099  0.6907  0.7801  and  0.4994  0.6897  0.7811
   0.1791   0.1117   0.0647   O00B  
   0.1533   0.1013   0.0611   C00C  
   0.2267   0.1147   0.0741   O00D  
   0.2427   0.1030   0.0507   C00E  
   0.2416   0.1276   0.0444   O00F  
   0.1940   0.1241   0.0586   O00G  
   0.2339   0.0983   0.0540   C00H  
   0.2158   0.0791   0.0778   C00I    may be split into  0.5106  0.7529  0.9556  and  0.5011  0.7529  0.9564
   0.2694   0.1083   0.0888   O00J  
   0.2978   0.1009   0.0766   O00L    may be split into  0.5097  0.6878  0.9599  and  0.4981  0.6872  0.9588
  -0.0010  -0.0010  -0.0010   C010   ** NON POSITIVE DEFINITE **

 ** Warning:     5  atoms may be split and     1  atoms NPD **



 Analysis of variance for reflections employed in refinement      K = Mean[Fo^2] / Mean[Fc^2]  for group


 Fc/Fc(max)       0.000    0.007    0.011    0.016    0.021    0.028    0.036    0.047    0.066    0.107    1.000

 Number in group       554.     381.     420.     407.     492.     393.     444.     434.     431.     439.

            GooF      0.983    1.047    1.177    1.200    1.750    1.878    2.091    2.713    3.403    3.506

             K        3.802    1.560    1.267    0.979    1.148    1.082    1.454    1.008    1.086    1.103


 Resolution(A)    1.00     1.04     1.08     1.13     1.20     1.28     1.38     1.52     1.77     2.26     inf

 Number in group       445.     444.     438.     443.     436.     431.     437.     444.     437.     440.

            GooF      1.120    1.093    1.228    1.292    1.248    1.439    1.686    1.852    2.658    4.913

             K        1.134    1.046    1.078    1.071    0.960    0.875    1.004    1.048    1.134    1.143

             R1       0.454    0.370    0.348    0.319    0.320    0.328    0.190    0.159    0.159    0.229


 Recommended weighting scheme:  WGHT    0.2000    0.0000
 [Weight parameters refined to    0.3993       40.00  but appear excessive]


 Most Disagreeable Reflections (* if suppressed or used for Rfree).
 Error/esd is calculated as sqrt(wD^2/<wD^2>) where w is given by the weight
 formula, D = Fo^2-Fc^2 and <> refers to the average over all reflections.

     h   k   l          Fo^2          Fc^2    Error/esd  Fc/Fc(max)  Resolution(A)

     0   4   1      35499.79       2551.37       8.01       0.071       7.56
    -1   5   1       3798.26        339.67       7.50       0.026       6.76
    -2   4   0     161446.80        960.49       7.29       0.043       9.80
     0  10   2       5977.22        394.69       6.67       0.028       3.14
    -3  13   1       4131.04        404.46       6.62       0.028       2.84
    -3  10   0      12890.71       1877.30       6.50       0.061       3.82
    -4   8   2      14269.46       2602.51       6.30       0.072       4.22
    -4  12   2      13478.80       3258.90       6.08       0.080       2.99
    -1   4   0      58044.61      12993.95       5.91       0.160       9.41
    -1   4   2      14928.78       3919.15       5.81       0.088       6.23
     0  11   2        221.48       5315.91       5.60       0.102       2.89
    -1   2   2       4421.71        924.85       5.49       0.043       7.65
     0   9   1      51135.51      15581.78       4.97       0.175       3.68
    -3   8   1        359.97       3021.28       4.94       0.077       4.65
     0   9   4       5584.76       1143.09       4.78       0.047       2.79
     0   7   2      30698.86       9946.63       4.67       0.140       4.19
     0   3   4       3292.03        603.79       4.62       0.034       3.90
     0  10   0      34149.46       9463.91       4.58       0.136       3.39
    -2  13   1      28564.19      10475.41       4.58       0.144       2.76
    -4  11   3       6078.45       2025.08       4.57       0.063       2.97
    -6  16   2        298.70       2919.79       4.54       0.076       2.33
    -2   7   2       9127.92       3274.11       4.50       0.080       4.55
    -4  15   2        301.40       2882.16       4.44       0.075       2.41
    -4   9   0       2920.58        326.43       4.39       0.025       4.35
     0   3   1      16248.24       5524.70       4.36       0.104       9.35
    -4  11   2      18334.96       7044.30       4.35       0.118       3.24
    -2   6   5       3992.40       1301.50       4.32       0.051       2.95
    -1   3   3       1602.86       6016.77       4.30       0.109       5.08
     0   3   0     102318.67     370427.38       4.28       0.854      11.31
    -3   8   3     156489.48      62657.46       4.22       0.351       3.65
     0   7   1      31161.45      11768.60       4.17       0.152       4.65
     0   5   2      21385.93       7780.41       4.14       0.124       5.26
    -6  13   1        545.53       2874.07       4.11       0.075       2.96
    -3   9   2       3544.30       1158.77       4.04       0.048       3.80
    -3  10   3      19590.18       8072.46       4.02       0.126       3.14
    -6  12   0      30776.77      10519.52       3.99       0.144       3.27
    -5  15   0       2164.34       7603.62       3.94       0.122       2.57
    -5  12   1        189.32       1857.72       3.86       0.060       3.19
    -5  11   2        -43.21       1348.57       3.86       0.052       3.27
    -3  14   4       2310.03        480.42       3.77       0.031       2.24
    -1   9   3       7873.33       3306.98       3.75       0.081       3.23
    -5  12   2        468.06       2236.12       3.73       0.066       3.03
     0  11   6      11451.10       4119.51       3.72       0.090       2.06
     0   1   3       2450.46        730.74       3.67       0.038       5.46
    -8  18   1       3207.36       1015.48       3.67       0.045       2.15
    -5  16   2       2285.79        475.19       3.66       0.031       2.30
    -2   7   0      39617.77      17203.24       3.61       0.184       5.43
    -2  10   0      74404.04      33110.36       3.53       0.255       3.70
     0   4   6       6499.12       2599.94       3.50       0.072       2.63
    -1   3   2       1680.65       4523.07       3.50       0.094       6.97



 Bond lengths and angles

 Zr01 -          Distance        Angles
 C01E_$13  4.9832 (1.8716) 
 C01E_$14  4.9832 (1.8665)   45.51 (9.99)
 O005_$5   2.1364 (0.0164)   77.95 (9.27)  32.44 (9.48)
 O005      2.1367 (0.0164)   32.44 (9.52)  77.95 (9.24) 110.39 (1.00)
 O008_$3   2.1756 (0.0143)   57.74 (2.46)  57.73 (2.44)  70.70 (0.36)  70.71 (0.36)
 O008_$1   2.1756 (0.0143)   57.74 (2.46)  57.73 (2.44)  70.70 (0.36)  70.71 (0.36) 109.25 (0.90)
 O003_$4   2.2115 (0.0107)  103.39 (7.27) 134.48 (4.79) 141.85 (0.25)  77.91 (0.47)  78.01 (0.44) 142.48 (0.25)
 O003_$6   2.2114 (0.0107)  134.48 (4.79) 103.39 (7.25)  77.92 (0.47) 141.85 (0.25)  78.00 (0.44) 142.48 (0.25)  74.66 (0.51)
 O003_$5   2.2114 (0.0107)  134.48 (4.79) 103.39 (7.25)  77.92 (0.47) 141.85 (0.25) 142.48 (0.25)  78.00 (0.44) 119.27 (0.57)
 O003      2.2116 (0.0107)  103.39 (7.27) 134.49 (4.78) 141.85 (0.25)  77.91 (0.47) 142.48 (0.25)  78.01 (0.44)  75.73 (0.50)
 Zr02_$4   3.4958 (0.0031)   32.71 (3.31)  63.05 (7.70)  90.65 (0.44)  35.64 (0.25)  90.33 (0.40)  35.08 (0.23) 111.14 (0.26)
 Zr02_$3   3.4952 (0.0031)   63.06 (7.73)  32.71 (3.32)  35.64 (0.25)  90.66 (0.44)  35.07 (0.23)  90.33 (0.40) 110.42 (0.26)
                 Zr01            C01E_$13      C01E_$14      O005_$5       O005          O008_$3       O008_$1       O003_$4      

 Zr02 -          Distance        Angles
 O008_$3   2.1226 (0.0086) 
 O008      2.1219 (0.0086)   68.49 (0.66)
 O005      2.1552 (0.0091)   71.37 (0.59) 108.98 (0.71)
 O005_$7   2.1548 (0.0092)  108.97 (0.71)  71.38 (0.59)  69.87 (0.68)
 O006      2.2018 (0.0149)   84.52 (0.63)  84.61 (0.63) 144.48 (0.34) 144.65 (0.34)
 O007      2.2301 (0.0162)  145.13 (0.33) 145.14 (0.33)  84.07 (0.70)  84.07 (0.70) 103.58 (0.78)
 O004_$7   2.2539 (0.0112)  140.35 (0.46)  76.51 (0.46) 140.24 (0.48)  75.40 (0.48)  73.98 (0.36)  73.53 (0.37)
 O004_$4   2.2545 (0.0111)   76.50 (0.46) 140.34 (0.46)  75.38 (0.48) 140.23 (0.48)  73.85 (0.36)  73.53 (0.36) 126.10 (0.58)
 Zr01_$1   3.4951 (0.0031)   88.96 (0.41)  36.09 (0.39)  89.30 (0.43)  35.29 (0.44) 116.61 (0.32) 115.73 (0.37)  72.37 (0.29)
 Zr01      3.4958 (0.0031)   36.09 (0.38)  88.96 (0.41)  35.28 (0.44)  89.29 (0.42) 116.48 (0.32) 115.73 (0.37) 161.52 (0.30)
 Zr02_$3   3.5087 (0.0058)   34.23 (0.33)  34.25 (0.33)  89.99 (0.50)  90.00 (0.50)  83.66 (0.50) 172.76 (0.58) 109.03 (0.29)
 Zr02_$4   3.5332 (0.0053)   90.20 (0.45)  90.20 (0.45)  34.94 (0.34)  34.93 (0.34) 173.66 (0.51)  82.76 (0.58) 108.36 (0.30)
                 Zr02            O008_$3       O008          O005          O005_$7       O006          O007          O004_$7      

 O003 -          Distance        Angles
 C009      1.2606 (0.0173) 
 Zr01      2.2116 (0.0107)  132.12 (1.08)
                 O003            C009         

 O004 -          Distance        Angles
 C009      1.2508 (0.0167) 
 Zr02_$4   2.2546 (0.0111)  134.23 (1.14)
                 O004            C009         

 O005 -          Distance        Angles
 C01E_$13  3.3803 (2.0116) 
 Zr01      2.1367 (0.0163)  127.74 (6.34)
 Zr02_$4   2.1551 (0.0092)   55.11 (0.42) 109.08 (0.58)
 Zr02      2.1552 (0.0092)   55.11 (0.42) 109.08 (0.58) 110.11 (0.68)
                 O005            C01E_$13      Zr01          Zr02_$4      

 O006 -          Distance        Angles
 Zr02      2.2018 (0.0149) 
                 O006           

 O007 -          Distance        Angles
 C00O      3.1787 (0.8323) 
 Zr02      2.2301 (0.0161)  127.40 (9.99)
                 O007            C00O         

 O008 -          Distance        Angles
 Zr02      2.1219 (0.0086) 
 Zr02_$3   2.1227 (0.0086)  111.51 (0.67)
 Zr01_$1   2.1755 (0.0143)  108.84 (0.51) 108.83 (0.51)
                 O008            Zr02          Zr02_$3      

 C009 -          Distance        Angles
 O004      1.2508 (0.0167) 
 O003      1.2606 (0.0171)  126.06 (1.73)
 C00C      1.4784 (0.0210)  117.68 (1.75) 116.19 (1.66)
                 C009            O004          O003         

 C00A -          Distance        Angles
 O00D      1.4081 (0.0236) 
 O00J      1.4784 (0.0251)  120.77 (1.76)
 C00E      1.4955 (0.0214)  122.17 (2.01) 117.03 (2.03)
                 C00A            O00D          O00J         

 O00B -          Distance        Angles
 C00C      1.3951 (0.0197) 
 O00D      1.4161 (0.0209)  119.94 (1.74)
                 O00B            C00C         

 C00C -          Distance        Angles
 O00B      1.3951 (0.0197) 
 O00G      1.4034 (0.0202)  124.61 (1.67)
 C009      1.4784 (0.0210)  118.36 (1.74) 116.90 (1.77)
                 C00C            O00B          O00G         

 O00D -          Distance        Angles
 O00B      1.4161 (0.0209) 
 C00A      1.4081 (0.0237)  118.93 (1.85)
                 O00D            O00B         

 C00E -          Distance        Angles
 C00H      1.3587 (0.0202) 
 O00F      1.3962 (0.0194)  121.55 (1.77)
 C00A      1.4955 (0.0213)  123.49 (1.57) 114.89 (1.62)
                 C00E            C00H          O00F         

 O00F -          Distance        Angles
 C00E      1.3962 (0.0193) 
 C00E_$8   1.3969 (0.0194)  118.66 (2.32)
                 O00F            C00E         

 O00G -          Distance        Angles
 C00C      1.4034 (0.0202) 
 O00J      1.4513 (0.0224)  116.58 (1.80)
                 O00G            C00C         

 C00H -          Distance        Angles
 C00E      1.3587 (0.0202) 
 C00I      1.4125 (0.0164)  119.26 (1.74)
 O00L      1.5127 (0.0195)  121.33 (1.44) 119.38 (1.47)
                 C00H            C00E          C00I         

 C00I -          Distance        Angles
 C00I_$9   1.4617 (0.0414) 
 C00H_$8   1.4152 (0.0164)  120.12 (1.04)
 C00H      1.4125 (0.0164)  120.17 (1.04) 119.71 (2.07)
                 C00I            C00I_$9       C00H_$8      

 O00J -          Distance        Angles
 O00G      1.4513 (0.0223) 
 C00A      1.4784 (0.0251)  118.97 (1.89)
                 O00J            O00G         

 O00K -          Distance        Angles
 C017_$10  2.6635 (0.0380) 
 C013      2.1456 (0.2640)   41.54 (8.17)
 C00N      1.6616 (0.0390)  122.10 (2.14) 163.56 (8.93)
                 O00K            C017_$10      C013         

 O00L -          Distance        Angles
 O00L_$9   1.3500 (0.0289) 
 C00H      1.5127 (0.0195)  120.41 (0.84)
                 O00L            O00L_$9      

 C00M -          Distance        Angles
 C010      2.7578 (0.8027) 
                 C00M           

 C00N -          Distance        Angles
 O00K      1.6616 (0.0389) 
                 C00N           

 C00O -          Distance        Angles
 C00O_$4   2.5202 (1.9314) 
 O007      3.1787 (0.8286)   30.26 (9.99)
                 C00O            C00O_$4      

 C00P -          Distance        Angles
 C00Q      1.4495 (0.1938) 
 C01C_$4   1.2324 (0.2601)   85.99 (9.99)
 C01C      1.2325 (0.2601)   85.99 (9.99) 171.74 (9.99)
                 C00P            C00Q          C01C_$4      

 C00Q -          Distance        Angles
 C00P      1.4495 (0.1938) 
 C01C_$4   1.8357 (0.3066)   42.04 (9.99)
 C01C      1.8358 (0.3065)   42.05 (9.99)  84.08 (9.99)
                 C00Q            C00P          C01C_$4      

 C00T -          Distance        Angles
 C017_$10  2.9226 (0.1158) 
 C013      1.1537 (0.3530)    3.64 (9.99)
                 C00T            C017_$10     

 C00U -          Distance        Angles
 C00X      1.2808 (0.2019) 
                 C00U           

 C00V -          Distance        Angles
 C019      1.9672 (0.3017) 
 C019_$11  1.9168 (0.2844)   26.38 (9.99)
                 C00V            C019         

 C00W -          Distance        Angles
 C00W_$12  0.9854 (0.4112) 
 C016      6.5804 (3.0932)  180.00 (1.86)
                 C00W            C00W_$12     

 C00X -          Distance        Angles
 C00U      1.2808 (0.2010) 
                 C00X           

 C010 -          Distance        Angles
 C00M      2.7578 (0.8016) 
 C00M_$11  2.6456 (0.8378)   50.93 (9.99)
                 C010            C00M         

 C013 -          Distance        Angles
 C017_$10  1.7727 (0.3019) 
 C00T      1.1537 (0.3530)  174.00 (9.99)
 O00K      2.1456 (0.2642)   85.08 (9.99)  90.00 (9.99)
                 C013            C017_$10      C00T         

 C016 -          Distance        Angles
 C00W      6.5804 (3.0932) 
                 C016           

 C017 -          Distance        Angles
 C013_$10  1.7727 (0.3020) 
 O00K_$10  2.6635 (0.0380)   53.38 (8.71)
 C00T_$10  2.9226 (0.1158)    2.37 (8.51)  51.46 (2.06)
                 C017            C013_$10      O00K_$10     

 C019 -          Distance        Angles
 C00V      1.9672 (0.3004) 
                 C019           

 C01C -          Distance        Angles
 C00P      1.2325 (0.2600) 
 C00Q      1.8358 (0.3069)   51.97 (9.99)
                 C01C            C00P         

 C01E -          Distance        Angles
 Zr01_$2   4.9832 (1.8678) 
 O005_$2   3.3804 (2.0096)   19.82 (7.70)
 C01E_$15  3.8550 (0.6993)   67.24 (9.40)  87.06 (6.18)
                 C01E            Zr01_$2       O005_$2      



 Selected torsion angles

    -7.65 ( 2.79)  Zr02_$4 - O004 - C009 - O003
   169.19 ( 1.09)  Zr02_$4 - O004 - C009 - C00C
     6.05 ( 2.62)  Zr01 - O003 - C009 - O004
  -170.83 ( 0.99)  Zr01 - O003 - C009 - C00C
    -5.54 ( 2.94)  O00D - O00B - C00C - O00G
   178.68 ( 1.61)  O00D - O00B - C00C - C009
  -176.48 ( 1.63)  O004 - C009 - C00C - O00B
     0.67 ( 2.41)  O003 - C009 - C00C - O00B
     7.41 ( 2.43)  O004 - C009 - C00C - O00G
  -175.43 ( 1.55)  O003 - C009 - C00C - O00G
     4.78 ( 2.82)  C00C - O00B - O00D - C00A
    -2.00 ( 2.91)  O00J - C00A - O00D - O00B
   176.05 ( 1.71)  C00E - C00A - O00D - O00B
   122.44 ( 2.34)  O00D - C00A - C00E - C00H
   -59.45 ( 3.02)  O00J - C00A - C00E - C00H
   -54.72 ( 3.03)  O00D - C00A - C00E - O00F
   123.40 ( 2.25)  O00J - C00A - C00E - O00F
     2.90 ( 4.57)  C00H - C00E - O00F - C00E_$8
  -179.88 ( 1.85)  C00A - C00E - O00F - C00E_$8
     3.08 ( 2.82)  O00B - C00C - O00G - O00J
   178.92 ( 1.57)  C009 - C00C - O00G - O00J
    -2.01 ( 3.80)  O00F - C00E - C00H - C00I
  -178.98 ( 2.22)  C00A - C00E - C00H - C00I
   176.05 ( 2.25)  O00F - C00E - C00H - O00L
    -0.92 ( 3.61)  C00A - C00E - C00H - O00L
  -179.94 ( 1.54)  C00E - C00H - C00I - C00I_$9
     1.96 ( 2.64)  O00L - C00H - C00I - C00I_$9
     1.06 ( 4.32)  C00E - C00H - C00I - C00H_$8
  -177.05 ( 1.62)  O00L - C00H - C00I - C00H_$8
    -0.12 ( 2.68)  C00C - O00G - O00J - C00A
    -0.31 ( 2.92)  O00D - C00A - O00J - O00G
  -178.45 ( 1.67)  C00E - C00A - O00J - O00G
   179.98 ( 1.60)  C00E - C00H - O00L - O00L_$9
    -1.96 ( 2.64)  C00I - C00H - O00L - O00L_$9
   178.05 ( 0.52)  C01C - C00P - C00Q - C01C_$4
  -178.05 ( 0.53)  C01C_$4 - C00P - C00Q - C01C
   -34.94 (99.99)  C017_$10 - C00T - C013 - O00K
    -1.31 ( 0.41)  C01C_$4 - C00Q - C01C - C00P


 FMAP and GRID set by program

 FMAP   2   1 167
 GRID    -0.610  -1  -1     0.610   1   1

 R1 =  0.2645 for   4395 unique reflections after merging for Fourier


 Electron density synthesis with coefficients Fo-Fc

 Highest peak    1.15  at  0.3337  0.4101  0.0000  [  2.54 A from C00Z ]
 Deepest hole   -4.16  at  0.7350  0.4701  0.5000  [  0.05 A from C010 ]


 Fourier peaks appended to .res file

              x       y       z       sof     U      Peak   Distances to nearest atoms (including eq.)

 Q1    1   0.4101  0.3337  0.0000   0.50000  0.05    1.15   2.54 C00Z  3.91 O00L  4.23 O00J  4.66 O00G
 Q2    1   0.6174  0.6174  0.5000   0.25000  0.05    0.84   1.61 O007  1.63 C00O  2.58 C00X  2.60 C00U
 Q3    1   0.6541  0.6541  0.5000   0.25000  0.05    0.68   1.32 C00O  2.08 C00X  2.55 O007  2.80 C00U
 Q4    1   1.0000  1.0000  0.8292   0.08333  0.05    0.58   1.21 C018  2.34 C00W  3.33 C00W  4.24 C016
 Q5    1   0.6104  0.6104  0.1898   0.50000  0.05    0.58   1.79 O012  3.06 O006  3.56 C00Z  3.69 O007
 Q6    1   0.7243  0.4486  0.5539   0.50000  0.05    0.55   1.13 C010  1.37 C019  1.45 C00V  3.24 C00M
 Q7    1   0.5000  0.5000  0.1535   0.25000  0.05    0.50   2.35 O006  2.74 C013^a  2.97 C00T^a  3.23 C017
 Q8    1   0.6237  0.6465  0.5000   0.50000  0.05    0.49   1.52 C00O  1.55 C00X  1.84 C00U  2.14 O007
 Q9    1   0.7091  0.4470  0.5440   1.00000  0.05    0.46   1.18 C010  1.24 C019  1.43 C00V  1.59 C019
 Q10   1   0.6860  0.6159  0.6073   1.00000  0.05    0.45   1.82 C00X  2.04 C00U  2.45 C00O  3.07 C00S
 Q11   1   1.0000  0.9191  0.6083   0.50000  0.05    0.44   2.12 C014  2.40 C011  2.90 C01B^a  3.22 C016
 Q12   1   0.5908  0.5908  0.4355   0.50000  0.05    0.43   0.58 O007  1.93 ZR02  2.09 C00O  2.43 O005
 Q13   1   0.6846  0.5366  0.5000   0.50000  0.05    0.43   1.00 C00S  2.12 C00M  2.52 C00U  2.77 C01D
 Q14   1   0.5000  0.5000  0.2436   0.25000  0.05    0.42   1.54 O006  2.76 O008  2.81 C00T^a  3.05 ZR02
 Q15   1   0.6211  0.3789  0.1093   0.50000  0.05    0.41   1.88 C00N  3.39 O015^a  3.39 O015^a  3.45 O00K
 Q16   1   0.6047  0.3024  0.1589   0.50000  0.05    0.41   2.17 O015^a  2.17 O015^a  3.82 O00F  3.94 C00E
 Q17   1   0.6546  0.3092  0.3116   0.50000  0.05    0.38   2.14 O015^a  2.89 C01C  3.76 C00P  3.96 C01C
 Q18   1   1.0000  0.9339  0.7392   0.50000  0.05    0.37   2.33 C01B^a  2.61 C018  3.36 C014  3.77 C016
 Q19   1   0.9215  0.8431  0.5000   0.25000  0.05    0.35   1.93 C014  2.57 C011  3.94 C01B^a  4.61 C011
 Q20   1   0.4595  0.4219  0.1550   1.00000  0.05    0.35   1.93 C00Z  2.33 O006  2.75 C013^a  2.95 C00T^a

 Shortest distances between peaks (including symmetry equivalents)

      6   9  0.59      2   8  1.04      3   8  1.07      9   9  1.13     17  17  1.42      2   3  1.44      9   9  1.46
      2  12  1.49      7  14  1.50      8   8  1.55      6   9  1.72      6   6  1.79      9   9  1.85     12  12  2.14
      8  12  2.18     11  18  2.25      5  20  2.44      8  10  2.48     20  20  2.55     18  18  2.59      7  20  2.65
      3  12  2.70     15  16  2.86     15  16  2.86     15  16  2.86     15  16  2.86      3  10  2.97      4  18  2.99


 Time profile in seconds
 -----------------------

      0.02: Read and process instructions
      0.00: Fit rigid groups
      0.00: Interpret restraints etc.
      0.00: Generate connectivity array
      0.00: Analyse DFIX and DANG restraints
      0.00: Analyse SAME, SADI and NCSY restraints
      0.00: Generate CHIV restraints
      0.00: Check if bonds in residues restrained
      0.00: Generate DELU and RIGU restraints
      0.00: Generate SIMU restraints
      0.00: Generate ISOR restraints
      0.00: Analyse electron density
      0.00: Analyse other restraints etc.
      0.45: Read intensity data, sort/merge etc.
      0.00: Set up constraints
      0.01: OSF, H-atoms from difference map
      0.02: Set up l.s. refinement
      0.00: Generate idealized H-atoms
      0.06: Structure factors and derivatives
      0.02: Sum l.s. matrices
      0.00: Generate and apply antibumping restraints
      0.00: Apply other restraints
      0.01: Solve l.s. equations
      0.00: Generate HTAB table
      4.38: Other dependent quantities, CIF, tables
      0.01: Analysis of variance
      0.07: Merge reflections for Fourier and .fcf
      0.06: Fourier summations
      0.02: Peaksearch
      0.00: Analyse peaklist

 ** WARNING: These times are only approximate for multiple threads.
             To get better estimates run with -t1 **

   Please cite: G.M. Sheldrick (2015) "Crystal structure refinement with
   SHELXL", Acta Cryst., C71, 3-8 (Open Access) if SHELXL proves useful.

 +++++++++++++++++++++++++++++++++++++++++++++++++++++++++++++++++++++++++++++
 +  job           finished at 19:41:54   Total elapsed time:      5.12 secs  +
 +++++++++++++++++++++++++++++++++++++++++++++++++++++++++++++++++++++++++++++
