
 +++++++++++++++++++++++++++++++++++++++++++++++++++++++++++++++++++
 +  SHELXL -  CRYSTAL STRUCTURE REFINEMENT  -   MULTI-CPU VERSION  +
 +  Copyright(C) George M. Sheldrick 1993-2023     Version 2019/3  +
 +  job                        started at 20:27:18 on 21-Sep-2026  +
 +++++++++++++++++++++++++++++++++++++++++++++++++++++++++++++++++++

 Command line parameters: job -a50000 -b3000 -c624 -g0 -m0 -t4

 -a sets the approximate maximum number of atoms including hydrogens.
 -b sets the maximum number of full-matrix parameters (not used by CGLS).
 For example -b9000 allows refinement of 1000 anisotropic atoms or 3000
 with BLOC 1. For a 32-bit version, -b times the square root of the
 number of threads should not exceed about 65500. -c sets the reflection
 buffer size. This depends on the CPU cache size but will rarely
 need changing.

 -g sets the number of reflection groups used for calculating R_complete,
 This must be greater than 1 but not greater than the total number of
 reflections for refinement. -m sets the current reflection group number.
 This may not be less than 1 nor greater than the number set by -g. These
 command line flags override other ways of defining free-R reflections.
 The -m value is also used as a seed for the WIGL pseudo-random shifts.

 -t sets the number of threads, otherwise it is set to the apparent
 number of CPUs. For optimal performance on hyperthreading systems,
 -t should be set to a little more than half the number of CPUs;
 e.g. -t4 or -t5 for an Intel i7 processor.

 Running  4 threads on  4 processors

 TITL CrystalPilot cross-check in P 21 21 21
 CELL 0.71073 5.78803 5.96863 12.29941 90.0000 90.0000 90.0000
 ZERR 4 0.00000 0.00000 0.00000 0.0000 0.0000 0.0000
 LATT -1
 SYMM X+1/2,-Y+1/2,-Z
 SYMM -X,Y+1/2,-Z+1/2
 SYMM -X+1/2,-Y,Z+1/2
 SFAC C H N O
 UNIT 12.0 28.0 4.0 8.0

 V =      424.90     F(000) =     192.0     Mu =   0.12 mm-1      Cell Wt =      356.38    Rho =  1.393

  
 L.S. 15
 BOND $H
 CONF
 ACTA
 FMAP 2
 PLAN 20
 TEMP -123.1
  
 SADI 0.020 O2 C1 O2B C1
 SIMU 0.040 0.080 O2 O2B
  
 WGHT 0.100000 0.000000
 FVAR 1.35511 0.95000
 O1    4   0.261019   1.054443   0.684170    11.00000     0.00688     0.02861 =
       0.01891    -0.00320    -0.00106    -0.00044
 PART 1
 O2    4   0.125682   0.773295   0.583459    21.00000     0.01843
 PART 0
 N1    3  -0.316206   0.853349   0.637763    11.00000     0.00780     0.01409 =
       0.01382    -0.00105     0.00006     0.00027
 AFIX 137
 H1A   2  -0.460980   0.909582   0.647130    11.00000    -1.50000
 H1B   2  -0.294341   0.735919   0.683815    11.00000    -1.50000
 H1C   2  -0.299286   0.805944   0.567895    11.00000    -1.50000
 AFIX 0
 C2    1  -0.144961   1.028814   0.661107    11.00000     0.00659     0.01836 =
       0.01129    -0.00010    -0.00050     0.00127
 AFIX 13
 H2    2  -0.158983   1.072348   0.739341    11.00000    -1.20000
 AFIX 0
 C1    1   0.100542   0.943401   0.640898    11.00000     0.01034     0.01152 =
       0.00868     0.00181    -0.00007     0.00042
 C3    1  -0.196797   1.235098   0.590747    11.00000     0.01156     0.01468 =
       0.02501     0.00312     0.00010     0.00088
 AFIX 137
 H3A   2  -0.082738   1.352317   0.605973    11.00000    -1.50000
 H3B   2  -0.351894   1.291063   0.607595    11.00000    -1.50000
 H3C   2  -0.188862   1.193651   0.513739    11.00000    -1.50000
 AFIX 0
 PART 2
 O2B   4   0.291400   0.583700   0.602400   -21.00000     0.01843
 PART 0
 HKLF 4



 Covalent radii and connectivity table for  CrystalPilot cross-check in P 21 21 21                                     
 C      0.770
 H      0.320
 N      0.700
 O      0.660

 O1 - C1
 O2^a - C1
 N1 - C2
 C2 - N1 C1 C3
 C1 - O2^a O1 C2
 C3 - C2
 O2B^b - no bonds found

       50  Systematically absent reflections rejected


     4132  Reflections read, of which      50  rejected

  -6 =< h =<  8,     -7 =< k =<  7,    -17 =< l =< 15,   Max. 2-theta =   60.25

        0  Systematic absence violations (I>3sig(I)) before merging

        1  Inconsistent equivalents

     1055  Unique reflections, of which       0  suppressed

 R(int) = 0.0361     R(sigma) = 0.0311      Friedel opposites not merged

 Maximum memory for data reduction =      975 /    10643


 Reflection statistics for all twin components combined (TWST 0 set)
 Number of data for d > 0.708A (CIF: max) and d > 0.833A (CIF: full)
 (ignoring systematic absences):
 Unique reflections found (point group)       1055     767
 Unique reflections possible (point group)    1258     768
 Unique reflections found (Laue group)         669     477
 Unique reflections possible (Laue group)      761     478
 Unique Friedel pairs found                    386     290
 Unique Friedel pairs possible                 497     290


 Default effective X-H and X-D distances for T = -123.1C 
 AFIX m =    1     2     3     4   4[N]  3[N]  15[B]  8[O]   9   9[N]   16
 d(X-H) =  1.00  0.99  0.98  0.95  0.88  0.91  1.12  0.84  0.95  0.88  0.95

 Note that these distances are chosen to give the best fit to the X-ray data
 and so avoid the introduction of systematic error.  The true internuclear
 distances are longer and do not vary with temperature!  The apparent
 variation with temperature is caused by libration.


 Least-squares cycle   1   Maximum vector length =  623   Memory required =     22 /   1146 /   100824

 wR2 =  0.2317 before cycle   1 for    1055 data and     57 /     57 parameters


 Disagreeable restraints before cycle    1

   Observed   Target    Error     Sigma     Restraint

                        1.2150    0.0200    SAME/SADI O2^a C1 C1 O2B^b


 Summary of restraints applied in cycle    1

               ANTIBUMP  DFIX    DANG SAME/SADI CHIV/Z CHIV/NZ   FLAT    DELU    RIGU    SIMU    ISOR    SUMP

       Number       0       0       0       1       0       0       0       0       0       1       0       0

 rms sigma      0.0000  0.0000  0.0000  0.0200  0.0000  0.0000  0.0000  0.0000  0.0000  0.0800  0.0000  0.0000

 rms deviation  0.0000  0.0000  0.0000  1.2150  0.0000  0.0000  0.0000  0.0000  0.0000  0.0000  0.0000  0.0000


 GooF = S =     1.872;     Restrained GooF =      3.967 for       2 restraints

 Weight = 1 / [ sigma^2(Fo^2) + ( 0.1000 * P )^2 +   0.00 * P ]   where  P = ( Max ( Fo^2, 0 ) + 2 * Fc^2 ) / 3

 Shifts scaled down to reduce maximum shift/esd from   23.14  to   15.00


     N      value        esd    shift/esd  parameter

     1     1.37986     0.01540     1.607    OSF
     2     0.93083     0.01009    -1.899   FVAR  2 
    54     0.25478     0.00979    -3.742     x  O2B^b
    55     0.65275     0.00614    11.250     y  O2B^b

 Mean shift/esd =   0.746  Maximum =    11.250 for   y  O2B^b    

 Max. shift = 0.485 A for O2B^b        Max. dU = 0.033 for O2B^b   


 Least-squares cycle   2   Maximum vector length =  623   Memory required =     22 /   1146 /   100824

 wR2 =  0.2287 before cycle   2 for    1055 data and     57 /     57 parameters


 Disagreeable restraints before cycle    2

   Observed   Target    Error     Sigma     Restraint

                        0.7306    0.0200    SAME/SADI O2^a C1 C1 O2B^b


 Summary of restraints applied in cycle    2

               ANTIBUMP  DFIX    DANG SAME/SADI CHIV/Z CHIV/NZ   FLAT    DELU    RIGU    SIMU    ISOR    SUMP

       Number       0       0       0       1       0       0       0       0       0       1       0       0

 rms sigma      0.0000  0.0000  0.0000  0.0200  0.0000  0.0000  0.0000  0.0000  0.0000  0.0800  0.0000  0.0000

 rms deviation  0.0000  0.0000  0.0000  0.7306  0.0000  0.0000  0.0000  0.0000  0.0000  0.0355  0.0000  0.0000


 GooF = S =     1.867;     Restrained GooF =      2.807 for       2 restraints

 Weight = 1 / [ sigma^2(Fo^2) + ( 0.1000 * P )^2 +   0.00 * P ]   where  P = ( Max ( Fo^2, 0 ) + 2 * Fc^2 ) / 3


     N      value        esd    shift/esd  parameter

     1     1.37224     0.01540    -0.495    OSF
     2     0.91693     0.01282    -1.084   FVAR  2 
    54     0.16308     0.01132    -8.103     x  O2B^b
    55     0.70676     0.00654     8.257     y  O2B^b

 Mean shift/esd =   0.862  Maximum =     8.257 for   y  O2B^b    

 Max. shift = 0.639 A for O2B^b        Max. dU = 0.057 for O2B^b   


 Least-squares cycle   3   Maximum vector length =  623   Memory required =     22 /   1146 /   100824

 wR2 =  0.2260 before cycle   3 for    1055 data and     57 /     57 parameters


 Disagreeable restraints before cycle    3

   Observed   Target    Error     Sigma     Restraint

                        0.2223    0.0200    SAME/SADI O2^a C1 C1 O2B^b


 Summary of restraints applied in cycle    3

               ANTIBUMP  DFIX    DANG SAME/SADI CHIV/Z CHIV/NZ   FLAT    DELU    RIGU    SIMU    ISOR    SUMP

       Number       0       0       0       1       0       0       0       0       0       1       0       0

 rms sigma      0.0000  0.0000  0.0000  0.0200  0.0000  0.0000  0.0000  0.0000  0.0000  0.0800  0.0000  0.0000

 rms deviation  0.0000  0.0000  0.0000  0.2223  0.0000  0.0000  0.0000  0.0000  0.0000  0.0959  0.0000  0.0000


 GooF = S =     1.849;     Restrained GooF =      1.953 for       2 restraints

 Weight = 1 / [ sigma^2(Fo^2) + ( 0.1000 * P )^2 +   0.00 * P ]   where  P = ( Max ( Fo^2, 0 ) + 2 * Fc^2 ) / 3


     N      value        esd    shift/esd  parameter

     1     1.36211     0.01527    -0.663    OSF
     2     0.91771     0.01834     0.043   FVAR  2 
    54     0.07545     0.01896    -4.623     x  O2B^b

 Mean shift/esd =   0.545  Maximum =    -4.623 for   x  O2B^b    

 Max. shift = 0.620 A for O2B^b        Max. dU = 0.066 for O2B^b   


 Least-squares cycle   4   Maximum vector length =  623   Memory required =     22 /   1146 /   100824

 wR2 =  0.2250 before cycle   4 for    1055 data and     57 /     57 parameters


 Disagreeable restraints before cycle    4

   Observed   Target    Error     Sigma     Restraint

                        0.1596    0.0200    SAME/SADI O2^a C1 C1 O2B^b


 Summary of restraints applied in cycle    4

               ANTIBUMP  DFIX    DANG SAME/SADI CHIV/Z CHIV/NZ   FLAT    DELU    RIGU    SIMU    ISOR    SUMP

       Number       0       0       0       1       0       0       0       0       0       1       0       0

 rms sigma      0.0000  0.0000  0.0000  0.0200  0.0000  0.0000  0.0000  0.0000  0.0000  0.0800  0.0000  0.0000

 rms deviation  0.0000  0.0000  0.0000  0.1596  0.0000  0.0000  0.0000  0.0000  0.0000  0.1618  0.0000  0.0000


 GooF = S =     1.833;     Restrained GooF =      1.889 for       2 restraints

 Weight = 1 / [ sigma^2(Fo^2) + ( 0.1000 * P )^2 +   0.00 * P ]   where  P = ( Max ( Fo^2, 0 ) + 2 * Fc^2 ) / 3


     N      value        esd    shift/esd  parameter

     1     1.36843     0.01520     0.416    OSF
     2     0.87858     0.02995    -1.307   FVAR  2 
    54     0.24639     0.04254     4.018     x  O2B^b

 Mean shift/esd =   0.401  Maximum =     4.018 for   x  O2B^b    

 Max. shift = 1.177 A for O2B^b        Max. dU = 0.061 for O2B^b   


 Least-squares cycle   5   Maximum vector length =  623   Memory required =     22 /   1146 /   100824

 wR2 =  0.2319 before cycle   5 for    1055 data and     57 /     57 parameters


 Disagreeable restraints before cycle    5

   Observed   Target    Error     Sigma     Restraint

                        0.5285    0.0200    SAME/SADI O2^a C1 C1 O2B^b


 Summary of restraints applied in cycle    5

               ANTIBUMP  DFIX    DANG SAME/SADI CHIV/Z CHIV/NZ   FLAT    DELU    RIGU    SIMU    ISOR    SUMP

       Number       0       0       0       1       0       0       0       0       0       1       0       0

 rms sigma      0.0000  0.0000  0.0000  0.0200  0.0000  0.0000  0.0000  0.0000  0.0000  0.0800  0.0000  0.0000

 rms deviation  0.0000  0.0000  0.0000  0.5285  0.0000  0.0000  0.0000  0.0000  0.0000  0.2233  0.0000  0.0000


 GooF = S =     1.883;     Restrained GooF =      2.431 for       2 restraints

 Weight = 1 / [ sigma^2(Fo^2) + ( 0.1000 * P )^2 +   0.00 * P ]   where  P = ( Max ( Fo^2, 0 ) + 2 * Fc^2 ) / 3


     N      value        esd    shift/esd  parameter

     1     1.38008     0.01600     0.728    OSF
     2     0.89396     0.01651     0.931   FVAR  2 

 Mean shift/esd =   0.390  Maximum =     2.477 for   y  O2B^b    

 Max. shift = 0.680 A for O2B^b        Max. dU = 0.071 for O2B^b   


 Least-squares cycle   6   Maximum vector length =  623   Memory required =     22 /   1146 /   100824

 wR2 =  0.2231 before cycle   6 for    1055 data and     57 /     57 parameters


 Disagreeable restraints before cycle    6

   Observed   Target    Error     Sigma     Restraint

                        0.3877    0.0200    SAME/SADI O2^a C1 C1 O2B^b
                       -0.2937    0.0800    SIMU Uiso O2^a O2B^b


 Summary of restraints applied in cycle    6

               ANTIBUMP  DFIX    DANG SAME/SADI CHIV/Z CHIV/NZ   FLAT    DELU    RIGU    SIMU    ISOR    SUMP

       Number       0       0       0       1       0       0       0       0       0       1       0       0

 rms sigma      0.0000  0.0000  0.0000  0.0200  0.0000  0.0000  0.0000  0.0000  0.0000  0.0800  0.0000  0.0000

 rms deviation  0.0000  0.0000  0.0000  0.3877  0.0000  0.0000  0.0000  0.0000  0.0000  0.2937  0.0000  0.0000


 GooF = S =     1.815;     Restrained GooF =      2.121 for       2 restraints

 Weight = 1 / [ sigma^2(Fo^2) + ( 0.1000 * P )^2 +   0.00 * P ]   where  P = ( Max ( Fo^2, 0 ) + 2 * Fc^2 ) / 3


     N      value        esd    shift/esd  parameter

     1     1.38704     0.01553     0.448    OSF
     2     0.89839     0.01632     0.272   FVAR  2 

 Mean shift/esd =   0.241  Maximum =     2.377 for   z  O2B^b    

 Max. shift = 0.301 A for O2B^b        Max. dU =-0.146 for O2B^b   


 Least-squares cycle   7   Maximum vector length =  623   Memory required =     22 /   1146 /   100824

 wR2 =  0.2201 before cycle   7 for    1055 data and     57 /     57 parameters


 Disagreeable restraints before cycle    7

   Observed   Target    Error     Sigma     Restraint

                        0.1547    0.0200    SAME/SADI O2^a C1 C1 O2B^b


 Summary of restraints applied in cycle    7

               ANTIBUMP  DFIX    DANG SAME/SADI CHIV/Z CHIV/NZ   FLAT    DELU    RIGU    SIMU    ISOR    SUMP

       Number       0       0       0       1       0       0       0       0       0       1       0       0

 rms sigma      0.0000  0.0000  0.0000  0.0200  0.0000  0.0000  0.0000  0.0000  0.0000  0.0800  0.0000  0.0000

 rms deviation  0.0000  0.0000  0.0000  0.1547  0.0000  0.0000  0.0000  0.0000  0.0000  0.1476  0.0000  0.0000


 GooF = S =     1.793;     Restrained GooF =      1.844 for       2 restraints

 Weight = 1 / [ sigma^2(Fo^2) + ( 0.1000 * P )^2 +   0.00 * P ]   where  P = ( Max ( Fo^2, 0 ) + 2 * Fc^2 ) / 3


     N      value        esd    shift/esd  parameter

     1     1.38528     0.01539    -0.114    OSF
     2     0.88946     0.02348    -0.380   FVAR  2 

 Mean shift/esd =   0.155  Maximum =     1.609 for   z  O2B^b    

 Max. shift = 0.147 A for O2B^b        Max. dU =-0.020 for O2B^b   


 Least-squares cycle   8   Maximum vector length =  623   Memory required =     22 /   1146 /   100824

 wR2 =  0.2181 before cycle   8 for    1055 data and     57 /     57 parameters


 Summary of restraints applied in cycle    8

               ANTIBUMP  DFIX    DANG SAME/SADI CHIV/Z CHIV/NZ   FLAT    DELU    RIGU    SIMU    ISOR    SUMP

       Number       0       0       0       1       0       0       0       0       0       1       0       0

 rms sigma      0.0000  0.0000  0.0000  0.0200  0.0000  0.0000  0.0000  0.0000  0.0000  0.0800  0.0000  0.0000

 rms deviation  0.0000  0.0000  0.0000  0.0129  0.0000  0.0000  0.0000  0.0000  0.0000  0.1280  0.0000  0.0000


 GooF = S =     1.775;     Restrained GooF =      1.775 for       2 restraints

 Weight = 1 / [ sigma^2(Fo^2) + ( 0.1000 * P )^2 +   0.00 * P ]   where  P = ( Max ( Fo^2, 0 ) + 2 * Fc^2 ) / 3


     N      value        esd    shift/esd  parameter

     1     1.38434     0.01526    -0.061    OSF
     2     0.88800     0.03328    -0.044   FVAR  2 

 Mean shift/esd =   0.141  Maximum =    -1.134 for  U11 O2B^b    

 Max. shift = 0.109 A for O2B^b        Max. dU =-0.042 for O2B^b   


 Least-squares cycle   9   Maximum vector length =  623   Memory required =     22 /   1146 /   100824

 wR2 =  0.2166 before cycle   9 for    1055 data and     57 /     57 parameters


 Summary of restraints applied in cycle    9

               ANTIBUMP  DFIX    DANG SAME/SADI CHIV/Z CHIV/NZ   FLAT    DELU    RIGU    SIMU    ISOR    SUMP

       Number       0       0       0       1       0       0       0       0       0       1       0       0

 rms sigma      0.0000  0.0000  0.0000  0.0200  0.0000  0.0000  0.0000  0.0000  0.0000  0.0800  0.0000  0.0000

 rms deviation  0.0000  0.0000  0.0000  0.0242  0.0000  0.0000  0.0000  0.0000  0.0000  0.0859  0.0000  0.0000


 GooF = S =     1.761;     Restrained GooF =      1.762 for       2 restraints

 Weight = 1 / [ sigma^2(Fo^2) + ( 0.1000 * P )^2 +   0.00 * P ]   where  P = ( Max ( Fo^2, 0 ) + 2 * Fc^2 ) / 3


     N      value        esd    shift/esd  parameter

     1     1.38638     0.01499     0.136    OSF
     2     0.85991     0.02793    -1.006   FVAR  2 

 Mean shift/esd =   0.153  Maximum =    -1.006 for FVAR  2       

 Max. shift = 0.096 A for O2B^b        Max. dU = 0.002 for O2B^b   


 Least-squares cycle  10   Maximum vector length =  623   Memory required =     22 /   1146 /   100824

 wR2 =  0.2159 before cycle  10 for    1055 data and     57 /     57 parameters


 Summary of restraints applied in cycle   10

               ANTIBUMP  DFIX    DANG SAME/SADI CHIV/Z CHIV/NZ   FLAT    DELU    RIGU    SIMU    ISOR    SUMP

       Number       0       0       0       1       0       0       0       0       0       1       0       0

 rms sigma      0.0000  0.0000  0.0000  0.0200  0.0000  0.0000  0.0000  0.0000  0.0000  0.0800  0.0000  0.0000

 rms deviation  0.0000  0.0000  0.0000  0.0420  0.0000  0.0000  0.0000  0.0000  0.0000  0.0895  0.0000  0.0000


 GooF = S =     1.756;     Restrained GooF =      1.759 for       2 restraints

 Weight = 1 / [ sigma^2(Fo^2) + ( 0.1000 * P )^2 +   0.00 * P ]   where  P = ( Max ( Fo^2, 0 ) + 2 * Fc^2 ) / 3


     N      value        esd    shift/esd  parameter

     1     1.38572     0.01499    -0.044    OSF
     2     0.85905     0.03659    -0.023   FVAR  2 

 Mean shift/esd =   0.041  Maximum =    -0.547 for  U11 O2B^b    

 Max. shift = 0.013 A for O2B^b        Max. dU =-0.011 for O2B^b   


 Least-squares cycle  11   Maximum vector length =  623   Memory required =     22 /   1146 /   100824

 wR2 =  0.2156 before cycle  11 for    1055 data and     57 /     57 parameters


 Summary of restraints applied in cycle   11

               ANTIBUMP  DFIX    DANG SAME/SADI CHIV/Z CHIV/NZ   FLAT    DELU    RIGU    SIMU    ISOR    SUMP

       Number       0       0       0       1       0       0       0       0       0       1       0       0

 rms sigma      0.0000  0.0000  0.0000  0.0200  0.0000  0.0000  0.0000  0.0000  0.0000  0.0800  0.0000  0.0000

 rms deviation  0.0000  0.0000  0.0000  0.0466  0.0000  0.0000  0.0000  0.0000  0.0000  0.0788  0.0000  0.0000


 GooF = S =     1.754;     Restrained GooF =      1.757 for       2 restraints

 Weight = 1 / [ sigma^2(Fo^2) + ( 0.1000 * P )^2 +   0.00 * P ]   where  P = ( Max ( Fo^2, 0 ) + 2 * Fc^2 ) / 3


     N      value        esd    shift/esd  parameter

     1     1.38462     0.01494    -0.074    OSF
     2     0.84592     0.03755    -0.350   FVAR  2 

 Mean shift/esd =   0.067  Maximum =    -0.462 for  U11 O2B^b    

 Max. shift = 0.043 A for O2B^b        Max. dU =-0.008 for O2B^b   


 Least-squares cycle  12   Maximum vector length =  623   Memory required =     22 /   1146 /   100824

 wR2 =  0.2155 before cycle  12 for    1055 data and     57 /     57 parameters


 Summary of restraints applied in cycle   12

               ANTIBUMP  DFIX    DANG SAME/SADI CHIV/Z CHIV/NZ   FLAT    DELU    RIGU    SIMU    ISOR    SUMP

       Number       0       0       0       1       0       0       0       0       0       1       0       0

 rms sigma      0.0000  0.0000  0.0000  0.0200  0.0000  0.0000  0.0000  0.0000  0.0000  0.0800  0.0000  0.0000

 rms deviation  0.0000  0.0000  0.0000  0.0530  0.0000  0.0000  0.0000  0.0000  0.0000  0.0713  0.0000  0.0000


 GooF = S =     1.753;     Restrained GooF =      1.758 for       2 restraints

 Weight = 1 / [ sigma^2(Fo^2) + ( 0.1000 * P )^2 +   0.00 * P ]   where  P = ( Max ( Fo^2, 0 ) + 2 * Fc^2 ) / 3


     N      value        esd    shift/esd  parameter

     1     1.38290     0.01491    -0.116    OSF
     2     0.82838     0.04449    -0.394   FVAR  2 

 Mean shift/esd =   0.083  Maximum =    -0.533 for  U11 O2B^b    

 Max. shift = 0.045 A for O2B^b        Max. dU =-0.008 for O2B^b   


 Least-squares cycle  13   Maximum vector length =  623   Memory required =     22 /   1146 /   100824

 wR2 =  0.2154 before cycle  13 for    1055 data and     57 /     57 parameters


 Disagreeable restraints before cycle   13

   Observed   Target    Error     Sigma     Restraint

                        0.0601    0.0200    SAME/SADI O2^a C1 C1 O2B^b


 Summary of restraints applied in cycle   13

               ANTIBUMP  DFIX    DANG SAME/SADI CHIV/Z CHIV/NZ   FLAT    DELU    RIGU    SIMU    ISOR    SUMP

       Number       0       0       0       1       0       0       0       0       0       1       0       0

 rms sigma      0.0000  0.0000  0.0000  0.0200  0.0000  0.0000  0.0000  0.0000  0.0000  0.0800  0.0000  0.0000

 rms deviation  0.0000  0.0000  0.0000  0.0601  0.0000  0.0000  0.0000  0.0000  0.0000  0.0640  0.0000  0.0000


 GooF = S =     1.752;     Restrained GooF =      1.758 for       2 restraints

 Weight = 1 / [ sigma^2(Fo^2) + ( 0.1000 * P )^2 +   0.00 * P ]   where  P = ( Max ( Fo^2, 0 ) + 2 * Fc^2 ) / 3


     N      value        esd    shift/esd  parameter

     1     1.38056     0.01488    -0.157    OSF
     2     0.80719     0.05450    -0.389   FVAR  2 

 Mean shift/esd =   0.096  Maximum =    -0.648 for  U11 O2B^b    

 Max. shift = 0.042 A for O2B^b        Max. dU =-0.008 for O2B^b   


 Least-squares cycle  14   Maximum vector length =  623   Memory required =     22 /   1146 /   100824

 wR2 =  0.2150 before cycle  14 for    1055 data and     57 /     57 parameters


 Disagreeable restraints before cycle   14

   Observed   Target    Error     Sigma     Restraint

                        0.0677    0.0200    SAME/SADI O2^a C1 C1 O2B^b


 Summary of restraints applied in cycle   14

               ANTIBUMP  DFIX    DANG SAME/SADI CHIV/Z CHIV/NZ   FLAT    DELU    RIGU    SIMU    ISOR    SUMP

       Number       0       0       0       1       0       0       0       0       0       1       0       0

 rms sigma      0.0000  0.0000  0.0000  0.0200  0.0000  0.0000  0.0000  0.0000  0.0000  0.0800  0.0000  0.0000

 rms deviation  0.0000  0.0000  0.0000  0.0677  0.0000  0.0000  0.0000  0.0000  0.0000  0.0562  0.0000  0.0000


 GooF = S =     1.749;     Restrained GooF =      1.757 for       2 restraints

 Weight = 1 / [ sigma^2(Fo^2) + ( 0.1000 * P )^2 +   0.00 * P ]   where  P = ( Max ( Fo^2, 0 ) + 2 * Fc^2 ) / 3


     N      value        esd    shift/esd  parameter

     1     1.37773     0.01481    -0.191    OSF
     2     0.77012     0.06743    -0.550   FVAR  2 

 Mean shift/esd =   0.121  Maximum =    -0.807 for   y  O2^a     

 Max. shift = 0.055 A for O2B^b        Max. dU =-0.009 for O2B^b   


 Least-squares cycle  15   Maximum vector length =  623   Memory required =     22 /   1146 /   100824

 wR2 =  0.2143 before cycle  15 for    1055 data and     57 /     57 parameters


 Disagreeable restraints before cycle   15

   Observed   Target    Error     Sigma     Restraint

                        0.0747    0.0200    SAME/SADI O2^a C1 C1 O2B^b


 Summary of restraints applied in cycle   15

               ANTIBUMP  DFIX    DANG SAME/SADI CHIV/Z CHIV/NZ   FLAT    DELU    RIGU    SIMU    ISOR    SUMP

       Number       0       0       0       1       0       0       0       0       0       1       0       0

 rms sigma      0.0000  0.0000  0.0000  0.0200  0.0000  0.0000  0.0000  0.0000  0.0000  0.0800  0.0000  0.0000

 rms deviation  0.0000  0.0000  0.0000  0.0747  0.0000  0.0000  0.0000  0.0000  0.0000  0.0483  0.0000  0.0000


 GooF = S =     1.745;     Restrained GooF =      1.755 for       2 restraints

 Weight = 1 / [ sigma^2(Fo^2) + ( 0.1000 * P )^2 +   0.00 * P ]   where  P = ( Max ( Fo^2, 0 ) + 2 * Fc^2 ) / 3


     N      value        esd    shift/esd  parameter

     1     1.37386     0.01472    -0.263    OSF
     2     0.70221     0.09033    -0.752   FVAR  2 
    13     0.76768     0.00154    -1.042     y  O2^a
    57     0.04624     0.01011    -1.068    U11 O2B^b

 Mean shift/esd =   0.161  Maximum =    -1.068 for  U11 O2B^b    

 Max. shift = 0.068 A for O2B^b        Max. dU =-0.011 for O2B^b   


 Largest correlation matrix elements

     0.957 U11 O2^a / FVAR 2                -0.850 z O2B^b / U11 O2^a               -0.755 y O2B^b / z O2^a
     0.955 y O2B^b / FVAR 2                 -0.824 z O2B^b / y O2^a                 -0.736 U11 O2^a / z O2^a
    -0.924 z O2B^b / FVAR 2                  0.818 y O2B^b / y O2^a                  0.657 U11 O2B^b / y O2^a
    -0.923 z O2B^b / y O2B^b                 0.812 U11 O2^a / y O2^a                -0.635 U11 O2B^b / z O2^a
     0.884 y O2^a / FVAR 2                  -0.805 z O2^a / y O2^a                   0.628 z O2B^b / z O2^a
     0.882 y O2B^b / U11 O2^a               -0.794 z O2^a / FVAR 2                  -0.571 x O2B^b / x O2^a



 Idealized hydrogen atom generation before cycle  16

 Name     x       y       z    AFIX  d(X-H)  shift  Bonded to  Conformation determined by
 H1A  -0.4611  0.9099  0.6463  137   0.910   0.000   N1            C2  H1A  
 H1B  -0.2954  0.7364  0.6841  137   0.910   0.000   N1            C2  H1A  
 H1C  -0.2984  0.8051  0.5679  137   0.910   0.000   N1            C2  H1A  
 H2   -0.1591  1.0723  0.7393   13   1.000   0.000   C2            N1  C1  C3  
 H3A  -0.0848  1.3537  0.6074  137   0.980   0.000   C3            C2  H3A  
 H3B  -0.3531  1.2890  0.6063  137   0.980   0.000   C3            C2  H3A  
 H3C  -0.1848  1.1947  0.5138  137   0.980   0.000   C3            C2  H3A  



  CrystalPilot cross-check in P 21 21 21                                     

 ATOM           x        y        z         sof        U11      U22      U33      U23      U13      U12       Ueq

 O1          0.26081  1.05418  0.68415    1.00000    0.00734  0.02869  0.01975 -0.00342 -0.00163 -0.00071   0.01859
   0.00425   0.00041  0.00047  0.00019    0.00000    0.00117  0.00165  0.00125  0.00114  0.00093  0.00118   0.00076

 O2^a        0.12510  0.76768  0.58522    0.70221    0.00699
   0.00770   0.00074  0.00154  0.00049    0.09033    0.00305

 N1         -0.31628  0.85331  0.63762    1.00000    0.00793  0.01580  0.01453 -0.00089  0.00021  0.00030   0.01276
   0.00488   0.00049  0.00047  0.00024    0.00000    0.00133  0.00146  0.00137  0.00115  0.00105  0.00112   0.00075

 H1A        -0.46109  0.90992  0.64633    1.00000    0.01913
                                          0.00000    0.00000

 H1B        -0.29538  0.73637  0.68406    1.00000    0.01913
                                          0.00000    0.00000

 H1C        -0.29837  0.80507  0.56794    1.00000    0.01913
                                          0.00000    0.00000

 C2         -0.14494  1.02885  0.66110    1.00000    0.00746  0.01820  0.01225  0.00041 -0.00091  0.00130   0.01264
   0.00582   0.00056  0.00059  0.00025    0.00000    0.00151  0.00174  0.00134  0.00128  0.00111  0.00129   0.00078

 H2         -0.15909  1.07230  0.73934    1.00000    0.01516
                                          0.00000    0.00000

 C1          0.10031  0.94377  0.64094    1.00000    0.01123  0.01218  0.00943  0.00110  0.00005  0.00024   0.01095
   0.00568   0.00055  0.00059  0.00025    0.00000    0.00156  0.00155  0.00132  0.00122  0.00111  0.00131   0.00075

 C3         -0.19656  1.23519  0.59077    1.00000    0.01296  0.01619  0.02516  0.00343 -0.00034  0.00060   0.01810
   0.00685   0.00068  0.00066  0.00029    0.00000    0.00168  0.00176  0.00185  0.00151  0.00127  0.00141   0.00088

 H3A        -0.08478  1.35369  0.60736    1.00000    0.02715
                                          0.00000    0.00000

 H3B        -0.35310  1.28900  0.60627    1.00000    0.02715
                                          0.00000    0.00000

 H3C        -0.18477  1.19468  0.51375    1.00000    0.02715
                                          0.00000    0.00000

 O2B^b       0.12866  0.80212  0.57505    0.29779    0.04624
   0.04935   0.00560  0.01233  0.00487    0.09033    0.01011



 Final Structure Factor Calculation for  CrystalPilot cross-check in P 21 21 21                                     

 Total number of l.s. parameters =    57  Maximum vector length =  623   Memory required =     22 /   1089 /    28035

 wR2 =  0.2133 before cycle  16 for    1055 data and      0 /     57 parameters


 Disagreeable restraints before cycle   16

   Observed   Target    Error     Sigma     Restraint

                        0.0802    0.0200    SAME/SADI O2^a C1 C1 O2B^b


 Summary of restraints applied in cycle   16

               ANTIBUMP  DFIX    DANG SAME/SADI CHIV/Z CHIV/NZ   FLAT    DELU    RIGU    SIMU    ISOR    SUMP

       Number       0       0       0       1       0       0       0       0       0       1       0       0

 rms sigma      0.0000  0.0000  0.0000  0.0200  0.0000  0.0000  0.0000  0.0000  0.0000  0.0800  0.0000  0.0000

 rms deviation  0.0000  0.0000  0.0000  0.0802  0.0000  0.0000  0.0000  0.0000  0.0000  0.0392  0.0000  0.0000


 GooF = S =     1.738;     Restrained GooF =      1.750 for       2 restraints

 Weight = 1 / [ sigma^2(Fo^2) + ( 0.1000 * P )^2 +   0.00 * P ]   where  P = ( Max ( Fo^2, 0 ) + 2 * Fc^2 ) / 3

 wR2 = 0.2133, GooF = S = 1.738, Restrained GooF = 1.750 for all data
 R1 = 0.0485 for 966 Fo > 4sig(Fo) and 0.0699 for all 1055 data

 Flack x =    0.190(999) by classical fit to all intensities
              0.723(849) from 346 selected quotients (Parsons' method)

 ** Absolute structure cannot be determined reliably **

 Occupancy sum of asymmetric unit =     6.00 for non-hydrogen and     7.00 for H and D atoms



 Principal mean square atomic displacements U

   0.0298   0.0189   0.0071   O1  
   0.0163   0.0141   0.0079   N1  
   0.0184   0.0124   0.0071   C2  
   0.0126   0.0112   0.0090   C1  
   0.0263   0.0152   0.0128   C3  

     0  atoms may be split and     0  atoms NPD



 Analysis of variance for reflections employed in refinement      K = Mean[Fo^2] / Mean[Fc^2]  for group


 Fc/Fc(max)       0.000    0.026    0.041    0.053    0.064    0.078    0.093    0.111    0.133    0.180    1.000

 Number in group       108.     109.     107.     106.     103.     109.     103.     100.     104.     106.

            GooF      1.250    1.841    1.407    1.964    1.809    1.132    0.926    0.987    1.718    3.145

             K        1.020    0.954    1.021    0.972    0.994    1.028    1.034    1.042    1.032    1.012


 Resolution(A)    0.71     0.78     0.81     0.84     0.89     0.94     1.02     1.12     1.29     1.61     inf

 Number in group       109.     102.     107.     105.     105.     105.     107.     105.     104.     106.

            GooF      1.330    1.051    1.064    1.051    1.141    1.050    0.980    1.217    1.244    4.302

             K        0.953    1.004    1.027    1.012    1.012    1.003    1.036    1.057    1.079    0.996

             R1       0.118    0.075    0.072    0.057    0.057    0.044    0.036    0.038    0.046    0.126


 Recommended weighting scheme:  WGHT    0.1318    0.1171


 Most Disagreeable Reflections (* if suppressed or used for Rfree).
 Error/esd is calculated as sqrt(wD^2/<wD^2>) where w is given by the weight
 formula, D = Fo^2-Fc^2 and <> refers to the average over all reflections.

     h   k   l          Fo^2          Fc^2    Error/esd  Fc/Fc(max)  Resolution(A)

     1   0   2         -0.07        166.73       8.88       0.174       4.21
     0   2   3         -0.02        690.50       8.87       0.355       2.41
     0   2   2         -0.02       1498.35       8.87       0.522       2.68
    -1   3   1         -0.19        261.11       8.87       0.218       1.86
     1   3   1          0.35        261.48       8.85       0.218       1.86
     0   3   3         -0.07         21.36       8.56       0.062       1.79
     0   2   4          0.22         23.75       8.53       0.066       2.14
     0   3   1          0.43          6.49       6.66       0.034       1.96
     0   4   5         11.92          5.30       3.18       0.031       1.28
     1   5   0         11.60          5.82       2.74       0.033       1.17
    -2   4  14          1.96          8.54       2.21       0.039       0.73
     3   5   0         15.24          9.42       2.16       0.041       1.02
    -2   2   5          5.76          3.53       2.05       0.025       1.59
     0   3   2          0.23          1.45       2.01       0.016       1.89
    -2   6   3          1.88          6.09       2.01       0.033       0.92
     3   5  11          7.22         15.69       2.01       0.053       0.75
    -4   2  14          3.57          9.01       1.97       0.041       0.73
     3   7   2         18.58         10.28       1.96       0.043       0.77
     3   0   7         17.56         12.49       1.88       0.048       1.30
     2   7   3          6.82         12.70       1.86       0.048       0.80
     0   2  11          3.83          1.39       1.85       0.016       1.05
     4   4   7         21.42         31.74       1.84       0.076       0.89
    -5   2   3         24.80         17.56       1.84       0.057       1.04
     5   4   0         24.80         17.46       1.76       0.056       0.91
     2   7   0         10.28          4.70       1.76       0.029       0.82
     6   3   1          0.27          2.71       1.74       0.022       0.87
     2   6   6          5.07         11.16       1.73       0.045       0.86
     1   1   2        110.23         82.81       1.70       0.123       3.44
     5   0   6          1.47          0.47       1.65       0.009       1.01
     0   2   8          1.76          0.63       1.64       0.011       1.37
     2   2   4         82.88         63.17       1.62       0.107       1.72
     0   0   8         33.56         45.31       1.62       0.091       1.54
     3   7   3          4.10          8.53       1.62       0.039       0.77
     6   0   1         78.25         59.39       1.62       0.104       0.96
     3   2   0        121.26         93.21       1.59       0.130       1.62
     1   0   7         27.55         20.84       1.59       0.062       1.68
    -2   2   1        287.95        221.95       1.58       0.201       2.05
    -1   1   2        107.99         82.97       1.57       0.123       3.44
     6   0   4         17.69         12.83       1.56       0.048       0.92
    -6   4   3         25.51         14.58       1.55       0.052       0.79
    -3   5   9         10.78          4.56       1.55       0.029       0.81
    -3   4   2         18.65         14.18       1.52       0.051       1.16
    -3   1  11         15.35         10.90       1.52       0.045       0.95
     6   0  10          5.31         11.31       1.51       0.045       0.76
     2   2   1        284.55        222.11       1.51       0.201       2.05
    -2   6  10         63.34         44.30       1.50       0.090       0.75
     2   2   3        103.87         81.03       1.49       0.121       1.85
     1   0  14         26.30         18.81       1.49       0.059       0.87
     3   4   2         19.69         14.11       1.48       0.051       1.16
    -4   3  12         14.59         21.63       1.47       0.063       0.77



 Bond lengths and angles

 O1 -            Distance        Angles
 C1        1.2568 (0.0042) 
                 O1             

 O2^a -          Distance        Angles
 C1        1.2629 (0.0065) 
                 O2^a           

 N1 -            Distance        Angles
 C2        1.4713 (0.0045) 
 H1A       0.9100           109.48       
 H1B       0.9100           109.46        109.47       
 H1C       0.9100           109.47        109.47        109.47       
                 N1              C2            H1A           H1B          

 C2 -            Distance        Angles
 N1        1.4713 (0.0045) 
 C1        1.5279 (0.0045)  110.96 (0.28)
 C3        1.5344 (0.0050)  109.25 (0.29) 110.87 (0.28)
 H2        1.0000           108.57        108.57        108.56       
                 C2              N1            C1            C3           

 C1 -            Distance        Angles
 O2^a      1.2629 (0.0065) 
 O1        1.2568 (0.0042)  125.58 (0.35)
 C2        1.5279 (0.0045)  118.05 (0.33) 116.35 (0.29)
                 C1              O2^a          O1           

 C3 -            Distance        Angles
 C2        1.5344 (0.0050) 
 H3A       0.9800           109.46       
 H3B       0.9800           109.49        109.47       
 H3C       0.9800           109.47        109.47        109.47       
                 C3              C2            H3A           H3B          



 Selected torsion angles

    16.36 ( 0.65)  N1 - C2 - C1 - O2^a
  -105.23 ( 0.60)  C3 - C2 - C1 - O2^a
  -161.99 ( 0.28)  N1 - C2 - C1 - O1
    76.41 ( 0.38)  C3 - C2 - C1 - O1


 FMAP and GRID set by program

 FMAP   2   1  10
 GRID    -3.571  -2  -2     3.571   2   2

 R1 =  0.0767 for    669 unique reflections after merging for Fourier


 Electron density synthesis with coefficients Fo-Fc

 Highest peak    0.88  at  0.2287  0.7394  0.2136  [  1.27 A from H1B ]
 Deepest hole   -0.78  at  0.1867  0.9372  0.2598  [  0.98 A from O1 ]


 Fourier peaks appended to .res file

              x       y       z       sof     U      Peak   Distances to nearest atoms (including eq.)

 Q1    1  -0.2713  0.7606  0.7864   1.00000  0.05    0.88   1.27 H1B  1.29 O1  1.93 N1  2.05 H2
 Q2    1  -0.1000  0.7768  0.7663   1.00000  0.05    0.71   1.54 H1B  1.73 O1  1.83 H2  1.93 H2
 Q3    1   0.2939  0.5826  0.6059   1.00000  0.05    0.69   1.50 O2  1.67 O2B  2.06 H2  2.22 H3C
 Q4    1   0.1074  0.5438  0.5611   1.00000  0.05    0.57   1.37 O2  1.56 O2B  1.69 H3A  1.91 H1C
 Q5    1   0.1295  0.6728  0.6065   1.00000  0.05    0.57   0.62 O2  0.86 O2B  1.68 C1  2.00 H2
 Q6    1   0.2134  0.8774  0.7377   1.00000  0.05    0.57   1.27 O1  1.41 C1  1.87 H2  2.05 H3A
 Q7    1  -0.3100  0.7832  0.6478   1.00000  0.05    0.51   0.44 N1  0.53 H1B  0.99 H1C  1.16 H1A
 Q8    1  -0.2455  1.0110  0.5005   1.00000  0.05    0.48   1.16 H3C  1.51 H1C  1.76 C3  1.97 N1
 Q9    1  -0.5628  0.8184  0.7460   1.00000  0.05    0.47   1.47 H1A  1.79 H1B  1.89 H3B  1.90 O1
 Q10   1  -0.4627  1.0385  0.5339   1.00000  0.05    0.45   1.58 H1A  1.74 H1C  1.85 H3B  1.88 H3C
 Q11   1  -0.1704  1.1055  0.6300   1.00000  0.05    0.45   0.61 C2  0.92 C3  1.36 H2  1.53 H3C
 Q12   1  -0.1703  1.4745  0.4967   1.00000  0.05    0.43   1.62 H3A  1.69 H3C  1.84 C3  1.98 O2B
 Q13   1  -0.0664  1.0538  0.5485   1.00000  0.05    0.42   1.17 H3C  1.42 C3  1.46 C2  1.63 C1
 Q14   1  -0.6092  1.0080  0.5729   1.00000  0.05    0.42   1.38 H1A  1.59 O1  1.92 C1  1.95 O2B
 Q15   1   0.1291  1.0561  0.5251   1.00000  0.05    0.39   1.58 C1  1.64 O2B  1.86 H3B  1.87 O2
 Q16   1   0.1128  0.8828  0.6510   1.00000  0.05    0.39   0.39 C1  1.05 O2B  1.06 O2  1.40 O1
 Q17   1  -0.1896  1.0558  0.5699   1.00000  0.05    0.35   1.08 H3C  1.10 C3  1.16 C2  1.62 H1C
 Q18   1   0.0819  1.1112  0.5680   1.00000  0.05    0.34   1.35 C1  1.75 H3C  1.80 C3  1.80 O1
 Q19   1   0.2035  0.9724  0.4956   1.00000  0.05    0.33   1.48 O2B  1.71 O2  1.83 H1C  1.89 C1
 Q20   1   0.1846  1.1342  0.5977   1.00000  0.05    0.33   1.25 O1  1.35 C1  1.87 H3C  2.03 O2B

 Shortest distances between peaks (including symmetry equivalents)

     15  18  0.68     18  20  0.71     15  19  0.75     13  17  0.76     12  19  0.80     11  17  0.80     12  14  0.93
      8  17  0.95     13  18  0.95      4   5  0.96     10  14  0.99      1   2  1.03     15  20  1.06      3   5  1.09
     13  15  1.17      4   8  1.19     12  15  1.21     11  13  1.21      6  16  1.22      8  13  1.22      3   4  1.23
     10  12  1.26      4  10  1.33      8  10  1.33      6   9  1.35      5  16  1.37     18  19  1.41      3   8  1.44
     14  20  1.44     14  19  1.46     12  20  1.57     19  20  1.59     17  18  1.61     10  17  1.64     13  20  1.65
     11  18  1.65     14  15  1.65      1  20  1.69     16  20  1.69     16  18  1.71     12  18  1.72      1   7  1.72
      8  11  1.74     13  19  1.76      1   9  1.79      4  12  1.84      5   8  1.86     15  16  1.86     14  18  1.89
      2   7  1.90      7   9  1.91     13  16  1.92     15  17  1.93      2  20  1.94      2   6  1.94      2  16  1.98
      7  17  2.01     14  16  2.02     10  19  2.03     16  19  2.05      4  17  2.08      5   6  2.08      4  14  2.09
      7  11  2.10     11  20  2.10     10  11  2.10     11  16  2.13      3  16  2.15      8  18  2.15     11  15  2.18
      5  10  2.20      8  15  2.21      3  13  2.22     17  20  2.24      9  16  2.24      7  10  2.25     10  20  2.26
      2  11  2.26     16  17  2.26      2  18  2.27      1  18  2.28      8  14  2.29      5  19  2.29      7   8  2.30
     10  13  2.30      4  16  2.31      6  20  2.31      6  11  2.31      3  17  2.32      1   6  2.33      7  19  2.33
      1   3  2.34     12  13  2.37     12  16  2.37     10  15  2.37      3   9  2.37      7  14  2.38      3  10  2.38
      4  13  2.39      1  14  2.40      6  14  2.40      9  14  2.43      3   6  2.44      4  19  2.44     14  17  2.45
     10  18  2.45      2   5  2.45      8  12  2.46      7  13  2.47      8  20  2.47      2   6  2.47      5  12  2.50
      5  15  2.50     17  19  2.50      9  11  2.51      7  16  2.52      4  20  2.53      5  14  2.54      1  16  2.55
      2  16  2.56     10  15  2.58      4  18  2.59      8  18  2.61      8  19  2.61      2  11  2.61      5   9  2.62
      6  18  2.62      3  14  2.63      3   7  2.64      5  13  2.64      3  15  2.65      2   4  2.66      2   3  2.66
     12  17  2.66     12  13  2.66      5  18  2.67      5   7  2.68     10  20  2.68     13  14  2.68      1   4  2.70
     11  14  2.70      3  19  2.70      2   9  2.70      8  15  2.70     10  13  2.70     10  18  2.70      5  12  2.72
      7  12  2.74      4  19  2.74      3  19  2.74     11  12  2.75      1  15  2.75      3  20  2.75     12  18  2.76
      5  17  2.77      5  20  2.77     15  17  2.80      8  12  2.80      2  13  2.81      4   7  2.81      5  14  2.82
      4  11  2.82      1   9  2.84     11  19  2.84      2   5  2.84      6   7  2.86      8  20  2.86     17  20  2.86
      6  15  2.87      3   9  2.87      1  16  2.87      1  11  2.88      8  16  2.88      2  15  2.89      5  19  2.90
      8  19  2.90     12  17  2.91      1  11  2.91      1   5  2.91      6  11  2.92      5  13  2.93     17  18  2.93
      2  17  2.93      3  12  2.94      4  15  2.95      3  18  2.95      1   6  2.95      7  15  2.96      1  12  2.96
     13  20  2.96      1   8  2.97      5  17  2.97      9  10  2.98      2  17  2.98     17  19  2.99     10  16  3.00


 Time profile in seconds
 -----------------------

      0.02: Read and process instructions
      0.00: Fit rigid groups
      0.00: Interpret restraints etc.
      0.00: Generate connectivity array
      0.00: Analyse DFIX and DANG restraints
      0.00: Analyse SAME, SADI and NCSY restraints
      0.00: Generate CHIV restraints
      0.00: Check if bonds in residues restrained
      0.00: Generate DELU and RIGU restraints
      0.00: Generate SIMU restraints
      0.00: Generate ISOR restraints
      0.00: Analyse electron density
      0.00: Analyse other restraints etc.
      0.00: Read intensity data, sort/merge etc.
      0.00: Set up constraints
      0.01: OSF, H-atoms from difference map
      0.01: Set up l.s. refinement
      0.00: Generate idealized H-atoms
      0.02: Structure factors and derivatives
      0.00: Sum l.s. matrices
      0.00: Generate and apply antibumping restraints
      0.00: Apply other restraints
      0.00: Solve l.s. equations
      0.00: Generate HTAB table
      0.07: Other dependent quantities, CIF, tables
      0.00: Analysis of variance
      0.02: Merge reflections for Fourier and .fcf
      0.00: Fourier summations
      0.00: Peaksearch
      0.00: Analyse peaklist

 ** WARNING: These times are only approximate for multiple threads.
             To get better estimates run with -t1 **

   Please cite: G.M. Sheldrick (2015) "Crystal structure refinement with
   SHELXL", Acta Cryst., C71, 3-8 (Open Access) if SHELXL proves useful.

 +++++++++++++++++++++++++++++++++++++++++++++++++++++++++++++++++++++++++++++
 +  job           finished at 20:27:18   Total elapsed time:      0.12 secs  +
 +++++++++++++++++++++++++++++++++++++++++++++++++++++++++++++++++++++++++++++
