
 +++++++++++++++++++++++++++++++++++++++++++++++++++++++++++++++++++
 +  SHELXL -  CRYSTAL STRUCTURE REFINEMENT  -   MULTI-CPU VERSION  +
 +  Copyright(C) George M. Sheldrick 1993-2023     Version 2019/3  +
 +  all                        started at 21:16:00 on 21-Sep-2026  +
 +++++++++++++++++++++++++++++++++++++++++++++++++++++++++++++++++++

 Command line parameters: all -a50000 -b3000 -c624 -g0 -m0 -t4

 -a sets the approximate maximum number of atoms including hydrogens.
 -b sets the maximum number of full-matrix parameters (not used by CGLS).
 For example -b9000 allows refinement of 1000 anisotropic atoms or 3000
 with BLOC 1. For a 32-bit version, -b times the square root of the
 number of threads should not exceed about 65500. -c sets the reflection
 buffer size. This depends on the CPU cache size but will rarely
 need changing.

 -g sets the number of reflection groups used for calculating R_complete,
 This must be greater than 1 but not greater than the total number of
 reflections for refinement. -m sets the current reflection group number.
 This may not be less than 1 nor greater than the number set by -g. These
 command line flags override other ways of defining free-R reflections.
 The -m value is also used as a seed for the WIGL pseudo-random shifts.

 -t sets the number of threads, otherwise it is set to the apparent
 number of CPUs. For optimal performance on hyperthreading systems,
 -t should be set to a little more than half the number of CPUs;
 e.g. -t4 or -t5 for an Intel i7 processor.

 Running  4 threads on 32 processors

 TITL alanine all, raw-data refinement
 REM Prepared from work\model\weighted2.res
 CELL 0.71073 5.792845 5.964171 12.290694 90.000000 90.000000 90.000000
 ZERR 4 0.000443 0.000632 0.001153 0.000000 0.000000 0.000000
 LATT -1
 SYMM 1/2-X, -Y, 1/2+Z
 SYMM -X, 1/2+Y, 1/2-Z
 SYMM 1/2+X, 1/2-Y, -Z
 SFAC C H N O
 UNIT 12 28 4 8

 V =      424.64     F(000) =     192.0     Mu =   0.12 mm-1      Cell Wt =      356.38    Rho =  1.394

 TEMP -123.15
 L.S. 20
 ACTA
 LIST 4
 BOND $H
 REM Prepared from work\model\weighted.res
 EQIV $1 -x+1, y-1/2, -z+3/2
 HTAB C2 O2_$1
 EQIV $2 x+1/2, -y+3/2, -z+1
 HTAB N1 O2_$2
 EQIV $3 -x+1, y+1/2, -z+3/2
 HTAB N1 O1_$3
 EQIV $4 x+1, y, z
 HTAB N1 O1_$4
 HTAB N1 O2_$4
 REM Prepared from work\model\hfree.res
 REM Prepared from work\model\nonh2.res
 REM Prepared from work\model\solve_a.res
 REM Old TITL 19 in P212121
 REM SHELXT solution in P2(1)2(1)2(1): R1 0.087, Rweak 0.017, Alpha 0.005
 REM <I/s>   0.175 for   16 systematic absences,  Orientation as input
 REM Flack x =  0.227 ( 0.854 ) from   315 Parsons' quotients
 REM Formula found by SHELXT:  C3 N O2
  
 FMAP 2
 PLAN 20
 WGHT    0.033700    0.075500
 FVAR       1.42920
 O1    4    0.238913    0.444042    0.684238    11.00000    0.01011    0.02514 =
          0.02171    0.00434    0.00112   -0.00059
 O2    4    0.374493    0.727268    0.583772    11.00000    0.01467    0.02345 =
          0.01878    0.00503   -0.00156    0.00159
 N1    3    0.816151    0.649720    0.637743    11.00000    0.00889    0.01840 =
          0.01584    0.00132   -0.00024    0.00008
 C1    1    0.399554    0.556408    0.640986    11.00000    0.01156    0.01812 =
          0.01029   -0.00298    0.00024    0.00091
 C2    1    0.645030    0.469034    0.661082    11.00000    0.00941    0.01870 =
          0.01358    0.00202    0.00044   -0.00015
 C3    1    0.696506    0.265431    0.590959    11.00000    0.01471    0.01934 =
          0.02534   -0.00238    0.00019    0.00152
 H2    2    0.660734    0.433186    0.737206    11.00000    0.00978
 H1A   2    0.806324    0.694145    0.566315    11.00000    0.02916
 H1B   2    0.792640    0.770815    0.685748    11.00000    0.02475
 H1C   2    0.967135    0.586700    0.647858    11.00000    0.02784
 H3A   2    0.848593    0.204838    0.607187    11.00000    0.02610
 H3B   2    0.577438    0.146561    0.605172    11.00000    0.02619
 H3C   2    0.696639    0.311587    0.511894    11.00000    0.02791
 HKLF 4



 Covalent radii and connectivity table for  alanine all, raw-data refinement                                           
 C      0.770
 H      0.320
 N      0.700
 O      0.660

 O1 - C1
 O2 - C1
 N1 - C2
 C1 - O2 O1 C2
 C2 - N1 C3 C1
 C3 - C2


 Operators for generating equivalent atoms:
 $1   -x+1, y-1/2, -z+3/2
 $2   x+1/2, -y+3/2, -z+1
 $3   -x+1, y+1/2, -z+3/2
 $4   x+1, y, z

       41  Systematically absent reflections rejected


     3970  Reflections read, of which      41  rejected

  -6 =< h =<  8,     -7 =< k =<  7,    -15 =< l =< 17,   Max. 2-theta =   60.26

        0  Systematic absence violations (I>3sig(I)) before merging

        0  Inconsistent equivalents

     1047  Unique reflections, of which       0  suppressed

 R(int) = 0.0369     R(sigma) = 0.0320      Friedel opposites not merged

 Maximum memory for data reduction =     1154 /    10578


 Reflection statistics for all twin components combined (TWST 0 set)
 Number of data for d > 0.708A (CIF: max) and d > 0.833A (CIF: full)
 (ignoring systematic absences):
 Unique reflections found (point group)       1047     768
 Unique reflections possible (point group)    1260     768
 Unique reflections found (Laue group)         666     478
 Unique reflections possible (Laue group)      762     478
 Unique Friedel pairs found                    381     290
 Unique Friedel pairs possible                 498     290


 Least-squares cycle   1   Maximum vector length =  623   Memory required =     32 /   1351 /   135105

 wR2 =  0.0749 before cycle   1 for    1047 data and     83 /     83 parameters

 GooF = S =     1.077;     Restrained GooF =      1.077 for       0 restraints

 Weight = 1 / [ sigma^2(Fo^2) + ( 0.0337 * P )^2 +   0.08 * P ]   where  P = ( Max ( Fo^2, 0 ) + 2 * Fc^2 ) / 3


     N      value        esd    shift/esd  parameter

     1     1.42862     0.00478    -0.120    OSF

 Mean shift/esd =   0.101  Maximum =     0.376 for  U12 C2       

 Max. shift = 0.004 A for H1A        Max. dU =-0.001 for H1A       


 Least-squares cycle   2   Maximum vector length =  623   Memory required =     32 /   1351 /   135105

 wR2 =  0.0748 before cycle   2 for    1047 data and     83 /     83 parameters

 GooF = S =     1.075;     Restrained GooF =      1.075 for       0 restraints

 Weight = 1 / [ sigma^2(Fo^2) + ( 0.0337 * P )^2 +   0.08 * P ]   where  P = ( Max ( Fo^2, 0 ) + 2 * Fc^2 ) / 3


     N      value        esd    shift/esd  parameter

     1     1.42831     0.00477    -0.066    OSF

 Mean shift/esd =   0.036  Maximum =     0.124 for  U12 C2       

 Max. shift = 0.002 A for H1A        Max. dU =-0.001 for H1A       


 Least-squares cycle   3   Maximum vector length =  623   Memory required =     32 /   1351 /   135105

 wR2 =  0.0747 before cycle   3 for    1047 data and     83 /     83 parameters

 GooF = S =     1.075;     Restrained GooF =      1.075 for       0 restraints

 Weight = 1 / [ sigma^2(Fo^2) + ( 0.0337 * P )^2 +   0.08 * P ]   where  P = ( Max ( Fo^2, 0 ) + 2 * Fc^2 ) / 3


     N      value        esd    shift/esd  parameter

     1     1.42827     0.00477    -0.008    OSF

 Mean shift/esd =   0.003  Maximum =    -0.022 for  U11 H1A      

 Max. shift = 0.000 A for H1A        Max. dU = 0.000 for H1A       


 Least-squares cycle   4   Maximum vector length =  623   Memory required =     32 /   1351 /   135105

 wR2 =  0.0747 before cycle   4 for    1047 data and     83 /     83 parameters

 GooF = S =     1.075;     Restrained GooF =      1.075 for       0 restraints

 Weight = 1 / [ sigma^2(Fo^2) + ( 0.0337 * P )^2 +   0.08 * P ]   where  P = ( Max ( Fo^2, 0 ) + 2 * Fc^2 ) / 3


     N      value        esd    shift/esd  parameter

     1     1.42826     0.00477    -0.001    OSF

 Mean shift/esd =   0.001  Maximum =    -0.006 for  U11 H1A      

 Max. shift = 0.000 A for H1A        Max. dU = 0.000 for H1A       


 Least-squares cycle   5   Maximum vector length =  623   Memory required =     32 /   1351 /   135105

 wR2 =  0.0747 before cycle   5 for    1047 data and     83 /     83 parameters

 GooF = S =     1.075;     Restrained GooF =      1.075 for       0 restraints

 Weight = 1 / [ sigma^2(Fo^2) + ( 0.0337 * P )^2 +   0.08 * P ]   where  P = ( Max ( Fo^2, 0 ) + 2 * Fc^2 ) / 3


     N      value        esd    shift/esd  parameter

     1     1.42826     0.00477     0.000    OSF

 Mean shift/esd =   0.000  Maximum =    -0.002 for  U11 H1A      

 Max. shift = 0.000 A for H1A        Max. dU = 0.000 for H1A       


 Least-squares cycle   6   Maximum vector length =  623   Memory required =     32 /   1351 /   135105

 wR2 =  0.0747 before cycle   6 for    1047 data and     83 /     83 parameters

 GooF = S =     1.075;     Restrained GooF =      1.075 for       0 restraints

 Weight = 1 / [ sigma^2(Fo^2) + ( 0.0337 * P )^2 +   0.08 * P ]   where  P = ( Max ( Fo^2, 0 ) + 2 * Fc^2 ) / 3


     N      value        esd    shift/esd  parameter

     1     1.42826     0.00477     0.000    OSF

 Mean shift/esd =   0.000  Maximum =     0.000 for  U11 H1A      

 Max. shift = 0.000 A for H1A        Max. dU = 0.000 for H1A       


 Least-squares cycle   7   Maximum vector length =  623   Memory required =     32 /   1351 /   135105

 wR2 =  0.0747 before cycle   7 for    1047 data and     83 /     83 parameters

 GooF = S =     1.075;     Restrained GooF =      1.075 for       0 restraints

 Weight = 1 / [ sigma^2(Fo^2) + ( 0.0337 * P )^2 +   0.08 * P ]   where  P = ( Max ( Fo^2, 0 ) + 2 * Fc^2 ) / 3


     N      value        esd    shift/esd  parameter

     1     1.42826     0.00477     0.000    OSF

 Mean shift/esd =   0.000  Maximum =     0.000 for   z  O2       

 Max. shift = 0.000 A for H1B        Max. dU = 0.000 for H1A       


 Least-squares cycle   8   Maximum vector length =  623   Memory required =     32 /   1351 /   135105

 wR2 =  0.0747 before cycle   8 for    1047 data and     83 /     83 parameters

 GooF = S =     1.075;     Restrained GooF =      1.075 for       0 restraints

 Weight = 1 / [ sigma^2(Fo^2) + ( 0.0337 * P )^2 +   0.08 * P ]   where  P = ( Max ( Fo^2, 0 ) + 2 * Fc^2 ) / 3


     N      value        esd    shift/esd  parameter

     1     1.42826     0.00477     0.000    OSF

 Mean shift/esd =   0.000  Maximum =     0.000 for   z  O2       

 Max. shift = 0.000 A for H1B        Max. dU = 0.000 for H1A       


 Least-squares cycle   9   Maximum vector length =  623   Memory required =     32 /   1351 /   135105

 wR2 =  0.0747 before cycle   9 for    1047 data and     83 /     83 parameters

 GooF = S =     1.075;     Restrained GooF =      1.075 for       0 restraints

 Weight = 1 / [ sigma^2(Fo^2) + ( 0.0337 * P )^2 +   0.08 * P ]   where  P = ( Max ( Fo^2, 0 ) + 2 * Fc^2 ) / 3


     N      value        esd    shift/esd  parameter

     1     1.42826     0.00477     0.000    OSF

 Mean shift/esd =   0.000  Maximum =     0.000 for   z  O2       

 Max. shift = 0.000 A for H1A        Max. dU = 0.000 for H3C       


 Least-squares cycle  10   Maximum vector length =  623   Memory required =     32 /   1351 /   135105

 wR2 =  0.0747 before cycle  10 for    1047 data and     83 /     83 parameters

 GooF = S =     1.075;     Restrained GooF =      1.075 for       0 restraints

 Weight = 1 / [ sigma^2(Fo^2) + ( 0.0337 * P )^2 +   0.08 * P ]   where  P = ( Max ( Fo^2, 0 ) + 2 * Fc^2 ) / 3


     N      value        esd    shift/esd  parameter

     1     1.42826     0.00477     0.000    OSF

 Mean shift/esd =   0.000  Maximum =     0.000 for   z  O2       

 Max. shift = 0.000 A for H3A        Max. dU = 0.000 for H3B       


 Least-squares cycle  11   Maximum vector length =  623   Memory required =     32 /   1351 /   135105

 wR2 =  0.0747 before cycle  11 for    1047 data and     83 /     83 parameters

 GooF = S =     1.075;     Restrained GooF =      1.075 for       0 restraints

 Weight = 1 / [ sigma^2(Fo^2) + ( 0.0337 * P )^2 +   0.08 * P ]   where  P = ( Max ( Fo^2, 0 ) + 2 * Fc^2 ) / 3


     N      value        esd    shift/esd  parameter

     1     1.42826     0.00477     0.000    OSF

 Mean shift/esd =   0.000  Maximum =     0.000 for   z  O2       

 Max. shift = 0.000 A for H1B        Max. dU = 0.000 for H1A       


 Least-squares cycle  12   Maximum vector length =  623   Memory required =     32 /   1351 /   135105

 wR2 =  0.0747 before cycle  12 for    1047 data and     83 /     83 parameters

 GooF = S =     1.075;     Restrained GooF =      1.075 for       0 restraints

 Weight = 1 / [ sigma^2(Fo^2) + ( 0.0337 * P )^2 +   0.08 * P ]   where  P = ( Max ( Fo^2, 0 ) + 2 * Fc^2 ) / 3


     N      value        esd    shift/esd  parameter

     1     1.42826     0.00477     0.000    OSF

 Mean shift/esd =   0.000  Maximum =     0.000 for   z  O2       

 Max. shift = 0.000 A for H1C        Max. dU = 0.000 for H1B       


 Least-squares cycle  13   Maximum vector length =  623   Memory required =     32 /   1351 /   135105

 wR2 =  0.0747 before cycle  13 for    1047 data and     83 /     83 parameters

 GooF = S =     1.075;     Restrained GooF =      1.075 for       0 restraints

 Weight = 1 / [ sigma^2(Fo^2) + ( 0.0337 * P )^2 +   0.08 * P ]   where  P = ( Max ( Fo^2, 0 ) + 2 * Fc^2 ) / 3


     N      value        esd    shift/esd  parameter

     1     1.42826     0.00477     0.000    OSF

 Mean shift/esd =   0.000  Maximum =     0.000 for   z  O2       

 Max. shift = 0.000 A for H1A        Max. dU = 0.000 for H1A       


 Least-squares cycle  14   Maximum vector length =  623   Memory required =     32 /   1351 /   135105

 wR2 =  0.0747 before cycle  14 for    1047 data and     83 /     83 parameters

 GooF = S =     1.075;     Restrained GooF =      1.075 for       0 restraints

 Weight = 1 / [ sigma^2(Fo^2) + ( 0.0337 * P )^2 +   0.08 * P ]   where  P = ( Max ( Fo^2, 0 ) + 2 * Fc^2 ) / 3


     N      value        esd    shift/esd  parameter

     1     1.42826     0.00477     0.000    OSF

 Mean shift/esd =   0.000  Maximum =     0.000 for   z  O2       

 Max. shift = 0.000 A for H3A        Max. dU = 0.000 for H3B       


 Least-squares cycle  15   Maximum vector length =  623   Memory required =     32 /   1351 /   135105

 wR2 =  0.0747 before cycle  15 for    1047 data and     83 /     83 parameters

 GooF = S =     1.075;     Restrained GooF =      1.075 for       0 restraints

 Weight = 1 / [ sigma^2(Fo^2) + ( 0.0337 * P )^2 +   0.08 * P ]   where  P = ( Max ( Fo^2, 0 ) + 2 * Fc^2 ) / 3


     N      value        esd    shift/esd  parameter

     1     1.42826     0.00477     0.000    OSF

 Mean shift/esd =   0.000  Maximum =     0.000 for   z  O2       

 Max. shift = 0.000 A for H1A        Max. dU = 0.000 for H1A       


 Least-squares cycle  16   Maximum vector length =  623   Memory required =     32 /   1351 /   135105

 wR2 =  0.0747 before cycle  16 for    1047 data and     83 /     83 parameters

 GooF = S =     1.075;     Restrained GooF =      1.075 for       0 restraints

 Weight = 1 / [ sigma^2(Fo^2) + ( 0.0337 * P )^2 +   0.08 * P ]   where  P = ( Max ( Fo^2, 0 ) + 2 * Fc^2 ) / 3


     N      value        esd    shift/esd  parameter

     1     1.42826     0.00477     0.000    OSF

 Mean shift/esd =   0.000  Maximum =     0.000 for   z  O2       

 Max. shift = 0.000 A for H3A        Max. dU = 0.000 for H3B       


 Least-squares cycle  17   Maximum vector length =  623   Memory required =     32 /   1351 /   135105

 wR2 =  0.0747 before cycle  17 for    1047 data and     83 /     83 parameters

 GooF = S =     1.075;     Restrained GooF =      1.075 for       0 restraints

 Weight = 1 / [ sigma^2(Fo^2) + ( 0.0337 * P )^2 +   0.08 * P ]   where  P = ( Max ( Fo^2, 0 ) + 2 * Fc^2 ) / 3


     N      value        esd    shift/esd  parameter

     1     1.42826     0.00477     0.000    OSF

 Mean shift/esd =   0.000  Maximum =     0.000 for   z  O2       

 Max. shift = 0.000 A for H1A        Max. dU = 0.000 for H1A       


 Least-squares cycle  18   Maximum vector length =  623   Memory required =     32 /   1351 /   135105

 wR2 =  0.0747 before cycle  18 for    1047 data and     83 /     83 parameters

 GooF = S =     1.075;     Restrained GooF =      1.075 for       0 restraints

 Weight = 1 / [ sigma^2(Fo^2) + ( 0.0337 * P )^2 +   0.08 * P ]   where  P = ( Max ( Fo^2, 0 ) + 2 * Fc^2 ) / 3


     N      value        esd    shift/esd  parameter

     1     1.42826     0.00477     0.000    OSF

 Mean shift/esd =   0.000  Maximum =     0.000 for   z  O2       

 Max. shift = 0.000 A for H3A        Max. dU = 0.000 for H3B       


 Least-squares cycle  19   Maximum vector length =  623   Memory required =     32 /   1351 /   135105

 wR2 =  0.0747 before cycle  19 for    1047 data and     83 /     83 parameters

 GooF = S =     1.075;     Restrained GooF =      1.075 for       0 restraints

 Weight = 1 / [ sigma^2(Fo^2) + ( 0.0337 * P )^2 +   0.08 * P ]   where  P = ( Max ( Fo^2, 0 ) + 2 * Fc^2 ) / 3


     N      value        esd    shift/esd  parameter

     1     1.42826     0.00477     0.000    OSF

 Mean shift/esd =   0.000  Maximum =     0.000 for   z  O2       

 Max. shift = 0.000 A for H1A        Max. dU = 0.000 for H1A       


 Least-squares cycle  20   Maximum vector length =  623   Memory required =     32 /   1351 /   135105

 wR2 =  0.0747 before cycle  20 for    1047 data and     83 /     83 parameters

 GooF = S =     1.075;     Restrained GooF =      1.075 for       0 restraints

 Weight = 1 / [ sigma^2(Fo^2) + ( 0.0337 * P )^2 +   0.08 * P ]   where  P = ( Max ( Fo^2, 0 ) + 2 * Fc^2 ) / 3


     N      value        esd    shift/esd  parameter

     1     1.42826     0.00477     0.000    OSF

 Mean shift/esd =   0.000  Maximum =     0.000 for   z  O2       

 Max. shift = 0.000 A for H3A        Max. dU = 0.000 for H3B       

 No correlation matrix elements larger than  0.500



  alanine all, raw-data refinement                                           

 ATOM           x        y        z         sof        U11      U22      U33      U23      U13      U12       Ueq

 O1          0.23890  0.44404  0.68426    1.00000    0.01022  0.02493  0.02179  0.00448  0.00110 -0.00067   0.01898
   0.00215   0.00020  0.00023  0.00010    0.00000    0.00055  0.00071  0.00057  0.00056  0.00045  0.00056   0.00032

 O2          0.37446  0.72731  0.58375    1.00000    0.01462  0.02332  0.01872  0.00508 -0.00161  0.00153   0.01889
   0.00227   0.00021  0.00024  0.00009    0.00000    0.00060  0.00072  0.00057  0.00054  0.00048  0.00054   0.00032

 N1          0.81612  0.64962  0.63772    1.00000    0.00907  0.01831  0.01561  0.00141 -0.00021  0.00008   0.01433
   0.00262   0.00024  0.00026  0.00012    0.00000    0.00069  0.00077  0.00068  0.00063  0.00056  0.00057   0.00034

 C1          0.39962  0.55640  0.64102    1.00000    0.01125  0.01823  0.01050 -0.00295  0.00009  0.00100   0.01333
   0.00281   0.00026  0.00031  0.00012    0.00000    0.00071  0.00087  0.00063  0.00067  0.00058  0.00067   0.00035

 C2          0.64505  0.46905  0.66111    1.00000    0.00928  0.01870  0.01345  0.00196  0.00031  0.00018   0.01381
   0.00279   0.00027  0.00030  0.00012    0.00000    0.00072  0.00088  0.00070  0.00068  0.00055  0.00065   0.00036

 C3          0.69648  0.26533  0.59094    1.00000    0.01446  0.01937  0.02509 -0.00245  0.00031  0.00133   0.01964
   0.00334   0.00032  0.00036  0.00015    0.00000    0.00083  0.00092  0.00088  0.00080  0.00067  0.00076   0.00040

 H2          0.66086  0.43295  0.73729    1.00000    0.01004
   0.03232   0.00319  0.00334  0.00149    0.00000    0.00442

 H1A         0.80658  0.69385  0.56678    1.00000    0.02752
   0.04146   0.00395  0.00403  0.00195    0.00000    0.00611

 H1B         0.79290  0.77027  0.68557    1.00000    0.02378
   0.03974   0.00381  0.00410  0.00177    0.00000    0.00544

 H1C         0.96743  0.58610  0.64795    1.00000    0.02799
   0.03904   0.00404  0.00395  0.00181    0.00000    0.00575

 H3A         0.84871  0.20507  0.60728    1.00000    0.02650
   0.04001   0.00407  0.00394  0.00164    0.00000    0.00598

 H3B         0.57776  0.14693  0.60517    1.00000    0.02568
   0.03825   0.00402  0.00379  0.00164    0.00000    0.00584

 H3C         0.69664  0.31156  0.51188    1.00000    0.02766
   0.03718   0.00391  0.00378  0.00185    0.00000    0.00590



 Final Structure Factor Calculation for  alanine all, raw-data refinement                                           

 Total number of l.s. parameters =    83  Maximum vector length =  623   Memory required =     32 /   1268 /    28035

 wR2 =  0.0747 before cycle  21 for    1047 data and      0 /     83 parameters

 GooF = S =     1.075;     Restrained GooF =      1.075 for       0 restraints

 Weight = 1 / [ sigma^2(Fo^2) + ( 0.0337 * P )^2 +   0.08 * P ]   where  P = ( Max ( Fo^2, 0 ) + 2 * Fc^2 ) / 3

 wR2 = 0.0747, GooF = S = 1.075, Restrained GooF = 1.075 for all data
 R1 = 0.0316 for 968 Fo > 4sig(Fo) and 0.0353 for all 1047 data

 Flack x =   -0.058(999) by classical fit to all intensities
              0.131(883) from 342 selected quotients (Parsons' method)

 ** Absolute structure cannot be determined reliably **

 Occupancy sum of asymmetric unit =     6.00 for non-hydrogen and     7.00 for H and D atoms



 Principal mean square atomic displacements U

   0.0281   0.0188   0.0100   O1  
   0.0266   0.0172   0.0128   O2  
   0.0189   0.0150   0.0091   N1  
   0.0193   0.0112   0.0094   C1  
   0.0194   0.0128   0.0093   C2  
   0.0260   0.0189   0.0140   C3  

     0  atoms may be split and     0  atoms NPD



 Analysis of variance for reflections employed in refinement      K = Mean[Fo^2] / Mean[Fc^2]  for group


 Fc/Fc(max)       0.000    0.026    0.040    0.052    0.063    0.076    0.092    0.110    0.133    0.183    1.000

 Number in group       111.     106.      97.     109.     106.     111.      95.     102.     105.     105.

            GooF      0.814    1.107    1.069    1.026    1.194    1.013    1.116    1.108    1.298    0.956

             K        1.045    0.927    1.012    1.009    0.996    1.017    1.015    1.000    1.004    0.991


 Resolution(A)    0.71     0.78     0.81     0.85     0.89     0.95     1.02     1.12     1.30     1.61     inf

 Number in group       110.     111.      94.     109.      99.     105.     106.     108.     100.     105.

            GooF      1.065    1.138    0.997    1.126    0.901    0.934    1.017    0.892    0.881    1.589

             K        1.019    1.009    1.039    1.007    0.998    1.004    0.992    0.998    1.000    0.990

             R1       0.089    0.069    0.054    0.049    0.041    0.034    0.025    0.019    0.018    0.023


 Recommended weighting scheme:  WGHT    0.0337    0.0752


 Most Disagreeable Reflections (* if suppressed or used for Rfree).
 Error/esd is calculated as sqrt(wD^2/<wD^2>) where w is given by the weight
 formula, D = Fo^2-Fc^2 and <> refers to the average over all reflections.

     h   k   l          Fo^2          Fc^2    Error/esd  Fc/Fc(max)  Resolution(A)

     1   0   2        103.15        155.09       7.72       0.171       4.22
     0   1   3         69.84         88.76       4.06       0.129       3.38
     0   2   1         34.87         45.77       3.51       0.093       2.90
     1   1   0         61.07         46.19       3.31       0.093       4.16
     1   0   9         18.91         24.36       3.17       0.068       1.33
     6   3   1         -0.47          1.93       3.07       0.019       0.87
     1   4  13         14.49         22.01       2.94       0.064       0.79
    -4   5   2         15.22         21.47       2.85       0.064       0.91
     2   0   2        167.17        148.23       2.84       0.167       2.62
     4   4   7         19.87         26.74       2.83       0.071       0.89
     2   2   3         96.64         83.92       2.81       0.126       1.85
     2   0   3         48.15         56.53       2.81       0.103       2.37
    -6   2   1         50.58         64.60       2.76       0.110       0.92
     2   4  12         13.83         20.64       2.75       0.062       0.81
    -4   2  14          2.94          6.83       2.73       0.036       0.73
    -2   4  14          1.40          6.92       2.72       0.036       0.73
     0   2  11          3.40          1.16       2.57       0.015       1.05
     6   4   2          7.27         12.62       2.56       0.049       0.80
     0   4  13         32.41         23.82       2.55       0.067       0.80
    -5   4   3        116.73        100.44       2.53       0.138       0.89
    -1   5   5         21.11         31.05       2.49       0.077       1.06
    -5   2   3         23.14         18.06       2.49       0.058       1.04
    -1   4   6         26.43         22.04       2.42       0.065       1.18
     2   5   6          0.35          3.91       2.40       0.027       0.97
    -2   7   5         11.80         19.41       2.39       0.061       0.78
    -1   7   3         21.93         15.39       2.38       0.054       0.83
    -1   7   6         33.35         23.65       2.38       0.067       0.78
    -2   7   3         15.51          9.91       2.35       0.043       0.80
    -4   5   5          6.70          3.20       2.34       0.025       0.86
     0   1   2       4840.93       5294.99       2.32       1.000       4.28
    -2   6  10         55.39         42.33       2.28       0.089       0.75
    -3   5   9          9.89          4.97       2.26       0.031       0.81
     5   1  11         31.37         25.14       2.26       0.069       0.80
     3   2   0        111.32        100.33       2.24       0.138       1.62
     0   0  14         50.26         41.50       2.21       0.089       0.88
     2   6   7          3.75          6.73       2.20       0.036       0.83
     0   6   3          7.97         12.00       2.19       0.048       0.97
    -2   1   5         13.42         16.73       2.19       0.056       1.79
    -3   4   9         20.07         12.94       2.14       0.049       0.89
     3   1   0         31.35         27.17       2.11       0.072       1.84
     1   2   2        239.78        262.04       2.11       0.222       2.43
     3   0   5         64.94         58.09       2.09       0.105       1.52
    -6   4   3         23.85         15.63       2.09       0.054       0.80
    -5   2   1         23.74         27.82       2.08       0.072       1.08
    -4   4   7         21.30         26.81       2.08       0.071       0.89
     3   7   3          3.61          6.98       2.07       0.036       0.77
     1   6   6          5.11          8.36       2.06       0.040       0.88
    -4   4   1         76.67         85.28       2.06       0.127       1.04
     6   4   5         87.15         72.00       2.06       0.117       0.77
     6   0   1         71.56         63.75       2.02       0.110       0.96



 Bond lengths and angles

 O1 -            Distance        Angles
 C1        1.2643 (0.0021) 
                 O1             

 O2 -            Distance        Angles
 C1        1.2473 (0.0022) 
                 O2             

 N1 -            Distance        Angles
 C2        1.4915 (0.0022) 
 H1A       0.9126 (0.0239)  110.65 (1.54)
 H1B       0.9390 (0.0244)  109.72 (1.38) 111.60 (2.01)
 H1C       0.9631 (0.0236)  107.19 (1.41) 107.07 (1.93) 110.49 (1.85)
                 N1              C2            H1A           H1B          

 C1 -            Distance        Angles
 O2        1.2473 (0.0022) 
 O1        1.2643 (0.0021)  125.76 (0.15)
 C2        1.5342 (0.0022)  118.46 (0.14) 115.77 (0.15)
                 C1              O2            O1           

 C2 -            Distance        Angles
 N1        1.4915 (0.0022) 
 C3        1.5195 (0.0025)  109.74 (0.14)
 C1        1.5342 (0.0022)  109.85 (0.14) 111.22 (0.14)
 H2        0.9651 (0.0185)  106.56 (1.16) 110.71 (1.20) 108.65 (1.12)
                 C2              N1            C3            C1           

 C3 -            Distance        Angles
 C2        1.5195 (0.0025) 
 H3A       0.9732 (0.0233)  110.85 (1.35)
 H3B       1.0012 (0.0236)  109.28 (1.20) 109.02 (1.81)
 H3C       1.0101 (0.0230)  109.14 (1.28) 107.37 (1.76) 111.18 (1.73)
                 C3              C2            H3A           H3B          


 Specified hydrogen bonds (with esds except fixed and riding H)
  D-H          H...A        D...A        <(DHA)
  0.965(19)    2.527(19)    3.453(2)     160.9(16)    C2-H2...O2_$1
  0.91(2)      1.95(2)      2.8394(19)   165(2)       N1-H1A...O2_$2
  0.94(2)      1.92(2)      2.824(2)     162.1(19)    N1-H1B...O1_$3
  0.96(2)      1.84(2)      2.7979(19)   172(2)       N1-H1C...O1_$4
  0.96(2)      2.63(2)      3.3340(18)   130.7(18)    N1-H1C...O2_$4


 FMAP and GRID set by program

 FMAP   2   1  10
 GRID    -3.571  -2  -2     3.571   2   2

 R1 =  0.0339 for    666 unique reflections after merging for Fourier


 Electron density synthesis with coefficients Fo-Fc

 Highest peak    0.19  at  0.2276  0.6404  0.2420  [  0.89 A from O1 ]
 Deepest hole   -0.20  at  0.2526  0.0730  0.3364  [  0.67 A from C2 ]


 Fourier peaks appended to .res file

              x       y       z       sof     U      Peak   Distances to nearest atoms (including eq.)

 Q1    1   0.2724  0.3596  0.7420   1.00000  0.05    0.19   0.89 O1  1.10 H1B  1.86 C1  2.00 N1
 Q2    1   0.6708  0.3683  0.6252   1.00000  0.05    0.17   0.76 C2  0.76 C3  1.43 H2  1.44 H3A
 Q3    1   0.5404  0.5341  0.6456   1.00000  0.05    0.16   0.74 C2  0.83 C1  1.46 H2  1.68 O2
 Q4    1   0.4777  0.7806  0.5577   1.00000  0.05    0.14   0.75 O2  1.74 C1  1.83 H1A  1.98 H1A
 Q5    1   0.3486  0.0372  0.6345   1.00000  0.05    0.13   1.52 H3B  1.70 H2  1.96 O2  2.20 H3C
 Q6    1   0.3672  0.4143  0.5206   1.00000  0.05    0.13   1.72 C1  1.72 H3C  1.73 H3A  2.00 C3
 Q7    1   1.1089  0.8440  0.6441   1.00000  0.05    0.12   1.74 H1C  1.84 O2  1.95 H1B  2.05 H2
 Q8    1   0.9217  0.6865  0.7824   1.00000  0.05    0.12   1.49 H1B  1.78 H1C  1.84 O1  1.89 N1
 Q9    1   0.9228  0.9451  0.5356   1.00000  0.05    0.12   1.69 H1A  1.81 O2  1.83 H3A  2.18 C1
 Q10   1   0.5351  0.3446  0.4954   1.00000  0.05    0.12   0.98 H3C  1.57 C3  1.69 H3A  1.81 H3B
 Q11   1   0.3876  0.8450  0.6394   1.00000  0.05    0.12   0.98 O2  1.63 H2  1.72 C1  2.15 H3B
 Q12   1   0.2912  0.3260  0.6080   1.00000  0.05    0.12   1.21 O1  1.56 C1  1.77 H3C  1.97 H3B
 Q13   1   0.7066  0.9349  0.6232   1.00000  0.05    0.12   1.34 H1B  1.48 H3B  1.70 H1A  1.82 H3A
 Q14   1   0.1761  0.1707  0.6448   1.00000  0.05    0.12   1.74 O1  1.93 H3C  1.96 H3A  2.17 H1B
 Q15   1   0.2789  0.5239  0.7218   1.00000  0.05    0.11   0.70 O1  1.23 C1  1.94 H1B  2.05 H1C
 Q16   1   1.0316  0.9187  0.6382   1.00000  0.05    0.11   1.74 H1B  2.02 H1C  2.03 N1  2.05 H3A
 Q17   1   0.9352  0.3299  0.6418   1.00000  0.05    0.11   0.99 H3A  1.54 H1C  1.57 C3  1.89 C2
 Q18   1   0.5426 -0.0612  0.5431   1.00000  0.05    0.11   1.47 H3B  1.67 O2  2.08 H1A  2.14 H1A
 Q19   1   0.5940  0.2047  0.5100   1.00000  0.05    0.11   0.87 H3C  1.21 C3  1.22 H3B  1.90 H3A
 Q20   1   0.3956  0.9446  0.5470   1.00000  0.05    0.11   1.38 O2  1.70 H1A  1.76 H3B  1.99 H3C

 Shortest distances between peaks (including symmetry equivalents)

      7  16  0.64     18  20  0.85     10  19  0.92      1  15  1.01      4  18  1.03      8  14  1.06      4  20  1.09
      6  10  1.10      6   9  1.13      5  11  1.17      4  11  1.19     12  14  1.23      5  20  1.24      2   3  1.27
      6  12  1.27     11  20  1.28      5  14  1.28     13  18  1.37      9  16  1.42      9  10  1.46      8  17  1.51
      1   8  1.56      2  17  1.56     11  18  1.59      7  11  1.62      9  13  1.65      1  12  1.66     18  19  1.66
     14  17  1.69      5  18  1.69      1  13  1.72     14  16  1.72      1  14  1.73      6  19  1.77      2  19  1.78
      3  15  1.78      5  12  1.78      2  10  1.78      4   9  1.80      4  13  1.80      5   7  1.81      7   9  1.82
      6  19  1.82     12  15  1.83     12  19  1.86      3   4  1.86      8  16  1.89     13  16  1.89     10  14  1.91
     11  13  1.93      4   5  1.95      3  12  1.96      3   6  1.97      5  16  1.97     13  15  1.98     10  12  1.98
     19  20  1.98      7  14  1.99      8  12  2.01     13  20  2.03      3  11  2.06     10  17  2.06      5   8  2.07
     17  19  2.09     14  19  2.10     12  17  2.10     11  16  2.11      7  20  2.13      3  10  2.16     10  16  2.17
      5  13  2.17      6  13  2.19      2   6  2.20     10  12  2.20      9  18  2.20     14  20  2.21      1   3  2.21
      6  18  2.22      2  12  2.22      7   8  2.22     13  19  2.22      7   8  2.24     12  19  2.25     11  15  2.26
     11  14  2.30      5  19  2.31      1  17  2.32      4   6  2.32      1  16  2.32      8  15  2.32      3   9  2.33
      8  16  2.34      7  15  2.35      9  12  2.36      1   5  2.37      9  19  2.38      6  14  2.38     14  15  2.38
      6  16  2.39     16  20  2.39      9  14  2.40      8  15  2.40      7  13  2.41      4   7  2.42      1  11  2.45
     12  20  2.47      6  10  2.47      9  19  2.47     10  18  2.49     10  20  2.49      6  17  2.50     15  17  2.50
     16  17  2.52      5  10  2.52      9  20  2.54      7  10  2.56     15  16  2.57     10  19  2.57      9  18  2.58
      3  13  2.59      3  17  2.59      2  13  2.59      3  19  2.59     10  20  2.60      6  15  2.61      1   7  2.62
      1   3  2.62      8  10  2.64      9  17  2.64      7  17  2.65      5   6  2.65     17  19  2.66      4  19  2.68
      2   9  2.69     17  20  2.69      4   7  2.70      4  16  2.70      2   6  2.71     13  17  2.71      1   2  2.72
      2   5  2.72      3  18  2.72      2  15  2.72      2  20  2.72      5  10  2.73     17  18  2.73      4  10  2.73
     10  13  2.73     12  18  2.74      8  17  2.74      9  20  2.74      8  13  2.75      6  14  2.76     16  17  2.76
      9  11  2.77     15  17  2.77      4   9  2.77      5  19  2.77      3   5  2.78      4  15  2.78      5  15  2.79
     11  15  2.79      1   6  2.80      2  15  2.80      5   9  2.80      8   9  2.81     19  20  2.81      6  20  2.82
     14  18  2.83      2   4  2.83      2   8  2.84     12  18  2.84      2  18  2.85      6   7  2.85      3  20  2.86
      1   8  2.86      7  18  2.86      8  13  2.87      1   5  2.87      8  19  2.87      2  10  2.87      8  11  2.88
      7  18  2.88     12  16  2.88      4  16  2.89      1  18  2.89      1   4  2.89      3  11  2.90     16  19  2.91
      2  11  2.92      3   8  2.92     11  19  2.93     10  17  2.94     14  19  2.94     15  16  2.94     11  12  2.95
      6  17  2.96     19  19  2.96      6  11  2.96     10  14  2.96      5  17  2.96      6  20  2.98      4  12  2.98
      7  15  2.99      2  19  2.99


 Time profile in seconds
 -----------------------

      0.02: Read and process instructions
      0.00: Fit rigid groups
      0.00: Interpret restraints etc.
      0.00: Generate connectivity array
      0.00: Analyse DFIX and DANG restraints
      0.00: Analyse SAME, SADI and NCSY restraints
      0.00: Generate CHIV restraints
      0.00: Check if bonds in residues restrained
      0.00: Generate DELU and RIGU restraints
      0.00: Generate SIMU restraints
      0.00: Generate ISOR restraints
      0.00: Analyse electron density
      0.02: Analyse other restraints etc.
      0.01: Read intensity data, sort/merge etc.
      0.00: Set up constraints
      0.00: OSF, H-atoms from difference map
      0.02: Set up l.s. refinement
      0.00: Generate idealized H-atoms
      0.01: Structure factors and derivatives
      0.00: Sum l.s. matrices
      0.00: Generate and apply antibumping restraints
      0.00: Apply other restraints
      0.02: Solve l.s. equations
      0.00: Generate HTAB table
      0.06: Other dependent quantities, CIF, tables
      0.00: Analysis of variance
      0.02: Merge reflections for Fourier and .fcf
      0.00: Fourier summations
      0.00: Peaksearch
      0.00: Analyse peaklist

 ** WARNING: These times are only approximate for multiple threads.
             To get better estimates run with -t1 **

   Please cite: G.M. Sheldrick (2015) "Crystal structure refinement with
   SHELXL", Acta Cryst., C71, 3-8 (Open Access) if SHELXL proves useful.

 +++++++++++++++++++++++++++++++++++++++++++++++++++++++++++++++++++++++++++++
 +  all           finished at 21:16:00   Total elapsed time:      0.19 secs  +
 +++++++++++++++++++++++++++++++++++++++++++++++++++++++++++++++++++++++++++++
