
 +++++++++++++++++++++++++++++++++++++++++++++++++++++++++++++++++++
 +  SHELXL -  CRYSTAL STRUCTURE REFINEMENT  -   MULTI-CPU VERSION  +
 +  Copyright(C) George M. Sheldrick 1993-2023     Version 2019/3  +
 +  nu1000_framework           started at 22:01:28 on 21-Sep-2026  +
 +++++++++++++++++++++++++++++++++++++++++++++++++++++++++++++++++++

 Command line parameters: nu1000_framework -a50000 -b3000 -c624 -g0 -m0 -t4

 -a sets the approximate maximum number of atoms including hydrogens.
 -b sets the maximum number of full-matrix parameters (not used by CGLS).
 For example -b9000 allows refinement of 1000 anisotropic atoms or 3000
 with BLOC 1. For a 32-bit version, -b times the square root of the
 number of threads should not exceed about 65500. -c sets the reflection
 buffer size. This depends on the CPU cache size but will rarely
 need changing.

 -g sets the number of reflection groups used for calculating R_complete,
 This must be greater than 1 but not greater than the total number of
 reflections for refinement. -m sets the current reflection group number.
 This may not be less than 1 nor greater than the number set by -g. These
 command line flags override other ways of defining free-R reflections.
 The -m value is also used as a seed for the WIGL pseudo-random shifts.

 -t sets the number of threads, otherwise it is set to the apparent
 number of CPUs. For optimal performance on hyperthreading systems,
 -t should be set to a little more than half the number of CPUs;
 e.g. -t4 or -t5 for an Intel i7 processor.

 Running  4 threads on 32 processors

 TITL NU-1000 framework-only average structure in P6/mmm
 CELL  0.68883  39.1900  39.1900  16.6100   90.000   90.000  120.000
 ZERR 3 0 0 0 0 0 0
 LATT  1
 SYMM -Y, X-Y, Z
 SYMM -X+Y, -X, Z
 SYMM -X, -Y, Z
 SYMM Y, -X+Y, Z
 SYMM X-Y, X, Z
 SYMM Y, X, -Z
 SYMM X-Y, -Y, -Z
 SYMM -X, -X+Y, -Z
 SYMM -Y, -X, -Z
 SYMM -X+Y, Y, -Z
 SYMM X, X-Y, -Z
 SFAC C O ZR H
 DISP C 0.0018766 0.0015000 5.8232
 DISP O 0.0070649 0.0056766 22.0375
 DISP ZR -9.0413504 2.7716699 10760.0761
 DISP H 0 0 0
 UNIT 264 96 18 132

 V =    22092.79     F(000) =    3204.0     Mu =   0.89 mm-1      Cell Wt =     6481.65    Rho =  0.487

 SHEL 999 1.0
 BOND $H
 ACTA
 LIST 6
 FMAP 2
 PLAN 60
 L.S. 15
 EQIV $1 -x+y,y,z
 EQIV $2 x,y,1-z
 DFIX 1.39 0.02 C1 C3 C3 C2 C2 C4 C4 C6 C6 C8 C8 C1
 DANG 2.407 0.04 C1 C2 C3 C4 C2 C6 C4 C8 C6 C1 C8 C3
 DFIX 1.48 0.03 C1 C7
 DFIX 1.49 0.03 C4 C12
 DFIX 1.26 0.02 C12 O1 C12 O2
 DANG 2.22 0.04 O1 O2
 DFIX 1.40 0.03 C5 C7 C7 C10 C9 C10 C10 C11 C9 C9_$2 C11 C11_$2
 DANG 2.42 0.05 C5 C10 C7 C9 C7 C11 C9 C11 C7 C7_$1
 FLAT 0.03 C1 C3 C2 C4 C6 C8 C12
 FLAT 0.03 C5 C7 C9 C10 C11 C7_$1 C10_$1 C11_$1
 RIGU 0.004 C1 > C12 O1 O2
 SIMU 0.02 0.04 2.0 C1 > C12 O1 O2
 ABIN
 WGHT 0.1434 0
 REM Framework coordinates only; pore contribution is in the FAB file.
 REM Temperature and cell standard uncertainties were not supplied.
 REM Node O protonation and terminal O ligand identities are unresolved.
 REM Formula records coordinate-model atoms, not a complete sample formula.
 FVAR       0.05375
 ZR1   3    0.463818    0.536182    1.000000    10.25000    0.09211    0.09211 =
          0.07274    0.00000    0.00000    0.05919
 ZR2   3    0.454961    0.454961    0.893658    10.50000    0.09643    0.09643 =
          0.08757   -0.01218   -0.01218    0.06066
 O1    2    0.413076    0.518167    0.917416    11.00000    0.10064    0.11119 =
          0.09808   -0.00564   -0.00421    0.06990
 O2    2    0.406705    0.465623    0.850334    11.00000    0.12279    0.11772 =
          0.12792   -0.03094   -0.03326    0.07666
 O3    2    0.435767    0.472213    1.000000    10.50000    0.19918    0.11283 =
          0.10271    0.00000    0.00000    0.09677
 O4    2    0.463725    0.463725    0.760053    10.50000    0.21458    0.21458 =
          0.08606   -0.04183   -0.04183    0.17165
 O5    2    0.399723    0.399723    0.911295    10.50000    0.10719    0.10719 =
          0.26751   -0.02393   -0.02393    0.05631
 O6    2    0.518254    0.481746    0.892501    10.50000    0.12902    0.12902 =
          0.14601    0.01542   -0.01542    0.07918
 C1    1    0.310235    0.495014    0.720539    11.00000    0.11355    0.22216 =
          0.09100   -0.01266   -0.01106    0.10776
 C2    1    0.358498    0.522452    0.824572    11.00000    0.13222    0.16638 =
          0.11274   -0.02188   -0.04259    0.10342
 AFIX 43 0.93
 H2    4    0.371649    0.541825    0.863317    11.00000   -1.20000
 AFIX   0
 C3    1    0.330398    0.523370    0.777342    11.00000    0.13323    0.19336 =
          0.11222   -0.01110   -0.02860    0.10917
 AFIX 43 0.93
 H3    4    0.324878    0.543685    0.783964    11.00000   -1.20000
 AFIX   0
 C4    1    0.367268    0.492952    0.814767    11.00000    0.11705    0.16944 =
          0.10591   -0.02855   -0.02884    0.09759
 C5    1    0.247348    0.494697    0.709684    10.50000    0.12486    0.24550 =
          0.10024   -0.01922   -0.00961    0.12275
 AFIX 43 0.93
 H5    4    0.247325    0.494650    0.765674    10.50000   -1.20000
 AFIX   0
 C6    1    0.347309    0.461756    0.760070    11.00000    0.11220    0.21089 =
          0.11235   -0.04368   -0.04391    0.09887
 AFIX 43 0.93
 H6    4    0.352489    0.441090    0.756589    11.00000   -1.20000
 AFIX   0
 C7    1    0.278333    0.494731    0.669283    11.00000    0.10862    0.23487 =
          0.09181   -0.01517   -0.01482    0.11134
 C8    1    0.319423    0.463570    0.711552    11.00000    0.12497    0.24174 =
          0.11350   -0.04511   -0.03034    0.11580
 AFIX 43 0.93
 H8    4    0.306367    0.444309    0.672556    11.00000   -1.20000
 AFIX   0
 C9    1    0.247427    0.494855    0.542982    10.50000    0.12060    0.27568 =
          0.08264   -0.00607   -0.00304    0.13784
 C10   1    0.278167    0.494799    0.585735    11.00000    0.11910    0.26528 =
          0.08817   -0.00312   -0.00462    0.12624
 C11   1    0.309874    0.494903    0.540375    11.00000    0.13939    0.29401 =
          0.08935    0.00354    0.00238    0.13741
 AFIX 43 0.93
 H11   4    0.330589    0.494971    0.567830    11.00000   -1.20000
 AFIX   0
 C12   1    0.397237    0.490922    0.865356    11.00000    0.11225    0.12336 =
          0.09387   -0.02028   -0.01595    0.07685
 HKLF 4



 Covalent radii and connectivity table for  NU-1000 framework-only average structure in P6/mmm                         
 C      0.770
 O      0.660
 ZR     1.590
 H      0.320

 Zr1 - O6_$4 O6_$3 O3_$6 O3 O1_$7 O1_$6 O1_$5 O1 Zr2_$3 Zr2_$5 Zr2_$4 Zr2
 Zr2 - O6 O3_$9 O3 O6_$4 O5 O4 O2_$8 O2 Zr1_$3 Zr1 Zr2_$4 Zr2_$5
 O1 - C12 Zr1
 O2 - C12 Zr2
 O3 - Zr2_$5 Zr2 Zr1
 O4 - Zr2
 O5 - Zr2
 O6 - Zr2_$4 Zr2 Zr1_$3
 C1 - C3 C8 C7
 C2 - C3 C4
 C3 - C2 C1
 C4 - C2 C6 C12
 C5 - C7_$1 C7
 C6 - C8 C4
 C7 - C5 C10 C1
 C8 - C6 C1
 C9 - C10_$1 C10 C9_$2
 C10 - C7 C9 C11
 C11 - C11_$2 C10
 C12 - O2 O1 C4


 Operators for generating equivalent atoms:
 $1   -x+y, y, z
 $2   x, y, -z+1
 $3   -x+1, -y+1, -z+2
 $4   -x+1, -y+1, z
 $5   x, y, -z+2
 $6   -y+1, -x+1, z
 $7   -y+1, -x+1, -z+2
 $8   y, x, z
 $9   y, x, -z+2

   179481  Reflections outside SHEL resolution limits rejected


   337815  Reflections read, of which  179481  rejected

 -39 =< h =< 39,    -39 =< k =< 39,    -16 =< l =< 16,   Max. 2-theta =   40.28

        0  Systematic absence violations (I>3sig(I)) before merging

        0  Inconsistent equivalents

     4395  Unique reflections, of which       0  suppressed

 R(int) = 0.5659     R(sigma) = 0.1066      Friedel opposites merged

 Maximum memory for data reduction =     2675 /    48177


 Reflection statistics for all twin components combined (TWST 0 set)
 Number of data for d > 1.000A (CIF: max) and d > 1.000A (CIF: full)
 (ignoring systematic absences):
 Unique reflections found (point group)       4395    4395
 Unique reflections possible (point group)    4401    4401
 Unique reflections found (Laue group)        4395    4395
 Unique reflections possible (Laue group)     4401    4401

 Special position constraints for Zr1
 z =  1.0000   y = -1.0 * x + 1.0000   U22 = 1.0 * U11   U23 = 0   U13 = 0   
 sof = 0.25000   
 Input constraints retained (at least in part) for  sof

 Special position constraints for Zr2
 y =  1.0 * x + 0.0000   U22 = 1.0 * U11   U13 = 1.0 * U23   sof = 0.50000   
 Input constraints retained (at least in part) for  sof

 Special position constraints for O3
 z =  1.0000   U23 = 0   U13 = 0   sof = 0.50000   
 Input constraints retained (at least in part) for  sof

 Special position constraints for O4
 y =  1.0 * x + 0.0000   U22 = 1.0 * U11   U13 = 1.0 * U23   sof = 0.50000   
 Input constraints retained (at least in part) for  sof

 Special position constraints for O5
 y =  1.0 * x + 0.0000   U22 = 1.0 * U11   U13 = 1.0 * U23   sof = 0.50000   
 Input constraints retained (at least in part) for  sof

 Special position constraints for O6
 y = -1.0 * x + 1.0000   U22 = 1.0 * U11   U13 =-1.0 * U23   sof = 0.50000   
 Input constraints retained (at least in part) for  sof

 Special position constraints for C5
 y =  2.0 * x + 0.0000   U13 = 0.5 * U23   U12 = 0.5 * U22   sof = 0.50000   
 Input constraints retained (at least in part) for  sof

 Special position constraints for C9
 y =  2.0 * x + 0.0000   U13 = 0.5 * U23   U12 = 0.5 * U22   sof = 0.50000   
 Input constraints retained (at least in part) for  sof


 Default effective X-H and X-D distances for T =   20.0C 
 AFIX m =    1     2     3     4   4[N]  3[N]  15[B]  8[O]   9   9[N]   16
 d(X-H) =  0.98  0.97  0.96  0.93  0.86  0.89  1.10  0.82  0.93  0.86  0.93

 Note that these distances are chosen to give the best fit to the X-ray data
 and so avoid the introduction of systematic error.  The true internuclear
 distances are longer and do not vary with temperature!  The apparent
 variation with temperature is caused by libration.


 Least-squares cycle   1   Maximum vector length =  623   Memory required =     46 /   3106 /   233565

 wR2 =  0.2722 before cycle   1 for    4395 data and    155 /    155 parameters


 Disagreeable restraints before cycle    1

   Observed   Target    Error     Sigma     Restraint

    1.4540    1.3900    0.0640    0.0200    DFIX C8 C1


 Summary of restraints applied in cycle    1

               ANTIBUMP  DFIX    DANG SAME/SADI CHIV/Z CHIV/NZ   FLAT    DELU    RIGU    SIMU    ISOR    SUMP

       Number       0      16      12       0       0       0       9       0      99      84       0       0

 rms sigma      0.0000  0.0255  0.0444  0.0000  0.0000  0.0000  0.0300  0.0000  0.1152  0.0200  0.0000  0.0000

 rms deviation  0.0000  0.0297  0.0346  0.0000  0.0000  0.0000  0.0180  0.0000  0.0113  0.0152  0.0000  0.0000


 GooF = S =     0.987;     Restrained GooF =      0.975 for     220 restraints

 Weight = 1 / [ sigma^2(Fo^2) + ( 0.1434 * P )^2 +   0.00 * P ]   where  P = ( Max ( Fo^2, 0 ) + 2 * Fc^2 ) / 3


     N      value        esd    shift/esd  parameter

     1     0.05376     0.00023     0.023    OSF

 Mean shift/esd =   0.002  Maximum =     0.023 for  OSF          

 Max. shift = 0.000 A for O3        Max. dU = 0.000 for C1         


 Least-squares cycle   2   Maximum vector length =  623   Memory required =     46 /   3106 /   233565

 wR2 =  0.2722 before cycle   2 for    4395 data and    155 /    155 parameters


 Disagreeable restraints before cycle    2

   Observed   Target    Error     Sigma     Restraint

    1.4540    1.3900    0.0640    0.0200    DFIX C8 C1


 Summary of restraints applied in cycle    2

               ANTIBUMP  DFIX    DANG SAME/SADI CHIV/Z CHIV/NZ   FLAT    DELU    RIGU    SIMU    ISOR    SUMP

       Number       0      16      12       0       0       0       9       0      99      84       0       0

 rms sigma      0.0000  0.0255  0.0444  0.0000  0.0000  0.0000  0.0300  0.0000  0.1152  0.0200  0.0000  0.0000

 rms deviation  0.0000  0.0297  0.0346  0.0000  0.0000  0.0000  0.0180  0.0000  0.0113  0.0152  0.0000  0.0000


 GooF = S =     0.987;     Restrained GooF =      0.975 for     220 restraints

 Weight = 1 / [ sigma^2(Fo^2) + ( 0.1434 * P )^2 +   0.00 * P ]   where  P = ( Max ( Fo^2, 0 ) + 2 * Fc^2 ) / 3


     N      value        esd    shift/esd  parameter

     1     0.05376     0.00023     0.004    OSF

 Mean shift/esd =   0.001  Maximum =     0.004 for  OSF          

 Max. shift = 0.000 A for C3        Max. dU = 0.000 for O3         


 Least-squares cycle   3   Maximum vector length =  623   Memory required =     46 /   3106 /   233565

 wR2 =  0.2722 before cycle   3 for    4395 data and    155 /    155 parameters


 Disagreeable restraints before cycle    3

   Observed   Target    Error     Sigma     Restraint

    1.4540    1.3900    0.0640    0.0200    DFIX C8 C1


 Summary of restraints applied in cycle    3

               ANTIBUMP  DFIX    DANG SAME/SADI CHIV/Z CHIV/NZ   FLAT    DELU    RIGU    SIMU    ISOR    SUMP

       Number       0      16      12       0       0       0       9       0      99      84       0       0

 rms sigma      0.0000  0.0255  0.0444  0.0000  0.0000  0.0000  0.0300  0.0000  0.1152  0.0200  0.0000  0.0000

 rms deviation  0.0000  0.0297  0.0346  0.0000  0.0000  0.0000  0.0180  0.0000  0.0113  0.0152  0.0000  0.0000


 GooF = S =     0.987;     Restrained GooF =      0.975 for     220 restraints

 Weight = 1 / [ sigma^2(Fo^2) + ( 0.1434 * P )^2 +   0.00 * P ]   where  P = ( Max ( Fo^2, 0 ) + 2 * Fc^2 ) / 3


     N      value        esd    shift/esd  parameter

     1     0.05376     0.00023     0.000    OSF

 Mean shift/esd =   0.000  Maximum =    -0.001 for   x  Zr1      

 Max. shift = 0.000 A for C3        Max. dU = 0.000 for O6         


 Least-squares cycle   4   Maximum vector length =  623   Memory required =     46 /   3106 /   233565

 wR2 =  0.2722 before cycle   4 for    4395 data and    155 /    155 parameters


 Disagreeable restraints before cycle    4

   Observed   Target    Error     Sigma     Restraint

    1.4540    1.3900    0.0640    0.0200    DFIX C8 C1


 Summary of restraints applied in cycle    4

               ANTIBUMP  DFIX    DANG SAME/SADI CHIV/Z CHIV/NZ   FLAT    DELU    RIGU    SIMU    ISOR    SUMP

       Number       0      16      12       0       0       0       9       0      99      84       0       0

 rms sigma      0.0000  0.0255  0.0444  0.0000  0.0000  0.0000  0.0300  0.0000  0.1152  0.0200  0.0000  0.0000

 rms deviation  0.0000  0.0297  0.0346  0.0000  0.0000  0.0000  0.0180  0.0000  0.0113  0.0152  0.0000  0.0000


 GooF = S =     0.987;     Restrained GooF =      0.975 for     220 restraints

 Weight = 1 / [ sigma^2(Fo^2) + ( 0.1434 * P )^2 +   0.00 * P ]   where  P = ( Max ( Fo^2, 0 ) + 2 * Fc^2 ) / 3


     N      value        esd    shift/esd  parameter

     1     0.05376     0.00023     0.000    OSF

 Mean shift/esd =   0.000  Maximum =     0.000 for   x  Zr2      

 Max. shift = 0.000 A for O6        Max. dU = 0.000 for C8         


 Least-squares cycle   5   Maximum vector length =  623   Memory required =     46 /   3106 /   233565

 wR2 =  0.2722 before cycle   5 for    4395 data and    155 /    155 parameters


 Disagreeable restraints before cycle    5

   Observed   Target    Error     Sigma     Restraint

    1.4540    1.3900    0.0640    0.0200    DFIX C8 C1


 Summary of restraints applied in cycle    5

               ANTIBUMP  DFIX    DANG SAME/SADI CHIV/Z CHIV/NZ   FLAT    DELU    RIGU    SIMU    ISOR    SUMP

       Number       0      16      12       0       0       0       9       0      99      84       0       0

 rms sigma      0.0000  0.0255  0.0444  0.0000  0.0000  0.0000  0.0300  0.0000  0.1152  0.0200  0.0000  0.0000

 rms deviation  0.0000  0.0297  0.0346  0.0000  0.0000  0.0000  0.0180  0.0000  0.0113  0.0152  0.0000  0.0000


 GooF = S =     0.987;     Restrained GooF =      0.975 for     220 restraints

 Weight = 1 / [ sigma^2(Fo^2) + ( 0.1434 * P )^2 +   0.00 * P ]   where  P = ( Max ( Fo^2, 0 ) + 2 * Fc^2 ) / 3


     N      value        esd    shift/esd  parameter

     1     0.05376     0.00023     0.000    OSF

 Mean shift/esd =   0.000  Maximum =     0.001 for   x  Zr1      

 Max. shift = 0.000 A for Zr1        Max. dU = 0.000 for C5        


 Least-squares cycle   6   Maximum vector length =  623   Memory required =     46 /   3106 /   233565

 wR2 =  0.2722 before cycle   6 for    4395 data and    155 /    155 parameters


 Disagreeable restraints before cycle    6

   Observed   Target    Error     Sigma     Restraint

    1.4540    1.3900    0.0640    0.0200    DFIX C8 C1


 Summary of restraints applied in cycle    6

               ANTIBUMP  DFIX    DANG SAME/SADI CHIV/Z CHIV/NZ   FLAT    DELU    RIGU    SIMU    ISOR    SUMP

       Number       0      16      12       0       0       0       9       0      99      84       0       0

 rms sigma      0.0000  0.0255  0.0444  0.0000  0.0000  0.0000  0.0300  0.0000  0.1152  0.0200  0.0000  0.0000

 rms deviation  0.0000  0.0297  0.0346  0.0000  0.0000  0.0000  0.0180  0.0000  0.0113  0.0152  0.0000  0.0000


 GooF = S =     0.987;     Restrained GooF =      0.975 for     220 restraints

 Weight = 1 / [ sigma^2(Fo^2) + ( 0.1434 * P )^2 +   0.00 * P ]   where  P = ( Max ( Fo^2, 0 ) + 2 * Fc^2 ) / 3


     N      value        esd    shift/esd  parameter

     1     0.05376     0.00023     0.000    OSF

 Mean shift/esd =   0.000  Maximum =    -0.001 for   x  Zr1      

 Max. shift = 0.000 A for Zr1        Max. dU = 0.000 for C5        


 Least-squares cycle   7   Maximum vector length =  623   Memory required =     46 /   3106 /   233565

 wR2 =  0.2722 before cycle   7 for    4395 data and    155 /    155 parameters


 Disagreeable restraints before cycle    7

   Observed   Target    Error     Sigma     Restraint

    1.4540    1.3900    0.0640    0.0200    DFIX C8 C1


 Summary of restraints applied in cycle    7

               ANTIBUMP  DFIX    DANG SAME/SADI CHIV/Z CHIV/NZ   FLAT    DELU    RIGU    SIMU    ISOR    SUMP

       Number       0      16      12       0       0       0       9       0      99      84       0       0

 rms sigma      0.0000  0.0255  0.0444  0.0000  0.0000  0.0000  0.0300  0.0000  0.1152  0.0200  0.0000  0.0000

 rms deviation  0.0000  0.0297  0.0346  0.0000  0.0000  0.0000  0.0180  0.0000  0.0113  0.0152  0.0000  0.0000


 GooF = S =     0.987;     Restrained GooF =      0.975 for     220 restraints

 Weight = 1 / [ sigma^2(Fo^2) + ( 0.1434 * P )^2 +   0.00 * P ]   where  P = ( Max ( Fo^2, 0 ) + 2 * Fc^2 ) / 3


     N      value        esd    shift/esd  parameter

     1     0.05376     0.00023     0.000    OSF

 Mean shift/esd =   0.000  Maximum =     0.000 for   x  Zr1      

 Max. shift = 0.000 A for C6        Max. dU = 0.000 for C5         


 Least-squares cycle   8   Maximum vector length =  623   Memory required =     46 /   3106 /   233565

 wR2 =  0.2722 before cycle   8 for    4395 data and    155 /    155 parameters


 Disagreeable restraints before cycle    8

   Observed   Target    Error     Sigma     Restraint

    1.4540    1.3900    0.0640    0.0200    DFIX C8 C1


 Summary of restraints applied in cycle    8

               ANTIBUMP  DFIX    DANG SAME/SADI CHIV/Z CHIV/NZ   FLAT    DELU    RIGU    SIMU    ISOR    SUMP

       Number       0      16      12       0       0       0       9       0      99      84       0       0

 rms sigma      0.0000  0.0255  0.0444  0.0000  0.0000  0.0000  0.0300  0.0000  0.1152  0.0200  0.0000  0.0000

 rms deviation  0.0000  0.0297  0.0346  0.0000  0.0000  0.0000  0.0180  0.0000  0.0113  0.0152  0.0000  0.0000


 GooF = S =     0.987;     Restrained GooF =      0.975 for     220 restraints

 Weight = 1 / [ sigma^2(Fo^2) + ( 0.1434 * P )^2 +   0.00 * P ]   where  P = ( Max ( Fo^2, 0 ) + 2 * Fc^2 ) / 3


     N      value        esd    shift/esd  parameter

     1     0.05376     0.00023     0.000    OSF

 Mean shift/esd =   0.000  Maximum =     0.001 for   x  Zr1      

 Max. shift = 0.000 A for Zr1        Max. dU = 0.000 for O2        


 Least-squares cycle   9   Maximum vector length =  623   Memory required =     46 /   3106 /   233565

 wR2 =  0.2722 before cycle   9 for    4395 data and    155 /    155 parameters


 Disagreeable restraints before cycle    9

   Observed   Target    Error     Sigma     Restraint

    1.4540    1.3900    0.0640    0.0200    DFIX C8 C1


 Summary of restraints applied in cycle    9

               ANTIBUMP  DFIX    DANG SAME/SADI CHIV/Z CHIV/NZ   FLAT    DELU    RIGU    SIMU    ISOR    SUMP

       Number       0      16      12       0       0       0       9       0      99      84       0       0

 rms sigma      0.0000  0.0255  0.0444  0.0000  0.0000  0.0000  0.0300  0.0000  0.1152  0.0200  0.0000  0.0000

 rms deviation  0.0000  0.0297  0.0346  0.0000  0.0000  0.0000  0.0180  0.0000  0.0113  0.0152  0.0000  0.0000


 GooF = S =     0.987;     Restrained GooF =      0.975 for     220 restraints

 Weight = 1 / [ sigma^2(Fo^2) + ( 0.1434 * P )^2 +   0.00 * P ]   where  P = ( Max ( Fo^2, 0 ) + 2 * Fc^2 ) / 3


     N      value        esd    shift/esd  parameter

     1     0.05376     0.00023     0.000    OSF

 Mean shift/esd =   0.000  Maximum =    -0.001 for   x  Zr1      

 Max. shift = 0.000 A for C6        Max. dU = 0.000 for C6         


 Least-squares cycle  10   Maximum vector length =  623   Memory required =     46 /   3106 /   233565

 wR2 =  0.2722 before cycle  10 for    4395 data and    155 /    155 parameters


 Disagreeable restraints before cycle   10

   Observed   Target    Error     Sigma     Restraint

    1.4540    1.3900    0.0640    0.0200    DFIX C8 C1


 Summary of restraints applied in cycle   10

               ANTIBUMP  DFIX    DANG SAME/SADI CHIV/Z CHIV/NZ   FLAT    DELU    RIGU    SIMU    ISOR    SUMP

       Number       0      16      12       0       0       0       9       0      99      84       0       0

 rms sigma      0.0000  0.0255  0.0444  0.0000  0.0000  0.0000  0.0300  0.0000  0.1152  0.0200  0.0000  0.0000

 rms deviation  0.0000  0.0297  0.0346  0.0000  0.0000  0.0000  0.0180  0.0000  0.0113  0.0152  0.0000  0.0000


 GooF = S =     0.987;     Restrained GooF =      0.975 for     220 restraints

 Weight = 1 / [ sigma^2(Fo^2) + ( 0.1434 * P )^2 +   0.00 * P ]   where  P = ( Max ( Fo^2, 0 ) + 2 * Fc^2 ) / 3


     N      value        esd    shift/esd  parameter

     1     0.05376     0.00023     0.000    OSF

 Mean shift/esd =   0.000  Maximum =     0.000 for   x  Zr2      

 Max. shift = 0.000 A for Zr2        Max. dU = 0.000 for C9        


 Least-squares cycle  11   Maximum vector length =  623   Memory required =     46 /   3106 /   233565

 wR2 =  0.2722 before cycle  11 for    4395 data and    155 /    155 parameters


 Disagreeable restraints before cycle   11

   Observed   Target    Error     Sigma     Restraint

    1.4540    1.3900    0.0640    0.0200    DFIX C8 C1


 Summary of restraints applied in cycle   11

               ANTIBUMP  DFIX    DANG SAME/SADI CHIV/Z CHIV/NZ   FLAT    DELU    RIGU    SIMU    ISOR    SUMP

       Number       0      16      12       0       0       0       9       0      99      84       0       0

 rms sigma      0.0000  0.0255  0.0444  0.0000  0.0000  0.0000  0.0300  0.0000  0.1152  0.0200  0.0000  0.0000

 rms deviation  0.0000  0.0297  0.0346  0.0000  0.0000  0.0000  0.0180  0.0000  0.0113  0.0152  0.0000  0.0000


 GooF = S =     0.987;     Restrained GooF =      0.975 for     220 restraints

 Weight = 1 / [ sigma^2(Fo^2) + ( 0.1434 * P )^2 +   0.00 * P ]   where  P = ( Max ( Fo^2, 0 ) + 2 * Fc^2 ) / 3


     N      value        esd    shift/esd  parameter

     1     0.05376     0.00023     0.000    OSF

 Mean shift/esd =   0.000  Maximum =     0.001 for   x  Zr1      

 Max. shift = 0.000 A for C6        Max. dU = 0.000 for C11        


 Least-squares cycle  12   Maximum vector length =  623   Memory required =     46 /   3106 /   233565

 wR2 =  0.2722 before cycle  12 for    4395 data and    155 /    155 parameters


 Disagreeable restraints before cycle   12

   Observed   Target    Error     Sigma     Restraint

    1.4540    1.3900    0.0640    0.0200    DFIX C8 C1


 Summary of restraints applied in cycle   12

               ANTIBUMP  DFIX    DANG SAME/SADI CHIV/Z CHIV/NZ   FLAT    DELU    RIGU    SIMU    ISOR    SUMP

       Number       0      16      12       0       0       0       9       0      99      84       0       0

 rms sigma      0.0000  0.0255  0.0444  0.0000  0.0000  0.0000  0.0300  0.0000  0.1152  0.0200  0.0000  0.0000

 rms deviation  0.0000  0.0297  0.0346  0.0000  0.0000  0.0000  0.0180  0.0000  0.0113  0.0152  0.0000  0.0000


 GooF = S =     0.987;     Restrained GooF =      0.975 for     220 restraints

 Weight = 1 / [ sigma^2(Fo^2) + ( 0.1434 * P )^2 +   0.00 * P ]   where  P = ( Max ( Fo^2, 0 ) + 2 * Fc^2 ) / 3


     N      value        esd    shift/esd  parameter

     1     0.05376     0.00023     0.000    OSF

 Mean shift/esd =   0.000  Maximum =    -0.001 for   x  Zr1      

 Max. shift = 0.000 A for Zr1        Max. dU = 0.000 for C5        


 Least-squares cycle  13   Maximum vector length =  623   Memory required =     46 /   3106 /   233565

 wR2 =  0.2722 before cycle  13 for    4395 data and    155 /    155 parameters


 Disagreeable restraints before cycle   13

   Observed   Target    Error     Sigma     Restraint

    1.4540    1.3900    0.0640    0.0200    DFIX C8 C1


 Summary of restraints applied in cycle   13

               ANTIBUMP  DFIX    DANG SAME/SADI CHIV/Z CHIV/NZ   FLAT    DELU    RIGU    SIMU    ISOR    SUMP

       Number       0      16      12       0       0       0       9       0      99      84       0       0

 rms sigma      0.0000  0.0255  0.0444  0.0000  0.0000  0.0000  0.0300  0.0000  0.1152  0.0200  0.0000  0.0000

 rms deviation  0.0000  0.0297  0.0346  0.0000  0.0000  0.0000  0.0180  0.0000  0.0113  0.0152  0.0000  0.0000


 GooF = S =     0.987;     Restrained GooF =      0.975 for     220 restraints

 Weight = 1 / [ sigma^2(Fo^2) + ( 0.1434 * P )^2 +   0.00 * P ]   where  P = ( Max ( Fo^2, 0 ) + 2 * Fc^2 ) / 3


     N      value        esd    shift/esd  parameter

     1     0.05376     0.00023     0.000    OSF

 Mean shift/esd =   0.000  Maximum =     0.000 for   x  Zr1      

 Max. shift = 0.000 A for C6        Max. dU = 0.000 for C11        


 Least-squares cycle  14   Maximum vector length =  623   Memory required =     46 /   3106 /   233565

 wR2 =  0.2722 before cycle  14 for    4395 data and    155 /    155 parameters


 Disagreeable restraints before cycle   14

   Observed   Target    Error     Sigma     Restraint

    1.4540    1.3900    0.0640    0.0200    DFIX C8 C1


 Summary of restraints applied in cycle   14

               ANTIBUMP  DFIX    DANG SAME/SADI CHIV/Z CHIV/NZ   FLAT    DELU    RIGU    SIMU    ISOR    SUMP

       Number       0      16      12       0       0       0       9       0      99      84       0       0

 rms sigma      0.0000  0.0255  0.0444  0.0000  0.0000  0.0000  0.0300  0.0000  0.1152  0.0200  0.0000  0.0000

 rms deviation  0.0000  0.0297  0.0346  0.0000  0.0000  0.0000  0.0180  0.0000  0.0113  0.0152  0.0000  0.0000


 GooF = S =     0.987;     Restrained GooF =      0.975 for     220 restraints

 Weight = 1 / [ sigma^2(Fo^2) + ( 0.1434 * P )^2 +   0.00 * P ]   where  P = ( Max ( Fo^2, 0 ) + 2 * Fc^2 ) / 3


     N      value        esd    shift/esd  parameter

     1     0.05376     0.00023     0.000    OSF

 Mean shift/esd =   0.000  Maximum =     0.001 for   x  Zr1      

 Max. shift = 0.000 A for C3        Max. dU = 0.000 for C5         


 Least-squares cycle  15   Maximum vector length =  623   Memory required =     46 /   3106 /   233565

 wR2 =  0.2722 before cycle  15 for    4395 data and    155 /    155 parameters


 Disagreeable restraints before cycle   15

   Observed   Target    Error     Sigma     Restraint

    1.4540    1.3900    0.0640    0.0200    DFIX C8 C1


 Summary of restraints applied in cycle   15

               ANTIBUMP  DFIX    DANG SAME/SADI CHIV/Z CHIV/NZ   FLAT    DELU    RIGU    SIMU    ISOR    SUMP

       Number       0      16      12       0       0       0       9       0      99      84       0       0

 rms sigma      0.0000  0.0255  0.0444  0.0000  0.0000  0.0000  0.0300  0.0000  0.1152  0.0200  0.0000  0.0000

 rms deviation  0.0000  0.0297  0.0346  0.0000  0.0000  0.0000  0.0180  0.0000  0.0113  0.0152  0.0000  0.0000


 GooF = S =     0.987;     Restrained GooF =      0.975 for     220 restraints

 Weight = 1 / [ sigma^2(Fo^2) + ( 0.1434 * P )^2 +   0.00 * P ]   where  P = ( Max ( Fo^2, 0 ) + 2 * Fc^2 ) / 3


     N      value        esd    shift/esd  parameter

     1     0.05376     0.00023     0.000    OSF

 Mean shift/esd =   0.000  Maximum =    -0.001 for   x  Zr1      

 Max. shift = 0.000 A for C6        Max. dU = 0.000 for O6         


 Largest correlation matrix elements

     0.938 U12 O4 / U11 O4                   0.694 U12 C2 / U22 C2                   0.666 U12 O1 / U22 O1
     0.915 y C7 / x C5                       0.686 U12 O3 / U22 O3                   0.653 U12 C7 / U11 C7
     0.871 U12 Zr1 / U11 Zr1                 0.683 U12 C3 / U11 C3                   0.645 U12 C12 / U22 C12
     0.868 U12 Zr2 / U11 Zr2                 0.680 U12 O1 / U11 O1                   0.644 U13 C10 / U23 C10
     0.864 U12 O6 / U11 O6                   0.679 U12 C6 / U11 C6                   0.644 U12 C8 / U22 C8
     0.830 U12 O5 / U11 O5                   0.675 U12 C4 / U22 C4                   0.644 U12 O3 / U11 O3
     0.769 y C11 / x C9                      0.672 U12 C10 / U11 C10                 0.642 U12 C3 / U22 C3
     0.705 U12 C11 / U11 C11                 0.669 U12 O2 / U22 O2                   0.640 U12 C1 / U22 C1



 Idealized hydrogen atom generation before cycle  16

 Name     x       y       z    AFIX  d(X-H)  shift  Bonded to  Conformation determined by
 H2    0.3717  0.5418  0.8633   43   0.930   0.000   C2            C3  C4  
 H3    0.3249  0.5437  0.7840   43   0.930   0.000   C3            C2  C1  
 H5    0.2473  0.4947  0.7657   43   0.930   0.000   C5            C7_$1  C7  
 H6    0.3525  0.4411  0.7566   43   0.930   0.000   C6            C8  C4  
 H8    0.3064  0.4443  0.6726   43   0.930   0.000   C8            C6  C1  
 H11   0.3306  0.4950  0.5678   43   0.930   0.000   C11           C11_$2  C10  



  NU-1000 framework-only average structure in P6/mmm                         

 ATOM           x        y        z         sof        U11      U22      U33      U23      U13      U12       Ueq

 Zr1         0.46382  0.53618  1.00000    0.25000    0.09212  0.09212  0.07274  0.00000  0.00000  0.05920   0.07982
   0.00000   0.00003  0.00003  0.00000    0.00000    0.00125  0.00125  0.00136  0.00000  0.00000  0.00137   0.00074

 Zr2         0.45496  0.45496  0.89366    0.50000    0.09644  0.09644  0.08757 -0.01218 -0.01218  0.06066   0.08795
   0.00340   0.00004  0.00004  0.00009    0.00000    0.00097  0.00097  0.00113  0.00081  0.00081  0.00101   0.00063

 O1          0.41308  0.51817  0.91742    1.00000    0.10064  0.11119  0.09808 -0.00563 -0.00419  0.06990   0.09577
   0.01250   0.00015  0.00016  0.00031    0.00000    0.00400  0.00419  0.00382  0.00300  0.00315  0.00354   0.00165

 O2          0.40670  0.46562  0.85033    1.00000    0.12280  0.11772  0.12791 -0.03094 -0.03327  0.07666   0.11547
   0.01198   0.00017  0.00017  0.00036    0.00000    0.00450  0.00473  0.00456  0.00365  0.00372  0.00381   0.00197

 O3          0.43576  0.47221  1.00000    0.50000    0.19915  0.11287  0.10276  0.00000  0.00000  0.09678   0.12991
   0.01785   0.00028  0.00024  0.00000    0.00000    0.00921  0.00663  0.00597  0.00000  0.00000  0.00668   0.00311

 O4          0.46373  0.46373  0.76005    0.50000    0.21457  0.21457  0.08604 -0.04183 -0.04183  0.17164   0.14313
   0.02078   0.00027  0.00027  0.00047    0.00000    0.00750  0.00750  0.00564  0.00541  0.00541  0.00808   0.00348

 O5          0.39972  0.39972  0.91130    0.50000    0.10720  0.10720  0.26751 -0.02392 -0.02392  0.05632   0.15943
   0.01961   0.00022  0.00022  0.00069    0.00000    0.00486  0.00486  0.01134  0.00613  0.00613  0.00568   0.00391

 O6          0.51825  0.48175  0.89250    0.50000    0.12907  0.12907  0.14602  0.01540 -0.01540  0.07923   0.12819
   0.00865   0.00011  0.00011  0.00052    0.00000    0.00528  0.00528  0.00765  0.00276  0.00276  0.00593   0.00309

 C1          0.31024  0.49502  0.72054    1.00000    0.11354  0.22214  0.09100 -0.01263 -0.01106  0.10776   0.13163
   0.02244   0.00024  0.00032  0.00049    0.00000    0.00615  0.00862  0.00556  0.00561  0.00447  0.00597   0.00300

 C2          0.35850  0.52245  0.82457    1.00000    0.13223  0.16641  0.11274 -0.02189 -0.04259  0.10344   0.12434
   0.01947   0.00023  0.00026  0.00046    0.00000    0.00671  0.00740  0.00624  0.00566  0.00509  0.00590   0.00290

 H2          0.37165  0.54183  0.86332    1.00000    0.14920
                                          0.00000    0.00000

 C3          0.33040  0.52337  0.77734    1.00000    0.13324  0.19338  0.11220 -0.01109 -0.02860  0.10916   0.13405
   0.02121   0.00024  0.00028  0.00048    0.00000    0.00712  0.00829  0.00670  0.00563  0.00520  0.00653   0.00314

 H3          0.32488  0.54369  0.78397    1.00000    0.16086
                                          0.00000    0.00000

 C4          0.36727  0.49295  0.81477    1.00000    0.11705  0.16946  0.10592 -0.02856 -0.02884  0.09759   0.11927
   0.02058   0.00026  0.00029  0.00051    0.00000    0.00609  0.00728  0.00586  0.00520  0.00457  0.00548   0.00269

 C5          0.24735  0.49470  0.70968    0.50000    0.12486  0.24551  0.10024 -0.01923 -0.00962  0.12276   0.14346
   0.02156   0.00015  0.00031  0.00076    0.00000    0.00596  0.01265  0.00845  0.00933  0.00467  0.00632   0.00459

 H5          0.24733  0.49465  0.76567    0.50000    0.17216
                                          0.00000    0.00000

 C6          0.34731  0.46176  0.76007    1.00000    0.11220  0.21090  0.11234 -0.04367 -0.04392  0.09888   0.13710
   0.02011   0.00025  0.00030  0.00051    0.00000    0.00669  0.00833  0.00659  0.00577  0.00499  0.00640   0.00318

 H6          0.35249  0.44109  0.75659    1.00000    0.16452
                                          0.00000    0.00000

 C7          0.27833  0.49473  0.66928    1.00000    0.10863  0.23486  0.09181 -0.01515 -0.01481  0.11133   0.13378
   0.01684   0.00022  0.00022  0.00052    0.00000    0.00588  0.00822  0.00493  0.00614  0.00451  0.00583   0.00297

 C8          0.31942  0.46357  0.71155    1.00000    0.12498  0.24173  0.11350 -0.04510 -0.03033  0.11580   0.14935
   0.02199   0.00027  0.00032  0.00054    0.00000    0.00680  0.00915  0.00663  0.00660  0.00526  0.00661   0.00335

 H8          0.30637  0.44431  0.67255    1.00000    0.17922
                                          0.00000    0.00000

 C9          0.24743  0.49485  0.54298    0.50000    0.12061  0.27570  0.08263 -0.00608 -0.00304  0.13785   0.14241
   0.01724   0.00013  0.00026  0.00052    0.00000    0.00534  0.01310  0.00720  0.00857  0.00428  0.00655   0.00457

 C10         0.27817  0.49480  0.58574    1.00000    0.11911  0.26529  0.08817 -0.00311 -0.00462  0.12624   0.14413
   0.01699   0.00024  0.00021  0.00053    0.00000    0.00615  0.00914  0.00495  0.00656  0.00467  0.00638   0.00327

 C11         0.30987  0.49490  0.54037    1.00000    0.13940  0.29401  0.08936  0.00355  0.00239  0.13740   0.16135
   0.01898   0.00026  0.00026  0.00040    0.00000    0.00742  0.01141  0.00585  0.00678  0.00498  0.00801   0.00393

 H11         0.33059  0.49497  0.56783    1.00000    0.19361
                                          0.00000    0.00000

 C12         0.39724  0.49092  0.86535    1.00000    0.11227  0.12337  0.09388 -0.02029 -0.01595  0.07685   0.10186
   0.02037   0.00026  0.00027  0.00051    0.00000    0.00595  0.00644  0.00556  0.00457  0.00439  0.00504   0.00245



 Final Structure Factor Calculation for  NU-1000 framework-only average structure in P6/mmm                         

 Total number of l.s. parameters =   155  Maximum vector length =  623   Memory required =     46 /   2951 /    28035

 wR2 =  0.2722 before cycle  16 for    4395 data and      0 /    155 parameters


 Disagreeable restraints before cycle   16

   Observed   Target    Error     Sigma     Restraint

    1.4540    1.3900    0.0640    0.0200    DFIX C8 C1


 Summary of restraints applied in cycle   16

               ANTIBUMP  DFIX    DANG SAME/SADI CHIV/Z CHIV/NZ   FLAT    DELU    RIGU    SIMU    ISOR    SUMP

       Number       0      16      12       0       0       0       9       0      99      84       0       0

 rms sigma      0.0000  0.0255  0.0444  0.0000  0.0000  0.0000  0.0300  0.0000  0.1152  0.0200  0.0000  0.0000

 rms deviation  0.0000  0.0297  0.0346  0.0000  0.0000  0.0000  0.0180  0.0000  0.0113  0.0152  0.0000  0.0000


 GooF = S =     0.987;     Restrained GooF =      0.975 for     220 restraints

 Weight = 1 / [ sigma^2(Fo^2) + ( 0.1434 * P )^2 +   0.00 * P ]   where  P = ( Max ( Fo^2, 0 ) + 2 * Fc^2 ) / 3

 wR2 = 0.2722, GooF = S = 0.987, Restrained GooF = 0.975 for all data
 R1 = 0.0827 for 2063 Fo > 4sig(Fo) and 0.1215 for all 4395 data

 R.m.s. bond length deviation (from DFIX values)  0.0266 (A)
 R.m.s. bond angle deviation (estimated from DANG)  2.94 (deg.)

 Occupancy sum of asymmetric unit =    15.75 for non-hydrogen and     5.50 for H and D atoms



 Principal mean square atomic displacements U

   0.1009   0.0727   0.0658   Zr1  
   0.1126   0.0797   0.0716   Zr2  
   0.1196   0.0965   0.0712   O1  
   0.1669   0.0925   0.0870   O2  
   0.1992   0.1028   0.0877   O3  
   0.2701   0.0859   0.0734   O4    may be split into  0.4698  0.4668  0.7568  and  0.4576  0.4607  0.7633
   0.2722   0.1043   0.1018   O5    may be split into  0.3987  0.3992  0.9235  and  0.4007  0.4002  0.8991
   0.1614   0.1389   0.0843   O6  
   0.2234   0.0928   0.0787   C1  
   0.1879   0.1198   0.0653   C2  
   0.1982   0.1275   0.0764   C3  
   0.1843   0.0998   0.0737   C4  
   0.2480   0.0977   0.0846   C5    may be split into  0.2523  0.4996  0.7082  and  0.2424  0.4898  0.7112
   0.2275   0.1187   0.0651   C6  
   0.2367   0.0943   0.0703   C7    may be split into  0.2830  0.4996  0.6681  and  0.2737  0.4898  0.6704
   0.2561   0.1068   0.0852   C8  
   0.2759   0.0824   0.0689   C9    may be split into  0.2530  0.5005  0.5426  and  0.2418  0.4892  0.5434
   0.2656   0.0894   0.0774   C10    may be split into  0.2834  0.5003  0.5855  and  0.2729  0.4893  0.5859
   0.2947   0.1001   0.0892   C11    may be split into  0.3153  0.5007  0.5406  and  0.3044  0.4891  0.5401
   0.1404   0.0847   0.0805   C12  

 ** Warning:     7  atoms may be split and     0  atoms NPD **



 Analysis of variance for reflections employed in refinement      K = Mean[Fo^2] / Mean[Fc^2]  for group


 Fc/Fc(max)       0.000    0.005    0.009    0.016    0.022    0.029    0.036    0.046    0.064    0.108    1.000

 Number in group       543.     383.     458.     423.     442.     401.     451.     414.     441.     439.

            GooF      0.708    0.697    0.610    0.944    0.800    0.936    1.051    1.215    1.296    1.343

             K      -24.178   -3.918    0.967    1.325    1.157    1.060    1.059    1.024    1.016    1.002


 Resolution(A)    1.00     1.04     1.08     1.13     1.20     1.28     1.38     1.52     1.77     2.26     inf

 Number in group       445.     444.     438.     443.     436.     431.     437.     444.     437.     440.

            GooF      0.602    0.634    0.680    0.662    0.605    0.668    0.759    0.764    0.786    2.342

             K        0.986    1.049    1.055    0.993    0.903    0.893    0.963    0.964    0.992    1.024

             R1       0.321    0.248    0.237    0.200    0.211    0.198    0.109    0.083    0.062    0.115


 Recommended weighting scheme:  WGHT    0.1435    0.0000


 Most Disagreeable Reflections (* if suppressed or used for Rfree).
 Error/esd is calculated as sqrt(wD^2/<wD^2>) where w is given by the weight
 formula, D = Fo^2-Fc^2 and <> refers to the average over all reflections.

     h   k   l          Fo^2          Fc^2    Error/esd  Fc/Fc(max)  Resolution(A)

    -2   6   2       2741.19        141.15      13.86       0.018       5.08
    -3   8   0       5876.81        652.27      12.49       0.038       4.85
    -1   5   1       3216.05        518.16      11.64       0.034       6.76
     0   4   1      30058.27       5921.93      10.89       0.115       7.56
    -2   6   0       6131.92       1255.95      10.39       0.053       6.41
     0   1   3       2074.85        313.35       9.41       0.026       5.46
     0   0   3      18127.97       1939.07       8.87       0.066       5.54
     0   1   2      11251.85       3235.88       8.80       0.085       8.07
    -1   5   0       1188.92        183.18       7.74       0.020       7.41
    -2   5   0       4140.43       1395.76       7.51       0.056       7.79
    -2   5   4       1477.12        364.24       7.26       0.028       3.66
    -3   7   0       7938.91       2899.13       7.14       0.080       5.58
    -5  10   2       4786.94       1642.08       7.01       0.060       3.54
     0   5   1       5499.35       2024.73       6.93       0.067       6.28
    -1   3   2       1423.04       4821.39       6.54       0.103       6.97
    -2   4   0     136699.69      52239.21       6.42       0.341       9.80
     0   3   2        901.74       3099.51       6.30       0.083       6.69
    -1   9   0       1631.66        139.18       6.00       0.018       3.97
     0   2   2      24182.96      67920.24       5.86       0.388       7.46
    -2   6   4       2442.42       1083.64       5.49       0.049       3.49
    -4   8   2      12082.19       5731.76       5.39       0.113       4.22
    -3   8   2      26864.28      13232.10       5.33       0.171       4.19
     0   9   0       9394.88       4211.32       5.23       0.097       3.77
     0   0   2     173364.06      70666.57       5.09       0.396       8.31
    -3   6   2      31454.81      15718.17       5.05       0.187       5.13
    -4   9   0       2472.91       1061.04       4.85       0.049       4.35
    -1   2   2       3743.93       8197.52       4.70       0.135       7.65
    -2   8   2      12632.68       6826.46       4.59       0.123       4.09
    -4  10   2       1772.15        834.99       4.55       0.043       3.53
    -3   6   0      11467.65       6198.64       4.23       0.117       6.53
    -3   9   5        560.08         65.42       4.19       0.012       2.62
    -1   9   2       1154.46        500.29       4.07       0.033       3.58
     0   8   1       1715.84        767.35       4.03       0.041       4.11
    -1   4   1      16914.73      10049.50       3.87       0.149       8.19
    -2   6   1      15140.82      27685.91       3.81       0.248       5.98
     0   9   4       4728.71       2801.46       3.49       0.079       2.79
    -2   7   1       6654.19      11352.73       3.42       0.159       5.17
     0   8   0       8975.89       5380.61       3.39       0.109       4.24
     0  12   2       1051.14        357.75       3.38       0.028       2.68
     0   5   3      10343.47       6477.27       3.35       0.120       4.29
    -2   5   1      11372.61      19070.92       3.33       0.206       7.05
     0   2   3      22072.57      13976.30       3.32       0.176       5.26
    -1   7   0        926.99        401.37       3.26       0.030       5.18
    -5  13   0       1687.11        929.54       2.95       0.045       2.99
    -2   4   2      38456.42      60452.19       2.93       0.366       6.34
     0   4   2      15503.31      24286.01       2.90       0.232       5.94
     0   6   1      10951.81       7328.93       2.87       0.128       5.35
   -11  26  10       2333.59       1321.36       2.85       0.054       1.11
    -2   4   1     147335.34     228735.92       2.85       0.713       8.44
     0   4   0     219586.67     341413.62       2.83       0.871       8.48



 Bond lengths and angles

 Zr1 -           Distance        Angles
 O6_$4     2.1607 (0.0079) 
 O6_$3     2.1607 (0.0079)  111.46 (0.46)
 O3_$6     2.1766 (0.0080)   71.62 (0.17)  71.62 (0.17)
 O3        2.1766 (0.0080)   71.62 (0.17)  71.62 (0.17) 111.88 (0.49)
 O1_$7     2.2204 (0.0053)  142.39 (0.14)  76.77 (0.22)  77.14 (0.23) 141.52 (0.13)
 O1_$6     2.2204 (0.0053)   76.77 (0.22) 142.39 (0.14)  77.14 (0.23) 141.52 (0.13)  76.31 (0.26)
 O1_$5     2.2204 (0.0053)  142.39 (0.14)  76.77 (0.22) 141.52 (0.13)  77.14 (0.23)  74.71 (0.27) 119.98 (0.28)
 O1        2.2205 (0.0053)   76.77 (0.22) 142.39 (0.14) 141.52 (0.13)  77.14 (0.23) 119.97 (0.28)  74.71 (0.27)  76.31 (0.26)
 Zr2_$3    3.5024 (0.0017)   91.25 (0.21)  35.75 (0.12)  35.88 (0.13)  91.42 (0.22)  74.54 (0.13) 110.89 (0.14) 110.18 (0.13)
 Zr2_$5    3.5024 (0.0017)   91.25 (0.20)  35.75 (0.12)  91.42 (0.22)  35.88 (0.13) 110.18 (0.13) 165.48 (0.15)  74.54 (0.13)
 Zr2_$4    3.5024 (0.0017)   35.75 (0.12)  91.25 (0.21)  35.88 (0.13)  91.42 (0.22) 110.89 (0.14)  74.54 (0.13) 165.48 (0.15)
 Zr2       3.5025 (0.0017)   35.75 (0.12)  91.25 (0.21)  91.42 (0.22)  35.88 (0.13) 165.48 (0.15) 110.18 (0.13) 110.89 (0.14)
                 Zr1             O6_$4         O6_$3         O3_$6         O3            O1_$7         O1_$6         O1_$5        

 Zr2 -           Distance        Angles
 O6        2.1567 (0.0046) 
 O3_$9     2.1567 (0.0048)   72.08 (0.29)
 O3        2.1567 (0.0048)  110.57 (0.34)  69.99 (0.36)
 O6_$4     2.1568 (0.0046)   70.14 (0.35) 110.57 (0.34)  72.07 (0.29)
 O5        2.1845 (0.0089)  144.31 (0.18)  82.68 (0.34)  82.68 (0.34) 144.31 (0.18)
 O4        2.2457 (0.0083)   82.30 (0.32) 144.30 (0.18) 144.30 (0.18)  82.30 (0.32) 106.51 (0.41)
 O2_$8     2.2491 (0.0055)   75.78 (0.23)  75.31 (0.24) 140.01 (0.25) 140.90 (0.25)  73.64 (0.19)  74.57 (0.19)
 O2        2.2492 (0.0055)  140.89 (0.25) 140.01 (0.25)  75.31 (0.24)  75.78 (0.23)  73.64 (0.19)  74.57 (0.19) 125.50 (0.29)
 Zr1_$3    3.5023 (0.0017)   35.82 (0.21)  36.26 (0.21)  89.89 (0.22)  89.71 (0.21) 115.58 (0.19) 114.92 (0.17)  72.73 (0.14)
 Zr1       3.5025 (0.0017)   89.71 (0.21)  89.89 (0.22)  36.27 (0.21)  35.82 (0.21) 115.58 (0.19) 114.92 (0.17) 161.77 (0.15)
 Zr2_$4    3.5300 (0.0032)   35.07 (0.17)  91.01 (0.24)  91.01 (0.24)  35.08 (0.17) 172.29 (0.30)  81.20 (0.27) 109.12 (0.15)
 Zr2_$5    3.5326 (0.0029)   90.51 (0.23)  35.02 (0.18)  35.02 (0.18)  90.51 (0.23)  82.29 (0.30) 171.20 (0.27) 108.66 (0.16)
                 Zr2             O6            O3_$9         O3            O6_$4         O5            O4            O2_$8        

 O1 -            Distance        Angles
 C12       1.2690 (0.0081) 
 Zr1       2.2205 (0.0053)  132.22 (0.54)
                 O1              C12          

 O2 -            Distance        Angles
 C12       1.2453 (0.0082) 
 Zr2       2.2492 (0.0055)  134.16 (0.57)
                 O2              C12          

 O3 -            Distance        Angles
 Zr2_$5    2.1567 (0.0048) 
 Zr2       2.1567 (0.0048)  109.97 (0.36)
 Zr1       2.1766 (0.0079)  107.85 (0.28) 107.85 (0.28)
                 O3              Zr2_$5        Zr2          

 O4 -            Distance        Angles
 Zr2       2.2457 (0.0083) 
                 O4             

 O5 -            Distance        Angles
 Zr2       2.1845 (0.0089) 
                 O5             

 O6 -            Distance        Angles
 Zr2_$4    2.1566 (0.0046) 
 Zr2       2.1567 (0.0046)  109.85 (0.35)
 Zr1_$3    2.1607 (0.0078)  108.43 (0.27) 108.43 (0.27)
                 O6              Zr2_$4        Zr2          

 C1 -            Distance        Angles
 C3        1.3680 (0.0101) 
 C8        1.4540 (0.0104)  118.17 (0.85)
 C7        1.5080 (0.0103)  122.37 (0.91) 119.44 (0.86)
                 C1              C3            C8           

 C2 -            Distance        Angles
 C3        1.3671 (0.0091) 
 C4        1.3706 (0.0093)  119.94 (0.89)
 H2        0.9300           120.03        120.03       
                 C2              C3            C4           

 C3 -            Distance        Angles
 C2        1.3671 (0.0091) 
 C1        1.3680 (0.0100)  121.34 (0.91)
 H3        0.9300           119.33        119.33       
                 C3              C2            C1           

 C4 -            Distance        Angles
 C2        1.3706 (0.0093) 
 C6        1.4056 (0.0097)  123.05 (0.84)
 C12       1.4782 (0.0104)  121.26 (0.85) 115.60 (0.84)
                 C4              C2            C6           

 C5 -            Distance        Angles
 C7_$1     1.3868 (0.0090) 
 C7        1.3868 (0.0090)  122.12 (1.18)
 H5        0.9300           118.94        118.94       
                 C5              C7_$1         C7           

 C6 -            Distance        Angles
 C8        1.3880 (0.0096) 
 C4        1.4056 (0.0097)  116.15 (0.90)
 H6        0.9300           121.93        121.93       
                 C6              C8            C4           

 C7 -            Distance        Angles
 C5        1.3868 (0.0090) 
 C10       1.3878 (0.0098)  118.62 (0.88)
 C1        1.5080 (0.0103)  116.69 (0.79) 124.69 (0.75)
                 C7              C5            C10          

 C8 -            Distance        Angles
 C6        1.3880 (0.0096) 
 C1        1.4540 (0.0104)  121.25 (0.90)
 H8        0.9300           119.37        119.37       
                 C8              C6            C1           

 C9 -            Distance        Angles
 C10_$1    1.3993 (0.0088) 
 C10       1.3993 (0.0088)  119.01 (0.99)
 C9_$2     1.4279 (0.0173)  120.49 (0.50) 120.49 (0.50)
                 C9              C10_$1        C10          

 C10 -           Distance        Angles
 C7        1.3878 (0.0098) 
 C9        1.3993 (0.0088)  120.82 (0.83)
 C11       1.4515 (0.0098)  120.95 (0.77) 118.23 (0.79)
                 C10             C7            C9           

 C11 -           Distance        Angles
 C11_$2    1.3412 (0.0133) 
 C10       1.4515 (0.0098)  121.27 (0.48)
 H11       0.9300           119.36        119.36       
                 C11             C11_$2        C10          

 C12 -           Distance        Angles
 O2        1.2453 (0.0082) 
 O1        1.2690 (0.0081)  126.25 (0.83)
 C4        1.4782 (0.0104)  119.34 (0.83) 114.18 (0.80)
                 C12             O2            O1           


 FMAP and GRID set by program

 FMAP   2   1 167
 GRID    -0.610  -1  -1     0.610   1   1

 R1 =  0.1154 for   4395 unique reflections after merging for Fourier


 Electron density synthesis with coefficients Fo-Fc

 Highest peak    0.49  at  0.6137  0.0000  0.0000  [  1.56 A from O5 ]
 Deepest hole   -0.87  at  0.5058  0.4942  0.0286  [  1.56 A from O6 ]


 Fourier peaks appended to .res file

              x       y       z       sof     U      Peak   Distances to nearest atoms (including eq.)

 Q1    1   0.3863  0.3863  1.0000   0.25000  0.05    0.49   1.56 O5  2.93 O3  3.22 ZR2  3.74 O2
 Q2    1   0.5000  0.5000  0.7202   0.25000  0.05    0.48   1.57 O4  3.12 O6  3.38 ZR2  3.86 O2
 Q3    1   0.4493  0.5507  0.9541   0.50000  0.05    0.42   1.25 ZR1  1.48 O1  2.43 O6  2.53 O1
 Q4    1   0.4554  0.4554  0.7007   0.50000  0.05    0.35   1.04 O4  3.21 ZR2  3.28 O2  3.32 O4
 Q5    1   0.4262  0.4386  0.8480   1.00000  0.05    0.32   1.24 ZR2  1.59 O2  1.71 O5  1.95 O4
 Q6    1   0.3894  0.3710  0.8961   1.00000  0.05    0.29   1.02 O5  2.70 O2  3.00 ZR2  3.35 O5
 Q7    1   0.3866  0.5368  0.7801   1.00000  0.05    0.28   1.21 C2  1.55 H2  1.60 C4  1.99 C3
 Q8    1   0.4476  0.4639  0.7747   1.00000  0.05    0.28   0.68 O4  2.05 ZR2  2.06 O2  2.70 O6
 Q9    1   0.3778  0.3778  0.8891   0.50000  0.05    0.25   0.94 O5  3.03 ZR2  3.11 O2  3.43 O5
 Q10   1   0.3761  0.5609  0.8445   1.00000  0.05    0.25   0.75 H2  1.35 C2  1.99 C3  2.03 H3
 Q11   1   0.4425  0.4704  0.8413   1.00000  0.05    0.23   1.29 ZR2  1.33 O2  1.67 O4  1.93 O6
 Q12   1   0.3937  0.5337  0.8904   1.00000  0.05    0.22   1.15 H2  1.27 O1  1.64 C2  1.80 C12
 Q13   1   0.3744  0.4602  0.8914   1.00000  0.05    0.20   1.17 C12  1.36 O2  1.92 C4  2.05 O1
 Q14   1   0.3822  0.4633  0.7926   1.00000  0.05    0.20   1.21 H6  1.33 O2  1.44 C6  1.53 C12
 Q15   1   0.3369  0.4332  0.8130   1.00000  0.05    0.20   1.08 H6  1.32 C6  2.03 C4  2.35 C8
 Q16   1   0.3544  0.4309  0.7771   1.00000  0.05    0.19   0.56 H6  1.40 C6  2.18 O2  2.31 C4
 Q17   1   0.3739  0.4771  0.8189   1.00000  0.05    0.18   0.79 C4  1.11 C12  1.33 C6  1.61 H6
 Q18   1   0.3488  0.4718  0.7596   1.00000  0.05    0.18   0.37 C6  1.20 C4  1.28 H6  1.30 C8
 Q19   1   0.3534  0.5410  0.8805   1.00000  0.05    0.18   0.76 H2  1.26 C2  1.90 C3  1.99 H3
 Q20   1   0.3683  0.4582  0.7026   1.00000  0.05    0.17   1.11 H6  1.31 C6  2.03 C8  2.26 H8
 Q21   1   0.4112  0.4412  0.8046   1.00000  0.05    0.17   1.30 O2  1.94 O4  2.12 ZR2  2.29 O5
 Q22   1   0.0000  0.0000  0.5708   0.08333  0.05    0.16   15.53 H8  15.96 H8  16.14 H6  16.27 C8
 Q23   1   0.3407  0.5601  0.8264   1.00000  0.05    0.15   0.95 H3  1.52 C3  1.80 H2  1.92 C2
 Q24   1   0.3873  0.5206  0.8494   1.00000  0.05    0.15   1.13 C4  1.24 C2  1.28 H2  1.42 C12
 Q25   1   0.3361  0.4249  0.7491   1.00000  0.05    0.15   0.65 H6  1.30 C6  2.03 C8  2.11 H8
 Q26   1   0.4330  0.4204  0.9312   1.00000  0.05    0.15   1.19 O5  1.34 ZR2  1.76 O3  2.10 O2
 Q27   1   0.3868  0.5396  1.0000   0.50000  0.05    0.14   2.12 O1  2.36 H2  3.07 C2  3.09 ZR1
 Q28   1   0.0753  0.1505  1.0000   0.25000  0.05    0.13   11.62 O5  11.83 H8  11.85 H6  12.15 C8
 Q29   1   0.3291  0.5538  0.7437   1.00000  0.05    0.13   0.75 H3  1.34 C3  2.07 C1  2.46 C2
 Q30   1   0.3468  0.4806  0.8664   1.00000  0.05    0.13   1.11 C4  1.62 C2  1.81 C12  1.92 C6
 Q31   1   0.4136  0.5864  0.8872   0.50000  0.05    0.13   1.74 H2  1.74 H2  2.57 C2  2.57 C2
 Q32   1   0.0000  0.0000  0.9063   0.08333  0.05    0.12   15.67 O5  15.92 H8  15.96 O5  16.03 H6
 Q33   1   0.3223  0.5053  0.8010   1.00000  0.05    0.12   0.73 C3  1.29 C2  1.41 C1  1.49 H3
 Q34   1   0.2890  0.4596  0.5000   0.50000  0.05    0.12   1.38 C11  1.89 H11  2.17 C10  2.71 C9
 Q35   1   0.3917  0.6083  1.0000   0.25000  0.05    0.12   3.24 H2  3.24 H2  4.14 C2  4.14 C2
 Q36   1   0.0000  0.0000  0.7092   0.08333  0.05    0.11   15.45 H8  15.86 H6  16.02 O5  16.10 C8
 Q37   1   0.3401  0.3401  1.0000   0.25000  0.05    0.11   2.76 O5  4.63 O3  4.84 ZR2  4.93 O2
 Q38   1   0.3309  0.4875  0.5985   1.00000  0.05    0.11   0.59 H11  1.39 C11  1.92 H8  2.05 C8
 Q39   1   0.3624  0.4140  0.8151   1.00000  0.05    0.11   1.62 H6  1.98 O2  2.41 C6  2.41 O5
 Q40   1   0.3555  0.5601  1.0000   0.50000  0.05    0.11   2.55 H2  3.29 C2  3.66 O1  3.74 H3
 Q41   1   0.3375  0.4774  0.5000   0.50000  0.05    0.11   1.42 H11  1.69 C11  3.08 C10  3.13 H8
 Q42   1   0.3007  0.4554  0.5000   0.50000  0.05    0.11   1.56 C11  1.80 H11  2.56 C10  2.92 H8
 Q43   1   0.0000  0.0000  0.5000   0.04167  0.05    0.10   15.70 H8  16.40 H6  16.48 C8  16.81 C9
 Q44   1   0.3486  0.5099  0.7208   1.00000  0.05    0.10   1.31 C1  1.43 C3  1.60 C8  1.78 C2
 Q45   1   0.3206  0.5279  0.7324   1.00000  0.05    0.10   0.90 C3  1.02 H3  1.16 C1  1.84 C7
 Q46   1   0.4305  0.5500  0.8769   1.00000  0.05    0.10   1.27 O1  1.92 O1  2.02 C12  2.18 H2
 Q47   1   0.1267  0.1267  0.8596   0.50000  0.05    0.10   10.73 O5  11.13 H6  11.25 H8  11.36 O5
 Q48   1   0.0000  0.0000  0.8006   0.08333  0.05    0.09   15.58 H8  15.77 O5  15.86 H6  16.17 C8
 Q49   1   0.2592  0.5184  0.6646   0.50000  0.05    0.09   1.10 C5  1.46 C7  1.86 H5  1.95 C10
 Q50   1   0.3613  0.5881  0.9451   1.00000  0.05    0.09   2.46 H2  3.12 H3  3.22 C2  3.55 C3
 Q51   1   0.1000  0.0500  1.0000   0.25000  0.05    0.09   12.92 O5  13.31 H8  13.31 H6  13.68 C8
 Q52   1   0.3870  0.5865  0.9775   1.00000  0.05    0.09   2.44 H2  3.06 H2  3.08 H2  3.35 C2
 Q53   1   0.3286  0.3583  0.8989   1.00000  0.05    0.09   2.43 O5  3.73 H6  3.85 O2  3.98 O5
 Q54   1   0.3962  0.6038  0.9649   0.50000  0.05    0.09   2.71 H2  3.55 H2  3.61 C2  3.81 O1
 Q55   1   0.3645  0.4850  0.9033   1.00000  0.05    0.09   1.34 C12  1.50 C4  1.70 O1  2.07 C2
 Q56   1   0.3109  0.3826  0.9024   1.00000  0.05    0.09   3.17 H6  3.20 O5  3.58 C6  3.63 O2
 Q57   1   0.4216  0.5784  0.6173   0.50000  0.05    0.08   3.53 H11  4.10 C3  4.15 C11  4.17 C2
 Q58   1   0.3775  0.4489  1.0000   0.50000  0.05    0.08   1.99 O3  2.65 C12  2.68 O2  2.72 O1
 Q59   1   0.3139  0.4314  0.6735   1.00000  0.05    0.08   0.70 H8  1.33 C8  1.91 C6  1.94 H6
 Q60   1   0.4258  0.5742  0.6576   0.50000  0.05    0.08   3.66 C2  3.77 H11  3.80 C3  3.86 C4

 Shortest distances between peaks (including symmetry equivalents)

     34  42  0.56     52  54  0.62      6   9  0.64     35  54  0.66     57  60  0.72     52  52  0.75     46  46  0.76
     16  25  0.78     12  24  0.81      5   5  0.84     26  26  0.85     35  52  0.86     14  17  0.88     30  55  0.88
     29  45  0.92     15  16  0.94      5  21  0.97     10  19  1.03     52  52  1.04     16  39  1.07      5  11  1.08
     15  25  1.10      8   8  1.11     52  54  1.12     54  54  1.16     50  52  1.17      8  11  1.17     22  43  1.18
     40  52  1.21     14  16  1.22     13  55  1.23     50  54  1.23      6   6  1.25     41  42  1.26     12  46  1.27
     52  52  1.28      7  24  1.32     17  18  1.33     11  21  1.33      8  21  1.34      4   8  1.35     40  50  1.36
     13  17  1.38     17  30  1.38     35  50  1.39      5  26  1.40     10  23  1.40     19  23  1.41     23  29  1.43
     53  56  1.43     33  45  1.47     18  20  1.47      3  46  1.47     10  31  1.48      6  53  1.49     20  25  1.50
     24  55  1.52     36  48  1.52     17  55  1.52     15  39  1.52      3   3  1.52      5   8  1.53     16  20  1.54
     24  46  1.57     14  20  1.57     44  45  1.58     17  24  1.59     14  18  1.60     14  15  1.60     24  30  1.60
     15  17  1.61     15  18  1.61      7  10  1.61     25  59  1.62      5  21  1.63     18  44  1.63      5  26  1.64
     33  44  1.64      7  44  1.65     50  52  1.65     18  25  1.65      5  11  1.66     13  14  1.66     34  41  1.67
     21  39  1.67     12  55  1.68     13  30  1.69      9  53  1.69     25  39  1.70     35  40  1.70     10  12  1.71
     28  51  1.72     16  17  1.72     14  39  1.72     38  41  1.73     16  18  1.74     31  54  1.75     12  19  1.75
     14  21  1.75     32  48  1.76     40  54  1.76     27  40  1.77      2   4  1.78      6  39  1.78      5   8  1.81
     12  31  1.81      1  37  1.81     18  30  1.82     50  50  1.82     14  25  1.82     31  52  1.83     10  24  1.84
     13  15  1.85      1   6  1.85     50  52  1.85     31  46  1.86      8  11  1.87      7  12  1.87     19  33  1.87
      1   9  1.87     12  27  1.87     27  52  1.87     13  58  1.87     11  11  1.89     20  59  1.91     50  54  1.91
     23  45  1.91     15  30  1.92      6  26  1.92     19  24  1.93     23  33  1.94     12  46  1.95     11  26  1.96
     37  53  1.96     50  50  1.98     30  33  1.99      1  26  2.00     12  30  2.01      8  21  2.01     53  53  2.02
     19  50  2.02     29  33  2.02      2   8  2.03     21  21  2.03     17  20  2.04     38  42  2.04     13  39  2.06
     18  59  2.06      9  26  2.09     16  21  2.11     19  40  2.11     19  31  2.13     19  31  2.13     15  20  2.15
     13  16  2.15     18  33  2.15     17  25  2.17      7  19  2.17      9  39  2.18      6  53  2.18     38  44  2.18
      6  26  2.18     21  26  2.18     34  38  2.19     50  52  2.19     14  30  2.20     23  50  2.20      3  12  2.20
      5   6  2.21      7  33  2.21     10  50  2.21     40  52  2.21      7  46  2.22      7  17  2.23      6  56  2.23
     29  44  2.24      7  18  2.24      5  39  2.25     19  30  2.26     10  33  2.26     13  24  2.27     15  56  2.27
     19  52  2.27     14  55  2.28     39  56  2.28     12  17  2.28     24  46  2.28     17  39  2.28      5   9  2.29
     26  26  2.29     31  50  2.29     18  24  2.30     22  36  2.30      4  21  2.31     15  55  2.31     38  59  2.32
     24  31  2.33     24  31  2.33     11  26  2.34     16  59  2.35     22  22  2.35     14  24  2.35     55  58  2.36
     39  53  2.36     26  58  2.36      9  37  2.36     11  21  2.37     10  52  2.38     11  14  2.38      3  27  2.39
      6  21  2.39     31  35  2.39     19  27  2.39     10  29  2.40     13  21  2.41      6  37  2.42     27  54  2.42
      7  30  2.43      5   6  2.43     10  46  2.44     24  33  2.44     26  26  2.44      7  31  2.45     18  55  2.46
     27  55  2.46     27  31  2.46     10  10  2.47     19  55  2.47     10  54  2.47     15  59  2.47     31  52  2.48
     20  39  2.48     17  21  2.50      7  23  2.51     45  49  2.51      4  11  2.52     20  44  2.52      7  60  2.53
     24  44  2.53      5  14  2.53     13  18  2.54     27  52  2.55     21  26  2.55      7  45  2.56     17  44  2.56
      8  14  2.56     27  46  2.57      9  21  2.57      1  53  2.58     16  30  2.58     12  13  2.59     19  54  2.59
     13  26  2.60     27  35  2.60     46  55  2.60     19  29  2.61     24  27  2.61     11  13  2.63      4   5  2.64
      1  58  2.64     12  52  2.65     10  45  2.66      5  13  2.66     30  44  2.66      3  31  2.67      7  46  2.69
     10  44  2.69     20  21  2.69     50  50  2.69     10  40  2.70     23  31  2.70     23  31  2.70      7  55  2.70
     19  45  2.70     27  50  2.71      6  13  2.71     29  49  2.71      7  29  2.72     31  40  2.72     31  54  2.72
      9  56  2.73      3  24  2.73     18  39  2.73      6  39  2.75     33  55  2.75     16  56  2.76     17  33  2.76
     23  44  2.77     17  46  2.77     13  25  2.77     15  21  2.77     10  30  2.78     26  39  2.78     44  59  2.78
     25  30  2.80     10  46  2.80      2  11  2.80      7  14  2.81      6  58  2.81     10  27  2.81     13  56  2.81
     11  39  2.83      5  39  2.83     21  25  2.83      6  16  2.84      8  26  2.84     12  12  2.84     19  52  2.85
     11  17  2.85     20  38  2.85     12  33  2.85     12  40  2.86     16  55  2.86     19  46  2.86     10  52  2.87
     38  45  2.87      6  21  2.87     27  27  2.88     19  44  2.89     40  50  2.90      3  46  2.90     18  38  2.91
      5  16  2.93     25  56  2.93     37  56  2.93     23  40  2.94     12  23  2.94     10  55  2.94     18  45  2.95
     23  24  2.95     23  52  2.96     27  46  2.96     12  54  2.97      8  39  2.98     14  44  2.99      6  15  2.99
     44  60  3.00


 Time profile in seconds
 -----------------------

      0.02: Read and process instructions
      0.00: Fit rigid groups
      0.00: Interpret restraints etc.
      0.00: Generate connectivity array
      0.00: Analyse DFIX and DANG restraints
      0.00: Analyse SAME, SADI and NCSY restraints
      0.00: Generate CHIV restraints
      0.00: Check if bonds in residues restrained
      0.00: Generate DELU and RIGU restraints
      0.00: Generate SIMU restraints
      0.00: Generate ISOR restraints
      0.00: Analyse electron density
      0.02: Analyse other restraints etc.
      0.52: Read intensity data, sort/merge etc.
      0.01: Set up constraints
      0.02: OSF, H-atoms from difference map
      0.02: Set up l.s. refinement
      0.00: Generate idealized H-atoms
      0.12: Structure factors and derivatives
      0.03: Sum l.s. matrices
      0.00: Generate and apply antibumping restraints
      0.00: Apply other restraints
      0.03: Solve l.s. equations
      0.00: Generate HTAB table
      4.86: Other dependent quantities, CIF, tables
      0.02: Analysis of variance
      0.10: Merge reflections for Fourier and .fcf
      0.07: Fourier summations
      0.08: Peaksearch
      0.01: Analyse peaklist

 ** WARNING: These times are only approximate for multiple threads.
             To get better estimates run with -t1 **

   Please cite: G.M. Sheldrick (2015) "Crystal structure refinement with
   SHELXL", Acta Cryst., C71, 3-8 (Open Access) if SHELXL proves useful.

 +++++++++++++++++++++++++++++++++++++++++++++++++++++++++++++++++++++++++++++
 +  nu1000_framew finished at 22:01:34   Total elapsed time:      5.88 secs  +
 +++++++++++++++++++++++++++++++++++++++++++++++++++++++++++++++++++++++++++++
