
 +++++++++++++++++++++++++++++++++++++++++++++++++++++++++++++++++++
 +  SHELXL -  CRYSTAL STRUCTURE REFINEMENT  -   MULTI-CPU VERSION  +
 +  Copyright(C) George M. Sheldrick 1993-2023     Version 2019/3  +
 +  job                        started at 19:42:25 on 21-Sep-2026  +
 +++++++++++++++++++++++++++++++++++++++++++++++++++++++++++++++++++

 Command line parameters: job -a50000 -b3000 -c624 -g0 -m0 -t4

 -a sets the approximate maximum number of atoms including hydrogens.
 -b sets the maximum number of full-matrix parameters (not used by CGLS).
 For example -b9000 allows refinement of 1000 anisotropic atoms or 3000
 with BLOC 1. For a 32-bit version, -b times the square root of the
 number of threads should not exceed about 65500. -c sets the reflection
 buffer size. This depends on the CPU cache size but will rarely
 need changing.

 -g sets the number of reflection groups used for calculating R_complete,
 This must be greater than 1 but not greater than the total number of
 reflections for refinement. -m sets the current reflection group number.
 This may not be less than 1 nor greater than the number set by -g. These
 command line flags override other ways of defining free-R reflections.
 The -m value is also used as a seed for the WIGL pseudo-random shifts.

 -t sets the number of threads, otherwise it is set to the apparent
 number of CPUs. For optimal performance on hyperthreading systems,
 -t should be set to a little more than half the number of CPUs;
 e.g. -t4 or -t5 for an Intel i7 processor.

 Running  4 threads on  4 processors

 TITL CrystalPilot cross-check in P 6/m m m
 CELL 0.68883 39.19000 39.19000 16.61000 90.0000 90.0000 120.0000
 ZERR 24 0.00000 0.00000 0.00000 0.0000 0.0000 0.0000
 LATT 1
 SYMM X-Y,X,Z
 SYMM Y,-X+Y,Z
 SYMM -Y,X-Y,Z
 SYMM -X+Y,-X,Z
 SYMM X-Y,-Y,-Z
 SYMM -X,-X+Y,-Z
 SYMM -X,-Y,Z
 SYMM Y,X,-Z
 SYMM -Y,-X,-Z
 SYMM -X+Y,Y,-Z
 SYMM X,X-Y,-Z
 SFAC C O Zr
 REM DISP lambda 0.68883 A is not a SHELXL built-in line (Cu/Mo/Ag K-alpha):
 REM DISP f'/f'' from cctbx (sasaki: C O Zr), mu = NIST attenuation in
 REM DISP barn/atom
 DISP $C 0.002 0.002 10.99
 DISP $O 0.007 0.006 30.28
 DISP $Zr -9.041 2.772 14341.91
 UNIT 558.0 120.0 18.0

 V =    22092.79     F(000) =    5028.0     Mu =   1.21 mm-1      Cell Wt =    10263.54    Rho =  0.771

  
 L.S. 6
 BOND $H
 CONF
 ACTA
 FMAP 2
 PLAN 20
  
 SHEL 999 1.000
  
 WGHT 0.100000 0.000000
 FVAR 0.05146
 ZR01  3   0.463835   0.536165   0.500000    10.25000     0.08664     0.08664 =
       0.06685     0.00000     0.00000     0.05480
 ZR02  3   0.544739   0.544739   0.393713    10.50000     0.09267     0.09267 =
       0.08406     0.01368     0.01368     0.05893
 O003  2   0.481260   0.586428   0.581178    11.00000     0.10557     0.10794 =
       0.09354    -0.00310    -0.00431     0.07257
 O004  2   0.533910   0.592828   0.649892    11.00000     0.11516     0.11937 =
       0.12307    -0.04070    -0.02921     0.07170
 O005  2   0.526661   0.562541   0.500000    10.50000     0.11986     0.22399 =
       0.10875     0.00000     0.00000     0.11536
 O006  2   0.538267   0.538267   0.262137    10.50000     0.20326     0.20326 =
       0.08732     0.02037     0.02037     0.15809
 O007  2   0.601029   0.601029   0.411655    10.50000     0.09298     0.09298 =
       0.28254     0.00827     0.00827     0.04372
 O008  2   0.517261   0.482739   0.393078    10.50000     0.11772     0.11772 =
       0.15113     0.02723    -0.02723     0.06194
 C009  1   0.507829   0.601595   0.634113    11.00000     0.10372     0.11140 =
       0.10641     0.00263    -0.00793     0.07074
 C00A  1   0.505000   0.689858   0.780162    11.00000     0.24770     0.11311 =
       0.08676     0.00284    -0.00561     0.12755
 O00B  1   0.477256   0.641379   0.673598    11.00000     0.16177     0.11845 =
       0.11398    -0.02339    -0.01098     0.10202
 C00C  1   0.507310   0.632652   0.686587    11.00000     0.15077     0.09777 =
       0.10975    -0.01910    -0.01615     0.08440
 O00D  1   0.474660   0.669158   0.722752    11.00000     0.21671     0.12802 =
       0.10392    -0.03247    -0.03446     0.10925
 C00E  1   0.504988   0.721803   0.831666    11.00000     0.22633     0.11231 =
       0.09659    -0.02486    -0.01495     0.11723
 O00F  1   0.504581   0.752290   0.787581    10.50000     0.21512     0.08984 =
       0.14596    -0.02337    -0.04673     0.10756
 O00G  1   0.538043   0.652445   0.741619    11.00000     0.18213     0.11087 =
       0.10030    -0.04160    -0.03651     0.08159
 C00H  1   0.504574   0.721260   0.914200    11.00000     0.25236     0.11525 =
       0.05850    -0.01455    -0.00667     0.10534
 C00I  1   0.502754   0.751377   0.957567    10.50000     0.28108     0.11800 =
       0.07482    -0.01165    -0.02329     0.14054
 O00J  1   0.537833   0.681877   0.791031    11.00000     0.25611     0.12728 =
       0.11027    -0.00340    -0.01521     0.13210
 O00K  2   0.570754   0.429246   0.134123    10.50000     0.29240
 O00L  1   0.504724   0.687496   0.958527    11.00000     0.27992     0.15238 =
       0.08608     0.01881     0.01344     0.14499
 C00M  1   0.739087   0.533480   0.500000    10.50000     0.27481
 C00N  1   0.594346   0.405654   0.098508    10.50000     0.20372
 C00O  1   0.628239   0.628239   0.464327    10.50000     0.90775
 C00P  1   0.768763   0.384381   0.500000    10.25000     0.59848
 C00Q  1   0.800483   0.400241   0.500000    10.25000     0.41081
 C00R  1   0.594771   0.672025   0.000000    10.50000     0.33543
 C00S  1   0.704197   0.560648   0.500000    10.50000     0.39336
 C00T  1   0.539253   0.460747   0.207711    10.50000     0.39239
 C00U  1   0.664960   0.584773   0.500000    10.50000     0.44759
 C00V  1   0.712205   0.424409   0.500000    10.25000     0.08805
 C00W  1   1.000000   1.000000   0.027156    10.08333     0.30203
 C00X  1   0.719243   0.621423   0.500000    10.50000     1.34362
 C00Y  1   0.586186   0.642208   0.065737    11.00000     0.85501
 C00Z  1   0.482216   0.408973   0.104805    11.00000     0.73624
 C010  1   0.770363   0.540727   0.500000    10.25000     0.54652
 C011  1   0.961978   0.923956   0.500000    10.25000     1.31055
 O012  2   0.643731   0.643731   0.239579    10.50000     0.64257
 C013  1   0.547432   0.452568   0.125261    10.50000     1.91423
 C014  1   0.930166   0.860332   0.597830    10.50000     1.29521
 C016  1   1.000000   1.000000   0.130352    10.08333     2.00000
 C017  1   0.554718   0.445282  -0.156960    10.50000     1.25031
 C018  1   1.000000   1.000000   0.709858    10.08333     2.00000
 C019  1   0.747620   0.428955   0.500000    10.50000     0.92122
 C01A  1   0.550493   0.449507   0.000000    10.25000     1.37690
 C01B  1   0.926752   0.853505   0.727727    10.50000     1.21103
 C01C  1   0.780922   0.390461   0.579990    10.50000     1.37023
 C01D  1   0.752868   0.574630   0.603303    11.00000     0.73173
 C01E  1   0.935847   0.489832   0.500000    10.50000     1.56576
 HKLF 4



 Covalent radii and connectivity table for  CrystalPilot cross-check in P 6/m m m                                      
 C      0.770
 O      0.660
 ZR     1.590

 Zr01 - C01E_$13 C01E_$14 O005_$5 O005 O008_$3 O008_$1 O003_$4 O003_$6 O003_$5 O003 Zr02_$4 Zr02_$3
 Zr02 - O008_$3 O008 O005 O005_$7 O006 O007 O004_$7 O004_$4 Zr01_$1 Zr01 Zr02_$3 Zr02_$4
 O003 - C009 Zr01
 O004 - C009 Zr02_$4
 O005 - C01E_$13 Zr01 Zr02_$4 Zr02
 O006 - Zr02
 O007 - C00O Zr02
 O008 - Zr02 Zr02_$3 Zr01_$1
 C009 - O004 O003 C00C
 C00A - O00D O00J C00E
 O00B - C00C O00D
 C00C - O00B O00G C009
 O00D - O00B C00A
 C00E - C00H O00F C00A
 O00F - C00E C00E_$8
 O00G - C00C O00J
 C00H - C00E C00I O00L
 C00I - C00I_$9 C00H_$8 C00H
 O00J - O00G C00A
 O00K - C017_$10 C013 C00N
 O00L - O00L_$9 C00H
 C00M - C010
 C00N - O00K
 C00O - C00O_$4 O007
 C00P - C00Q C01C_$4 C01C
 C00Q - C00P C01C_$4 C01C
 C00R - C00Y_$10 C00Y
 C00S - no bonds found
 C00T - C017_$10 C013
 C00U - C00X
 C00V - C019 C019_$11
 C00W - C00W_$12 C016
 C00X - C00U
 C00Y - C00R
 C00Z - no bonds found
 C010 - C00M C00M_$11
 C011 - no bonds found
 O012 - no bonds found
 C013 - C017_$10 C00T O00K
 C014 - no bonds found
 C016 - C00W
 C017 - C013_$10 O00K_$10 C00T_$10
 C018 - no bonds found
 C019 - C00V
 C01A - no bonds found
 C01B - no bonds found
 C01C - C00P C00Q
 C01D - no bonds found
 C01E - Zr01_$2 O005_$2 C01E_$15


 Operators for generating equivalent atoms:
 $1   -x+1, -y+1, -z+1
 $2   x-y+1, x, z
 $3   -x+1, -y+1, z
 $4   x, y, -z+1
 $5   -y+1, -x+1, z
 $6   -y+1, -x+1, -z+1
 $7   y, x, -z+1
 $8   x, x-y+1, z
 $9   x, y, -z+2
 $10  x, y, -z
 $11  -x+y+1, y, z
 $12  -x+2, -y+2, -z
 $13  y, -x+y+1, z
 $14  x-y, -y+1, -z+1
 $15  x, x-y, z

   179481  Reflections outside SHEL resolution limits rejected


   337815  Reflections read, of which  179481  rejected

 -39 =< h =< 39,    -39 =< k =< 39,    -16 =< l =< 16,   Max. 2-theta =   40.28

        0  Systematic absence violations (I>3sig(I)) before merging

        0  Inconsistent equivalents

     4395  Unique reflections, of which       0  suppressed

 R(int) = 0.5659     R(sigma) = 0.1066      Friedel opposites merged

 Maximum memory for data reduction =     6364 /    48177


 Reflection statistics for all twin components combined (TWST 0 set)
 Number of data for d > 1.000A (CIF: max) and d > 1.000A (CIF: full)
 (ignoring systematic absences):
 Unique reflections found (point group)       4395    4395
 Unique reflections possible (point group)    4401    4401
 Unique reflections found (Laue group)        4395    4395
 Unique reflections possible (Laue group)     4401    4401

 Special position constraints for Zr01
 z =  0.5000   y = -1.0 * x + 1.0000   U22 = 1.0 * U11   U23 = 0   U13 = 0   
 sof = 0.25000   
 Input constraints retained (at least in part) for  sof

 Special position constraints for Zr02
 y =  1.0 * x + 0.0000   U22 = 1.0 * U11   U13 = 1.0 * U23   sof = 0.50000   
 Input constraints retained (at least in part) for  sof

 Special position constraints for O005
 z =  0.5000   U23 = 0   U13 = 0   sof = 0.50000   
 Input constraints retained (at least in part) for  sof

 Special position constraints for O006
 y =  1.0 * x + 0.0000   U22 = 1.0 * U11   U13 = 1.0 * U23   sof = 0.50000   
 Input constraints retained (at least in part) for  sof

 Special position constraints for O007
 y =  1.0 * x + 0.0000   U22 = 1.0 * U11   U13 = 1.0 * U23   sof = 0.50000   
 Input constraints retained (at least in part) for  sof

 Special position constraints for O008
 y = -1.0 * x + 1.0000   U22 = 1.0 * U11   U13 =-1.0 * U23   sof = 0.50000   
 Input constraints retained (at least in part) for  sof

 Special position constraints for O00F
 y =  0.5 * x + 0.5000   U13 = 2.0 * U23   U12 = 0.5 * U11   sof = 0.50000   
 Input constraints retained (at least in part) for  sof

 Special position constraints for C00I
 y =  0.5 * x + 0.5000   U13 = 2.0 * U23   U12 = 0.5 * U11   sof = 0.50000   
 Input constraints retained (at least in part) for  sof

 Special position constraints for O00K
 y = -1.0 * x + 1.0000   sof = 0.50000   
 Input constraints retained (at least in part) for  sof

 Special position constraints for C00M
 z =  0.5000   sof = 0.50000   
 Input constraints retained (at least in part) for  sof

 Special position constraints for C00N
 y = -1.0 * x + 1.0000   sof = 0.50000   
 Input constraints retained (at least in part) for  sof

 Special position constraints for C00O
 y =  1.0 * x + 0.0000   sof = 0.50000   
 Input constraints retained (at least in part) for  sof

 Special position constraints for C00P
 z =  0.5000   y =  0.5 * x + 0.0000   sof = 0.25000   
 Input constraints retained (at least in part) for  sof

 Special position constraints for C00Q
 z =  0.5000   y =  0.5 * x + 0.0000   sof = 0.25000   
 Input constraints retained (at least in part) for  sof

 Special position constraints for C00R
 z =  0.0000   sof = 0.50000   
 Input constraints retained (at least in part) for  sof

 Special position constraints for C00S
 z =  0.5000   sof = 0.50000   
 Input constraints retained (at least in part) for  sof

 Special position constraints for C00T
 y = -1.0 * x + 1.0000   sof = 0.50000   
 Input constraints retained (at least in part) for  sof

 Special position constraints for C00U
 z =  0.5000   sof = 0.50000   
 Input constraints retained (at least in part) for  sof

 Special position constraints for C00V
 z =  0.5000   y =  2.0 * x - 1.0000   sof = 0.25000   
 Input constraints retained (at least in part) for  sof

 Special position constraints for C00W
 x =  1.0000   y =  1.0000   sof = 0.08333   
 Input constraints retained (at least in part) for  sof

 Special position constraints for C00X
 z =  0.5000   sof = 0.50000   
 Input constraints retained (at least in part) for  sof

 Special position constraints for C010
 z =  0.5000   y =  2.0 * x - 1.0000   sof = 0.25000   
 Input constraints retained (at least in part) for  sof

 Special position constraints for C011
 z =  0.5000   y =  2.0 * x - 1.0000   sof = 0.25000   
 Input constraints retained (at least in part) for  sof

 Special position constraints for O012
 y =  1.0 * x + 0.0000   sof = 0.50000   
 Input constraints retained (at least in part) for  sof

 Special position constraints for C013
 y = -1.0 * x + 1.0000   sof = 0.50000   
 Input constraints retained (at least in part) for  sof

 Special position constraints for C014
 y =  2.0 * x - 1.0000   sof = 0.50000   
 Input constraints retained (at least in part) for  sof

 Special position constraints for C016
 x =  1.0000   y =  1.0000   sof = 0.08333   
 Input constraints retained (at least in part) for  sof

 Special position constraints for C017
 y = -1.0 * x + 1.0000   sof = 0.50000   
 Input constraints retained (at least in part) for  sof

 Special position constraints for C018
 x =  1.0000   y =  1.0000   sof = 0.08333   
 Input constraints retained (at least in part) for  sof

 Special position constraints for C019
 z =  0.5000   sof = 0.50000   
 Input constraints retained (at least in part) for  sof

 Special position constraints for C01A
 z =  0.0000   y = -1.0 * x + 1.0000   sof = 0.25000   
 Input constraints retained (at least in part) for  sof

 Special position constraints for C01B
 y =  2.0 * x - 1.0000   sof = 0.50000   
 Input constraints retained (at least in part) for  sof

 Special position constraints for C01C
 y =  0.5 * x + 0.0000   sof = 0.50000   
 Input constraints retained (at least in part) for  sof

 Special position constraints for C01E
 z =  0.5000   sof = 0.50000   
 Input constraints retained (at least in part) for  sof


 Least-squares cycle   1   Maximum vector length =  623   Memory required =     76 /   7014 /   349283

 wR2 =  0.3671 before cycle   1 for    4395 data and    236 /    236 parameters

 GooF = S =     1.760;     Restrained GooF =      1.760 for       0 restraints

 Weight = 1 / [ sigma^2(Fo^2) + ( 0.1000 * P )^2 +   0.00 * P ]   where  P = ( Max ( Fo^2, 0 ) + 2 * Fc^2 ) / 3

 Shifts scaled down to reduce maximum shift/esd from   18.08  to   15.00


     N      value        esd    shift/esd  parameter

     1     0.05166     0.00034     0.589    OSF
   185     0.17511     0.00774    11.250    U11 C00V
   200     1.09731     0.11574     4.759    U11 C010
   220     0.45139     0.00450     4.983     y  C019

 Mean shift/esd =   0.394  Maximum =    11.250 for  U11 C00V     

 Max. shift = 1.852 A for C016        Max. dU = 0.551 for C010     


 Least-squares cycle   2   Maximum vector length =  623   Memory required =     76 /   7014 /   349283

 wR2 =  0.3452 before cycle   2 for    4395 data and    236 /    236 parameters

 GooF = S =     1.638;     Restrained GooF =      1.638 for       0 restraints

 Weight = 1 / [ sigma^2(Fo^2) + ( 0.1000 * P )^2 +   0.00 * P ]   where  P = ( Max ( Fo^2, 0 ) + 2 * Fc^2 ) / 3


     N      value        esd    shift/esd  parameter

     1     0.05213     0.00032     1.480    OSF
   185     0.33853     0.01381    11.836    U11 C00V

 Mean shift/esd =   0.404  Maximum =    11.836 for  U11 C00V     

 Max. shift = 4.798 A for C016        Max. dU =-1.944 for C016     


 Least-squares cycle   3   Maximum vector length =  623   Memory required =     76 /   7014 /   349283

 wR2 =  0.3569 before cycle   3 for    4395 data and    236 /    236 parameters

 GooF = S =     1.702;     Restrained GooF =      1.702 for       0 restraints

 Weight = 1 / [ sigma^2(Fo^2) + ( 0.1000 * P )^2 +   0.00 * P ]   where  P = ( Max ( Fo^2, 0 ) + 2 * Fc^2 ) / 3


     N      value        esd    shift/esd  parameter

     1     0.05245     0.00033     0.940    OSF
   185     0.53104     0.03462     5.560    U11 C00V
   201     0.92791     0.00523    -4.409     x  C011
   207     0.07252     0.03449    -3.667     z  C013
   211     2.00000     0.29217     3.193    U11 C014
   213     0.12983     0.01018     7.241    U11 C016
   216     2.00000     1.18850     3.557    U11 C017
   218     2.00000     0.95334     5.150    U11 C018

 Mean shift/esd =   0.507  Maximum =     7.241 for  U11 C016     

 Max. shift = 2.155 A for C013        Max. dU =-1.875 for C01A     


 Least-squares cycle   4   Maximum vector length =  623   Memory required =     76 /   7014 /   349283

 wR2 =  0.4196 before cycle   4 for    4395 data and    236 /    236 parameters

 GooF = S =     2.101;     Restrained GooF =      2.101 for       0 restraints

 Weight = 1 / [ sigma^2(Fo^2) + ( 0.1000 * P )^2 +   0.00 * P ]   where  P = ( Max ( Fo^2, 0 ) + 2 * Fc^2 ) / 3

 Shifts scaled down to reduce maximum shift/esd from   28.12  to   15.00


     N      value        esd    shift/esd  parameter

     1     0.05124     0.00040    -3.045    OSF
   213     0.23630     0.02293     4.644    U11 C016
   218     2.00000     1.15410     3.418    U11 C018
   223     0.02503     0.00347     7.500    U11 C01A

 Mean shift/esd =   0.349  Maximum =     7.500 for  U11 C01A     

 Max. shift = 1.704 A for C018        Max. dU = 0.502 for C011     


 Least-squares cycle   5   Maximum vector length =  623   Memory required =     76 /   7014 /   349283

 wR2 =  0.3867 before cycle   5 for    4395 data and    236 /    236 parameters

 GooF = S =     1.863;     Restrained GooF =      1.863 for       0 restraints

 Weight = 1 / [ sigma^2(Fo^2) + ( 0.1000 * P )^2 +   0.00 * P ]   where  P = ( Max ( Fo^2, 0 ) + 2 * Fc^2 ) / 3

 Shifts scaled down to reduce maximum shift/esd from   25.95  to   15.00


     N      value        esd    shift/esd  parameter

     1     0.05148     0.00036     0.655    OSF
   213     0.38684     0.04031     3.734    U11 C016
   223     0.08684     0.00434    14.252    U11 C01A

 Mean shift/esd =   0.312  Maximum =    14.252 for  U11 C01A     

 Max. shift = 2.190 A for C018        Max. dU =-0.616 for C017     


 Least-squares cycle   6   Maximum vector length =  623   Memory required =     76 /   7014 /   349283

 wR2 =  0.3601 before cycle   6 for    4395 data and    236 /    236 parameters

 GooF = S =     1.718;     Restrained GooF =      1.718 for       0 restraints

 Weight = 1 / [ sigma^2(Fo^2) + ( 0.1000 * P )^2 +   0.00 * P ]   where  P = ( Max ( Fo^2, 0 ) + 2 * Fc^2 ) / 3

 Shifts scaled down to reduce maximum shift/esd from   19.64  to   15.00


     N      value        esd    shift/esd  parameter

     1     0.05196     0.00033     1.469    OSF
   147     0.57058     0.00045    -1.182     x  O00K
   163     0.10258     0.00161     1.477     z  C00N
   179     0.20221     0.00533    -1.598     z  C00T
   187     0.58830     0.09662     1.075    U11 C00W
   193     0.08121     0.00445     1.122     z  C00Y
   195     0.48479     0.00307     1.194     x  C00Z
   208     0.73584     0.36393    -1.047    U11 C013
   213     0.60105     0.07377     2.904    U11 C016
   215    -0.18063     0.02735    -1.403     z  C017
   217     0.75410     0.04854     2.442     z  C018
   219     0.73782     0.00616    -1.099     x  C019
   223     0.18501     0.00728    13.484    U11 C01A

 Mean shift/esd =   0.288  Maximum =    13.484 for  U11 C01A     

 Max. shift = 1.969 A for C018        Max. dU = 0.574 for C017     


 Largest correlation matrix elements

     0.920 U12 O006 / U11 O006               0.825 U12 O007 / U11 O007               0.695 U11 C014 / z C014
    -0.905 U11 C014 / U11 C011              -0.782 x C017 / x C013                   0.694 U12 O00L / U11 O00L
    -0.905 x C014 / x C011                   0.767 U11 C00O / z C00O                 0.687 U12 O00B / U22 O00B
     0.870 U12 Zr02 / U11 Zr02               0.729 U12 O00D / U11 O00D               0.682 U12 O00D / U22 O00D
     0.868 U12 Zr01 / U11 Zr01               0.720 y C00Y / x C00Y                   0.681 U12 C00E / U22 C00E
    -0.864 U11 C017 / U11 C013               0.716 U12 O005 / U11 O005               0.680 U12 O00B / U11 O00B
    -0.860 z C014 / U11 C011                 0.715 U12 O00J / U22 O00J               0.678 U12 O003 / U22 O003
     0.833 U12 O008 / U11 O008               0.707 U12 C00E / U11 C00E               0.678 U12 O00L / U22 O00L



  CrystalPilot cross-check in P 6/m m m                                      

 ATOM           x        y        z         sof        U11      U22      U33      U23      U13      U12       Ueq

 Zr01        0.46385  0.53615  0.50000    0.25000    0.08633  0.08633  0.06870  0.00000  0.00000  0.05476   0.07530
   0.00000   0.00004  0.00004  0.00000    0.00000    0.00192  0.00192  0.00211  0.00000  0.00000  0.00213   0.00112

 Zr02        0.54479  0.54479  0.39376    0.50000    0.09340  0.09340  0.08436  0.01408  0.01408  0.05941   0.08474
   0.00559   0.00006  0.00006  0.00013    0.00000    0.00149  0.00149  0.00176  0.00128  0.00128  0.00159   0.00097

 O003        0.48129  0.58639  0.58161    1.00000    0.11155  0.10924  0.09046  0.00083  0.00019  0.07531   0.09481
   0.02356   0.00029  0.00026  0.00053    0.00000    0.00712  0.00699  0.00626  0.00560  0.00552  0.00606   0.00268

 O004        0.53395  0.59281  0.64991    1.00000    0.11459  0.11964  0.12527 -0.04143 -0.03112  0.07128   0.11418
   0.01899   0.00028  0.00026  0.00057    0.00000    0.00774  0.00757  0.00776  0.00601  0.00611  0.00656   0.00324

 O005        0.52705  0.56296  0.50000    0.50000    0.12338  0.21685  0.10354  0.00000  0.00000  0.11262   0.13567
   0.03032   0.00039  0.00047  0.00000    0.00000    0.01126  0.01555  0.00957  0.00000  0.00000  0.01136   0.00518

 O006        0.53839  0.53839  0.26173    0.50000    0.19737  0.19737  0.09027  0.02492  0.02492  0.14882   0.13939
   0.03554   0.00041  0.00041  0.00074    0.00000    0.01093  0.01093  0.00921  0.00852  0.00852  0.01208   0.00510

 O007        0.60086  0.60086  0.41214    0.50000    0.10026  0.10026  0.26170 -0.00157 -0.00157  0.05026   0.15402
   0.03252   0.00034  0.00034  0.00116    0.00000    0.00728  0.00728  0.01767  0.00941  0.00941  0.00866   0.00593

 O008        0.51761  0.48239  0.39253    0.50000    0.11622  0.11622  0.15266  0.02639 -0.02639  0.06131   0.12695
   0.01377   0.00019  0.00019  0.00083    0.00000    0.00757  0.00757  0.01229  0.00452  0.00452  0.00857   0.00485

 C009        0.50844  0.60204  0.63458    1.00000    0.10726  0.11589  0.09977  0.00209 -0.01218  0.07356   0.09974
   0.03895   0.00050  0.00045  0.00093    0.00000    0.01313  0.01281  0.01166  0.00987  0.01016  0.01108   0.00451

 C00A        0.50536  0.68990  0.78161    1.00000    0.24439  0.10924  0.08080 -0.00298 -0.01286  0.11639   0.13237
   0.04392   0.00064  0.00046  0.00089    0.00000    0.02138  0.01321  0.01084  0.00974  0.01272  0.01468   0.00609

 O00B        0.47717  0.64114  0.67314    1.00000    0.17232  0.12203  0.11433 -0.02429 -0.00903  0.10851   0.12071
   0.03469   0.00048  0.00045  0.00089    0.00000    0.01515  0.01257  0.01169  0.00975  0.01053  0.01229   0.00518

 C00C        0.50705  0.63243  0.68660    1.00000    0.15378  0.09298  0.10935 -0.02398 -0.01825  0.08396   0.10880
   0.03726   0.00052  0.00043  0.00092    0.00000    0.01506  0.01117  0.01169  0.00966  0.01121  0.01155   0.00464

 O00D        0.47547  0.66970  0.72360    1.00000    0.21301  0.12836  0.10924 -0.02087 -0.02625  0.11434   0.13732
   0.04331   0.00054  0.00050  0.00105    0.00000    0.01947  0.01364  0.01265  0.01116  0.01270  0.01436   0.00608

 C00E        0.50524  0.72155  0.83170    1.00000    0.24376  0.11140  0.09504 -0.02403 -0.01379  0.12342   0.13467
   0.03621   0.00052  0.00043  0.00096    0.00000    0.01905  0.01278  0.01198  0.01045  0.01214  0.01339   0.00583

 O00F        0.50480  0.75240  0.78780    0.50000    0.22786  0.10024  0.12300 -0.01625 -0.03251  0.11393   0.13619
   0.04513   0.00072  0.00036  0.00128    0.00000    0.02562  0.01010  0.01794  0.00872  0.01744  0.01281   0.00837

 O00G        0.53839  0.65212  0.74234    1.00000    0.17838  0.10694  0.10211 -0.04003 -0.03323  0.07675   0.12673
   0.03772   0.00051  0.00046  0.00093    0.00000    0.01555  0.01240  0.01113  0.00976  0.01138  0.01200   0.00541

 C00H        0.50502  0.72072  0.91437    1.00000    0.24793  0.12516  0.06278 -0.01817 -0.00510  0.11285   0.13659
   0.03610   0.00054  0.00045  0.00084    0.00000    0.01980  0.01397  0.01011  0.00937  0.01094  0.01405   0.00620

 C00I        0.50524  0.75262  0.95725    0.50000    0.24901  0.12307  0.07541 -0.00301 -0.00603  0.12450   0.13517
   0.04500   0.00071  0.00036  0.00104    0.00000    0.02617  0.01044  0.01313  0.00713  0.01426  0.01308   0.00819

 O00J        0.53803  0.68167  0.79264    1.00000    0.25317  0.13658  0.12069 -0.00057 -0.02165  0.13774   0.15224
   0.04147   0.00061  0.00051  0.00097    0.00000    0.02129  0.01464  0.01322  0.01137  0.01351  0.01587   0.00665

 O00K        0.57058  0.42942  0.13520    0.50000    0.28516
   0.02935   0.00045  0.00045  0.00177    0.00000    0.01132

 O00L        0.50473  0.68736  0.95795    1.00000    0.26395  0.14445  0.09276  0.02735  0.01294  0.13257   0.15351
   0.03770   0.00054  0.00047  0.00074    0.00000    0.01951  0.01339  0.01015  0.00894  0.01085  0.01430   0.00645

 C00M        0.73768  0.53319  0.50000    0.50000    0.27030
   0.08188   0.00125  0.00133  0.00000    0.00000    0.01871

 C00N        0.59417  0.40583  0.10258    0.50000    0.18870
   0.02676   0.00045  0.00045  0.00161    0.00000    0.01072

 C00O        0.62788  0.62788  0.55643    0.50000    1.07441
   2.81235   0.00325  0.00325  0.17157    0.00000    0.15775

 C00P        0.75573  0.37787  0.50000    0.25000    0.55179
   0.29300   0.00498  0.00249  0.00000    0.00000    0.08061

 C00Q        0.79730  0.39865  0.50000    0.25000    0.40234
   0.19754   0.00336  0.00168  0.00000    0.00000    0.04226

 C00R        0.59306  0.67097  0.00000    0.50000    0.33664
   0.10288   0.00151  0.00155  0.00000    0.00000    0.02399

 C00S        0.70395  0.56041  0.50000    0.50000    0.41136
   0.12379   0.00191  0.00195  0.00000    0.00000    0.03214

 C00T        0.53873  0.46127  0.20221    0.50000    0.40290
   0.08853   0.00112  0.00112  0.00533    0.00000    0.03737

 C00U        0.66652  0.58999  0.50000    0.50000    0.41862
   0.13374   0.00205  0.00191  0.00000    0.00000    0.03133

 C00V        0.71494  0.42988  0.50000    0.25000    0.70514
   0.34351   0.00292  0.00584  0.00000    0.00000    0.12535

 C00W        1.00000  1.00000  0.02722    0.08333    0.58830
   0.17244   0.00000  0.00000  0.01038    0.00000    0.09662

 C00X        0.71279  0.60265  0.50000    0.50000    1.42767
   0.55005   0.00846  0.00800  0.00000    0.00000    0.27902

 C00Y        0.59051  0.64738  0.08121    1.00000    0.91776
   0.22758   0.00308  0.00286  0.00445    0.00000    0.07405

 C00Z        0.48479  0.40328  0.09697    1.00000    0.73492
   0.22582   0.00307  0.00292  0.00507    0.00000    0.05345

 C010        0.75155  0.50309  0.50000    0.25000    1.02773
   0.65342   0.00556  0.01112  0.00000    0.00000    0.29588

 C011        0.92759  0.85518  0.50000    0.25000    2.00000
   2.15181   0.01830  0.03660  0.00000    0.00000    1.94902

 O012        0.64201  0.64201  0.23713    0.50000    0.65005
   0.12909   0.00146  0.00146  0.00378    0.00000    0.03668

 C013        0.54933  0.45067  0.08411    0.50000    0.73584
   0.28282   0.00442  0.00442  0.01703    0.00000    0.36393

 C014        0.93363  0.86725  0.56265    0.50000    1.32813
   0.97214   0.00655  0.01309  0.02037    0.00000    0.36374

 C016        1.00000  1.00000  0.52619    0.08333    0.60105
   0.15658   0.00000  0.00000  0.00943    0.00000    0.07377

 C017        0.54398  0.45602 -0.18063    0.50000    1.95813
   0.45424   0.00724  0.00724  0.02735    0.00000    0.62048

 C018        1.00000  1.00000  0.75410    0.08333    2.00000
   0.80620   0.00000  0.00000  0.04854    0.00000    0.95274

 C019        0.73782  0.46147  0.50000    0.50000    0.90581
   0.37815   0.00616  0.00561  0.00000    0.00000    0.16404

 C01A        0.58535  0.41465  0.00000    0.25000    0.18501
   0.00000   0.00034  0.00034  0.00000    0.00000    0.00728

 C01B        0.93019  0.86038  0.73270    0.50000    1.22852
   0.36066   0.00262  0.00523  0.01210    0.00000    0.13749

 C01C        0.79030  0.39515  0.57158    0.50000    1.74434
   0.65034   0.00935  0.00468  0.01777    0.00000    0.33144

 C01D        0.75409  0.57497  0.59440    1.00000    0.64782
   0.15609   0.00180  0.00215  0.00359    0.00000    0.04395

 C01E        0.93816  0.49672  0.50000    0.50000    1.57032
   0.62500   0.00717  0.01188  0.00000    0.00000    0.36626



 Final Structure Factor Calculation for  CrystalPilot cross-check in P 6/m m m                                      

 Total number of l.s. parameters =   236  Maximum vector length =  623   Memory required =     76 /   6778 /    26789

 wR2 =  0.3440 before cycle   7 for    4395 data and      0 /    236 parameters

 GooF = S =     1.637;     Restrained GooF =      1.637 for       0 restraints

 Weight = 1 / [ sigma^2(Fo^2) + ( 0.1000 * P )^2 +   0.00 * P ]   where  P = ( Max ( Fo^2, 0 ) + 2 * Fc^2 ) / 3

 wR2 = 0.3440, GooF = S = 1.637, Restrained GooF = 1.637 for all data
 R1 = 0.1302 for 2063 Fo > 4sig(Fo) and 0.2191 for all 4395 data

 Occupancy sum of asymmetric unit =    29.00 for non-hydrogen and     0.00 for H and D atoms



 Principal mean square atomic displacements U

   0.0941   0.0687   0.0631   Zr01  
   0.1116   0.0746   0.0680   Zr02  
   0.1238   0.0905   0.0701   O003  
   0.1685   0.0933   0.0808   O004  
   0.2170   0.1035   0.0865   O005  
   0.2365   0.0971   0.0846   O006  
   0.2617   0.1003   0.1000   O007    may be split into  0.6008  0.6008  0.4242  and  0.6009  0.6009  0.4000
   0.1882   0.1184   0.0743   O008  
   0.1248   0.1059   0.0685   C009  
   0.2457   0.0811   0.0704   C00A    may be split into  0.5104  0.6897  0.7806  and  0.5003  0.6901  0.7826
   0.1820   0.1189   0.0613   O00B  
   0.1622   0.1066   0.0575   C00C  
   0.2202   0.1056   0.0862   O00D  
   0.2451   0.1037   0.0552   C00E  
   0.2371   0.1137   0.0577   O00F  
   0.1910   0.1253   0.0639   O00G  
   0.2491   0.1058   0.0549   C00H  
   0.2492   0.0811   0.0752   C00I    may be split into  0.5105  0.7526  0.9568  and  0.5000  0.7526  0.9577
   0.2573   0.1220   0.0775   O00J  
   0.2650   0.1225   0.0731   O00L  

 ** Warning:     3  atoms may be split and     0  atoms NPD **



 Analysis of variance for reflections employed in refinement      K = Mean[Fo^2] / Mean[Fc^2]  for group


 Fc/Fc(max)       0.000    0.006    0.010    0.015    0.021    0.027    0.035    0.046    0.064    0.107    1.000

 Number in group       479.     420.     447.     474.     413.     423.     427.     442.     430.     440.

            GooF      0.869    1.047    0.941    1.106    1.214    1.394    1.502    2.164    2.320    2.641

             K        0.681    1.228    0.691    1.024    1.110    1.067    1.002    1.024    1.018    1.066


 Resolution(A)    1.00     1.04     1.08     1.13     1.20     1.28     1.38     1.52     1.77     2.26     inf

 Number in group       445.     444.     438.     443.     436.     431.     437.     444.     437.     440.

            GooF      1.024    0.978    1.046    1.073    1.047    1.102    1.147    1.231    1.872    3.687

             K        1.239    1.117    1.120    1.072    0.983    0.907    0.993    0.992    1.081    1.068

             R1       0.438    0.352    0.320    0.285    0.298    0.277    0.141    0.106    0.114    0.173


 Recommended weighting scheme:  WGHT    0.2000    0.0000
 [Weight parameters refined to    0.2873        0.00  but appear excessive]


 Most Disagreeable Reflections (* if suppressed or used for Rfree).
 Error/esd is calculated as sqrt(wD^2/<wD^2>) where w is given by the weight
 formula, D = Fo^2-Fc^2 and <> refers to the average over all reflections.

     h   k   l          Fo^2          Fc^2    Error/esd  Fc/Fc(max)  Resolution(A)

    -2   7   2       8335.32       1289.17       9.93       0.051       4.55
    -2   4   0     147427.88      20093.88       8.05       0.202       9.80
    -1   5   1       3468.45        858.74       7.46       0.042       6.76
    -1   4   0      53004.43      14726.65       7.21       0.173       9.41
    -3  10   0      11771.37       3032.75       7.10       0.079       3.82
     0   3   0      93434.03     447114.31       6.67       0.953      11.31
    -1   4   2      13632.47       4876.55       6.34       0.100       6.23
     0   6   0     123442.80      36775.15       6.16       0.273       5.66
    -4  12   0       2285.09       9595.09       6.13       0.140       3.21
     0   1   3       2237.68        461.48       5.96       0.031       5.46
     0   9   4       5099.82       1366.18       5.85       0.053       2.79
    -4   8   0       1268.21       5657.62       5.75       0.107       4.90
    -1   2   2       4037.76       1512.60       5.30       0.055       7.65
     0   5   1       5930.94       2292.95       5.22       0.068       6.28
    -6  12   3       3293.56        948.51       5.19       0.044       2.81
    -1   3   3       1463.68       4355.43       5.12       0.094       5.08
     0   3   3        224.17       1598.48       4.88       0.057       4.97
    -2   9   0     150534.98      67037.31       4.87       0.369       4.15
    -4  12   1      15480.24       7338.17       4.69       0.122       3.15
    -2   5   0       4465.37      11338.11       4.67       0.152       7.79
    -1   8   1       3358.91       1430.19       4.63       0.054       4.34
    -2  10   0      67943.31      31746.58       4.58       0.254       3.70
     0   7   0      14666.00       6093.93       4.57       0.111       4.85
    -5  12   0       1592.32         22.90       4.52       0.007       3.25
     0   5   5        678.91       2541.76       4.38       0.072       2.98
     0   6   1      11811.31       5623.24       4.31       0.107       5.35
    -3   9   2       3236.54       1449.88       4.22       0.054       3.80
    -5  14   2       3301.03       1491.44       4.20       0.055       2.62
    -1   6   1       1021.42       2531.47       4.18       0.072       5.72
     0   9   2      10350.30       5020.06       4.18       0.101       3.43
    -3  10   1       2733.55       1121.17       4.17       0.048       3.72
    -2   5   1      12265.13      27093.10       4.16       0.235       7.05
    -2   8   0      50676.78      25573.86       4.13       0.228       4.71
    -5  15   0       1976.40       4983.50       4.11       0.101       2.57
     0   3   1      14837.36       7371.47       4.06       0.122       9.35
    -5  15   1       4473.25       2156.00       4.05       0.066       2.54
    -4  12   2      12308.39       6468.12       4.03       0.115       2.99
    -4   8   6       4183.67       1765.14       3.98       0.060       2.41
    -3   9   3       7758.29       4040.30       3.97       0.091       3.38
     0   7   2      28033.18      14520.10       3.92       0.172       4.19
    -5  12   2        427.42       1486.06       3.89       0.055       3.03
    -4  13   6      12371.41       6518.78       3.85       0.115       2.02
    -2   4   3       1315.65        301.67       3.79       0.025       4.82
    -1   9   3       7189.66       3878.37       3.72       0.089       3.23
    -3   6   1      10321.22       5481.22       3.71       0.106       6.08
    -2  11   3       1021.89        160.05       3.60       0.018       2.86
    -3   8   0       6338.02      12543.33       3.59       0.160       4.85
    -2   6   5       3645.72       1935.75       3.58       0.063       2.95
    -6  14   0      14885.64       8222.46       3.51       0.129       2.79
    -4   9   4      28724.11      16538.48       3.51       0.183       3.00



 Bond lengths and angles

 Zr01 -          Distance        Angles
 C01E_$13  1.1397 (0.4305) 
 C01E_$14  1.1398 (0.4260)  143.69 (9.99)
 O005_$5   2.1532 (0.0133)  126.83 (9.99)  16.85 (9.99)
 O005      2.1533 (0.0132)   16.85 (9.99) 126.84 (9.99) 109.98 (0.85)
 O008_$3   2.1853 (0.0121)   79.67 (7.28)  79.62 (7.30)  70.65 (0.30)  70.69 (0.30)
 O008_$1   2.1853 (0.0121)   79.67 (7.27)  79.62 (7.31)  70.65 (0.30)  70.69 (0.30) 109.53 (0.76)
 O003_$4   2.1989 (0.0096)   65.46 (9.65) 136.95 (5.66) 141.66 (0.21)  78.25 (0.41)  77.81 (0.37) 142.73 (0.23)
 O003_$6   2.1989 (0.0096)  136.96 (5.68)  65.46 (9.68)  78.25 (0.41) 141.66 (0.21)  77.78 (0.37) 142.68 (0.22)  74.19 (0.45)
 O003_$5   2.1989 (0.0096)  136.96 (5.67)  65.46 (9.68)  78.25 (0.41) 141.66 (0.21) 142.68 (0.22)  77.78 (0.37) 119.18 (0.50)
 O003      2.1990 (0.0096)   65.46 (9.65) 136.95 (5.67) 141.67 (0.21)  78.26 (0.41) 142.73 (0.23)  77.81 (0.37)  76.12 (0.43)
 Zr02_$4   3.4955 (0.0027)   45.90 (9.32) 104.97 (9.99)  90.48 (0.38)  35.51 (0.21)  90.43 (0.33)  35.19 (0.19) 111.34 (0.24)
 Zr02_$3   3.4947 (0.0027)  104.97 (9.99)  45.90 (9.31)  35.50 (0.21)  90.49 (0.38)  35.15 (0.19)  90.41 (0.33) 110.30 (0.22)
                 Zr01            C01E_$13      C01E_$14      O005_$5       O005          O008_$3       O008_$1       O003_$4      

 Zr02 -          Distance        Angles
 O008_$3   2.1233 (0.0074) 
 O008      2.1213 (0.0074)   68.43 (0.57)
 O005      2.1449 (0.0079)   72.04 (0.49) 109.33 (0.59)
 O005_$7   2.1443 (0.0079)  109.31 (0.59)  72.05 (0.49)  69.26 (0.60)
 O006      2.2074 (0.0128)   84.07 (0.52)  84.00 (0.52) 144.93 (0.30) 144.83 (0.30)
 O007      2.2190 (0.0139)  145.11 (0.29) 145.13 (0.29)  83.26 (0.59)  83.27 (0.59) 104.46 (0.67)
 O004_$7   2.2463 (0.0093)  139.92 (0.38)  76.42 (0.40) 140.33 (0.41)  76.08 (0.42)  73.46 (0.30)  73.93 (0.32)
 O004_$4   2.2472 (0.0093)   76.42 (0.40) 139.92 (0.39)  76.04 (0.42) 140.30 (0.41)  73.58 (0.30)  73.91 (0.32) 125.52 (0.49)
 Zr01_$1   3.4947 (0.0027)   89.10 (0.35)  36.37 (0.32)  89.18 (0.37)  35.67 (0.35) 116.33 (0.27) 115.34 (0.32)  72.66 (0.25)
 Zr01      3.4955 (0.0027)   36.38 (0.32)  89.12 (0.35)  35.67 (0.35)  89.17 (0.37) 116.42 (0.27) 115.32 (0.32) 161.85 (0.25)
 Zr02_$3   3.5098 (0.0050)   34.20 (0.29)  34.24 (0.29)  90.22 (0.41)  90.24 (0.41)  83.45 (0.42) 172.09 (0.50) 108.95 (0.25)
 Zr02_$4   3.5293 (0.0045)   90.55 (0.38)  90.55 (0.38)  34.64 (0.30)  34.62 (0.30) 173.45 (0.43)  82.09 (0.50) 108.84 (0.26)
                 Zr02            O008_$3       O008          O005          O005_$7       O006          O007          O004_$7      

 O003 -          Distance        Angles
 C009      1.2765 (0.0148) 
 Zr01      2.1990 (0.0095)  131.78 (0.91)
                 O003            C009         

 O004 -          Distance        Angles
 C009      1.2479 (0.0144) 
 Zr02_$4   2.2473 (0.0093)  133.74 (0.98)
                 O004            C009         

 O005 -          Distance        Angles
 C01E_$13  1.1127 (0.3390) 
 Zr01      2.1533 (0.0132)   17.27 (9.99)
 Zr02_$4   2.1449 (0.0079)  116.56 (7.57) 108.83 (0.47)
 Zr02      2.1449 (0.0079)  116.56 (7.56) 108.83 (0.47) 110.72 (0.60)
                 O005            C01E_$13      Zr01          Zr02_$4      

 O006 -          Distance        Angles
 Zr02      2.2074 (0.0128) 
                 O006           

 O007 -          Distance        Angles
 C00O      2.6206 (2.6090) 
 Zr02      2.2190 (0.0138)  121.77 (9.99)
                 O007            C00O         

 O008 -          Distance        Angles
 Zr02      2.1213 (0.0074) 
 Zr02_$3   2.1234 (0.0074)  111.55 (0.57)
 Zr01_$1   2.1851 (0.0121)  108.48 (0.43) 108.43 (0.43)
                 O008            Zr02          Zr02_$3      

 C009 -          Distance        Angles
 O004      1.2479 (0.0144) 
 O003      1.2765 (0.0147)  126.70 (1.48)
 C00C      1.4942 (0.0180)  117.83 (1.53) 115.32 (1.43)
                 C009            O004          O003         

 C00A -          Distance        Angles
 O00D      1.4143 (0.0196) 
 O00J      1.4799 (0.0207)  121.80 (1.45)
 C00E      1.4954 (0.0177)  119.88 (1.77) 118.28 (1.71)
                 C00A            O00D          O00J         

 O00B -          Distance        Angles
 C00C      1.3918 (0.0170) 
 O00D      1.4262 (0.0179)  118.26 (1.47)
                 O00B            C00C         

 C00C -          Distance        Angles
 O00B      1.3918 (0.0170) 
 O00G      1.4191 (0.0174)  125.23 (1.41)
 C009      1.4942 (0.0179)  118.23 (1.52) 116.38 (1.54)
                 C00C            O00B          O00G         

 O00D -          Distance        Angles
 O00B      1.4262 (0.0179) 
 C00A      1.4143 (0.0197)  119.27 (1.51)
                 O00D            O00B         

 C00E -          Distance        Angles
 C00H      1.3734 (0.0167) 
 O00F      1.4186 (0.0164)  122.11 (1.46)
 C00A      1.4954 (0.0176)  122.63 (1.33) 115.25 (1.36)
                 C00E            C00H          O00F         

 O00F -          Distance        Angles
 C00E      1.4186 (0.0164) 
 C00E_$8   1.4203 (0.0164)  118.16 (1.89)
                 O00F            C00E         

 O00G -          Distance        Angles
 C00C      1.4191 (0.0174) 
 O00J      1.4335 (0.0185)  117.65 (1.53)
                 O00G            C00C         

 C00H -          Distance        Angles
 C00E      1.3734 (0.0167) 
 C00I      1.4357 (0.0144)  118.56 (1.48)
 O00L      1.4894 (0.0168)  120.26 (1.25) 121.19 (1.26)
                 C00H            C00E          C00I         

 C00I -          Distance        Angles
 C00I_$9   1.4202 (0.0347) 
 C00H_$8   1.4344 (0.0144)  119.77 (0.87)
 C00H      1.4357 (0.0144)  119.73 (0.87) 120.49 (1.74)
                 C00I            C00I_$9       C00H_$8      

 O00J -          Distance        Angles
 O00G      1.4335 (0.0185) 
 C00A      1.4799 (0.0207)  117.58 (1.57)
                 O00J            O00G         

 O00K -          Distance        Angles
 C017_$10  1.9452 (0.4630) 
 C013      1.7590 (0.3004)   51.72 (9.99)
 C00N      1.6762 (0.0328)  176.02 (9.99) 132.24 (9.28)
                 O00K            C017_$10      C013         

 O00L -          Distance        Angles
 O00L_$9   1.3970 (0.0246) 
 C00H      1.4894 (0.0168)  119.07 (0.74)
                 O00L            O00L_$9      

 C00M -          Distance        Angles
 C010      1.6243 (0.2463) 
                 C00M           

 C00N -          Distance        Angles
 O00K      1.6762 (0.0328) 
                 C00N           

 C00O -          Distance        Angles
 C00O_$4   1.8745 (5.7005) 
 O007      2.6206 (2.6006)   23.87 (9.99)
                 C00O            C00O_$4      

 C00P -          Distance        Angles
 C00Q      1.4110 (0.1422) 
 C01C_$4   1.6756 (0.3603)   45.46 (9.99)
 C01C      1.6756 (0.3603)   45.46 (9.99)  90.40 (9.99)
                 C00P            C00Q          C01C_$4      

 C00Q -          Distance        Angles
 C00P      1.4110 (0.1421) 
 C01C_$4   1.2172 (0.2950)   78.84 (9.99)
 C01C      1.2173 (0.2950)   78.84 (9.99) 155.25 (9.99)
                 C00Q            C00P          C01C_$4      

 C00R -          Distance        Angles
 C00Y_$10  1.6097 (0.0787) 
 C00Y      1.6098 (0.0787)  113.84 (7.34)
                 C00R            C00Y_$10     

 C00T -          Distance        Angles
 C017_$10  0.5363 (0.4978) 
 C013      2.0674 (0.3061)   29.86 (9.99)
                 C00T            C017_$10     

 C00U -          Distance        Angles
 C00X      1.6231 (0.2897) 
                 C00U           

 C00V -          Distance        Angles
 C019      1.2142 (0.2688) 
 C019_$11  1.2466 (0.2619)   26.04 (9.99)
                 C00V            C019         

 C00W -          Distance        Angles
 C00W_$12  0.9041 (0.3449) 
 C016      8.2879 (0.2408)  180.00 (0.14)
                 C00W            C00W_$12     

 C00X -          Distance        Angles
 C00U      1.6231 (0.2889) 
                 C00X           

 C00Y -          Distance        Angles
 C00R      1.6098 (0.0787) 
                 C00Y           

 C010 -          Distance        Angles
 C00M      1.6243 (0.2462) 
 C00M_$11  1.5504 (0.2609)   91.07 (9.99)
                 C010            C00M         

 C013 -          Distance        Angles
 C017_$10  1.6244 (0.5832) 
 C00T      2.0674 (0.3059)    9.46 (9.99)
 O00K      1.7590 (0.3006)   70.06 (9.99)  79.48 (9.99)
                 C013            C017_$10      C00T         

 C016 -          Distance        Angles
 C00W      8.2879 (0.2408) 
                 C016           

 C017 -          Distance        Angles
 C013_$10  1.6244 (0.5832) 
 O00K_$10  1.9453 (0.4634)   58.22 (9.99)
 C00T_$10  0.5363 (0.4973)  140.67 (9.99) 160.64 (9.99)
                 C017            C013_$10      O00K_$10     

 C019 -          Distance        Angles
 C00V      1.2142 (0.2680) 
                 C019           

 C01C -          Distance        Angles
 C00P      1.6756 (0.3584) 
 C00Q      1.2173 (0.2948)   55.71 (9.99)
                 C01C            C00P         

 C01E -          Distance        Angles
 Zr01_$2   1.1397 (0.4250) 
 O005_$2   1.1125 (0.3398)  145.87 (9.99)
 C01E_$15  2.1660 (0.8703)   18.15 (9.99) 127.72 (9.99)
                 C01E            Zr01_$2       O005_$2      



 Selected torsion angles

    -5.29 ( 2.30)  Zr02_$4 - O004 - C009 - O003
   169.91 ( 0.92)  Zr02_$4 - O004 - C009 - C00C
     4.03 ( 2.16)  Zr01 - O003 - C009 - O004
  -171.27 ( 0.82)  Zr01 - O003 - C009 - C00C
    -5.79 ( 2.45)  O00D - O00B - C00C - O00G
   179.03 ( 1.33)  O00D - O00B - C00C - C009
  -176.09 ( 1.38)  O004 - C009 - C00C - O00B
    -0.35 ( 1.99)  O003 - C009 - C00C - O00B
     8.31 ( 2.01)  O004 - C009 - C00C - O00G
  -175.95 ( 1.26)  O003 - C009 - C00C - O00G
     4.08 ( 2.33)  C00C - O00B - O00D - C00A
    -1.28 ( 2.44)  O00J - C00A - O00D - O00B
   176.50 ( 1.43)  C00E - C00A - O00D - O00B
   123.75 ( 1.92)  O00D - C00A - C00E - C00H
   -58.38 ( 2.56)  O00J - C00A - C00E - C00H
   -55.41 ( 2.48)  O00D - C00A - C00E - O00F
   122.45 ( 1.89)  O00J - C00A - C00E - O00F
     1.72 ( 3.82)  C00H - C00E - O00F - C00E_$8
  -179.11 ( 1.51)  C00A - C00E - O00F - C00E_$8
     4.26 ( 2.42)  O00B - C00C - O00G - O00J
   179.51 ( 1.33)  C009 - C00C - O00G - O00J
    -1.39 ( 3.24)  O00F - C00E - C00H - C00I
   179.50 ( 1.93)  C00A - C00E - C00H - C00I
   178.84 ( 1.89)  O00F - C00E - C00H - O00L
    -0.27 ( 3.03)  C00A - C00E - C00H - O00L
  -179.67 ( 1.29)  C00E - C00H - C00I - C00I_$9
     0.10 ( 2.37)  O00L - C00H - C00I - C00I_$9
     1.02 ( 3.80)  C00E - C00H - C00I - C00H_$8
  -179.22 ( 1.38)  O00L - C00H - C00I - C00H_$8
    -1.08 ( 2.27)  C00C - O00G - O00J - C00A
    -0.22 ( 2.45)  O00D - C00A - O00J - O00G
  -178.04 ( 1.41)  C00E - C00A - O00J - O00G
   179.67 ( 1.36)  C00E - C00H - O00L - O00L_$9
    -0.10 ( 2.35)  C00I - C00H - O00L - O00L_$9
  -169.26 ( 2.80)  C01C - C00P - C00Q - C01C_$4
   169.26 ( 2.80)  C01C_$4 - C00P - C00Q - C01C
  -179.65 ( 0.89)  C00N - O00K - C013 - C017_$10
     0.95 ( 0.90)  C017_$10 - O00K - C013 - C00T
  -178.70 ( 0.30)  C00N - O00K - C013 - C00T
    -7.64 ( 2.06)  C01C_$4 - C00P - C01C - C00Q
    25.90 (34.82)  C01C_$4 - C00Q - C01C - C00P


 FMAP and GRID set by program

 FMAP   2   1 167
 GRID    -0.610  -1  -1     0.610   1   1

 R1 =  0.2133 for   4395 unique reflections after merging for Fourier


 Electron density synthesis with coefficients Fo-Fc

 Highest peak    0.62  at  1.0000  0.3850  0.5000  [  1.07 A from C00O ]
 Deepest hole   -1.22  at  0.5857  0.1714  0.0000  [  0.03 A from C01A ]


 Fourier peaks appended to .res file

              x       y       z       sof     U      Peak   Distances to nearest atoms (including eq.)

 Q1    1   0.6150  0.6150  0.5000   0.25000  0.05    0.62   1.07 C00O  1.56 O007  2.65 C00U  3.00 O005
 Q2    1   0.6558  0.6558  0.5000   0.25000  0.05    0.53   1.44 C00O  2.60 O007  2.81 C00U  3.74 C00X
 Q3    1   0.6667  0.3333  0.7547   0.16667  0.05    0.52   5.18 C01C  5.20 C00P  5.35 C00V  5.46 C00N
 Q4    1   0.6116  0.6116  0.1867   0.50000  0.05    0.49   1.46 O012^a  2.62 C00Y  3.13 O006  3.77 O007
 Q5    1   1.0000  1.0000  0.6034   0.08333  0.05    0.49   1.28 C016  2.15 C016  2.50 C018  4.56 C014^a
 Q6    1   0.6207  0.3793  0.1102   0.50000  0.05    0.46   1.81 C00N  3.02 C01A  3.43 O00K  3.97 C00N
 Q7    1   0.3928  0.6964  0.8525   0.50000  0.05    0.44   3.95 O00F  4.02 C00E  4.14 C00H  4.19 C00I
 Q8    1   1.0000  1.0000  0.8293   0.08333  0.05    0.44   1.25 C018  2.38 C00W  3.29 C00W  5.00 C01B
 Q9    1   0.5000  0.5000  0.1471   0.25000  0.05    0.44   2.43 O006  2.78 C00T^a  3.04 C017  3.51 C013
 Q10   1   0.6482  0.3241  0.1599   0.50000  0.05    0.43   4.74 C00N  5.27 O00F  5.34 O00D  5.35 C00E
 Q11   1   0.6512  0.3488  0.0000   0.25000  0.05    0.42   4.23 C00N  4.47 C01A  5.43 C00I  5.50 C00H
 Q12   1   0.6667  0.3333  0.0765   0.16667  0.05    0.42   4.94 C00N  5.66 C01A  5.75 C00N  5.86 C00I
 Q13   1   0.6300  0.6561  0.5000   0.50000  0.05    0.41   1.42 C00O  1.81 C00U  2.38 O007  2.91 C00X
 Q14   1   0.6866  0.6166  0.4000   1.00000  0.05    0.40   1.91 C00U  2.16 C00X  2.65 C00O  3.09 C00S
 Q15   1   0.5663  0.5663  0.3573   0.50000  0.05    0.39   1.04 ZR02  1.63 O007  1.93 O006  2.00 O004
 Q16   1   0.6643  0.5704  0.5000   0.50000  0.05    0.39   0.73 C00U  1.68 C00X  1.78 C00S  3.30 C009
 Q17   1   0.6667  0.3333  0.0000   0.08333  0.05    0.39   5.21 C00N  5.21 C00N  5.52 C01A  5.52 C01A
 Q18   1   0.6948  0.3474  0.7608   0.50000  0.05    0.38   4.52 C01C  4.57 C00N  4.76 O00D  4.80 C00P
 Q19   1   0.6867  0.5326  0.5000   0.50000  0.05    0.37   0.95 C00S  1.99 C00M  2.40 C00X  2.73 C00U
 Q20   1   0.5695  0.5695  0.4296   0.50000  0.05    0.37   1.14 ZR02  1.26 O007  1.94 O005  2.30 C00O

 Shortest distances between peaks (including symmetry equivalents)

      3  18  0.96      2  13  1.02     11  17  1.05     10  10  1.08     15  20  1.21     12  17  1.27      7  10  1.41
      1  13  1.41     10  12  1.52      3  10  1.55     10  18  1.56     10  18  1.56      1   2  1.60     11  12  1.65
     18  18  1.65     13  13  1.77     11  11  1.82     10  18  2.06     16  19  2.06      1  20  2.13     13  14  2.26
     14  16  2.28      7  18  2.32     20  20  2.34      7  12  2.34      7  12  2.34      7  10  2.40      7  10  2.40
     13  16  2.51     12  12  2.54      3   7  2.59      3   7  2.59     10  17  2.73      6  11  2.76      3  12  2.80
      6   7  2.81      6   7  2.81     10  11  2.81     10  11  2.81     12  18  2.87      2  14  2.90      6  10  2.97
      6  10  2.97


 Time profile in seconds
 -----------------------

      0.02: Read and process instructions
      0.00: Fit rigid groups
      0.00: Interpret restraints etc.
      0.00: Generate connectivity array
      0.00: Analyse DFIX and DANG restraints
      0.00: Analyse SAME, SADI and NCSY restraints
      0.00: Generate CHIV restraints
      0.00: Check if bonds in residues restrained
      0.00: Generate DELU and RIGU restraints
      0.00: Generate SIMU restraints
      0.00: Generate ISOR restraints
      0.00: Analyse electron density
      0.00: Analyse other restraints etc.
      0.48: Read intensity data, sort/merge etc.
      0.00: Set up constraints
      0.00: OSF, H-atoms from difference map
      0.02: Set up l.s. refinement
      0.00: Generate idealized H-atoms
      0.05: Structure factors and derivatives
      0.05: Sum l.s. matrices
      0.00: Generate and apply antibumping restraints
      0.00: Apply other restraints
      0.01: Solve l.s. equations
      0.00: Generate HTAB table
      4.59: Other dependent quantities, CIF, tables
      0.01: Analysis of variance
      0.07: Merge reflections for Fourier and .fcf
      0.05: Fourier summations
      0.04: Peaksearch
      0.00: Analyse peaklist

 ** WARNING: These times are only approximate for multiple threads.
             To get better estimates run with -t1 **

   Please cite: G.M. Sheldrick (2015) "Crystal structure refinement with
   SHELXL", Acta Cryst., C71, 3-8 (Open Access) if SHELXL proves useful.

 +++++++++++++++++++++++++++++++++++++++++++++++++++++++++++++++++++++++++++++
 +  job           finished at 19:42:30   Total elapsed time:      5.38 secs  +
 +++++++++++++++++++++++++++++++++++++++++++++++++++++++++++++++++++++++++++++
