DIALS (2018) Acta Cryst. D74, 85-97. https://doi.org/10.1107/S2059798317017235
DIALS 3.30
The following parameters have been modified:

indexing {
  joint_indexing = True
}
input {
  experiments = imported.expt
  reflections = strong.refl
}

Found max_cell: 15.7 Angstrom
Setting d_min: 0.71
FFT gridding: (256,256,256)
Number of centroids used: 2724
Candidate solutions:
+--------------------------------+----------+----------------+------------+-------------+-------------------+-----------+-----------------+-----------------+
| unit_cell                      |   volume |   volume score |   #indexed |   % indexed |   % indexed score |   rmsd_xy |   rmsd_xy score |   overall score |
|--------------------------------+----------+----------------+------------+-------------+-------------------+-----------+-----------------+-----------------|
| 5.46 5.56 11.43 89.7 89.9 89.8 |      347 |           0.02 |       2339 |          83 |              0.12 |      0.19 |            0    |            0.14 |
| 5.47 5.56 11.44 89.8 89.6 89.9 |      348 |           0.03 |       2384 |          85 |              0.09 |      0.19 |            0.05 |            0.17 |
| 5.46 5.56 11.50 90.4 90.0 90.2 |      349 |           0.03 |       2406 |          85 |              0.08 |      0.19 |            0.06 |            0.17 |
| 5.46 5.53 11.45 89.7 89.9 89.9 |      346 |           0.02 |       2398 |          85 |              0.08 |      0.2  |            0.1  |            0.2  |
| 5.46 5.56 11.44 90.6 90.0 90.2 |      347 |           0.02 |       2298 |          81 |              0.14 |      0.19 |            0.04 |            0.21 |
| 5.47 5.56 11.45 89.5 89.9 89.9 |      348 |           0.03 |       2328 |          83 |              0.12 |      0.2  |            0.09 |            0.24 |
| 5.48 5.57 11.44 90.3 90.3 90.1 |      349 |           0.03 |       2384 |          85 |              0.09 |      0.2  |            0.12 |            0.25 |
| 5.46 5.53 11.46 90.6 90.0 90.1 |      346 |           0.02 |       2349 |          83 |              0.11 |      0.2  |            0.12 |            0.25 |
| 5.44 5.56 11.51 89.7 89.6 89.6 |      348 |           0.03 |       2538 |          90 |              0    |      0.22 |            0.22 |            0.25 |
| 5.48 5.56 11.43 89.9 89.6 90.0 |      348 |           0.03 |       2368 |          84 |              0.1  |      0.2  |            0.13 |            0.26 |
| 5.46 5.54 11.44 89.7 89.7 89.5 |      346 |           0.02 |       2376 |          84 |              0.1  |      0.21 |            0.15 |            0.26 |
| 5.46 5.54 11.45 89.4 89.9 89.5 |      346 |           0.02 |       2342 |          83 |              0.12 |      0.2  |            0.13 |            0.26 |
| 5.46 5.54 11.50 90.5 90.0 90.5 |      347 |           0.02 |       2408 |          85 |              0.08 |      0.21 |            0.16 |            0.26 |
| 5.46 5.51 11.43 90.0 89.9 90.0 |      343 |           0.01 |       2355 |          84 |              0.11 |      0.21 |            0.17 |            0.29 |
| 5.48 5.56 11.50 89.7 89.9 90.0 |      350 |           0.04 |       2432 |          86 |              0.06 |      0.21 |            0.19 |            0.29 |
| 5.44 5.56 11.48 90.3 90.3 90.4 |      347 |           0.03 |       2402 |          85 |              0.08 |      0.21 |            0.19 |            0.29 |
| 5.48 5.57 11.50 90.4 90.1 90.1 |      351 |           0.04 |       2436 |          86 |              0.06 |      0.21 |            0.2  |            0.3  |
| 5.46 5.51 11.50 90.4 90.0 90.0 |      346 |           0.02 |       2388 |          85 |              0.09 |      0.21 |            0.2  |            0.31 |
| 5.48 5.54 11.45 90.2 90.3 90.1 |      348 |           0.03 |       2423 |          86 |              0.07 |      0.22 |            0.22 |            0.31 |
| 5.46 5.49 11.50 90.1 90.0 90.2 |      344 |           0.01 |       2352 |          83 |              0.11 |      0.21 |            0.19 |            0.31 |
| 5.48 5.56 11.44 89.5 89.9 90.0 |      349 |           0.03 |       2322 |          82 |              0.13 |      0.21 |            0.16 |            0.32 |
| 5.46 5.51 11.44 90.3 90.1 90.0 |      344 |           0.01 |       2325 |          82 |              0.13 |      0.21 |            0.19 |            0.33 |
| 5.48 5.57 11.45 90.6 90.1 90.1 |      349 |           0.03 |       2333 |          83 |              0.12 |      0.21 |            0.2  |            0.35 |
| 5.46 5.52 11.50 91.0 90.0 90.1 |      346 |           0.02 |       2412 |          86 |              0.07 |      0.23 |            0.27 |            0.37 |
| 5.46 5.49 11.41 90.1 90.0 90.2 |      342 |           0    |       2270 |          80 |              0.16 |      0.22 |            0.21 |            0.37 |
| 5.48 5.54 11.46 90.6 90.0 90.1 |      348 |           0.03 |       2366 |          84 |              0.1  |      0.22 |            0.25 |            0.37 |
| 5.46 5.50 11.44 89.7 89.9 89.9 |      344 |           0.01 |       2325 |          82 |              0.13 |      0.22 |            0.24 |            0.38 |
| 5.46 5.52 11.47 89.4 89.9 89.7 |      346 |           0.02 |       2343 |          83 |              0.12 |      0.22 |            0.26 |            0.39 |
| 5.47 5.50 11.49 90.2 90.1 90.1 |      345 |           0.02 |       2378 |          84 |              0.09 |      0.23 |            0.29 |            0.4  |
| 5.47 5.56 11.44 89.3 89.9 89.5 |      348 |           0.03 |       2275 |          81 |              0.16 |      0.22 |            0.22 |            0.4  |
| 5.47 5.50 11.41 90.1 90.1 90.1 |      343 |           0.01 |       2293 |          81 |              0.15 |      0.22 |            0.25 |            0.41 |
| 5.46 5.49 11.40 90.4 90.2 90.2 |      341 |           0    |       2286 |          81 |              0.15 |      0.22 |            0.26 |            0.41 |
| 5.47 5.50 11.39 90.3 90.1 90.1 |      342 |           0    |       2274 |          81 |              0.16 |      0.22 |            0.26 |            0.42 |
| 5.47 5.52 11.45 89.6 89.9 89.7 |      346 |           0.02 |       2335 |          83 |              0.12 |      0.23 |            0.29 |            0.43 |
| 5.48 5.53 11.46 90.7 90.0 90.0 |      347 |           0.02 |       2347 |          83 |              0.11 |      0.23 |            0.3  |            0.43 |
| 5.47 5.52 11.44 89.8 89.7 89.7 |      345 |           0.02 |       2373 |          84 |              0.1  |      0.23 |            0.32 |            0.44 |
| 5.47 5.56 11.50 89.4 89.9 89.3 |      350 |           0.03 |       2355 |          84 |              0.11 |      0.23 |            0.31 |            0.45 |
| 5.46 5.56 11.47 90.0 89.7 89.4 |      348 |           0.03 |       2435 |          86 |              0.06 |      0.24 |            0.37 |            0.46 |
| 5.48 5.52 11.50 90.9 90.1 90.0 |      348 |           0.03 |       2441 |          87 |              0.06 |      0.24 |            0.38 |            0.47 |
| 5.48 5.51 11.50 90.0 89.9 89.9 |      347 |           0.02 |       2380 |          84 |              0.09 |      0.24 |            0.36 |            0.48 |
| 5.48 5.49 11.50 89.7 89.9 89.9 |      346 |           0.02 |       2412 |          86 |              0.07 |      0.25 |            0.4  |            0.49 |
| 5.48 5.49 11.44 89.8 89.8 89.9 |      344 |           0.01 |       2363 |          84 |              0.1  |      0.24 |            0.38 |            0.5  |
| 5.46 5.56 11.37 90.4 90.1 90.6 |      345 |           0.02 |       2267 |          80 |              0.16 |      0.23 |            0.32 |            0.5  |
| 5.47 5.56 11.44 89.2 89.7 89.3 |      348 |           0.03 |       2261 |          80 |              0.17 |      0.23 |            0.31 |            0.51 |
| 5.48 5.51 11.40 89.5 89.7 89.9 |      344 |           0.01 |       2293 |          81 |              0.15 |      0.24 |            0.35 |            0.51 |
| 5.48 5.49 11.43 90.2 90.4 90.1 |      344 |           0.01 |       2367 |          84 |              0.1  |      0.25 |            0.4  |            0.51 |
| 5.46 5.56 11.41 89.8 89.7 89.4 |      347 |           0.02 |       2310 |          82 |              0.14 |      0.24 |            0.36 |            0.52 |
| 5.47 5.56 11.44 89.2 89.9 89.3 |      348 |           0.03 |       2251 |          80 |              0.17 |      0.23 |            0.32 |            0.52 |
| 5.48 5.51 11.41 89.9 89.9 89.9 |      344 |           0.01 |       2277 |          81 |              0.16 |      0.24 |            0.37 |            0.54 |
| 5.48 5.48 11.45 89.8 89.8 89.8 |      343 |           0.01 |       2381 |          84 |              0.09 |      0.26 |            0.45 |            0.55 |
+--------------------------------+----------+----------------+------------+-------------+-------------------+-----------+-----------------+-----------------+
Using d_min_step 0.0

Indexed crystal models:
model 1 (382 reflections):
Crystal:
    Unit cell: 5.456, 5.560, 11.430, 89.713, 89.870, 89.822
    Space group: P 1
    U matrix:  {{-0.256826,  0.372547, -0.891768},
                { 0.966097,  0.124171, -0.226358},
                { 0.026403, -0.919669, -0.391807}}
    B matrix:  {{ 0.183298,  0.000000,  0.000000},
                {-0.000570,  0.179853,  0.000000},
                {-0.000413, -0.000900,  0.087489}}
    A = UB:    {{-0.046920,  0.067806, -0.078020},
                { 0.177107,  0.022536, -0.019804},
                { 0.005526, -0.165053, -0.034279}}
model 2 (383 reflections):
Crystal:
    Unit cell: 5.456, 5.560, 11.430, 89.713, 89.870, 89.822
    Space group: P 1
    U matrix:  {{-0.256826,  0.372547, -0.891768},
                { 0.966097,  0.124171, -0.226358},
                { 0.026403, -0.919669, -0.391807}}
    B matrix:  {{ 0.183298,  0.000000,  0.000000},
                {-0.000570,  0.179853,  0.000000},
                {-0.000413, -0.000900,  0.087489}}
    A = UB:    {{-0.046920,  0.067806, -0.078020},
                { 0.177107,  0.022536, -0.019804},
                { 0.005526, -0.165053, -0.034279}}
model 3 (497 reflections):
Crystal:
    Unit cell: 5.456, 5.560, 11.430, 89.713, 89.870, 89.822
    Space group: P 1
    U matrix:  {{-0.256826,  0.372547, -0.891768},
                { 0.966097,  0.124171, -0.226358},
                { 0.026403, -0.919669, -0.391807}}
    B matrix:  {{ 0.183298,  0.000000,  0.000000},
                {-0.000570,  0.179853,  0.000000},
                {-0.000413, -0.000900,  0.087489}}
    A = UB:    {{-0.046920,  0.067806, -0.078020},
                { 0.177107,  0.022536, -0.019804},
                { 0.005526, -0.165053, -0.034279}}
model 4 (220 reflections):
Crystal:
    Unit cell: 5.456, 5.560, 11.430, 89.713, 89.870, 89.822
    Space group: P 1
    U matrix:  {{-0.256826,  0.372547, -0.891768},
                { 0.966097,  0.124171, -0.226358},
                { 0.026403, -0.919669, -0.391807}}
    B matrix:  {{ 0.183298,  0.000000,  0.000000},
                {-0.000570,  0.179853,  0.000000},
                {-0.000413, -0.000900,  0.087489}}
    A = UB:    {{-0.046920,  0.067806, -0.078020},
                { 0.177107,  0.022536, -0.019804},
                { 0.005526, -0.165053, -0.034279}}
model 5 (514 reflections):
Crystal:
    Unit cell: 5.456, 5.560, 11.430, 89.713, 89.870, 89.822
    Space group: P 1
    U matrix:  {{-0.256826,  0.372547, -0.891768},
                { 0.966097,  0.124171, -0.226358},
                { 0.026403, -0.919669, -0.391807}}
    B matrix:  {{ 0.183298,  0.000000,  0.000000},
                {-0.000570,  0.179853,  0.000000},
                {-0.000413, -0.000900,  0.087489}}
    A = UB:    {{-0.046920,  0.067806, -0.078020},
                { 0.177107,  0.022536, -0.019804},
                { 0.005526, -0.165053, -0.034279}}
model 6 (343 reflections):
Crystal:
    Unit cell: 5.456, 5.560, 11.430, 89.713, 89.870, 89.822
    Space group: P 1
    U matrix:  {{-0.256826,  0.372547, -0.891768},
                { 0.966097,  0.124171, -0.226358},
                { 0.026403, -0.919669, -0.391807}}
    B matrix:  {{ 0.183298,  0.000000,  0.000000},
                {-0.000570,  0.179853,  0.000000},
                {-0.000413, -0.000900,  0.087489}}
    A = UB:    {{-0.046920,  0.067806, -0.078020},
                { 0.177107,  0.022536, -0.019804},
                { 0.005526, -0.165053, -0.034279}}
+------------+-------------+---------------+---------------+-------------+
|   Imageset |   # indexed |   # unindexed |   # unindexed |   % indexed |
|            |             |         total |       non-ice |             |
|------------+-------------+---------------+---------------+-------------|
|          0 |         382 |            33 |            30 |        92   |
|          1 |         383 |            32 |            24 |        92.3 |
|          2 |         497 |           175 |           151 |        74   |
|          3 |         220 |            46 |            38 |        82.7 |
|          4 |         514 |            67 |            56 |        88.5 |
|          5 |         343 |           128 |            97 |        72.8 |
+------------+-------------+---------------+---------------+-------------+

################################################################################
Starting refinement (macro-cycle 1)
################################################################################


Summary statistics for 2333 observations matched to predictions:
+-------------------+--------+---------+---------+----------+-------+
|                   |    Min |      Q1 |     Med |       Q3 |   Max |
|-------------------+--------+---------+---------+----------+-------|
| Xc - Xo (mm)      | -3.564 |  -0.447 | -0.1346 |   0.4952 | 3.678 |
| Yc - Yo (mm)      | -2.968 | -0.2341 | -0.1307 | -0.01253 | 2.183 |
| Phic - Phio (deg) | -17.26 |  -1.581 |  0.4768 |    1.107 | 13.12 |
| X weights         |  545.4 |    1032 |    1134 |     1180 |  1200 |
| Y weights         |  555.8 |    1047 |    1137 |     1176 |  1200 |
| Phi weights       |  42.16 |   47.55 |   47.82 |       48 |    48 |
+-------------------+--------+---------+---------+----------+-------+

Detecting centroid outliers using the Tukey algorithm
464 reflections have been flagged as outliers
1869 reflections remain in the manager

Summary statistics for 1869 observations matched to predictions:
+-------------------+---------+---------+---------+----------+-------+
|                   |     Min |      Q1 |     Med |       Q3 |   Max |
|-------------------+---------+---------+---------+----------+-------|
| Xc - Xo (mm)      | -0.8985 | -0.4504 | -0.2597 |   0.4873 | 1.031 |
| Yc - Yo (mm)      | -0.7329 | -0.2103 | -0.1327 | -0.04464 | 0.745 |
| Phic - Phio (deg) |  -4.906 |  -1.529 |  0.3567 |   0.9472 |  3.63 |
| X weights         |   545.4 |    1043 |    1144 |     1182 |  1200 |
| Y weights         |   555.8 |    1088 |    1153 |     1182 |  1200 |
| Phi weights       |   42.16 |   47.58 |   47.81 |       48 |    48 |
+-------------------+---------+---------+---------+----------+-------+

There are 51 parameters to refine against 1869 reflections in 3 dimensions

Refinement steps:
+--------+--------+----------+----------+------------+
|   Step |   Nref |   RMSD_X |   RMSD_Y |   RMSD_Phi |
|        |        |     (mm) |     (mm) |      (deg) |
|--------+--------+----------+----------+------------|
|      0 |   1869 | 0.48806  | 0.19844  |    1.3934  |
|      1 |   1869 | 0.12967  | 0.13474  |    1.3712  |
|      2 |   1869 | 0.11887  | 0.12335  |    1.3429  |
|      3 |   1869 | 0.11079  | 0.11584  |    1.3064  |
|      4 |   1869 | 0.10581  | 0.1094   |    1.2412  |
|      5 |   1869 | 0.098734 | 0.099806 |    1.1114  |
|      6 |   1869 | 0.077885 | 0.07945  |    0.86661 |
|      7 |   1869 | 0.047007 | 0.051479 |    0.52216 |
|      8 |   1869 | 0.03756  | 0.039574 |    0.31456 |
|      9 |   1869 | 0.040006 | 0.038087 |    0.28447 |
|     10 |   1869 | 0.04048  | 0.038036 |    0.2828  |
|     11 |   1869 | 0.040495 | 0.038038 |    0.28274 |
|     12 |   1869 | 0.040495 | 0.038038 |    0.28274 |
+--------+--------+----------+----------+------------+
RMSD no longer decreasing

RMSDs by experiment:
+-------+--------+----------+----------+------------+
|   Exp |   Nref |   RMSD_X |   RMSD_Y |     RMSD_Z |
|    id |        |     (px) |     (px) |   (images) |
|-------+--------+----------+----------+------------|
|     0 |    295 |  0.38505 |  0.33035 |    0.48224 |
|     1 |    286 |  0.42764 |  0.36512 |    0.58624 |
|     2 |    403 |  0.38125 |  0.37878 |    0.61984 |
|     3 |    189 |  0.42587 |  0.50579 |    0.44178 |
|     4 |    410 |  0.38518 |  0.29753 |    0.41577 |
|     5 |    286 |  0.44553 |  0.44892 |    0.76679 |
+-------+--------+----------+----------+------------+
WARN: Multiple scans present. Only the first scan will be used to determine the image width for reporting RMSDs

Detector 1 RMSDs by panel:
+---------+--------+----------+----------+------------+
|   Panel |   Nref |   RMSD_X |   RMSD_Y |     RMSD_Z |
|      id |        |     (px) |     (px) |   (images) |
|---------+--------+----------+----------+------------|
|       0 |    829 |  0.43889 |  0.44876 |    0.52683 |
|       1 |   1040 |  0.37571 |  0.31543 |    0.59449 |
+---------+--------+----------+----------+------------+

Detector 2 RMSDs by panel:
+---------+--------+----------+----------+------------+
|   Panel |   Nref |   RMSD_X |   RMSD_Y |     RMSD_Z |
|      id |        |     (px) |     (px) |   (images) |
|---------+--------+----------+----------+------------|
|       0 |    829 |  0.43889 |  0.44876 |    0.52683 |
|       1 |   1040 |  0.37571 |  0.31543 |    0.59449 |
+---------+--------+----------+----------+------------+

Detector 3 RMSDs by panel:
+---------+--------+----------+----------+------------+
|   Panel |   Nref |   RMSD_X |   RMSD_Y |     RMSD_Z |
|      id |        |     (px) |     (px) |   (images) |
|---------+--------+----------+----------+------------|
|       0 |    829 |  0.43889 |  0.44876 |    0.52683 |
|       1 |   1040 |  0.37571 |  0.31543 |    0.59449 |
+---------+--------+----------+----------+------------+

Detector 4 RMSDs by panel:
+---------+--------+----------+----------+------------+
|   Panel |   Nref |   RMSD_X |   RMSD_Y |     RMSD_Z |
|      id |        |     (px) |     (px) |   (images) |
|---------+--------+----------+----------+------------|
|       0 |    829 |  0.43889 |  0.44876 |    0.52683 |
|       1 |   1040 |  0.37571 |  0.31543 |    0.59449 |
+---------+--------+----------+----------+------------+

Detector 5 RMSDs by panel:
+---------+--------+----------+----------+------------+
|   Panel |   Nref |   RMSD_X |   RMSD_Y |     RMSD_Z |
|      id |        |     (px) |     (px) |   (images) |
|---------+--------+----------+----------+------------|
|       0 |    829 |  0.43889 |  0.44876 |    0.52683 |
|       1 |   1040 |  0.37571 |  0.31543 |    0.59449 |
+---------+--------+----------+----------+------------+

Detector 6 RMSDs by panel:
+---------+--------+----------+----------+------------+
|   Panel |   Nref |   RMSD_X |   RMSD_Y |     RMSD_Z |
|      id |        |     (px) |     (px) |   (images) |
|---------+--------+----------+----------+------------|
|       0 |    829 |  0.43889 |  0.44876 |    0.52683 |
|       1 |   1040 |  0.37571 |  0.31543 |    0.59449 |
+---------+--------+----------+----------+------------+

Refined crystal models:
model 1 (382 reflections):
Crystal:
    Unit cell: 5.7702(12), 5.9523(16), 12.259(3), 89.965(9), 89.946(7), 90.018(7)
    Space group: P 1
    U matrix:  {{-0.260119,  0.367679, -0.892833},
                { 0.965121,  0.127400, -0.228715},
                { 0.029653, -0.921185, -0.387994}}
    B matrix:  {{ 0.173305,  0.000000,  0.000000},
                { 0.000054,  0.168003,  0.000000},
                {-0.000163, -0.000103,  0.081575}}
    A = UB:    {{-0.044915,  0.061864, -0.072833},
                { 0.167305,  0.021427, -0.018657},
                { 0.005153, -0.154722, -0.031651}}
model 2 (383 reflections):
Crystal:
    Unit cell: 5.7702(12), 5.9523(16), 12.259(3), 89.965(9), 89.946(7), 90.018(7)
    Space group: P 1
    U matrix:  {{-0.260119,  0.367679, -0.892833},
                { 0.965121,  0.127400, -0.228715},
                { 0.029653, -0.921185, -0.387994}}
    B matrix:  {{ 0.173305,  0.000000,  0.000000},
                { 0.000054,  0.168003,  0.000000},
                {-0.000163, -0.000103,  0.081575}}
    A = UB:    {{-0.044915,  0.061864, -0.072833},
                { 0.167305,  0.021427, -0.018657},
                { 0.005153, -0.154722, -0.031651}}
model 3 (497 reflections):
Crystal:
    Unit cell: 5.7702(12), 5.9523(16), 12.259(3), 89.965(9), 89.946(7), 90.018(7)
    Space group: P 1
    U matrix:  {{-0.260119,  0.367679, -0.892833},
                { 0.965121,  0.127400, -0.228715},
                { 0.029653, -0.921185, -0.387994}}
    B matrix:  {{ 0.173305,  0.000000,  0.000000},
                { 0.000054,  0.168003,  0.000000},
                {-0.000163, -0.000103,  0.081575}}
    A = UB:    {{-0.044915,  0.061864, -0.072833},
                { 0.167305,  0.021427, -0.018657},
                { 0.005153, -0.154722, -0.031651}}
model 4 (220 reflections):
Crystal:
    Unit cell: 5.7702(12), 5.9523(16), 12.259(3), 89.965(9), 89.946(7), 90.018(7)
    Space group: P 1
    U matrix:  {{-0.260119,  0.367679, -0.892833},
                { 0.965121,  0.127400, -0.228715},
                { 0.029653, -0.921185, -0.387994}}
    B matrix:  {{ 0.173305,  0.000000,  0.000000},
                { 0.000054,  0.168003,  0.000000},
                {-0.000163, -0.000103,  0.081575}}
    A = UB:    {{-0.044915,  0.061864, -0.072833},
                { 0.167305,  0.021427, -0.018657},
                { 0.005153, -0.154722, -0.031651}}
model 5 (514 reflections):
Crystal:
    Unit cell: 5.7702(12), 5.9523(16), 12.259(3), 89.965(9), 89.946(7), 90.018(7)
    Space group: P 1
    U matrix:  {{-0.260119,  0.367679, -0.892833},
                { 0.965121,  0.127400, -0.228715},
                { 0.029653, -0.921185, -0.387994}}
    B matrix:  {{ 0.173305,  0.000000,  0.000000},
                { 0.000054,  0.168003,  0.000000},
                {-0.000163, -0.000103,  0.081575}}
    A = UB:    {{-0.044915,  0.061864, -0.072833},
                { 0.167305,  0.021427, -0.018657},
                { 0.005153, -0.154722, -0.031651}}
model 6 (343 reflections):
Crystal:
    Unit cell: 5.7702(12), 5.9523(16), 12.259(3), 89.965(9), 89.946(7), 90.018(7)
    Space group: P 1
    U matrix:  {{-0.260119,  0.367679, -0.892833},
                { 0.965121,  0.127400, -0.228715},
                { 0.029653, -0.921185, -0.387994}}
    B matrix:  {{ 0.173305,  0.000000,  0.000000},
                { 0.000054,  0.168003,  0.000000},
                {-0.000163, -0.000103,  0.081575}}
    A = UB:    {{-0.044915,  0.061864, -0.072833},
                { 0.167305,  0.021427, -0.018657},
                { 0.005153, -0.154722, -0.031651}}
+------------+-------------+---------------+---------------+-------------+
|   Imageset |   # indexed |   # unindexed |   # unindexed |   % indexed |
|            |             |         total |       non-ice |             |
|------------+-------------+---------------+---------------+-------------|
|          0 |         382 |            33 |            30 |        92   |
|          1 |         383 |            32 |            24 |        92.3 |
|          2 |         497 |           175 |           151 |        74   |
|          3 |         220 |            46 |            38 |        82.7 |
|          4 |         514 |            67 |            56 |        88.5 |
|          5 |         343 |           128 |            97 |        72.8 |
+------------+-------------+---------------+---------------+-------------+

Indexed crystal models:
model 1 (397 reflections):
Crystal:
    Unit cell: 5.7702(12), 5.9523(16), 12.259(3), 89.965(9), 89.946(7), 90.018(7)
    Space group: P 1
    U matrix:  {{-0.260119,  0.367679, -0.892833},
                { 0.965121,  0.127400, -0.228715},
                { 0.029653, -0.921185, -0.387994}}
    B matrix:  {{ 0.173305,  0.000000,  0.000000},
                { 0.000054,  0.168003,  0.000000},
                {-0.000163, -0.000103,  0.081575}}
    A = UB:    {{-0.044915,  0.061864, -0.072833},
                { 0.167305,  0.021427, -0.018657},
                { 0.005153, -0.154722, -0.031651}}
model 2 (402 reflections):
Crystal:
    Unit cell: 5.7702(12), 5.9523(16), 12.259(3), 89.965(9), 89.946(7), 90.018(7)
    Space group: P 1
    U matrix:  {{-0.260119,  0.367679, -0.892833},
                { 0.965121,  0.127400, -0.228715},
                { 0.029653, -0.921185, -0.387994}}
    B matrix:  {{ 0.173305,  0.000000,  0.000000},
                { 0.000054,  0.168003,  0.000000},
                {-0.000163, -0.000103,  0.081575}}
    A = UB:    {{-0.044915,  0.061864, -0.072833},
                { 0.167305,  0.021427, -0.018657},
                { 0.005153, -0.154722, -0.031651}}
model 3 (640 reflections):
Crystal:
    Unit cell: 5.7702(12), 5.9523(16), 12.259(3), 89.965(9), 89.946(7), 90.018(7)
    Space group: P 1
    U matrix:  {{-0.260119,  0.367679, -0.892833},
                { 0.965121,  0.127400, -0.228715},
                { 0.029653, -0.921185, -0.387994}}
    B matrix:  {{ 0.173305,  0.000000,  0.000000},
                { 0.000054,  0.168003,  0.000000},
                {-0.000163, -0.000103,  0.081575}}
    A = UB:    {{-0.044915,  0.061864, -0.072833},
                { 0.167305,  0.021427, -0.018657},
                { 0.005153, -0.154722, -0.031651}}
model 4 (256 reflections):
Crystal:
    Unit cell: 5.7702(12), 5.9523(16), 12.259(3), 89.965(9), 89.946(7), 90.018(7)
    Space group: P 1
    U matrix:  {{-0.260119,  0.367679, -0.892833},
                { 0.965121,  0.127400, -0.228715},
                { 0.029653, -0.921185, -0.387994}}
    B matrix:  {{ 0.173305,  0.000000,  0.000000},
                { 0.000054,  0.168003,  0.000000},
                {-0.000163, -0.000103,  0.081575}}
    A = UB:    {{-0.044915,  0.061864, -0.072833},
                { 0.167305,  0.021427, -0.018657},
                { 0.005153, -0.154722, -0.031651}}
model 5 (561 reflections):
Crystal:
    Unit cell: 5.7702(12), 5.9523(16), 12.259(3), 89.965(9), 89.946(7), 90.018(7)
    Space group: P 1
    U matrix:  {{-0.260119,  0.367679, -0.892833},
                { 0.965121,  0.127400, -0.228715},
                { 0.029653, -0.921185, -0.387994}}
    B matrix:  {{ 0.173305,  0.000000,  0.000000},
                { 0.000054,  0.168003,  0.000000},
                {-0.000163, -0.000103,  0.081575}}
    A = UB:    {{-0.044915,  0.061864, -0.072833},
                { 0.167305,  0.021427, -0.018657},
                { 0.005153, -0.154722, -0.031651}}
model 6 (458 reflections):
Crystal:
    Unit cell: 5.7702(12), 5.9523(16), 12.259(3), 89.965(9), 89.946(7), 90.018(7)
    Space group: P 1
    U matrix:  {{-0.260119,  0.367679, -0.892833},
                { 0.965121,  0.127400, -0.228715},
                { 0.029653, -0.921185, -0.387994}}
    B matrix:  {{ 0.173305,  0.000000,  0.000000},
                { 0.000054,  0.168003,  0.000000},
                {-0.000163, -0.000103,  0.081575}}
    A = UB:    {{-0.044915,  0.061864, -0.072833},
                { 0.167305,  0.021427, -0.018657},
                { 0.005153, -0.154722, -0.031651}}
+------------+-------------+---------------+---------------+-------------+
|   Imageset |   # indexed |   # unindexed |   # unindexed |   % indexed |
|            |             |         total |       non-ice |             |
|------------+-------------+---------------+---------------+-------------|
|          0 |         401 |            14 |            14 |        96.6 |
|          1 |         405 |            10 |            10 |        97.6 |
|          2 |         645 |            28 |            26 |        95.8 |
|          3 |         260 |             6 |             5 |        97.7 |
|          4 |         563 |            18 |            17 |        96.9 |
|          5 |         461 |            10 |            10 |        97.9 |
+------------+-------------+---------------+---------------+-------------+

################################################################################
Starting refinement (macro-cycle 2)
################################################################################


Summary statistics for 2713 observations matched to predictions:
+-------------------+---------+----------+------------+---------+--------+
|                   |     Min |       Q1 |        Med |      Q3 |    Max |
|-------------------+---------+----------+------------+---------+--------|
| Xc - Xo (mm)      |   -0.45 | -0.02647 |   0.001906 | 0.02545 | 0.7126 |
| Yc - Yo (mm)      | -0.5635 | -0.02532 | -0.0007091 | 0.02291 | 0.6738 |
| Phic - Phio (deg) |  -4.509 |  -0.1214 |   -0.02301 | 0.06503 |  9.087 |
| X weights         |   545.4 |     1012 |       1122 |    1175 |   1200 |
| Y weights         |   514.3 |     1026 |       1124 |    1173 |   1200 |
| Phi weights       |   42.16 |    47.55 |      47.83 |      48 |     48 |
+-------------------+---------+----------+------------+---------+--------+

Detecting centroid outliers using the Tukey algorithm
350 reflections have been flagged as outliers
2363 reflections remain in the manager

Summary statistics for 2363 observations matched to predictions:
+-------------------+---------+----------+------------+---------+--------+
|                   |     Min |       Q1 |        Med |      Q3 |    Max |
|-------------------+---------+----------+------------+---------+--------|
| Xc - Xo (mm)      | -0.1295 | -0.02195 |   0.002377 | 0.02356 | 0.1202 |
| Yc - Yo (mm)      | -0.1362 | -0.02188 | -0.0001986 | 0.02097 | 0.1716 |
| Phic - Phio (deg) | -0.4311 |  -0.1086 |   -0.02338 | 0.05487 |  0.367 |
| X weights         |   545.4 |     1021 |       1129 |    1177 |   1200 |
| Y weights         |   514.3 |     1053 |       1136 |    1175 |   1200 |
| Phi weights       |   42.16 |    47.55 |      47.82 |      48 |     48 |
+-------------------+---------+----------+------------+---------+--------+

There are 51 parameters to refine against 2363 reflections in 3 dimensions

Refinement steps:
+--------+--------+----------+----------+------------+
|   Step |   Nref |   RMSD_X |   RMSD_Y |   RMSD_Phi |
|        |        |     (mm) |     (mm) |      (deg) |
|--------+--------+----------+----------+------------|
|      0 |   2363 | 0.035838 | 0.035604 |    0.12691 |
|      1 |   2363 | 0.035101 | 0.035069 |    0.12413 |
|      2 |   2363 | 0.034998 | 0.034813 |    0.12281 |
|      3 |   2363 | 0.034918 | 0.034616 |    0.12202 |
|      4 |   2363 | 0.034887 | 0.034472 |    0.121   |
|      5 |   2363 | 0.034954 | 0.03441  |    0.11963 |
|      6 |   2363 | 0.035112 | 0.034378 |    0.11787 |
|      7 |   2363 | 0.035305 | 0.034351 |    0.11616 |
|      8 |   2363 | 0.035415 | 0.034341 |    0.11533 |
|      9 |   2363 | 0.035439 | 0.03434  |    0.11516 |
|     10 |   2363 | 0.035441 | 0.03434  |    0.11515 |
|     11 |   2363 | 0.035441 | 0.03434  |    0.11515 |
+--------+--------+----------+----------+------------+
RMSD no longer decreasing

RMSDs by experiment:
+-------+--------+----------+----------+------------+
|   Exp |   Nref |   RMSD_X |   RMSD_Y |     RMSD_Z |
|    id |        |     (px) |     (px) |   (images) |
|-------+--------+----------+----------+------------|
|     0 |    351 |  0.33324 |  0.33415 |    0.24528 |
|     1 |    349 |  0.3368  |  0.27529 |    0.22922 |
|     2 |    549 |  0.34137 |  0.39571 |    0.20336 |
|     3 |    230 |  0.3392  |  0.39339 |    0.28452 |
|     4 |    479 |  0.36623 |  0.30301 |    0.23494 |
|     5 |    405 |  0.39612 |  0.34235 |    0.21148 |
+-------+--------+----------+----------+------------+
WARN: Multiple scans present. Only the first scan will be used to determine the image width for reporting RMSDs

Detector 1 RMSDs by panel:
+---------+--------+----------+----------+------------+
|   Panel |   Nref |   RMSD_X |   RMSD_Y |     RMSD_Z |
|      id |        |     (px) |     (px) |   (images) |
|---------+--------+----------+----------+------------|
|       0 |   1136 |  0.37073 |  0.40267 |    0.24393 |
|       1 |   1227 |  0.33859 |  0.27745 |    0.21692 |
+---------+--------+----------+----------+------------+

Detector 2 RMSDs by panel:
+---------+--------+----------+----------+------------+
|   Panel |   Nref |   RMSD_X |   RMSD_Y |     RMSD_Z |
|      id |        |     (px) |     (px) |   (images) |
|---------+--------+----------+----------+------------|
|       0 |   1136 |  0.37073 |  0.40267 |    0.24393 |
|       1 |   1227 |  0.33859 |  0.27745 |    0.21692 |
+---------+--------+----------+----------+------------+

Detector 3 RMSDs by panel:
+---------+--------+----------+----------+------------+
|   Panel |   Nref |   RMSD_X |   RMSD_Y |     RMSD_Z |
|      id |        |     (px) |     (px) |   (images) |
|---------+--------+----------+----------+------------|
|       0 |   1136 |  0.37073 |  0.40267 |    0.24393 |
|       1 |   1227 |  0.33859 |  0.27745 |    0.21692 |
+---------+--------+----------+----------+------------+

Detector 4 RMSDs by panel:
+---------+--------+----------+----------+------------+
|   Panel |   Nref |   RMSD_X |   RMSD_Y |     RMSD_Z |
|      id |        |     (px) |     (px) |   (images) |
|---------+--------+----------+----------+------------|
|       0 |   1136 |  0.37073 |  0.40267 |    0.24393 |
|       1 |   1227 |  0.33859 |  0.27745 |    0.21692 |
+---------+--------+----------+----------+------------+

Detector 5 RMSDs by panel:
+---------+--------+----------+----------+------------+
|   Panel |   Nref |   RMSD_X |   RMSD_Y |     RMSD_Z |
|      id |        |     (px) |     (px) |   (images) |
|---------+--------+----------+----------+------------|
|       0 |   1136 |  0.37073 |  0.40267 |    0.24393 |
|       1 |   1227 |  0.33859 |  0.27745 |    0.21692 |
+---------+--------+----------+----------+------------+

Detector 6 RMSDs by panel:
+---------+--------+----------+----------+------------+
|   Panel |   Nref |   RMSD_X |   RMSD_Y |     RMSD_Z |
|      id |        |     (px) |     (px) |   (images) |
|---------+--------+----------+----------+------------|
|       0 |   1136 |  0.37073 |  0.40267 |    0.24393 |
|       1 |   1227 |  0.33859 |  0.27745 |    0.21692 |
+---------+--------+----------+----------+------------+

Refined crystal models:
model 1 (397 reflections):
Crystal:
    Unit cell: 5.7753(6), 5.9567(8), 12.2698(14), 89.977(5), 89.952(3), 90.007(4)
    Space group: P 1
    U matrix:  {{-0.259770,  0.367503, -0.893007},
                { 0.965209,  0.127388, -0.228349},
                { 0.029839, -0.921257, -0.387809}}
    B matrix:  {{ 0.173150,  0.000000,  0.000000},
                { 0.000022,  0.167879,  0.000000},
                {-0.000144, -0.000066,  0.081501}}
    A = UB:    {{-0.044843,  0.061755, -0.072781},
                { 0.167162,  0.021401, -0.018611},
                { 0.005203, -0.154634, -0.031607}}
model 2 (402 reflections):
Crystal:
    Unit cell: 5.7753(6), 5.9567(8), 12.2698(14), 89.977(5), 89.952(3), 90.007(4)
    Space group: P 1
    U matrix:  {{-0.259770,  0.367503, -0.893007},
                { 0.965209,  0.127388, -0.228349},
                { 0.029839, -0.921257, -0.387809}}
    B matrix:  {{ 0.173150,  0.000000,  0.000000},
                { 0.000022,  0.167879,  0.000000},
                {-0.000144, -0.000066,  0.081501}}
    A = UB:    {{-0.044843,  0.061755, -0.072781},
                { 0.167162,  0.021401, -0.018611},
                { 0.005203, -0.154634, -0.031607}}
model 3 (640 reflections):
Crystal:
    Unit cell: 5.7753(6), 5.9567(8), 12.2698(14), 89.977(5), 89.952(3), 90.007(4)
    Space group: P 1
    U matrix:  {{-0.259770,  0.367503, -0.893007},
                { 0.965209,  0.127388, -0.228349},
                { 0.029839, -0.921257, -0.387809}}
    B matrix:  {{ 0.173150,  0.000000,  0.000000},
                { 0.000022,  0.167879,  0.000000},
                {-0.000144, -0.000066,  0.081501}}
    A = UB:    {{-0.044843,  0.061755, -0.072781},
                { 0.167162,  0.021401, -0.018611},
                { 0.005203, -0.154634, -0.031607}}
model 4 (256 reflections):
Crystal:
    Unit cell: 5.7753(6), 5.9567(8), 12.2698(14), 89.977(5), 89.952(3), 90.007(4)
    Space group: P 1
    U matrix:  {{-0.259770,  0.367503, -0.893007},
                { 0.965209,  0.127388, -0.228349},
                { 0.029839, -0.921257, -0.387809}}
    B matrix:  {{ 0.173150,  0.000000,  0.000000},
                { 0.000022,  0.167879,  0.000000},
                {-0.000144, -0.000066,  0.081501}}
    A = UB:    {{-0.044843,  0.061755, -0.072781},
                { 0.167162,  0.021401, -0.018611},
                { 0.005203, -0.154634, -0.031607}}
model 5 (561 reflections):
Crystal:
    Unit cell: 5.7753(6), 5.9567(8), 12.2698(14), 89.977(5), 89.952(3), 90.007(4)
    Space group: P 1
    U matrix:  {{-0.259770,  0.367503, -0.893007},
                { 0.965209,  0.127388, -0.228349},
                { 0.029839, -0.921257, -0.387809}}
    B matrix:  {{ 0.173150,  0.000000,  0.000000},
                { 0.000022,  0.167879,  0.000000},
                {-0.000144, -0.000066,  0.081501}}
    A = UB:    {{-0.044843,  0.061755, -0.072781},
                { 0.167162,  0.021401, -0.018611},
                { 0.005203, -0.154634, -0.031607}}
model 6 (458 reflections):
Crystal:
    Unit cell: 5.7753(6), 5.9567(8), 12.2698(14), 89.977(5), 89.952(3), 90.007(4)
    Space group: P 1
    U matrix:  {{-0.259770,  0.367503, -0.893007},
                { 0.965209,  0.127388, -0.228349},
                { 0.029839, -0.921257, -0.387809}}
    B matrix:  {{ 0.173150,  0.000000,  0.000000},
                { 0.000022,  0.167879,  0.000000},
                {-0.000144, -0.000066,  0.081501}}
    A = UB:    {{-0.044843,  0.061755, -0.072781},
                { 0.167162,  0.021401, -0.018611},
                { 0.005203, -0.154634, -0.031607}}
+------------+-------------+---------------+---------------+-------------+
|   Imageset |   # indexed |   # unindexed |   # unindexed |   % indexed |
|            |             |         total |       non-ice |             |
|------------+-------------+---------------+---------------+-------------|
|          0 |         397 |            18 |            17 |        95.7 |
|          1 |         402 |            13 |            13 |        96.9 |
|          2 |         640 |            33 |            31 |        95.1 |
|          3 |         256 |            10 |             9 |        96.2 |
|          4 |         561 |            20 |            19 |        96.6 |
|          5 |         458 |            13 |            13 |        97.2 |
+------------+-------------+---------------+---------------+-------------+

Indexed crystal models:
model 1 (397 reflections):
Crystal:
    Unit cell: 5.7753(6), 5.9567(8), 12.2698(14), 89.977(5), 89.952(3), 90.007(4)
    Space group: P 1
    U matrix:  {{-0.259770,  0.367503, -0.893007},
                { 0.965209,  0.127388, -0.228349},
                { 0.029839, -0.921257, -0.387809}}
    B matrix:  {{ 0.173150,  0.000000,  0.000000},
                { 0.000022,  0.167879,  0.000000},
                {-0.000144, -0.000066,  0.081501}}
    A = UB:    {{-0.044843,  0.061755, -0.072781},
                { 0.167162,  0.021401, -0.018611},
                { 0.005203, -0.154634, -0.031607}}
model 2 (402 reflections):
Crystal:
    Unit cell: 5.7753(6), 5.9567(8), 12.2698(14), 89.977(5), 89.952(3), 90.007(4)
    Space group: P 1
    U matrix:  {{-0.259770,  0.367503, -0.893007},
                { 0.965209,  0.127388, -0.228349},
                { 0.029839, -0.921257, -0.387809}}
    B matrix:  {{ 0.173150,  0.000000,  0.000000},
                { 0.000022,  0.167879,  0.000000},
                {-0.000144, -0.000066,  0.081501}}
    A = UB:    {{-0.044843,  0.061755, -0.072781},
                { 0.167162,  0.021401, -0.018611},
                { 0.005203, -0.154634, -0.031607}}
model 3 (640 reflections):
Crystal:
    Unit cell: 5.7753(6), 5.9567(8), 12.2698(14), 89.977(5), 89.952(3), 90.007(4)
    Space group: P 1
    U matrix:  {{-0.259770,  0.367503, -0.893007},
                { 0.965209,  0.127388, -0.228349},
                { 0.029839, -0.921257, -0.387809}}
    B matrix:  {{ 0.173150,  0.000000,  0.000000},
                { 0.000022,  0.167879,  0.000000},
                {-0.000144, -0.000066,  0.081501}}
    A = UB:    {{-0.044843,  0.061755, -0.072781},
                { 0.167162,  0.021401, -0.018611},
                { 0.005203, -0.154634, -0.031607}}
model 4 (256 reflections):
Crystal:
    Unit cell: 5.7753(6), 5.9567(8), 12.2698(14), 89.977(5), 89.952(3), 90.007(4)
    Space group: P 1
    U matrix:  {{-0.259770,  0.367503, -0.893007},
                { 0.965209,  0.127388, -0.228349},
                { 0.029839, -0.921257, -0.387809}}
    B matrix:  {{ 0.173150,  0.000000,  0.000000},
                { 0.000022,  0.167879,  0.000000},
                {-0.000144, -0.000066,  0.081501}}
    A = UB:    {{-0.044843,  0.061755, -0.072781},
                { 0.167162,  0.021401, -0.018611},
                { 0.005203, -0.154634, -0.031607}}
model 5 (561 reflections):
Crystal:
    Unit cell: 5.7753(6), 5.9567(8), 12.2698(14), 89.977(5), 89.952(3), 90.007(4)
    Space group: P 1
    U matrix:  {{-0.259770,  0.367503, -0.893007},
                { 0.965209,  0.127388, -0.228349},
                { 0.029839, -0.921257, -0.387809}}
    B matrix:  {{ 0.173150,  0.000000,  0.000000},
                { 0.000022,  0.167879,  0.000000},
                {-0.000144, -0.000066,  0.081501}}
    A = UB:    {{-0.044843,  0.061755, -0.072781},
                { 0.167162,  0.021401, -0.018611},
                { 0.005203, -0.154634, -0.031607}}
model 6 (458 reflections):
Crystal:
    Unit cell: 5.7753(6), 5.9567(8), 12.2698(14), 89.977(5), 89.952(3), 90.007(4)
    Space group: P 1
    U matrix:  {{-0.259770,  0.367503, -0.893007},
                { 0.965209,  0.127388, -0.228349},
                { 0.029839, -0.921257, -0.387809}}
    B matrix:  {{ 0.173150,  0.000000,  0.000000},
                { 0.000022,  0.167879,  0.000000},
                {-0.000144, -0.000066,  0.081501}}
    A = UB:    {{-0.044843,  0.061755, -0.072781},
                { 0.167162,  0.021401, -0.018611},
                { 0.005203, -0.154634, -0.031607}}
+------------+-------------+---------------+---------------+-------------+
|   Imageset |   # indexed |   # unindexed |   # unindexed |   % indexed |
|            |             |         total |       non-ice |             |
|------------+-------------+---------------+---------------+-------------|
|          0 |         397 |            18 |            17 |        95.7 |
|          1 |         403 |            12 |            12 |        97.1 |
|          2 |         640 |            33 |            31 |        95.1 |
|          3 |         256 |            10 |             9 |        96.2 |
|          4 |         561 |            20 |            19 |        96.6 |
|          5 |         458 |            13 |            12 |        97.2 |
+------------+-------------+---------------+---------------+-------------+

################################################################################
Starting refinement (macro-cycle 3)
################################################################################


Summary statistics for 2713 observations matched to predictions:
+-------------------+---------+----------+------------+---------+--------+
|                   |     Min |       Q1 |        Med |      Q3 |    Max |
|-------------------+---------+----------+------------+---------+--------|
| Xc - Xo (mm)      | -0.4206 | -0.02596 |    0.00181 | 0.02541 |  0.677 |
| Yc - Yo (mm)      | -0.4821 | -0.02442 | -0.0008375 | 0.02261 | 0.6053 |
| Phic - Phio (deg) |  -4.333 | -0.09477 |  -0.005619 | 0.07005 |  9.105 |
| X weights         |   545.4 |     1012 |       1122 |    1175 |   1200 |
| Y weights         |   514.3 |     1026 |       1124 |    1173 |   1200 |
| Phi weights       |   42.16 |    47.55 |      47.83 |      48 |     48 |
+-------------------+---------+----------+------------+---------+--------+

Detecting centroid outliers using the Tukey algorithm
331 reflections have been flagged as outliers
2382 reflections remain in the manager

Summary statistics for 2382 observations matched to predictions:
+-------------------+---------+----------+------------+---------+--------+
|                   |     Min |       Q1 |        Med |      Q3 |    Max |
|-------------------+---------+----------+------------+---------+--------|
| Xc - Xo (mm)      | -0.1157 | -0.02274 |   0.002284 | 0.02408 | 0.1301 |
| Yc - Yo (mm)      | -0.1357 | -0.02145 | -0.0003059 | 0.02076 | 0.1033 |
| Phic - Phio (deg) |  -0.361 |   -0.085 |  -0.005475 | 0.06091 | 0.3451 |
| X weights         |   545.4 |     1021 |       1128 |    1177 |   1200 |
| Y weights         |   514.3 |     1049 |       1134 |    1175 |   1200 |
| Phi weights       |   42.16 |    47.55 |      47.82 |      48 |     48 |
+-------------------+---------+----------+------------+---------+--------+

There are 51 parameters to refine against 2382 reflections in 3 dimensions

Refinement steps:
+--------+--------+----------+----------+------------+
|   Step |   Nref |   RMSD_X |   RMSD_Y |   RMSD_Phi |
|        |        |     (mm) |     (mm) |      (deg) |
|--------+--------+----------+----------+------------|
|      0 |   2382 | 0.035381 | 0.034516 |    0.11332 |
|      1 |   2382 | 0.035167 | 0.034658 |    0.11322 |
|      2 |   2382 | 0.035166 | 0.034609 |    0.11308 |
|      3 |   2382 | 0.035172 | 0.034566 |    0.11287 |
|      4 |   2382 | 0.035195 | 0.034542 |    0.11257 |
|      5 |   2382 | 0.035237 | 0.034532 |    0.11217 |
|      6 |   2382 | 0.0353   | 0.03452  |    0.11166 |
|      7 |   2382 | 0.035369 | 0.034505 |    0.11118 |
|      8 |   2382 | 0.035405 | 0.034497 |    0.11094 |
|      9 |   2382 | 0.035412 | 0.034495 |    0.1109  |
|     10 |   2382 | 0.035413 | 0.034495 |    0.1109  |
+--------+--------+----------+----------+------------+
RMSD no longer decreasing

RMSDs by experiment:
+-------+--------+----------+----------+------------+
|   Exp |   Nref |   RMSD_X |   RMSD_Y |     RMSD_Z |
|    id |        |     (px) |     (px) |   (images) |
|-------+--------+----------+----------+------------|
|     0 |    349 |  0.32054 |  0.33402 |    0.23283 |
|     1 |    353 |  0.33678 |  0.27704 |    0.21583 |
|     2 |    553 |  0.34499 |  0.38841 |    0.19197 |
|     3 |    229 |  0.33622 |  0.39404 |    0.28221 |
|     4 |    492 |  0.37072 |  0.32033 |    0.23085 |
|     5 |    406 |  0.39546 |  0.34361 |    0.20449 |
+-------+--------+----------+----------+------------+
WARN: Multiple scans present. Only the first scan will be used to determine the image width for reporting RMSDs

Detector 1 RMSDs by panel:
+---------+--------+----------+----------+------------+
|   Panel |   Nref |   RMSD_X |   RMSD_Y |     RMSD_Z |
|      id |        |     (px) |     (px) |   (images) |
|---------+--------+----------+----------+------------|
|       0 |   1144 |  0.37059 |  0.40439 |    0.23401 |
|       1 |   1238 |  0.3382  |  0.27899 |    0.20987 |
+---------+--------+----------+----------+------------+

Detector 2 RMSDs by panel:
+---------+--------+----------+----------+------------+
|   Panel |   Nref |   RMSD_X |   RMSD_Y |     RMSD_Z |
|      id |        |     (px) |     (px) |   (images) |
|---------+--------+----------+----------+------------|
|       0 |   1144 |  0.37059 |  0.40439 |    0.23401 |
|       1 |   1238 |  0.3382  |  0.27899 |    0.20987 |
+---------+--------+----------+----------+------------+

Detector 3 RMSDs by panel:
+---------+--------+----------+----------+------------+
|   Panel |   Nref |   RMSD_X |   RMSD_Y |     RMSD_Z |
|      id |        |     (px) |     (px) |   (images) |
|---------+--------+----------+----------+------------|
|       0 |   1144 |  0.37059 |  0.40439 |    0.23401 |
|       1 |   1238 |  0.3382  |  0.27899 |    0.20987 |
+---------+--------+----------+----------+------------+

Detector 4 RMSDs by panel:
+---------+--------+----------+----------+------------+
|   Panel |   Nref |   RMSD_X |   RMSD_Y |     RMSD_Z |
|      id |        |     (px) |     (px) |   (images) |
|---------+--------+----------+----------+------------|
|       0 |   1144 |  0.37059 |  0.40439 |    0.23401 |
|       1 |   1238 |  0.3382  |  0.27899 |    0.20987 |
+---------+--------+----------+----------+------------+

Detector 5 RMSDs by panel:
+---------+--------+----------+----------+------------+
|   Panel |   Nref |   RMSD_X |   RMSD_Y |     RMSD_Z |
|      id |        |     (px) |     (px) |   (images) |
|---------+--------+----------+----------+------------|
|       0 |   1144 |  0.37059 |  0.40439 |    0.23401 |
|       1 |   1238 |  0.3382  |  0.27899 |    0.20987 |
+---------+--------+----------+----------+------------+

Detector 6 RMSDs by panel:
+---------+--------+----------+----------+------------+
|   Panel |   Nref |   RMSD_X |   RMSD_Y |     RMSD_Z |
|      id |        |     (px) |     (px) |   (images) |
|---------+--------+----------+----------+------------|
|       0 |   1144 |  0.37059 |  0.40439 |    0.23401 |
|       1 |   1238 |  0.3382  |  0.27899 |    0.20987 |
+---------+--------+----------+----------+------------+

Refined crystal models:
model 1 (397 reflections):
Crystal:
    Unit cell: 5.7770(5), 5.9582(8), 12.2730(14), 89.977(5), 89.951(3), 90.011(4)
    Space group: P 1
    U matrix:  {{-0.259736,  0.367478, -0.893027},
                { 0.965217,  0.127412, -0.228303},
                { 0.029886, -0.921263, -0.387790}}
    B matrix:  {{ 0.173101,  0.000000,  0.000000},
                { 0.000034,  0.167835,  0.000000},
                {-0.000147, -0.000067,  0.081480}}
    A = UB:    {{-0.044817,  0.061735, -0.072764},
                { 0.167118,  0.021399, -0.018602},
                { 0.005199, -0.154594, -0.031597}}
model 2 (402 reflections):
Crystal:
    Unit cell: 5.7770(5), 5.9582(8), 12.2730(14), 89.977(5), 89.951(3), 90.011(4)
    Space group: P 1
    U matrix:  {{-0.259736,  0.367478, -0.893027},
                { 0.965217,  0.127412, -0.228303},
                { 0.029886, -0.921263, -0.387790}}
    B matrix:  {{ 0.173101,  0.000000,  0.000000},
                { 0.000034,  0.167835,  0.000000},
                {-0.000147, -0.000067,  0.081480}}
    A = UB:    {{-0.044817,  0.061735, -0.072764},
                { 0.167118,  0.021399, -0.018602},
                { 0.005199, -0.154594, -0.031597}}
model 3 (640 reflections):
Crystal:
    Unit cell: 5.7770(5), 5.9582(8), 12.2730(14), 89.977(5), 89.951(3), 90.011(4)
    Space group: P 1
    U matrix:  {{-0.259736,  0.367478, -0.893027},
                { 0.965217,  0.127412, -0.228303},
                { 0.029886, -0.921263, -0.387790}}
    B matrix:  {{ 0.173101,  0.000000,  0.000000},
                { 0.000034,  0.167835,  0.000000},
                {-0.000147, -0.000067,  0.081480}}
    A = UB:    {{-0.044817,  0.061735, -0.072764},
                { 0.167118,  0.021399, -0.018602},
                { 0.005199, -0.154594, -0.031597}}
model 4 (256 reflections):
Crystal:
    Unit cell: 5.7770(5), 5.9582(8), 12.2730(14), 89.977(5), 89.951(3), 90.011(4)
    Space group: P 1
    U matrix:  {{-0.259736,  0.367478, -0.893027},
                { 0.965217,  0.127412, -0.228303},
                { 0.029886, -0.921263, -0.387790}}
    B matrix:  {{ 0.173101,  0.000000,  0.000000},
                { 0.000034,  0.167835,  0.000000},
                {-0.000147, -0.000067,  0.081480}}
    A = UB:    {{-0.044817,  0.061735, -0.072764},
                { 0.167118,  0.021399, -0.018602},
                { 0.005199, -0.154594, -0.031597}}
model 5 (561 reflections):
Crystal:
    Unit cell: 5.7770(5), 5.9582(8), 12.2730(14), 89.977(5), 89.951(3), 90.011(4)
    Space group: P 1
    U matrix:  {{-0.259736,  0.367478, -0.893027},
                { 0.965217,  0.127412, -0.228303},
                { 0.029886, -0.921263, -0.387790}}
    B matrix:  {{ 0.173101,  0.000000,  0.000000},
                { 0.000034,  0.167835,  0.000000},
                {-0.000147, -0.000067,  0.081480}}
    A = UB:    {{-0.044817,  0.061735, -0.072764},
                { 0.167118,  0.021399, -0.018602},
                { 0.005199, -0.154594, -0.031597}}
model 6 (458 reflections):
Crystal:
    Unit cell: 5.7770(5), 5.9582(8), 12.2730(14), 89.977(5), 89.951(3), 90.011(4)
    Space group: P 1
    U matrix:  {{-0.259736,  0.367478, -0.893027},
                { 0.965217,  0.127412, -0.228303},
                { 0.029886, -0.921263, -0.387790}}
    B matrix:  {{ 0.173101,  0.000000,  0.000000},
                { 0.000034,  0.167835,  0.000000},
                {-0.000147, -0.000067,  0.081480}}
    A = UB:    {{-0.044817,  0.061735, -0.072764},
                { 0.167118,  0.021399, -0.018602},
                { 0.005199, -0.154594, -0.031597}}
+------------+-------------+---------------+---------------+-------------+
|   Imageset |   # indexed |   # unindexed |   # unindexed |   % indexed |
|            |             |         total |       non-ice |             |
|------------+-------------+---------------+---------------+-------------|
|          0 |         397 |            18 |            17 |        95.7 |
|          1 |         402 |            13 |            13 |        96.9 |
|          2 |         640 |            33 |            31 |        95.1 |
|          3 |         256 |            10 |             9 |        96.2 |
|          4 |         561 |            20 |            19 |        96.6 |
|          5 |         458 |            13 |            12 |        97.2 |
+------------+-------------+---------------+---------------+-------------+

Indexed crystal models:
model 1 (397 reflections):
Crystal:
    Unit cell: 5.7770(5), 5.9582(8), 12.2730(14), 89.977(5), 89.951(3), 90.011(4)
    Space group: P 1
    U matrix:  {{-0.259736,  0.367478, -0.893027},
                { 0.965217,  0.127412, -0.228303},
                { 0.029886, -0.921263, -0.387790}}
    B matrix:  {{ 0.173101,  0.000000,  0.000000},
                { 0.000034,  0.167835,  0.000000},
                {-0.000147, -0.000067,  0.081480}}
    A = UB:    {{-0.044817,  0.061735, -0.072764},
                { 0.167118,  0.021399, -0.018602},
                { 0.005199, -0.154594, -0.031597}}
model 2 (402 reflections):
Crystal:
    Unit cell: 5.7770(5), 5.9582(8), 12.2730(14), 89.977(5), 89.951(3), 90.011(4)
    Space group: P 1
    U matrix:  {{-0.259736,  0.367478, -0.893027},
                { 0.965217,  0.127412, -0.228303},
                { 0.029886, -0.921263, -0.387790}}
    B matrix:  {{ 0.173101,  0.000000,  0.000000},
                { 0.000034,  0.167835,  0.000000},
                {-0.000147, -0.000067,  0.081480}}
    A = UB:    {{-0.044817,  0.061735, -0.072764},
                { 0.167118,  0.021399, -0.018602},
                { 0.005199, -0.154594, -0.031597}}
model 3 (640 reflections):
Crystal:
    Unit cell: 5.7770(5), 5.9582(8), 12.2730(14), 89.977(5), 89.951(3), 90.011(4)
    Space group: P 1
    U matrix:  {{-0.259736,  0.367478, -0.893027},
                { 0.965217,  0.127412, -0.228303},
                { 0.029886, -0.921263, -0.387790}}
    B matrix:  {{ 0.173101,  0.000000,  0.000000},
                { 0.000034,  0.167835,  0.000000},
                {-0.000147, -0.000067,  0.081480}}
    A = UB:    {{-0.044817,  0.061735, -0.072764},
                { 0.167118,  0.021399, -0.018602},
                { 0.005199, -0.154594, -0.031597}}
model 4 (256 reflections):
Crystal:
    Unit cell: 5.7770(5), 5.9582(8), 12.2730(14), 89.977(5), 89.951(3), 90.011(4)
    Space group: P 1
    U matrix:  {{-0.259736,  0.367478, -0.893027},
                { 0.965217,  0.127412, -0.228303},
                { 0.029886, -0.921263, -0.387790}}
    B matrix:  {{ 0.173101,  0.000000,  0.000000},
                { 0.000034,  0.167835,  0.000000},
                {-0.000147, -0.000067,  0.081480}}
    A = UB:    {{-0.044817,  0.061735, -0.072764},
                { 0.167118,  0.021399, -0.018602},
                { 0.005199, -0.154594, -0.031597}}
model 5 (561 reflections):
Crystal:
    Unit cell: 5.7770(5), 5.9582(8), 12.2730(14), 89.977(5), 89.951(3), 90.011(4)
    Space group: P 1
    U matrix:  {{-0.259736,  0.367478, -0.893027},
                { 0.965217,  0.127412, -0.228303},
                { 0.029886, -0.921263, -0.387790}}
    B matrix:  {{ 0.173101,  0.000000,  0.000000},
                { 0.000034,  0.167835,  0.000000},
                {-0.000147, -0.000067,  0.081480}}
    A = UB:    {{-0.044817,  0.061735, -0.072764},
                { 0.167118,  0.021399, -0.018602},
                { 0.005199, -0.154594, -0.031597}}
model 6 (458 reflections):
Crystal:
    Unit cell: 5.7770(5), 5.9582(8), 12.2730(14), 89.977(5), 89.951(3), 90.011(4)
    Space group: P 1
    U matrix:  {{-0.259736,  0.367478, -0.893027},
                { 0.965217,  0.127412, -0.228303},
                { 0.029886, -0.921263, -0.387790}}
    B matrix:  {{ 0.173101,  0.000000,  0.000000},
                { 0.000034,  0.167835,  0.000000},
                {-0.000147, -0.000067,  0.081480}}
    A = UB:    {{-0.044817,  0.061735, -0.072764},
                { 0.167118,  0.021399, -0.018602},
                { 0.005199, -0.154594, -0.031597}}
+------------+-------------+---------------+---------------+-------------+
|   Imageset |   # indexed |   # unindexed |   # unindexed |   % indexed |
|            |             |         total |       non-ice |             |
|------------+-------------+---------------+---------------+-------------|
|          0 |         397 |            18 |            17 |        95.7 |
|          1 |         402 |            13 |            13 |        96.9 |
|          2 |         640 |            33 |            31 |        95.1 |
|          3 |         256 |            10 |             9 |        96.2 |
|          4 |         562 |            19 |            18 |        96.7 |
|          5 |         458 |            13 |            12 |        97.2 |
+------------+-------------+---------------+---------------+-------------+

################################################################################
Starting refinement (macro-cycle 4)
################################################################################


Summary statistics for 2713 observations matched to predictions:
+-------------------+---------+----------+-----------+---------+--------+
|                   |     Min |       Q1 |       Med |      Q3 |    Max |
|-------------------+---------+----------+-----------+---------+--------|
| Xc - Xo (mm)      | -0.4209 | -0.02624 |  0.001526 | 0.02512 | 0.6458 |
| Yc - Yo (mm)      | -0.4543 | -0.02406 | -0.001028 | 0.02291 |  0.588 |
| Phic - Phio (deg) |  -4.182 | -0.09162 | -0.007716 | 0.06769 |  9.114 |
| X weights         |   545.4 |     1012 |      1122 |    1175 |   1200 |
| Y weights         |   514.3 |     1026 |      1124 |    1173 |   1200 |
| Phi weights       |   42.16 |    47.55 |     47.83 |      48 |     48 |
+-------------------+---------+----------+-----------+---------+--------+

Detecting centroid outliers using the Tukey algorithm
340 reflections have been flagged as outliers
2373 reflections remain in the manager

Summary statistics for 2373 observations matched to predictions:
+-------------------+---------+----------+------------+---------+--------+
|                   |     Min |       Q1 |        Med |      Q3 |    Max |
|-------------------+---------+----------+------------+---------+--------|
| Xc - Xo (mm)      | -0.1296 |  -0.0229 |   0.002055 | 0.02416 |   0.11 |
| Yc - Yo (mm)      | -0.1287 | -0.02093 | -0.0005077 | 0.02122 | 0.1162 |
| Phic - Phio (deg) | -0.3509 | -0.08194 |   -0.00719 | 0.06034 |  0.336 |
| X weights         |   545.4 |     1022 |       1128 |    1177 |   1200 |
| Y weights         |   514.3 |     1050 |       1135 |    1175 |   1200 |
| Phi weights       |   42.16 |    47.55 |      47.82 |      48 |     48 |
+-------------------+---------+----------+------------+---------+--------+

There are 51 parameters to refine against 2373 reflections in 3 dimensions

Refinement steps:
+--------+--------+----------+----------+------------+
|   Step |   Nref |   RMSD_X |   RMSD_Y |   RMSD_Phi |
|        |        |     (mm) |     (mm) |      (deg) |
|--------+--------+----------+----------+------------|
|      0 |   2373 | 0.03524  | 0.034399 |    0.11043 |
|      1 |   2373 | 0.035187 | 0.034439 |    0.11032 |
|      2 |   2373 | 0.035199 | 0.034424 |    0.1102  |
|      3 |   2373 | 0.035208 | 0.03441  |    0.11011 |
|      4 |   2373 | 0.035216 | 0.034409 |    0.10999 |
|      5 |   2373 | 0.035228 | 0.034414 |    0.10985 |
|      6 |   2373 | 0.035245 | 0.034413 |    0.10971 |
|      7 |   2373 | 0.035264 | 0.034408 |    0.10958 |
|      8 |   2373 | 0.035274 | 0.034406 |    0.10952 |
|      9 |   2373 | 0.035276 | 0.034406 |    0.10951 |
|     10 |   2373 | 0.035276 | 0.034406 |    0.10951 |
+--------+--------+----------+----------+------------+
RMSD no longer decreasing

RMSDs by experiment:
+-------+--------+----------+----------+------------+
|   Exp |   Nref |   RMSD_X |   RMSD_Y |     RMSD_Z |
|    id |        |     (px) |     (px) |   (images) |
|-------+--------+----------+----------+------------|
|     0 |    349 |  0.32187 |  0.33576 |    0.23426 |
|     1 |    351 |  0.33288 |  0.27855 |    0.21226 |
|     2 |    551 |  0.34507 |  0.38618 |    0.18967 |
|     3 |    230 |  0.33659 |  0.40088 |    0.27986 |
|     4 |    491 |  0.37312 |  0.32076 |    0.22584 |
|     5 |    401 |  0.38754 |  0.33378 |    0.19966 |
+-------+--------+----------+----------+------------+
WARN: Multiple scans present. Only the first scan will be used to determine the image width for reporting RMSDs

Detector 1 RMSDs by panel:
+---------+--------+----------+----------+------------+
|   Panel |   Nref |   RMSD_X |   RMSD_Y |     RMSD_Z |
|      id |        |     (px) |     (px) |   (images) |
|---------+--------+----------+----------+------------|
|       0 |   1136 |  0.36904 |  0.40092 |    0.23146 |
|       1 |   1237 |  0.33712 |  0.2819  |    0.20694 |
+---------+--------+----------+----------+------------+

Detector 2 RMSDs by panel:
+---------+--------+----------+----------+------------+
|   Panel |   Nref |   RMSD_X |   RMSD_Y |     RMSD_Z |
|      id |        |     (px) |     (px) |   (images) |
|---------+--------+----------+----------+------------|
|       0 |   1136 |  0.36904 |  0.40092 |    0.23146 |
|       1 |   1237 |  0.33712 |  0.2819  |    0.20694 |
+---------+--------+----------+----------+------------+

Detector 3 RMSDs by panel:
+---------+--------+----------+----------+------------+
|   Panel |   Nref |   RMSD_X |   RMSD_Y |     RMSD_Z |
|      id |        |     (px) |     (px) |   (images) |
|---------+--------+----------+----------+------------|
|       0 |   1136 |  0.36904 |  0.40092 |    0.23146 |
|       1 |   1237 |  0.33712 |  0.2819  |    0.20694 |
+---------+--------+----------+----------+------------+

Detector 4 RMSDs by panel:
+---------+--------+----------+----------+------------+
|   Panel |   Nref |   RMSD_X |   RMSD_Y |     RMSD_Z |
|      id |        |     (px) |     (px) |   (images) |
|---------+--------+----------+----------+------------|
|       0 |   1136 |  0.36904 |  0.40092 |    0.23146 |
|       1 |   1237 |  0.33712 |  0.2819  |    0.20694 |
+---------+--------+----------+----------+------------+

Detector 5 RMSDs by panel:
+---------+--------+----------+----------+------------+
|   Panel |   Nref |   RMSD_X |   RMSD_Y |     RMSD_Z |
|      id |        |     (px) |     (px) |   (images) |
|---------+--------+----------+----------+------------|
|       0 |   1136 |  0.36904 |  0.40092 |    0.23146 |
|       1 |   1237 |  0.33712 |  0.2819  |    0.20694 |
+---------+--------+----------+----------+------------+

Detector 6 RMSDs by panel:
+---------+--------+----------+----------+------------+
|   Panel |   Nref |   RMSD_X |   RMSD_Y |     RMSD_Z |
|      id |        |     (px) |     (px) |   (images) |
|---------+--------+----------+----------+------------|
|       0 |   1136 |  0.36904 |  0.40092 |    0.23146 |
|       1 |   1237 |  0.33712 |  0.2819  |    0.20694 |
+---------+--------+----------+----------+------------+

Refined crystal models:
model 1 (397 reflections):
Crystal:
    Unit cell: 5.7774(5), 5.9587(8), 12.2746(14), 89.979(5), 89.954(3), 90.012(4)
    Space group: P 1
    U matrix:  {{-0.259742,  0.367489, -0.893021},
                { 0.965215,  0.127438, -0.228298},
                { 0.029908, -0.921255, -0.387807}}
    B matrix:  {{ 0.173088,  0.000000,  0.000000},
                { 0.000037,  0.167823,  0.000000},
                {-0.000140, -0.000062,  0.081469}}
    A = UB:    {{-0.044819,  0.061729, -0.072754},
                { 0.167104,  0.021401, -0.018599},
                { 0.005197, -0.154583, -0.031594}}
model 2 (402 reflections):
Crystal:
    Unit cell: 5.7774(5), 5.9587(8), 12.2746(14), 89.979(5), 89.954(3), 90.012(4)
    Space group: P 1
    U matrix:  {{-0.259742,  0.367489, -0.893021},
                { 0.965215,  0.127438, -0.228298},
                { 0.029908, -0.921255, -0.387807}}
    B matrix:  {{ 0.173088,  0.000000,  0.000000},
                { 0.000037,  0.167823,  0.000000},
                {-0.000140, -0.000062,  0.081469}}
    A = UB:    {{-0.044819,  0.061729, -0.072754},
                { 0.167104,  0.021401, -0.018599},
                { 0.005197, -0.154583, -0.031594}}
model 3 (640 reflections):
Crystal:
    Unit cell: 5.7774(5), 5.9587(8), 12.2746(14), 89.979(5), 89.954(3), 90.012(4)
    Space group: P 1
    U matrix:  {{-0.259742,  0.367489, -0.893021},
                { 0.965215,  0.127438, -0.228298},
                { 0.029908, -0.921255, -0.387807}}
    B matrix:  {{ 0.173088,  0.000000,  0.000000},
                { 0.000037,  0.167823,  0.000000},
                {-0.000140, -0.000062,  0.081469}}
    A = UB:    {{-0.044819,  0.061729, -0.072754},
                { 0.167104,  0.021401, -0.018599},
                { 0.005197, -0.154583, -0.031594}}
model 4 (256 reflections):
Crystal:
    Unit cell: 5.7774(5), 5.9587(8), 12.2746(14), 89.979(5), 89.954(3), 90.012(4)
    Space group: P 1
    U matrix:  {{-0.259742,  0.367489, -0.893021},
                { 0.965215,  0.127438, -0.228298},
                { 0.029908, -0.921255, -0.387807}}
    B matrix:  {{ 0.173088,  0.000000,  0.000000},
                { 0.000037,  0.167823,  0.000000},
                {-0.000140, -0.000062,  0.081469}}
    A = UB:    {{-0.044819,  0.061729, -0.072754},
                { 0.167104,  0.021401, -0.018599},
                { 0.005197, -0.154583, -0.031594}}
model 5 (561 reflections):
Crystal:
    Unit cell: 5.7774(5), 5.9587(8), 12.2746(14), 89.979(5), 89.954(3), 90.012(4)
    Space group: P 1
    U matrix:  {{-0.259742,  0.367489, -0.893021},
                { 0.965215,  0.127438, -0.228298},
                { 0.029908, -0.921255, -0.387807}}
    B matrix:  {{ 0.173088,  0.000000,  0.000000},
                { 0.000037,  0.167823,  0.000000},
                {-0.000140, -0.000062,  0.081469}}
    A = UB:    {{-0.044819,  0.061729, -0.072754},
                { 0.167104,  0.021401, -0.018599},
                { 0.005197, -0.154583, -0.031594}}
model 6 (458 reflections):
Crystal:
    Unit cell: 5.7774(5), 5.9587(8), 12.2746(14), 89.979(5), 89.954(3), 90.012(4)
    Space group: P 1
    U matrix:  {{-0.259742,  0.367489, -0.893021},
                { 0.965215,  0.127438, -0.228298},
                { 0.029908, -0.921255, -0.387807}}
    B matrix:  {{ 0.173088,  0.000000,  0.000000},
                { 0.000037,  0.167823,  0.000000},
                {-0.000140, -0.000062,  0.081469}}
    A = UB:    {{-0.044819,  0.061729, -0.072754},
                { 0.167104,  0.021401, -0.018599},
                { 0.005197, -0.154583, -0.031594}}
+------------+-------------+---------------+---------------+-------------+
|   Imageset |   # indexed |   # unindexed |   # unindexed |   % indexed |
|            |             |         total |       non-ice |             |
|------------+-------------+---------------+---------------+-------------|
|          0 |         397 |            18 |            17 |        95.7 |
|          1 |         402 |            13 |            13 |        96.9 |
|          2 |         640 |            33 |            31 |        95.1 |
|          3 |         256 |            10 |             9 |        96.2 |
|          4 |         561 |            20 |            18 |        96.6 |
|          5 |         458 |            13 |            12 |        97.2 |
+------------+-------------+---------------+---------------+-------------+

Indexed crystal models:
model 1 (397 reflections):
Crystal:
    Unit cell: 5.7774(5), 5.9587(8), 12.2746(14), 89.979(5), 89.954(3), 90.012(4)
    Space group: P 1
    U matrix:  {{-0.259742,  0.367489, -0.893021},
                { 0.965215,  0.127438, -0.228298},
                { 0.029908, -0.921255, -0.387807}}
    B matrix:  {{ 0.173088,  0.000000,  0.000000},
                { 0.000037,  0.167823,  0.000000},
                {-0.000140, -0.000062,  0.081469}}
    A = UB:    {{-0.044819,  0.061729, -0.072754},
                { 0.167104,  0.021401, -0.018599},
                { 0.005197, -0.154583, -0.031594}}
model 2 (402 reflections):
Crystal:
    Unit cell: 5.7774(5), 5.9587(8), 12.2746(14), 89.979(5), 89.954(3), 90.012(4)
    Space group: P 1
    U matrix:  {{-0.259742,  0.367489, -0.893021},
                { 0.965215,  0.127438, -0.228298},
                { 0.029908, -0.921255, -0.387807}}
    B matrix:  {{ 0.173088,  0.000000,  0.000000},
                { 0.000037,  0.167823,  0.000000},
                {-0.000140, -0.000062,  0.081469}}
    A = UB:    {{-0.044819,  0.061729, -0.072754},
                { 0.167104,  0.021401, -0.018599},
                { 0.005197, -0.154583, -0.031594}}
model 3 (640 reflections):
Crystal:
    Unit cell: 5.7774(5), 5.9587(8), 12.2746(14), 89.979(5), 89.954(3), 90.012(4)
    Space group: P 1
    U matrix:  {{-0.259742,  0.367489, -0.893021},
                { 0.965215,  0.127438, -0.228298},
                { 0.029908, -0.921255, -0.387807}}
    B matrix:  {{ 0.173088,  0.000000,  0.000000},
                { 0.000037,  0.167823,  0.000000},
                {-0.000140, -0.000062,  0.081469}}
    A = UB:    {{-0.044819,  0.061729, -0.072754},
                { 0.167104,  0.021401, -0.018599},
                { 0.005197, -0.154583, -0.031594}}
model 4 (256 reflections):
Crystal:
    Unit cell: 5.7774(5), 5.9587(8), 12.2746(14), 89.979(5), 89.954(3), 90.012(4)
    Space group: P 1
    U matrix:  {{-0.259742,  0.367489, -0.893021},
                { 0.965215,  0.127438, -0.228298},
                { 0.029908, -0.921255, -0.387807}}
    B matrix:  {{ 0.173088,  0.000000,  0.000000},
                { 0.000037,  0.167823,  0.000000},
                {-0.000140, -0.000062,  0.081469}}
    A = UB:    {{-0.044819,  0.061729, -0.072754},
                { 0.167104,  0.021401, -0.018599},
                { 0.005197, -0.154583, -0.031594}}
model 5 (561 reflections):
Crystal:
    Unit cell: 5.7774(5), 5.9587(8), 12.2746(14), 89.979(5), 89.954(3), 90.012(4)
    Space group: P 1
    U matrix:  {{-0.259742,  0.367489, -0.893021},
                { 0.965215,  0.127438, -0.228298},
                { 0.029908, -0.921255, -0.387807}}
    B matrix:  {{ 0.173088,  0.000000,  0.000000},
                { 0.000037,  0.167823,  0.000000},
                {-0.000140, -0.000062,  0.081469}}
    A = UB:    {{-0.044819,  0.061729, -0.072754},
                { 0.167104,  0.021401, -0.018599},
                { 0.005197, -0.154583, -0.031594}}
model 6 (458 reflections):
Crystal:
    Unit cell: 5.7774(5), 5.9587(8), 12.2746(14), 89.979(5), 89.954(3), 90.012(4)
    Space group: P 1
    U matrix:  {{-0.259742,  0.367489, -0.893021},
                { 0.965215,  0.127438, -0.228298},
                { 0.029908, -0.921255, -0.387807}}
    B matrix:  {{ 0.173088,  0.000000,  0.000000},
                { 0.000037,  0.167823,  0.000000},
                {-0.000140, -0.000062,  0.081469}}
    A = UB:    {{-0.044819,  0.061729, -0.072754},
                { 0.167104,  0.021401, -0.018599},
                { 0.005197, -0.154583, -0.031594}}
+------------+-------------+---------------+---------------+-------------+
|   Imageset |   # indexed |   # unindexed |   # unindexed |   % indexed |
|            |             |         total |       non-ice |             |
|------------+-------------+---------------+---------------+-------------|
|          0 |         397 |            18 |            17 |        95.7 |
|          1 |         402 |            13 |            13 |        96.9 |
|          2 |         640 |            33 |            31 |        95.1 |
|          3 |         256 |            10 |             9 |        96.2 |
|          4 |         561 |            20 |            18 |        96.6 |
|          5 |         458 |            13 |            12 |        97.2 |
+------------+-------------+---------------+---------------+-------------+

################################################################################
Starting refinement (macro-cycle 5)
################################################################################


Summary statistics for 2713 observations matched to predictions:
+-------------------+---------+----------+-----------+---------+--------+
|                   |     Min |       Q1 |       Med |      Q3 |    Max |
|-------------------+---------+----------+-----------+---------+--------|
| Xc - Xo (mm)      |  -0.421 |  -0.0262 |  0.001309 | 0.02504 |  0.637 |
| Yc - Yo (mm)      | -0.4447 | -0.02423 | -0.001035 | 0.02237 | 0.5818 |
| Phic - Phio (deg) |  -4.154 | -0.09112 | -0.008096 | 0.06585 |  9.123 |
| X weights         |   545.4 |     1012 |      1122 |    1175 |   1200 |
| Y weights         |   514.3 |     1026 |      1124 |    1173 |   1200 |
| Phi weights       |   42.16 |    47.55 |     47.83 |      48 |     48 |
+-------------------+---------+----------+-----------+---------+--------+

Detecting centroid outliers using the Tukey algorithm
343 reflections have been flagged as outliers
2370 reflections remain in the manager

Summary statistics for 2370 observations matched to predictions:
+-------------------+---------+----------+------------+---------+--------+
|                   |     Min |       Q1 |        Med |      Q3 |    Max |
|-------------------+---------+----------+------------+---------+--------|
| Xc - Xo (mm)      | -0.1261 |   -0.023 |   0.001886 | 0.02402 | 0.1101 |
| Yc - Yo (mm)      | -0.1283 | -0.02112 | -0.0005843 | 0.02082 |   0.11 |
| Phic - Phio (deg) | -0.3422 | -0.08173 |  -0.007822 | 0.05864 | 0.3304 |
| X weights         |   545.4 |     1021 |       1128 |    1177 |   1200 |
| Y weights         |   514.3 |     1049 |       1135 |    1175 |   1200 |
| Phi weights       |   42.16 |    47.55 |      47.82 |      48 |     48 |
+-------------------+---------+----------+------------+---------+--------+

There are 51 parameters to refine against 2370 reflections in 3 dimensions

Refinement steps:
+--------+--------+----------+----------+------------+
|   Step |   Nref |   RMSD_X |   RMSD_Y |   RMSD_Phi |
|        |        |     (mm) |     (mm) |      (deg) |
|--------+--------+----------+----------+------------|
|      0 |   2370 | 0.035331 | 0.034223 |    0.10968 |
|      1 |   2370 | 0.035258 | 0.034278 |    0.10969 |
|      2 |   2370 | 0.035242 | 0.034287 |    0.10969 |
|      3 |   2370 | 0.035231 | 0.034289 |    0.10969 |
|      4 |   2370 | 0.035227 | 0.034291 |    0.10967 |
|      5 |   2370 | 0.035229 | 0.034292 |    0.10964 |
|      6 |   2370 | 0.035239 | 0.03429  |    0.10957 |
|      7 |   2370 | 0.035251 | 0.034287 |    0.1095  |
|      8 |   2370 | 0.035257 | 0.034285 |    0.10946 |
|      9 |   2370 | 0.035258 | 0.034285 |    0.10945 |
+--------+--------+----------+----------+------------+
RMSD no longer decreasing

RMSDs by experiment:
+-------+--------+----------+----------+------------+
|   Exp |   Nref |   RMSD_X |   RMSD_Y |     RMSD_Z |
|    id |        |     (px) |     (px) |   (images) |
|-------+--------+----------+----------+------------|
|     0 |    345 |  0.3176  |  0.33093 |    0.23485 |
|     1 |    352 |  0.33767 |  0.27994 |    0.21113 |
|     2 |    551 |  0.34572 |  0.38466 |    0.18916 |
|     3 |    230 |  0.33648 |  0.39984 |    0.27978 |
|     4 |    492 |  0.37287 |  0.321   |    0.2255  |
|     5 |    400 |  0.38532 |  0.3325  |    0.20073 |
+-------+--------+----------+----------+------------+
WARN: Multiple scans present. Only the first scan will be used to determine the image width for reporting RMSDs

Detector 1 RMSDs by panel:
+---------+--------+----------+----------+------------+
|   Panel |   Nref |   RMSD_X |   RMSD_Y |     RMSD_Z |
|      id |        |     (px) |     (px) |   (images) |
|---------+--------+----------+----------+------------|
|       0 |   1133 |  0.37006 |  0.39976 |    0.2312  |
|       1 |   1237 |  0.33577 |  0.28078 |    0.20701 |
+---------+--------+----------+----------+------------+

Detector 2 RMSDs by panel:
+---------+--------+----------+----------+------------+
|   Panel |   Nref |   RMSD_X |   RMSD_Y |     RMSD_Z |
|      id |        |     (px) |     (px) |   (images) |
|---------+--------+----------+----------+------------|
|       0 |   1133 |  0.37006 |  0.39976 |    0.2312  |
|       1 |   1237 |  0.33577 |  0.28078 |    0.20701 |
+---------+--------+----------+----------+------------+

Detector 3 RMSDs by panel:
+---------+--------+----------+----------+------------+
|   Panel |   Nref |   RMSD_X |   RMSD_Y |     RMSD_Z |
|      id |        |     (px) |     (px) |   (images) |
|---------+--------+----------+----------+------------|
|       0 |   1133 |  0.37006 |  0.39976 |    0.2312  |
|       1 |   1237 |  0.33577 |  0.28078 |    0.20701 |
+---------+--------+----------+----------+------------+

Detector 4 RMSDs by panel:
+---------+--------+----------+----------+------------+
|   Panel |   Nref |   RMSD_X |   RMSD_Y |     RMSD_Z |
|      id |        |     (px) |     (px) |   (images) |
|---------+--------+----------+----------+------------|
|       0 |   1133 |  0.37006 |  0.39976 |    0.2312  |
|       1 |   1237 |  0.33577 |  0.28078 |    0.20701 |
+---------+--------+----------+----------+------------+

Detector 5 RMSDs by panel:
+---------+--------+----------+----------+------------+
|   Panel |   Nref |   RMSD_X |   RMSD_Y |     RMSD_Z |
|      id |        |     (px) |     (px) |   (images) |
|---------+--------+----------+----------+------------|
|       0 |   1133 |  0.37006 |  0.39976 |    0.2312  |
|       1 |   1237 |  0.33577 |  0.28078 |    0.20701 |
+---------+--------+----------+----------+------------+

Detector 6 RMSDs by panel:
+---------+--------+----------+----------+------------+
|   Panel |   Nref |   RMSD_X |   RMSD_Y |     RMSD_Z |
|      id |        |     (px) |     (px) |   (images) |
|---------+--------+----------+----------+------------|
|       0 |   1133 |  0.37006 |  0.39976 |    0.2312  |
|       1 |   1237 |  0.33577 |  0.28078 |    0.20701 |
+---------+--------+----------+----------+------------+

Refined crystal models:
model 1 (397 reflections):
Crystal:
    Unit cell: 5.7776(5), 5.9590(8), 12.2752(13), 89.977(5), 89.955(3), 90.013(4)
    Space group: P 1
    U matrix:  {{-0.259735,  0.367472, -0.893029},
                { 0.965216,  0.127459, -0.228283},
                { 0.029937, -0.921259, -0.387796}}
    B matrix:  {{ 0.173081,  0.000000,  0.000000},
                { 0.000041,  0.167814,  0.000000},
                {-0.000136, -0.000067,  0.081465}}
    A = UB:    {{-0.044819,  0.061727, -0.072751},
                { 0.167097,  0.021405, -0.018597},
                { 0.005197, -0.154575, -0.031592}}
model 2 (402 reflections):
Crystal:
    Unit cell: 5.7776(5), 5.9590(8), 12.2752(13), 89.977(5), 89.955(3), 90.013(4)
    Space group: P 1
    U matrix:  {{-0.259735,  0.367472, -0.893029},
                { 0.965216,  0.127459, -0.228283},
                { 0.029937, -0.921259, -0.387796}}
    B matrix:  {{ 0.173081,  0.000000,  0.000000},
                { 0.000041,  0.167814,  0.000000},
                {-0.000136, -0.000067,  0.081465}}
    A = UB:    {{-0.044819,  0.061727, -0.072751},
                { 0.167097,  0.021405, -0.018597},
                { 0.005197, -0.154575, -0.031592}}
model 3 (640 reflections):
Crystal:
    Unit cell: 5.7776(5), 5.9590(8), 12.2752(13), 89.977(5), 89.955(3), 90.013(4)
    Space group: P 1
    U matrix:  {{-0.259735,  0.367472, -0.893029},
                { 0.965216,  0.127459, -0.228283},
                { 0.029937, -0.921259, -0.387796}}
    B matrix:  {{ 0.173081,  0.000000,  0.000000},
                { 0.000041,  0.167814,  0.000000},
                {-0.000136, -0.000067,  0.081465}}
    A = UB:    {{-0.044819,  0.061727, -0.072751},
                { 0.167097,  0.021405, -0.018597},
                { 0.005197, -0.154575, -0.031592}}
model 4 (256 reflections):
Crystal:
    Unit cell: 5.7776(5), 5.9590(8), 12.2752(13), 89.977(5), 89.955(3), 90.013(4)
    Space group: P 1
    U matrix:  {{-0.259735,  0.367472, -0.893029},
                { 0.965216,  0.127459, -0.228283},
                { 0.029937, -0.921259, -0.387796}}
    B matrix:  {{ 0.173081,  0.000000,  0.000000},
                { 0.000041,  0.167814,  0.000000},
                {-0.000136, -0.000067,  0.081465}}
    A = UB:    {{-0.044819,  0.061727, -0.072751},
                { 0.167097,  0.021405, -0.018597},
                { 0.005197, -0.154575, -0.031592}}
model 5 (561 reflections):
Crystal:
    Unit cell: 5.7776(5), 5.9590(8), 12.2752(13), 89.977(5), 89.955(3), 90.013(4)
    Space group: P 1
    U matrix:  {{-0.259735,  0.367472, -0.893029},
                { 0.965216,  0.127459, -0.228283},
                { 0.029937, -0.921259, -0.387796}}
    B matrix:  {{ 0.173081,  0.000000,  0.000000},
                { 0.000041,  0.167814,  0.000000},
                {-0.000136, -0.000067,  0.081465}}
    A = UB:    {{-0.044819,  0.061727, -0.072751},
                { 0.167097,  0.021405, -0.018597},
                { 0.005197, -0.154575, -0.031592}}
model 6 (458 reflections):
Crystal:
    Unit cell: 5.7776(5), 5.9590(8), 12.2752(13), 89.977(5), 89.955(3), 90.013(4)
    Space group: P 1
    U matrix:  {{-0.259735,  0.367472, -0.893029},
                { 0.965216,  0.127459, -0.228283},
                { 0.029937, -0.921259, -0.387796}}
    B matrix:  {{ 0.173081,  0.000000,  0.000000},
                { 0.000041,  0.167814,  0.000000},
                {-0.000136, -0.000067,  0.081465}}
    A = UB:    {{-0.044819,  0.061727, -0.072751},
                { 0.167097,  0.021405, -0.018597},
                { 0.005197, -0.154575, -0.031592}}
+------------+-------------+---------------+---------------+-------------+
|   Imageset |   # indexed |   # unindexed |   # unindexed |   % indexed |
|            |             |         total |       non-ice |             |
|------------+-------------+---------------+---------------+-------------|
|          0 |         397 |            18 |            17 |        95.7 |
|          1 |         402 |            13 |            13 |        96.9 |
|          2 |         640 |            33 |            31 |        95.1 |
|          3 |         256 |            10 |             9 |        96.2 |
|          4 |         561 |            20 |            18 |        96.6 |
|          5 |         458 |            13 |            12 |        97.2 |
+------------+-------------+---------------+---------------+-------------+

Saving refined experiments to indexed.expt
Saving refined reflections to indexed.refl
