DIALS (2018) Acta Cryst. D74, 85-97. https://doi.org/10.1107/S2059798317017235
DIALS 3.30
The following parameters have been modified:

input {
  experiments = indexed.expt
  reflections = indexed.refl
}

Duplicating crystal model for scan-varying refinement of experiment 1
Duplicating crystal model for scan-varying refinement of experiment 2
Duplicating crystal model for scan-varying refinement of experiment 3
Duplicating crystal model for scan-varying refinement of experiment 4
Duplicating crystal model for scan-varying refinement of experiment 5
The experiments have been separated into independent groups that do not share models.
Refinement will occur separately for each group:
+---------+------------------+
|   Group |   Experiment ids |
|---------+------------------|
|       0 |                0 |
|       1 |                1 |
|       2 |                2 |
|       3 |                3 |
|       4 |                4 |
|       5 |                5 |
+---------+------------------+

Selected group of experiments to refine with original ids: 0
Configuring refiner
Setting outlier.nproc=4

Summary statistics for 397 observations matched to predictions:
+-------------------+---------+----------+-----------+----------+--------+
|                   |     Min |       Q1 |       Med |       Q3 |    Max |
|-------------------+---------+----------+-----------+----------+--------|
| Xc - Xo (mm)      | -0.2374 | -0.02642 | -0.001045 |  0.02206 | 0.1868 |
| Yc - Yo (mm)      | -0.4337 | -0.02472 | 0.0008043 |  0.02105 | 0.1635 |
| Phic - Phio (deg) |  -2.064 |  -0.1342 |  -0.05866 | 0.004685 | 0.8839 |
| X weights         |   589.3 |     1020 |      1122 |     1174 |   1200 |
| Y weights         |   727.6 |     1039 |      1126 |     1175 |   1200 |
| Phi weights       |   45.08 |    47.55 |     47.85 |       48 |     48 |
+-------------------+---------+----------+-----------+----------+--------+

Detecting centroid outliers using the MCD algorithm
96 reflections have been flagged as outliers
301 reflections remain in the manager

Summary statistics for 301 observations matched to predictions:
+-------------------+----------+----------+----------+-----------+--------+
|                   |      Min |       Q1 |      Med |        Q3 |    Max |
|-------------------+----------+----------+----------+-----------+--------|
| Xc - Xo (mm)      | -0.06958 | -0.01888 | 0.001456 |   0.01958 |  0.124 |
| Yc - Yo (mm)      | -0.08806 | -0.02174 | 0.000616 |   0.01736 | 0.1105 |
| Phic - Phio (deg) |  -0.2945 |   -0.114 | -0.05367 | -0.007159 | 0.1329 |
| X weights         |    727.2 |     1029 |     1129 |      1175 |   1200 |
| Y weights         |    771.4 |     1071 |     1142 |      1175 |   1200 |
| Phi weights       |    45.08 |    47.55 |    47.83 |        48 |     48 |
+-------------------+----------+----------+----------+-----------+--------+

There are 16 parameters to refine against 301 reflections in 3 dimensions
Performing refinement of a single Experiment...

Refinement steps:
+--------+--------+----------+----------+------------+
|   Step |   Nref |   RMSD_X |   RMSD_Y |   RMSD_Phi |
|        |        |     (mm) |     (mm) |      (deg) |
|--------+--------+----------+----------+------------|
|      0 |    301 | 0.029704 | 0.030056 |   0.10186  |
|      1 |    301 | 0.029149 | 0.028925 |   0.097058 |
|      2 |    301 | 0.027414 | 0.027714 |   0.089718 |
|      3 |    301 | 0.025315 | 0.026029 |   0.085463 |
|      4 |    301 | 0.023723 | 0.02457  |   0.083807 |
|      5 |    301 | 0.022433 | 0.022769 |   0.079002 |
|      6 |    301 | 0.021537 | 0.02099  |   0.071737 |
|      7 |    301 | 0.021356 | 0.020123 |   0.066323 |
|      8 |    301 | 0.021479 | 0.019669 |   0.064023 |
|      9 |    301 | 0.021681 | 0.019225 |   0.063011 |
|     10 |    301 | 0.021853 | 0.018984 |   0.062701 |
|     11 |    301 | 0.021899 | 0.018931 |   0.062654 |
|     12 |    301 | 0.021903 | 0.018927 |   0.062651 |
|     13 |    301 | 0.021903 | 0.018926 |   0.062651 |
+--------+--------+----------+----------+------------+
RMSD no longer decreasing

RMSDs by experiment:
+-------+--------+----------+----------+------------+
|   Exp |   Nref |   RMSD_X |   RMSD_Y |     RMSD_Z |
|    id |        |     (px) |     (px) |   (images) |
|-------+--------+----------+----------+------------|
|     0 |    301 |  0.21903 |  0.18926 |     0.1253 |
+-------+--------+----------+----------+------------+

Detector 1 RMSDs by panel:
+---------+--------+----------+----------+------------+
|   Panel |   Nref |   RMSD_X |   RMSD_Y |     RMSD_Z |
|      id |        |     (px) |     (px) |   (images) |
|---------+--------+----------+----------+------------|
|       0 |     92 |  0.25832 |  0.23274 |    0.12854 |
|       1 |    209 |  0.1993  |  0.16657 |    0.12385 |
+---------+--------+----------+----------+------------+
Updating predictions for indexed reflections

Scan-varying refinement
Configuring refiner

Summary statistics for 397 observations matched to predictions:
+-------------------+---------+----------+-----------+---------+--------+
|                   |     Min |       Q1 |       Med |      Q3 |    Max |
|-------------------+---------+----------+-----------+---------+--------|
| Xc - Xo (mm)      | -0.2096 | -0.01845 |   0.00123 | 0.01607 | 0.1816 |
| Yc - Yo (mm)      | -0.4142 |  -0.0112 | -0.001383 | 0.01257 | 0.1714 |
| Phic - Phio (deg) |  -1.832 | -0.05163 | -0.006534 | 0.03708 |   1.07 |
| X weights         |   589.3 |     1020 |      1122 |    1174 |   1200 |
| Y weights         |   727.6 |     1039 |      1126 |    1175 |   1200 |
| Phi weights       |   45.08 |    47.55 |     47.85 |      48 |     48 |
+-------------------+---------+----------+-----------+---------+--------+

Detecting centroid outliers using the MCD algorithm
96 reflections have been flagged as outliers
301 reflections remain in the manager

Summary statistics for 301 observations matched to predictions:
+-------------------+----------+-----------+-----------+----------+---------+
|                   |      Min |        Q1 |       Med |       Q3 |     Max |
|-------------------+----------+-----------+-----------+----------+---------|
| Xc - Xo (mm)      | -0.05916 |  -0.01403 |  0.002564 |  0.01414 | 0.05863 |
| Yc - Yo (mm)      | -0.03813 | -0.009605 | -0.001677 | 0.008172 |  0.0532 |
| Phic - Phio (deg) |   -0.162 |  -0.03882 | -0.002781 |  0.03411 |   0.171 |
| X weights         |    727.2 |      1031 |      1131 |     1173 |    1200 |
| Y weights         |    727.6 |      1080 |      1142 |     1175 |    1200 |
| Phi weights       |    45.08 |     47.56 |     47.83 |       48 |      48 |
+-------------------+----------+-----------+-----------+----------+---------+

There are 25 parameters to refine against 301 reflections in 3 dimensions
Performing refinement of a single Experiment...

Refinement steps:
+--------+--------+----------+----------+------------+
|   Step |   Nref |   RMSD_X |   RMSD_Y |   RMSD_Phi |
|        |        |     (mm) |     (mm) |      (deg) |
|--------+--------+----------+----------+------------|
|      0 |    301 | 0.019996 | 0.014528 |   0.057568 |
|      1 |    301 | 0.020019 | 0.014381 |   0.057567 |
|      2 |    301 | 0.019971 | 0.01429  |   0.057577 |
|      3 |    301 | 0.019904 | 0.014138 |   0.057637 |
|      4 |    301 | 0.019842 | 0.01392  |   0.057779 |
|      5 |    301 | 0.019772 | 0.013724 |   0.057932 |
|      6 |    301 | 0.0197   | 0.013599 |   0.057932 |
|      7 |    301 | 0.019652 | 0.013481 |   0.057712 |
|      8 |    301 | 0.0196   | 0.013375 |   0.05741  |
|      9 |    301 | 0.019516 | 0.013338 |   0.057179 |
|     10 |    301 | 0.019428 | 0.013393 |   0.057093 |
|     11 |    301 | 0.019384 | 0.013455 |   0.057091 |
|     12 |    301 | 0.019373 | 0.013472 |   0.057095 |
|     13 |    301 | 0.019372 | 0.013474 |   0.057096 |
|     14 |    301 | 0.019372 | 0.013474 |   0.057096 |
+--------+--------+----------+----------+------------+
RMSD no longer decreasing

RMSDs by experiment:
+-------+--------+----------+----------+------------+
|   Exp |   Nref |   RMSD_X |   RMSD_Y |     RMSD_Z |
|    id |        |     (px) |     (px) |   (images) |
|-------+--------+----------+----------+------------|
|     0 |    301 |  0.19372 |  0.13474 |    0.11419 |
+-------+--------+----------+----------+------------+

Detector 1 RMSDs by panel:
+---------+--------+----------+----------+------------+
|   Panel |   Nref |   RMSD_X |   RMSD_Y |     RMSD_Z |
|      id |        |     (px) |     (px) |   (images) |
|---------+--------+----------+----------+------------|
|       0 |     98 |  0.22064 |  0.13533 |    0.12109 |
|       1 |    203 |  0.17929 |  0.13446 |    0.11071 |
+---------+--------+----------+----------+------------+
Updating predictions for indexed reflections

Selected group of experiments to refine with original ids: 1
Configuring refiner
Setting outlier.nproc=4

Summary statistics for 402 observations matched to predictions:
+-------------------+---------+----------+-----------+---------+--------+
|                   |     Min |       Q1 |       Med |      Q3 |    Max |
|-------------------+---------+----------+-----------+---------+--------|
| Xc - Xo (mm)      |  -0.301 | -0.02855 | 0.0006121 | 0.02318 |  0.642 |
| Yc - Yo (mm)      | -0.3345 |  -0.0195 | -0.003106 | 0.01885 | 0.2181 |
| Phic - Phio (deg) |  -4.176 |  -0.1024 |  -0.03456 |  0.0343 | 0.6498 |
| X weights         |   619.7 |     1025 |      1130 |    1178 |   1200 |
| Y weights         |   611.7 |     1044 |      1137 |    1173 |   1200 |
| Phi weights       |   42.16 |    47.57 |     47.85 |      48 |     48 |
+-------------------+---------+----------+-----------+---------+--------+

Detecting centroid outliers using the MCD algorithm
93 reflections have been flagged as outliers
309 reflections remain in the manager

Summary statistics for 309 observations matched to predictions:
+-------------------+----------+----------+-----------+---------+---------+
|                   |      Min |       Q1 |       Med |      Q3 |     Max |
|-------------------+----------+----------+-----------+---------+---------|
| Xc - Xo (mm)      |  -0.0948 | -0.01841 |  0.003259 | 0.02323 | 0.08354 |
| Yc - Yo (mm)      | -0.08033 | -0.01765 | -0.004731 | 0.01009 |  0.0576 |
| Phic - Phio (deg) |  -0.3253 | -0.08911 |  -0.03307 | 0.02279 |  0.2258 |
| X weights         |    700.4 |     1022 |      1127 |    1175 |    1199 |
| Y weights         |    639.3 |     1065 |      1142 |    1173 |    1200 |
| Phi weights       |    42.16 |    47.57 |     47.84 |      48 |      48 |
+-------------------+----------+----------+-----------+---------+---------+

There are 16 parameters to refine against 309 reflections in 3 dimensions
Performing refinement of a single Experiment...

Refinement steps:
+--------+--------+----------+----------+------------+
|   Step |   Nref |   RMSD_X |   RMSD_Y |   RMSD_Phi |
|        |        |     (mm) |     (mm) |      (deg) |
|--------+--------+----------+----------+------------|
|      0 |    309 | 0.031175 | 0.023467 |   0.097617 |
|      1 |    309 | 0.029726 | 0.022799 |   0.096341 |
|      2 |    309 | 0.027938 | 0.021686 |   0.094732 |
|      3 |    309 | 0.026245 | 0.020456 |   0.094454 |
|      4 |    309 | 0.025403 | 0.019573 |   0.09331  |
|      5 |    309 | 0.02505  | 0.018736 |   0.08775  |
|      6 |    309 | 0.025014 | 0.018179 |   0.079826 |
|      7 |    309 | 0.025214 | 0.017981 |   0.074309 |
|      8 |    309 | 0.025382 | 0.017806 |   0.07198  |
|      9 |    309 | 0.025513 | 0.017587 |   0.070933 |
|     10 |    309 | 0.025614 | 0.017463 |   0.070504 |
|     11 |    309 | 0.025643 | 0.017434 |   0.070414 |
|     12 |    309 | 0.025646 | 0.017432 |   0.070406 |
|     13 |    309 | 0.025646 | 0.017431 |   0.070406 |
+--------+--------+----------+----------+------------+
RMSD no longer decreasing

RMSDs by experiment:
+-------+--------+----------+----------+------------+
|   Exp |   Nref |   RMSD_X |   RMSD_Y |     RMSD_Z |
|    id |        |     (px) |     (px) |   (images) |
|-------+--------+----------+----------+------------|
|     0 |    309 |  0.25646 |  0.17431 |    0.14081 |
+-------+--------+----------+----------+------------+

Detector 1 RMSDs by panel:
+---------+--------+----------+----------+------------+
|   Panel |   Nref |   RMSD_X |   RMSD_Y |     RMSD_Z |
|      id |        |     (px) |     (px) |   (images) |
|---------+--------+----------+----------+------------|
|       0 |     90 |  0.27357 |  0.20642 |    0.14868 |
|       1 |    219 |  0.24909 |  0.15925 |    0.13745 |
+---------+--------+----------+----------+------------+
Updating predictions for indexed reflections

Scan-varying refinement
Configuring refiner

Summary statistics for 402 observations matched to predictions:
+-------------------+---------+----------+-----------+---------+--------+
|                   |     Min |       Q1 |       Med |      Q3 |    Max |
|-------------------+---------+----------+-----------+---------+--------|
| Xc - Xo (mm)      | -0.2645 | -0.02405 | -0.001928 | 0.01604 |  0.609 |
| Yc - Yo (mm)      |  -0.367 | -0.01022 | 0.0003445 | 0.01387 | 0.2519 |
| Phic - Phio (deg) |  -3.784 | -0.04706 | 0.0003422 | 0.04857 | 0.4405 |
| X weights         |   619.7 |     1025 |      1130 |    1178 |   1200 |
| Y weights         |   611.7 |     1044 |      1137 |    1173 |   1200 |
| Phi weights       |   42.16 |    47.57 |     47.85 |      48 |     48 |
+-------------------+---------+----------+-----------+---------+--------+

Detecting centroid outliers using the MCD algorithm
112 reflections have been flagged as outliers
290 reflections remain in the manager

Summary statistics for 290 observations matched to predictions:
+-------------------+----------+-----------+------------+----------+---------+
|                   |      Min |        Q1 |        Med |       Q3 |     Max |
|-------------------+----------+-----------+------------+----------+---------|
| Xc - Xo (mm)      | -0.05917 |   -0.0144 |   0.002085 |  0.01601 | 0.07437 |
| Yc - Yo (mm)      | -0.03915 | -0.007591 | -0.0003743 | 0.006647 | 0.03625 |
| Phic - Phio (deg) |  -0.1767 |  -0.03233 |   0.004396 |  0.04268 |  0.1904 |
| X weights         |    742.6 |      1042 |       1134 |     1177 |    1199 |
| Y weights         |    729.5 |      1080 |       1149 |     1175 |    1200 |
| Phi weights       |    42.16 |     47.54 |      47.83 |       48 |      48 |
+-------------------+----------+-----------+------------+----------+---------+

There are 25 parameters to refine against 290 reflections in 3 dimensions
Performing refinement of a single Experiment...

Refinement steps:
+--------+--------+----------+----------+------------+
|   Step |   Nref |   RMSD_X |   RMSD_Y |   RMSD_Phi |
|        |        |     (mm) |     (mm) |      (deg) |
|--------+--------+----------+----------+------------|
|      0 |    290 | 0.021451 | 0.013651 |   0.059637 |
|      1 |    290 | 0.021468 | 0.013468 |   0.059594 |
|      2 |    290 | 0.021403 | 0.013396 |   0.059486 |
|      3 |    290 | 0.02129  | 0.013297 |   0.059268 |
|      4 |    290 | 0.021155 | 0.013145 |   0.058931 |
|      5 |    290 | 0.020975 | 0.012974 |   0.058439 |
|      6 |    290 | 0.020755 | 0.012797 |   0.057767 |
|      7 |    290 | 0.020572 | 0.012585 |   0.057165 |
|      8 |    290 | 0.020469 | 0.012366 |   0.056983 |
|      9 |    290 | 0.020423 | 0.012291 |   0.056933 |
|     10 |    290 | 0.020386 | 0.012337 |   0.056808 |
|     11 |    290 | 0.020358 | 0.012393 |   0.056748 |
|     12 |    290 | 0.02035  | 0.012411 |   0.056737 |
|     13 |    290 | 0.020349 | 0.012413 |   0.056736 |
|     14 |    290 | 0.020349 | 0.012413 |   0.056736 |
+--------+--------+----------+----------+------------+
RMSD no longer decreasing

RMSDs by experiment:
+-------+--------+----------+----------+------------+
|   Exp |   Nref |   RMSD_X |   RMSD_Y |     RMSD_Z |
|    id |        |     (px) |     (px) |   (images) |
|-------+--------+----------+----------+------------|
|     0 |    290 |  0.20349 |  0.12413 |    0.11347 |
+-------+--------+----------+----------+------------+

Detector 1 RMSDs by panel:
+---------+--------+----------+----------+------------+
|   Panel |   Nref |   RMSD_X |   RMSD_Y |     RMSD_Z |
|      id |        |     (px) |     (px) |   (images) |
|---------+--------+----------+----------+------------|
|       0 |     88 |  0.2444  |  0.14075 |    0.10423 |
|       1 |    202 |  0.18282 |  0.11615 |    0.11727 |
+---------+--------+----------+----------+------------+
Updating predictions for indexed reflections

Selected group of experiments to refine with original ids: 2
Configuring refiner
Setting outlier.nproc=4

Summary statistics for 640 observations matched to predictions:
+-------------------+---------+----------+------------+---------+--------+
|                   |     Min |       Q1 |        Med |      Q3 |    Max |
|-------------------+---------+----------+------------+---------+--------|
| Xc - Xo (mm)      | -0.1789 | -0.02238 |   0.006288 | 0.02663 | 0.5305 |
| Yc - Yo (mm)      |   -0.39 | -0.02529 | -0.0003776 | 0.02438 |  0.516 |
| Phic - Phio (deg) |  -2.525 | -0.08555 |   -0.01415 | 0.04047 | 0.9578 |
| X weights         |   612.8 |     1011 |       1127 |    1177 |   1200 |
| Y weights         |   620.5 |     1021 |       1127 |    1173 |   1200 |
| Phi weights       |   44.82 |    47.57 |       47.8 |      48 |     48 |
+-------------------+---------+----------+------------+---------+--------+

Detecting centroid outliers using the MCD algorithm
161 reflections have been flagged as outliers
479 reflections remain in the manager

Summary statistics for 479 observations matched to predictions:
+-------------------+---------+----------+-----------+---------+---------+
|                   |     Min |       Q1 |       Med |      Q3 |     Max |
|-------------------+---------+----------+-----------+---------+---------|
| Xc - Xo (mm)      | -0.1033 | -0.01429 |  0.007757 | 0.02484 |  0.0778 |
| Yc - Yo (mm)      | -0.1277 | -0.02015 | -0.001586 | 0.01691 | 0.08757 |
| Phic - Phio (deg) | -0.3308 | -0.06749 |  -0.01486 | 0.03139 |  0.2187 |
| X weights         |   695.2 |     1034 |      1134 |    1180 |    1200 |
| Y weights         |   620.5 |     1067 |      1144 |    1179 |    1200 |
| Phi weights       |   44.82 |    47.52 |     47.76 |   47.96 |      48 |
+-------------------+---------+----------+-----------+---------+---------+

There are 16 parameters to refine against 479 reflections in 3 dimensions
Performing refinement of a single Experiment...

Refinement steps:
+--------+--------+----------+----------+------------+
|   Step |   Nref |   RMSD_X |   RMSD_Y |   RMSD_Phi |
|        |        |     (mm) |     (mm) |      (deg) |
|--------+--------+----------+----------+------------|
|      0 |    479 | 0.030035 | 0.03404  |   0.084875 |
|      1 |    479 | 0.029395 | 0.032434 |   0.08448  |
|      2 |    479 | 0.028889 | 0.029869 |   0.084779 |
|      3 |    479 | 0.028177 | 0.026061 |   0.082608 |
|      4 |    479 | 0.027395 | 0.02185  |   0.078492 |
|      5 |    479 | 0.027129 | 0.019771 |   0.076056 |
|      6 |    479 | 0.02722  | 0.019215 |   0.074007 |
|      7 |    479 | 0.027385 | 0.018743 |   0.069679 |
|      8 |    479 | 0.027691 | 0.018135 |   0.06368  |
|      9 |    479 | 0.028025 | 0.017718 |   0.059942 |
|     10 |    479 | 0.028159 | 0.017594 |   0.058983 |
|     11 |    479 | 0.028176 | 0.017579 |   0.058874 |
|     12 |    479 | 0.028177 | 0.017578 |   0.058869 |
+--------+--------+----------+----------+------------+
RMSD no longer decreasing

RMSDs by experiment:
+-------+--------+----------+----------+------------+
|   Exp |   Nref |   RMSD_X |   RMSD_Y |     RMSD_Z |
|    id |        |     (px) |     (px) |   (images) |
|-------+--------+----------+----------+------------|
|     0 |    479 |  0.28177 |  0.17578 |    0.11774 |
+-------+--------+----------+----------+------------+

Detector 1 RMSDs by panel:
+---------+--------+----------+----------+------------+
|   Panel |   Nref |   RMSD_X |   RMSD_Y |     RMSD_Z |
|      id |        |     (px) |     (px) |   (images) |
|---------+--------+----------+----------+------------|
|       0 |    236 |  0.30502 |  0.18355 |    0.12258 |
|       1 |    243 |  0.25719 |  0.16788 |    0.11284 |
+---------+--------+----------+----------+------------+
Updating predictions for indexed reflections

Scan-varying refinement
Configuring refiner

Summary statistics for 640 observations matched to predictions:
+-------------------+---------+----------+-----------+---------+--------+
|                   |     Min |       Q1 |       Med |      Q3 |    Max |
|-------------------+---------+----------+-----------+---------+--------|
| Xc - Xo (mm)      | -0.1367 | -0.02496 |  -0.00033 | 0.02145 | 0.4583 |
| Yc - Yo (mm)      | -0.3622 | -0.01075 | 0.0004303 | 0.01302 | 0.4719 |
| Phic - Phio (deg) |  -2.031 | -0.04275 |  0.003171 | 0.04306 |   1.06 |
| X weights         |   612.8 |     1011 |      1127 |    1177 |   1200 |
| Y weights         |   620.5 |     1021 |      1127 |    1173 |   1200 |
| Phi weights       |   44.82 |    47.57 |      47.8 |      48 |     48 |
+-------------------+---------+----------+-----------+---------+--------+

Detecting centroid outliers using the MCD algorithm
156 reflections have been flagged as outliers
484 reflections remain in the manager

Summary statistics for 484 observations matched to predictions:
+-------------------+----------+-----------+----------+---------+---------+
|                   |      Min |        Q1 |      Med |      Q3 |     Max |
|-------------------+----------+-----------+----------+---------+---------|
| Xc - Xo (mm)      | -0.09698 |  -0.01829 | 0.001523 | 0.02037 | 0.08478 |
| Yc - Yo (mm)      | -0.04201 | -0.007978 | 0.000449 | 0.01009 | 0.04378 |
| Phic - Phio (deg) |  -0.1598 |  -0.02637 | 0.005013 | 0.03495 |  0.1648 |
| X weights         |    695.2 |      1049 |     1141 |    1181 |    1200 |
| Y weights         |    620.5 |      1077 |     1148 |    1180 |    1200 |
| Phi weights       |    44.82 |     47.54 |    47.75 |   47.91 |      48 |
+-------------------+----------+-----------+----------+---------+---------+

There are 34 parameters to refine against 484 reflections in 3 dimensions
Performing refinement of a single Experiment...

Refinement steps:
+--------+--------+----------+----------+------------+
|   Step |   Nref |   RMSD_X |   RMSD_Y |   RMSD_Phi |
|        |        |     (mm) |     (mm) |      (deg) |
|--------+--------+----------+----------+------------|
|      0 |    484 | 0.028953 | 0.014098 |   0.051203 |
|      1 |    484 | 0.028974 | 0.013777 |   0.051198 |
|      2 |    484 | 0.028948 | 0.013687 |   0.051187 |
|      3 |    484 | 0.028904 | 0.013547 |   0.051172 |
|      4 |    484 | 0.02883  | 0.013381 |   0.051166 |
|      5 |    484 | 0.028728 | 0.013229 |   0.051074 |
|      6 |    484 | 0.02863  | 0.013126 |   0.050878 |
|      7 |    484 | 0.028543 | 0.0131   |   0.050783 |
|      8 |    484 | 0.028424 | 0.01318  |   0.050766 |
|      9 |    484 | 0.02823  | 0.013398 |   0.050763 |
|     10 |    484 | 0.028002 | 0.013742 |   0.050754 |
|     11 |    484 | 0.027864 | 0.014016 |   0.050759 |
|     12 |    484 | 0.027828 | 0.014099 |   0.050766 |
|     13 |    484 | 0.027824 | 0.014107 |   0.050767 |
|     14 |    484 | 0.027824 | 0.014108 |   0.050767 |
+--------+--------+----------+----------+------------+
RMSD no longer decreasing

RMSDs by experiment:
+-------+--------+----------+----------+------------+
|   Exp |   Nref |   RMSD_X |   RMSD_Y |     RMSD_Z |
|    id |        |     (px) |     (px) |   (images) |
|-------+--------+----------+----------+------------|
|     0 |    484 |  0.27824 |  0.14108 |    0.10153 |
+-------+--------+----------+----------+------------+

Detector 1 RMSDs by panel:
+---------+--------+----------+----------+------------+
|   Panel |   Nref |   RMSD_X |   RMSD_Y |     RMSD_Z |
|      id |        |     (px) |     (px) |   (images) |
|---------+--------+----------+----------+------------|
|       0 |    248 |  0.31219 |  0.15746 |    0.10093 |
|       1 |    236 |  0.23738 |  0.1215  |    0.10216 |
+---------+--------+----------+----------+------------+
Updating predictions for indexed reflections

Selected group of experiments to refine with original ids: 3
Configuring refiner
Setting outlier.nproc=4

Summary statistics for 256 observations matched to predictions:
+-------------------+---------+----------+------------+----------+--------+
|                   |     Min |       Q1 |        Med |       Q3 |    Max |
|-------------------+---------+----------+------------+----------+--------|
| Xc - Xo (mm)      | -0.3246 | -0.02805 | -0.0006801 |  0.02226 | 0.1232 |
| Yc - Yo (mm)      | -0.2607 | -0.02921 |   -0.00169 |  0.03143 | 0.1106 |
| Phic - Phio (deg) | -0.9379 |  -0.1782 |   -0.09853 | -0.02653 |  9.123 |
| X weights         |   690.6 |     1028 |       1126 |     1175 |   1200 |
| Y weights         |   675.6 |     1050 |       1121 |     1173 |   1200 |
| Phi weights       |   45.79 |    47.73 |      47.95 |       48 |     48 |
+-------------------+---------+----------+------------+----------+--------+

Detecting centroid outliers using the MCD algorithm
43 reflections have been flagged as outliers
213 reflections remain in the manager

Summary statistics for 213 observations matched to predictions:
+-------------------+----------+----------+----------+----------+--------+
|                   |      Min |       Q1 |      Med |       Q3 |    Max |
|-------------------+----------+----------+----------+----------+--------|
| Xc - Xo (mm)      | -0.07555 | -0.01916 | 0.003403 |  0.02229 | 0.1232 |
| Yc - Yo (mm)      | -0.08027 | -0.02151 | 0.002893 |  0.03154 | 0.1102 |
| Phic - Phio (deg) |  -0.3414 |  -0.1589 | -0.09387 | -0.02876 | 0.3093 |
| X weights         |    731.9 |     1033 |     1129 |     1176 |   1200 |
| Y weights         |    771.8 |     1060 |     1131 |     1174 |   1200 |
| Phi weights       |    46.18 |    47.77 |    47.95 |       48 |     48 |
+-------------------+----------+----------+----------+----------+--------+

There are 16 parameters to refine against 213 reflections in 3 dimensions
Performing refinement of a single Experiment...

Refinement steps:
+--------+--------+----------+----------+------------+
|   Step |   Nref |   RMSD_X |   RMSD_Y |   RMSD_Phi |
|        |        |     (mm) |     (mm) |      (deg) |
|--------+--------+----------+----------+------------|
|      0 |    213 | 0.03201  | 0.035869 |   0.13653  |
|      1 |    213 | 0.030253 | 0.034939 |   0.12717  |
|      2 |    213 | 0.029304 | 0.033011 |   0.11139  |
|      3 |    213 | 0.028393 | 0.030454 |   0.098503 |
|      4 |    213 | 0.028057 | 0.028831 |   0.094674 |
|      5 |    213 | 0.027995 | 0.027762 |   0.091958 |
|      6 |    213 | 0.027907 | 0.026739 |   0.08853  |
|      7 |    213 | 0.027812 | 0.026028 |   0.086195 |
|      8 |    213 | 0.027819 | 0.025419 |   0.08513  |
|      9 |    213 | 0.028059 | 0.024667 |   0.084235 |
|     10 |    213 | 0.028372 | 0.024143 |   0.083738 |
|     11 |    213 | 0.028489 | 0.023992 |   0.083623 |
|     12 |    213 | 0.028502 | 0.023976 |   0.083611 |
|     13 |    213 | 0.028503 | 0.023975 |   0.083611 |
+--------+--------+----------+----------+------------+
RMSD no longer decreasing

RMSDs by experiment:
+-------+--------+----------+----------+------------+
|   Exp |   Nref |   RMSD_X |   RMSD_Y |     RMSD_Z |
|    id |        |     (px) |     (px) |   (images) |
|-------+--------+----------+----------+------------|
|     0 |    213 |  0.28503 |  0.23975 |    0.16722 |
+-------+--------+----------+----------+------------+

Detector 1 RMSDs by panel:
+---------+--------+----------+----------+------------+
|   Panel |   Nref |   RMSD_X |   RMSD_Y |     RMSD_Z |
|      id |        |     (px) |     (px) |   (images) |
|---------+--------+----------+----------+------------|
|       0 |     76 |  0.27125 |  0.23056 |    0.13688 |
|       1 |    137 |  0.29239 |  0.2447  |    0.18188 |
+---------+--------+----------+----------+------------+
Updating predictions for indexed reflections

Scan-varying refinement
Configuring refiner

Summary statistics for 256 observations matched to predictions:
+-------------------+---------+----------+-----------+---------+---------+
|                   |     Min |       Q1 |       Med |      Q3 |     Max |
|-------------------+---------+----------+-----------+---------+---------|
| Xc - Xo (mm)      | -0.3212 | -0.02435 | -0.000419 | 0.01965 | 0.09753 |
| Yc - Yo (mm)      | -0.3217 | -0.01845 |  -0.00354 | 0.01124 |  0.1393 |
| Phic - Phio (deg) | -0.7143 | -0.06102 |  0.004361 | 0.06043 |   9.205 |
| X weights         |   690.6 |     1028 |      1126 |    1175 |    1200 |
| Y weights         |   675.6 |     1050 |      1121 |    1173 |    1200 |
| Phi weights       |   45.79 |    47.73 |     47.95 |      48 |      48 |
+-------------------+---------+----------+-----------+---------+---------+

Detecting centroid outliers using the MCD algorithm
55 reflections have been flagged as outliers
201 reflections remain in the manager

Summary statistics for 201 observations matched to predictions:
+-------------------+----------+----------+-----------+----------+---------+
|                   |      Min |       Q1 |       Med |       Q3 |     Max |
|-------------------+----------+----------+-----------+----------+---------|
| Xc - Xo (mm)      | -0.06092 |  -0.0144 |   0.00459 |  0.02178 | 0.07531 |
| Yc - Yo (mm)      |  -0.0518 | -0.01277 | -0.002482 | 0.008528 | 0.05299 |
| Phic - Phio (deg) |  -0.2031 | -0.04415 |  0.006426 |  0.05451 |   0.228 |
| X weights         |    820.2 |     1049 |      1133 |     1176 |    1200 |
| Y weights         |    741.3 |     1073 |      1140 |     1174 |    1200 |
| Phi weights       |    45.85 |    47.74 |     47.94 |       48 |      48 |
+-------------------+----------+----------+-----------+----------+---------+

There are 25 parameters to refine against 201 reflections in 3 dimensions
Performing refinement of a single Experiment...

Refinement steps:
+--------+--------+----------+----------+------------+
|   Step |   Nref |   RMSD_X |   RMSD_Y |   RMSD_Phi |
|        |        |     (mm) |     (mm) |      (deg) |
|--------+--------+----------+----------+------------|
|      0 |    201 | 0.025071 | 0.017926 |   0.075837 |
|      1 |    201 | 0.024851 | 0.017466 |   0.074857 |
|      2 |    201 | 0.02469  | 0.017017 |   0.073707 |
|      3 |    201 | 0.02445  | 0.016442 |   0.073278 |
|      4 |    201 | 0.024241 | 0.015939 |   0.073577 |
|      5 |    201 | 0.02413  | 0.015752 |   0.074014 |
|      6 |    201 | 0.024055 | 0.015739 |   0.074175 |
|      7 |    201 | 0.023987 | 0.015737 |   0.074229 |
|      8 |    201 | 0.023927 | 0.015723 |   0.074324 |
|      9 |    201 | 0.02387  | 0.015745 |   0.074391 |
|     10 |    201 | 0.023813 | 0.015809 |   0.074356 |
|     11 |    201 | 0.023775 | 0.015872 |   0.074296 |
|     12 |    201 | 0.023764 | 0.015896 |   0.074271 |
|     13 |    201 | 0.023763 | 0.015899 |   0.074267 |
|     14 |    201 | 0.023763 | 0.015899 |   0.074267 |
+--------+--------+----------+----------+------------+
RMSD no longer decreasing

RMSDs by experiment:
+-------+--------+----------+----------+------------+
|   Exp |   Nref |   RMSD_X |   RMSD_Y |     RMSD_Z |
|    id |        |     (px) |     (px) |   (images) |
|-------+--------+----------+----------+------------|
|     0 |    201 |  0.23763 |  0.15899 |    0.14853 |
+-------+--------+----------+----------+------------+

Detector 1 RMSDs by panel:
+---------+--------+----------+----------+------------+
|   Panel |   Nref |   RMSD_X |   RMSD_Y |     RMSD_Z |
|      id |        |     (px) |     (px) |   (images) |
|---------+--------+----------+----------+------------|
|       0 |     77 |  0.23844 |  0.12863 |    0.12241 |
|       1 |    124 |  0.23712 |  0.17522 |    0.16266 |
+---------+--------+----------+----------+------------+
Updating predictions for indexed reflections

Selected group of experiments to refine with original ids: 4
Configuring refiner
Setting outlier.nproc=4

Summary statistics for 560 observations matched to predictions:
+-------------------+---------+-----------+------------+---------+--------+
|                   |     Min |        Q1 |        Med |      Q3 |    Max |
|-------------------+---------+-----------+------------+---------+--------|
| Xc - Xo (mm)      | -0.4214 |   -0.0273 |   0.001193 | 0.02647 | 0.3169 |
| Yc - Yo (mm)      | -0.4443 |  -0.02324 | -0.0005441 | 0.02146 | 0.2487 |
| Phic - Phio (deg) |  -1.172 | -0.002582 |    0.06415 |  0.1246 |  2.232 |
| X weights         |   545.4 |     999.5 |       1105 |    1173 |   1200 |
| Y weights         |     600 |      1001 |       1116 |    1171 |   1200 |
| Phi weights       |   42.33 |     47.51 |      47.82 |      48 |     48 |
+-------------------+---------+-----------+------------+---------+--------+

Detecting centroid outliers using the MCD algorithm
118 reflections have been flagged as outliers
442 reflections remain in the manager

Summary statistics for 442 observations matched to predictions:
+-------------------+---------+----------+-----------+---------+---------+
|                   |     Min |       Q1 |       Med |      Q3 |     Max |
|-------------------+---------+----------+-----------+---------+---------|
| Xc - Xo (mm)      | -0.1031 | -0.01978 |  0.005753 | 0.02676 | 0.09782 |
| Yc - Yo (mm)      | -0.1035 | -0.01887 | 0.0008499 | 0.02025 |  0.1167 |
| Phic - Phio (deg) |  -0.124 |  0.02999 |   0.07382 |  0.1228 |  0.3194 |
| X weights         |   545.4 |     1015 |      1129 |    1179 |    1200 |
| Y weights         |   738.6 |     1061 |      1136 |    1179 |    1200 |
| Phi weights       |   44.64 |    47.48 |     47.77 |      48 |      48 |
+-------------------+---------+----------+-----------+---------+---------+

There are 16 parameters to refine against 442 reflections in 3 dimensions
Performing refinement of a single Experiment...

Refinement steps:
+--------+--------+----------+----------+------------+
|   Step |   Nref |   RMSD_X |   RMSD_Y |   RMSD_Phi |
|        |        |     (mm) |     (mm) |      (deg) |
|--------+--------+----------+----------+------------|
|      0 |    442 | 0.034853 | 0.03161  |   0.1059   |
|      1 |    442 | 0.034327 | 0.03042  |   0.098245 |
|      2 |    442 | 0.033645 | 0.028542 |   0.086054 |
|      3 |    442 | 0.032701 | 0.025702 |   0.076385 |
|      4 |    442 | 0.031448 | 0.022508 |   0.072704 |
|      5 |    442 | 0.030574 | 0.020805 |   0.070973 |
|      6 |    442 | 0.030353 | 0.020487 |   0.069895 |
|      7 |    442 | 0.030382 | 0.020157 |   0.068583 |
|      8 |    442 | 0.030532 | 0.019603 |   0.067034 |
|      9 |    442 | 0.030741 | 0.019122 |   0.06613  |
|     10 |    442 | 0.030843 | 0.018943 |   0.065918 |
|     11 |    442 | 0.030858 | 0.018918 |   0.065894 |
|     12 |    442 | 0.030859 | 0.018916 |   0.065893 |
+--------+--------+----------+----------+------------+
RMSD no longer decreasing

RMSDs by experiment:
+-------+--------+----------+----------+------------+
|   Exp |   Nref |   RMSD_X |   RMSD_Y |     RMSD_Z |
|    id |        |     (px) |     (px) |   (images) |
|-------+--------+----------+----------+------------|
|     0 |    442 |  0.30859 |  0.18916 |    0.13179 |
+-------+--------+----------+----------+------------+

Detector 1 RMSDs by panel:
+---------+--------+----------+----------+------------+
|   Panel |   Nref |   RMSD_X |   RMSD_Y |     RMSD_Z |
|      id |        |     (px) |     (px) |   (images) |
|---------+--------+----------+----------+------------|
|       0 |    245 |  0.31818 |  0.20141 |    0.13175 |
|       1 |    197 |  0.29623 |  0.17273 |    0.13183 |
+---------+--------+----------+----------+------------+
Updating predictions for indexed reflections

Scan-varying refinement
Configuring refiner

Summary statistics for 560 observations matched to predictions:
+-------------------+---------+----------+------------+---------+--------+
|                   |     Min |       Q1 |        Med |      Q3 |    Max |
|-------------------+---------+----------+------------+---------+--------|
| Xc - Xo (mm)      |  -0.438 | -0.02761 |  -0.003508 | 0.02454 |  0.332 |
| Yc - Yo (mm)      | -0.4467 | -0.01145 | -0.0009715 | 0.01158 | 0.2547 |
| Phic - Phio (deg) |  -1.103 |  -0.0575 |  -0.003058 | 0.04243 |  2.071 |
| X weights         |   545.4 |    999.5 |       1105 |    1173 |   1200 |
| Y weights         |     600 |     1001 |       1116 |    1171 |   1200 |
| Phi weights       |   42.33 |    47.51 |      47.82 |      48 |     48 |
+-------------------+---------+----------+------------+---------+--------+

Detecting centroid outliers using the MCD algorithm
146 reflections have been flagged as outliers
414 reflections remain in the manager

Summary statistics for 414 observations matched to predictions:
+-------------------+----------+-----------+-----------+----------+---------+
|                   |      Min |        Q1 |       Med |       Q3 |     Max |
|-------------------+----------+-----------+-----------+----------+---------|
| Xc - Xo (mm)      | -0.07003 |  -0.01924 | 0.0004452 |  0.02308 | 0.08542 |
| Yc - Yo (mm)      | -0.05132 | -0.008108 | -0.001027 | 0.008988 |  0.0379 |
| Phic - Phio (deg) |  -0.1784 |  -0.03499 | 0.0003518 |  0.03681 |  0.1606 |
| X weights         |    545.4 |      1024 |      1134 |     1180 |    1200 |
| Y weights         |    738.6 |      1083 |      1141 |     1179 |    1200 |
| Phi weights       |    44.64 |     47.47 |     47.75 |    47.95 |      48 |
+-------------------+----------+-----------+-----------+----------+---------+

There are 25 parameters to refine against 414 reflections in 3 dimensions
Performing refinement of a single Experiment...

Refinement steps:
+--------+--------+----------+----------+------------+
|   Step |   Nref |   RMSD_X |   RMSD_Y |   RMSD_Phi |
|        |        |     (mm) |     (mm) |      (deg) |
|--------+--------+----------+----------+------------|
|      0 |    414 | 0.029427 | 0.014245 |   0.060155 |
|      1 |    414 | 0.029421 | 0.013999 |   0.060085 |
|      2 |    414 | 0.029406 | 0.013949 |   0.059963 |
|      3 |    414 | 0.029385 | 0.013854 |   0.059765 |
|      4 |    414 | 0.029361 | 0.013738 |   0.059543 |
|      5 |    414 | 0.029345 | 0.01366  |   0.059464 |
|      6 |    414 | 0.029334 | 0.01364  |   0.059434 |
|      7 |    414 | 0.029303 | 0.013667 |   0.059275 |
|      8 |    414 | 0.029209 | 0.01378  |   0.059066 |
|      9 |    414 | 0.029024 | 0.014041 |   0.058862 |
|     10 |    414 | 0.028821 | 0.0144   |   0.05868  |
|     11 |    414 | 0.028717 | 0.01463  |   0.058595 |
|     12 |    414 | 0.028695 | 0.014685 |   0.058577 |
|     13 |    414 | 0.028693 | 0.014689 |   0.058576 |
|     14 |    414 | 0.028693 | 0.01469  |   0.058576 |
+--------+--------+----------+----------+------------+
RMSD no longer decreasing

RMSDs by experiment:
+-------+--------+----------+----------+------------+
|   Exp |   Nref |   RMSD_X |   RMSD_Y |     RMSD_Z |
|    id |        |     (px) |     (px) |   (images) |
|-------+--------+----------+----------+------------|
|     0 |    414 |  0.28693 |   0.1469 |    0.11715 |
+-------+--------+----------+----------+------------+

Detector 1 RMSDs by panel:
+---------+--------+----------+----------+------------+
|   Panel |   Nref |   RMSD_X |   RMSD_Y |     RMSD_Z |
|      id |        |     (px) |     (px) |   (images) |
|---------+--------+----------+----------+------------|
|       0 |    230 |  0.3029  |  0.15956 |    0.11827 |
|       1 |    184 |  0.26562 |  0.12933 |    0.11573 |
+---------+--------+----------+----------+------------+
Updating predictions for indexed reflections

Selected group of experiments to refine with original ids: 5
Configuring refiner
Setting outlier.nproc=4

Summary statistics for 458 observations matched to predictions:
+-------------------+---------+----------+-----------+---------+--------+
|                   |     Min |       Q1 |       Med |      Q3 |    Max |
|-------------------+---------+----------+-----------+---------+--------|
| Xc - Xo (mm)      | -0.2836 | -0.02836 | 2.391e-05 | 0.02667 | 0.3699 |
| Yc - Yo (mm)      | -0.2802 | -0.02541 | -0.001043 | 0.02308 | 0.5786 |
| Phic - Phio (deg) |  -0.555 | -0.03308 |    0.0282 | 0.08928 |  1.029 |
| X weights         |   646.2 |     1012 |      1117 |    1173 |   1200 |
| Y weights         |   514.3 |     1021 |      1121 |    1174 |   1200 |
| Phi weights       |   44.81 |    47.49 |      47.8 |      48 |     48 |
+-------------------+---------+----------+-----------+---------+--------+

Detecting centroid outliers using the MCD algorithm
93 reflections have been flagged as outliers
365 reflections remain in the manager

Summary statistics for 365 observations matched to predictions:
+-------------------+----------+----------+-----------+---------+---------+
|                   |      Min |       Q1 |       Med |      Q3 |     Max |
|-------------------+----------+----------+-----------+---------+---------|
| Xc - Xo (mm)      | -0.08646 | -0.02223 | 0.0009085 | 0.02553 | 0.09648 |
| Yc - Yo (mm)      | -0.08689 |  -0.0202 |  0.001107 | 0.02308 | 0.07757 |
| Phic - Phio (deg) |  -0.2211 | -0.01943 |   0.02892 | 0.07752 |  0.2502 |
| X weights         |    703.4 |     1034 |      1131 |    1177 |    1200 |
| Y weights         |    514.3 |     1070 |      1138 |    1177 |    1200 |
| Phi weights       |    44.81 |    47.45 |     47.76 |      48 |      48 |
+-------------------+----------+----------+-----------+---------+---------+

There are 16 parameters to refine against 365 reflections in 3 dimensions
Performing refinement of a single Experiment...

Refinement steps:
+--------+--------+----------+----------+------------+
|   Step |   Nref |   RMSD_X |   RMSD_Y |   RMSD_Phi |
|        |        |     (mm) |     (mm) |      (deg) |
|--------+--------+----------+----------+------------|
|      0 |    365 | 0.035498 | 0.031147 |   0.086436 |
|      1 |    365 | 0.035398 | 0.02897  |   0.085227 |
|      2 |    365 | 0.034419 | 0.026605 |   0.084218 |
|      3 |    365 | 0.033458 | 0.023136 |   0.081529 |
|      4 |    365 | 0.032599 | 0.019592 |   0.075709 |
|      5 |    365 | 0.031604 | 0.017273 |   0.070606 |
|      6 |    365 | 0.030902 | 0.016517 |   0.069124 |
|      7 |    365 | 0.030713 | 0.0163   |   0.068967 |
|      8 |    365 | 0.030779 | 0.016036 |   0.068204 |
|      9 |    365 | 0.030907 | 0.015745 |   0.06747  |
|     10 |    365 | 0.030988 | 0.015598 |   0.067165 |
|     11 |    365 | 0.031005 | 0.015568 |   0.06711  |
|     12 |    365 | 0.031007 | 0.015566 |   0.067106 |
|     13 |    365 | 0.031007 | 0.015566 |   0.067106 |
+--------+--------+----------+----------+------------+
RMSD no longer decreasing

RMSDs by experiment:
+-------+--------+----------+----------+------------+
|   Exp |   Nref |   RMSD_X |   RMSD_Y |     RMSD_Z |
|    id |        |     (px) |     (px) |   (images) |
|-------+--------+----------+----------+------------|
|     0 |    365 |  0.31007 |  0.15566 |    0.13421 |
+-------+--------+----------+----------+------------+

Detector 1 RMSDs by panel:
+---------+--------+----------+----------+------------+
|   Panel |   Nref |   RMSD_X |   RMSD_Y |     RMSD_Z |
|      id |        |     (px) |     (px) |   (images) |
|---------+--------+----------+----------+------------|
|       0 |    206 |  0.32762 |  0.16877 |    0.13851 |
|       1 |    159 |  0.28572 |  0.13683 |    0.12843 |
+---------+--------+----------+----------+------------+
Updating predictions for indexed reflections

Scan-varying refinement
Configuring refiner

Summary statistics for 458 observations matched to predictions:
+-------------------+---------+----------+------------+----------+--------+
|                   |     Min |       Q1 |        Med |       Q3 |    Max |
|-------------------+---------+----------+------------+----------+--------|
| Xc - Xo (mm)      | -0.1275 | -0.02474 |  -4.09e-05 |  0.02591 | 0.3755 |
| Yc - Yo (mm)      | -0.3429 | -0.01096 | -0.0009224 | 0.009364 | 0.5583 |
| Phic - Phio (deg) | -0.4633 | -0.04969 |   0.002666 |  0.05475 | 0.7642 |
| X weights         |   646.2 |     1012 |       1117 |     1173 |   1200 |
| Y weights         |   514.3 |     1021 |       1121 |     1174 |   1200 |
| Phi weights       |   44.81 |    47.49 |       47.8 |       48 |     48 |
+-------------------+---------+----------+------------+----------+--------+

Detecting centroid outliers using the MCD algorithm
107 reflections have been flagged as outliers
351 reflections remain in the manager

Summary statistics for 351 observations matched to predictions:
+-------------------+----------+-----------+------------+---------+---------+
|                   |      Min |        Q1 |        Med |      Q3 |     Max |
|-------------------+----------+-----------+------------+---------+---------|
| Xc - Xo (mm)      | -0.06631 |  -0.01735 |   0.003621 | 0.02687 |  0.1049 |
| Yc - Yo (mm)      | -0.03388 | -0.007096 | -0.0004042 | 0.00713 | 0.03194 |
| Phic - Phio (deg) |  -0.1665 |  -0.03633 |   0.002625 | 0.04348 |   0.185 |
| X weights         |    703.4 |      1052 |       1144 |    1179 |    1200 |
| Y weights         |    608.2 |      1087 |       1145 |    1179 |    1200 |
| Phi weights       |    44.86 |     47.46 |      47.75 |   47.94 |      48 |
+-------------------+----------+-----------+------------+---------+---------+

There are 25 parameters to refine against 351 reflections in 3 dimensions
Performing refinement of a single Experiment...

Refinement steps:
+--------+--------+----------+----------+------------+
|   Step |   Nref |   RMSD_X |   RMSD_Y |   RMSD_Phi |
|        |        |     (mm) |     (mm) |      (deg) |
|--------+--------+----------+----------+------------|
|      0 |    351 | 0.029723 | 0.011808 |   0.060907 |
|      1 |    351 | 0.029551 | 0.011809 |   0.06078  |
|      2 |    351 | 0.029543 | 0.011742 |   0.060514 |
|      3 |    351 | 0.02952  | 0.011642 |   0.060053 |
|      4 |    351 | 0.029472 | 0.011533 |   0.059491 |
|      5 |    351 | 0.029392 | 0.011457 |   0.059012 |
|      6 |    351 | 0.029331 | 0.011416 |   0.058478 |
|      7 |    351 | 0.029285 | 0.011391 |   0.057886 |
|      8 |    351 | 0.029138 | 0.011434 |   0.057483 |
|      9 |    351 | 0.0288   | 0.011678 |   0.057323 |
|     10 |    351 | 0.028378 | 0.01215  |   0.05738  |
|     11 |    351 | 0.02813  | 0.012552 |   0.057507 |
|     12 |    351 | 0.028068 | 0.012679 |   0.057554 |
|     13 |    351 | 0.028061 | 0.012693 |   0.05756  |
|     14 |    351 | 0.028061 | 0.012693 |   0.05756  |
+--------+--------+----------+----------+------------+
RMSD no longer decreasing

RMSDs by experiment:
+-------+--------+----------+----------+------------+
|   Exp |   Nref |   RMSD_X |   RMSD_Y |     RMSD_Z |
|    id |        |     (px) |     (px) |   (images) |
|-------+--------+----------+----------+------------|
|     0 |    351 |  0.28061 |  0.12693 |    0.11512 |
+-------+--------+----------+----------+------------+

Detector 1 RMSDs by panel:
+---------+--------+----------+----------+------------+
|   Panel |   Nref |   RMSD_X |   RMSD_Y |     RMSD_Z |
|      id |        |     (px) |     (px) |   (images) |
|---------+--------+----------+----------+------------|
|       0 |    190 |  0.28636 |  0.13595 |    0.11293 |
|       1 |    161 |  0.27367 |  0.11539 |    0.11765 |
+---------+--------+----------+----------+------------+
Updating predictions for indexed reflections

Independently-refined groups of experiments have been recombined

RMSDs by experiment:
+-------+--------+----------+----------+------------+
|   Exp |   Nref |   RMSD_X |   RMSD_Y |     RMSD_Z |
|    id |        |     (px) |     (px) |   (images) |
|-------+--------+----------+----------+------------|
|     0 |    301 |  0.19372 |  0.13474 |    0.11419 |
|     1 |    290 |  0.20349 |  0.12413 |    0.11347 |
|     2 |    484 |  0.27824 |  0.14108 |    0.10153 |
|     3 |    201 |  0.23763 |  0.15899 |    0.14853 |
|     4 |    414 |  0.28693 |  0.1469  |    0.11715 |
|     5 |    351 |  0.28061 |  0.12693 |    0.11512 |
+-------+--------+----------+----------+------------+
Saving refined experiments to refined.expt
Saving reflections with updated predictions to refined.refl
