Started: 2026-09-22T02:58:46.322277
Command: ["H:\\CrystalPilot-campaigns\\scxrd-agent-eval-20260921\\toolbox\\pyplain\\Scripts\\python.exe", "H:\\CrystalPilot-campaigns\\scxrd-agent-eval-20260921\\arena\\r09_P1N_nu1000\\deliverables\\raw_reproduction_20260922_025724\\deliverables\\restrained_refine.py", "--input", "framework_conservative_cv", "--tag", "framework_final_unmasked", "--dispersion", "--hydrogens", "--geometry-strength", "4", "--all-data", "--epochs", "5"]
RESTRAINED framework_final_unmasked epoch 0 parameters 157 fit 4395 restraints 248
{'epoch': 0, 'work': {'n': 4086, 'n_obs': 1891, 'R1_all': 0.2645955910809817, 'R1_obs': 0.1761617771122694, 'wR2': 0.6128675040616156}, 'test': {'n': 309, 'n_obs': 138, 'R1_all': 0.254004877784075, 'R1_obs': 0.15914858016602457, 'wR2': 0.3651741858371142}, 'cost': 13555.023545492862, 'max_geom_z': 4.7906724297615, 'nfev': 6}
RESTRAINED framework_final_unmasked epoch 1 parameters 157 fit 4395 restraints 248
{'epoch': 1, 'work': {'n': 4086, 'n_obs': 1891, 'R1_all': 0.2645669942919661, 'R1_obs': 0.1762080283633552, 'wR2': 0.6146304952333898}, 'test': {'n': 309, 'n_obs': 138, 'R1_all': 0.2537408593783426, 'R1_obs': 0.15887082984559356, 'wR2': 0.3653697738408521}, 'cost': 13492.333103436013, 'max_geom_z': 4.829424892473995, 'nfev': 4}
RESTRAINED framework_final_unmasked epoch 2 parameters 157 fit 4395 restraints 248
{'epoch': 2, 'work': {'n': 4086, 'n_obs': 1891, 'R1_all': 0.2645618243045036, 'R1_obs': 0.1762153139865213, 'wR2': 0.6151528600716869}, 'test': {'n': 309, 'n_obs': 138, 'R1_all': 0.25361735743288705, 'R1_obs': 0.15874000464038837, 'wR2': 0.3654195276917042}, 'cost': 13477.81075653117, 'max_geom_z': 4.837065600216981, 'nfev': 3}
RESTRAINED framework_final_unmasked epoch 3 parameters 157 fit 4395 restraints 248
{'epoch': 3, 'work': {'n': 4086, 'n_obs': 1891, 'R1_all': 0.2645596656718245, 'R1_obs': 0.17621748169920964, 'wR2': 0.6153119986969422}, 'test': {'n': 309, 'n_obs': 138, 'R1_all': 0.2535868559936919, 'R1_obs': 0.15870795811608984, 'wR2': 0.3654429287460018}, 'cost': 13473.705590637917, 'max_geom_z': 4.838980244146711, 'nfev': 3}
RESTRAINED framework_final_unmasked epoch 4 parameters 157 fit 4395 restraints 248
{'epoch': 4, 'work': {'n': 4086, 'n_obs': 1891, 'R1_all': 0.2645587132419505, 'R1_obs': 0.17621807321563965, 'wR2': 0.6153669420949862}, 'test': {'n': 309, 'n_obs': 138, 'R1_all': 0.2535763259875598, 'R1_obs': 0.15869712647603654, 'wR2': 0.3654504440942789}, 'cost': 13472.468011112134, 'max_geom_z': 4.838839435206488, 'nfev': 2}
FINAL framework_final_unmasked {'n': 4395, 'n_obs': 2029, 'R1_all': 0.2638008161660499, 'R1_obs': 0.17502300248365962, 'wR2': 0.6017537659765829} test {'n': 309, 'n_obs': 138, 'R1_all': 0.2535763259875598, 'R1_obs': 0.15869712647603654, 'wR2': 0.3654504440942789} scale 0.04902646902818189 fp -9.732411682238208 fpp2 38.87056327260383
Zr1 [0.544826 0.       0.106177] Ueig [0.06406 0.07144 0.10391]
Zr2 [0.536128 0.072256 0.      ] Ueig [0.05795 0.06079 0.08872]
O1 [0.462883 0.       0.240261] Ueig [0.06562 0.07411 0.22747]
O2 [0.518098 0.036196 0.107137] Ueig [0.06847 0.10029 0.1876 ]
O3 [0.473662 0.036603 0.      ] Ueig [0.072   0.08117 0.20631]
O4 [0.518706 0.105311 0.081147] Ueig [0.0617  0.08202 0.11379]
O5 [0.398717 0.       0.08841 ] Ueig [0.08249 0.08865 0.26761]
O6 [0.466045 0.05921  0.150671] Ueig [0.064   0.09105 0.15395]
C1 [0.495432 0.247716 0.457335] Ueig [0.05575 0.07269 0.25379]
C2 [0.462689 0.144223 0.290403] Ueig [0.06674 0.09047 0.27862]
C3 [0.522938 0.193364 0.223997] Ueig [0.07004 0.11408 0.19101]
C4 [0.461766 0.114653 0.241201] Ueig [0.0679  0.09924 0.20197]
C5 [0.495088 0.216971 0.331147] Ueig [0.06086 0.07835 0.21681]
C6 [0.493637 0.184033 0.282231] Ueig [0.06555 0.07668 0.23055]
C7 [0.495273 0.184789 0.458526] Ueig [0.07994 0.08403 0.25607]
C8 [0.522267 0.16381  0.176211] Ueig [0.05934 0.08671 0.18644]
C9 [0.495232 0.216672 0.415119] Ueig [0.06    0.07929 0.23269]
C10 [0.491856 0.124898 0.185006] Ueig [0.06326 0.08952 0.13799]
C11 [0.495395 0.247698 0.29038 ] Ueig [0.05762 0.08158 0.22578]
C12 [0.491981 0.094175 0.134124] Ueig [0.06136 0.08423 0.12819]

STDERR:

Exit: 0
