Started: 2026-09-22T02:58:30.684768
Command: ["H:\\CrystalPilot-campaigns\\scxrd-agent-eval-20260921\\toolbox\\pyplain\\Scripts\\python.exe", "H:\\CrystalPilot-campaigns\\scxrd-agent-eval-20260921\\arena\\r09_P1N_nu1000\\deliverables\\raw_reproduction_20260922_025724\\deliverables\\restrained_refine.py", "--input", "raw_h", "--tag", "framework_conservative_cv", "--geometry-strength", "4", "--epochs", "5", "--dispersion", "--hydrogens"]
RESTRAINED framework_conservative_cv epoch 0 parameters 157 fit 4086 restraints 248
{'epoch': 0, 'work': {'n': 4086, 'n_obs': 1891, 'R1_all': 0.2645021182657132, 'R1_obs': 0.17589928623246168, 'wR2': 0.6053429597043413}, 'test': {'n': 309, 'n_obs': 138, 'R1_all': 0.2610401342084807, 'R1_obs': 0.16624806500956438, 'wR2': 0.3723513163964299}, 'cost': 12975.941596368486, 'max_geom_z': 4.509768146159949, 'nfev': 4}
RESTRAINED framework_conservative_cv epoch 1 parameters 157 fit 4086 restraints 248
{'epoch': 1, 'work': {'n': 4086, 'n_obs': 1891, 'R1_all': 0.26450151012889966, 'R1_obs': 0.17589716759968108, 'wR2': 0.6053198295902965}, 'test': {'n': 309, 'n_obs': 138, 'R1_all': 0.261044689034917, 'R1_obs': 0.16625316927170317, 'wR2': 0.37234733588998314}, 'cost': 12976.455720278585, 'max_geom_z': 4.510880435197926, 'nfev': 2}
RESTRAINED framework_conservative_cv epoch 2 parameters 157 fit 4086 restraints 248
{'epoch': 2, 'work': {'n': 4086, 'n_obs': 1891, 'R1_all': 0.26450146026076043, 'R1_obs': 0.1758967355089245, 'wR2': 0.6053132981388551}, 'test': {'n': 309, 'n_obs': 138, 'R1_all': 0.2610452317246951, 'R1_obs': 0.16625404548462788, 'wR2': 0.37234529061247684}, 'cost': 12976.550737663725, 'max_geom_z': 4.510858097008104, 'nfev': 2}
RESTRAINED framework_conservative_cv epoch 3 parameters 157 fit 4086 restraints 248
{'epoch': 3, 'work': {'n': 4086, 'n_obs': 1891, 'R1_all': 0.26450145771280953, 'R1_obs': 0.17589665592119025, 'wR2': 0.6053112061702784}, 'test': {'n': 309, 'n_obs': 138, 'R1_all': 0.2610456294100426, 'R1_obs': 0.16625455740150363, 'wR2': 0.37234485339812695}, 'cost': 12976.580855945653, 'max_geom_z': 4.510805791176651, 'nfev': 2}
RESTRAINED framework_conservative_cv epoch 4 parameters 157 fit 4086 restraints 248
{'epoch': 4, 'work': {'n': 4086, 'n_obs': 1891, 'R1_all': 0.2645014557158277, 'R1_obs': 0.1758966337557703, 'wR2': 0.6053104440010761}, 'test': {'n': 309, 'n_obs': 138, 'R1_all': 0.26104577177885646, 'R1_obs': 0.16625473086366635, 'wR2': 0.37234466868883453}, 'cost': 12976.591855491333, 'max_geom_z': 4.510779998267296, 'nfev': 2}
FINAL framework_conservative_cv {'n': 4395, 'n_obs': 2029, 'R1_all': 0.2642629781707912, 'R1_obs': 0.17523897774447145, 'wR2': 0.5924571251121966} test {'n': 309, 'n_obs': 138, 'R1_all': 0.26104577177885646, 'R1_obs': 0.16625473086366635, 'wR2': 0.37234466868883453} scale 0.048370449411093766 fp -9.44995010619458 fpp2 40.923046878801834
Zr1 [0.544878 0.       0.106123] Ueig [0.06438 0.07225 0.10502]
Zr2 [0.536136 0.072272 0.      ] Ueig [0.0581  0.06132 0.08987]
O1 [0.463069 0.       0.23993 ] Ueig [0.06363 0.06963 0.22568]
O2 [0.51804  0.03608  0.107188] Ueig [0.06683 0.09858 0.18828]
O3 [0.473365 0.036466 0.      ] Ueig [0.06957 0.0782  0.21473]
O4 [0.518747 0.105438 0.081158] Ueig [0.06114 0.08278 0.11171]
O5 [0.398977 0.       0.088161] Ueig [0.08251 0.08369 0.26179]
O6 [0.466204 0.059349 0.150717] Ueig [0.06236 0.09012 0.15097]
C1 [0.495323 0.247661 0.4573  ] Ueig [0.05545 0.07063 0.24926]
C2 [0.462727 0.144081 0.290818] Ueig [0.06743 0.08769 0.27914]
C3 [0.522857 0.193245 0.224111] Ueig [0.06651 0.11134 0.18691]
C4 [0.461843 0.11461  0.241474] Ueig [0.06447 0.10355 0.20558]
C5 [0.49503  0.216907 0.331253] Ueig [0.05702 0.07682 0.2139 ]
C6 [0.493557 0.183851 0.282399] Ueig [0.06275 0.07406 0.21892]
C7 [0.495139 0.184506 0.458443] Ueig [0.07869 0.08506 0.25483]
C8 [0.522268 0.163795 0.176058] Ueig [0.05975 0.08627 0.17728]
C9 [0.495184 0.216629 0.41503 ] Ueig [0.05829 0.07871 0.23614]
C10 [0.491943 0.124893 0.18505 ] Ueig [0.06245 0.08882 0.1366 ]
C11 [0.495296 0.247648 0.290411] Ueig [0.05761 0.07913 0.22238]
C12 [0.492083 0.094292 0.134063] Ueig [0.05584 0.08575 0.12892]

STDERR:

Exit: 0
