Started: 2026-09-22T02:58:37.978496
Command: ["H:\\CrystalPilot-campaigns\\scxrd-agent-eval-20260921\\toolbox\\pyplain\\Scripts\\python.exe", "H:\\CrystalPilot-campaigns\\scxrd-agent-eval-20260921\\arena\\r09_P1N_nu1000\\deliverables\\raw_reproduction_20260922_025724\\deliverables\\restrained_refine.py", "--input", "framework_conservative_cv", "--tag", "framework_h_highangle", "--dispersion", "--hydrogens", "--geometry-strength", "4", "--dmax", "3", "--epochs", "4"]
RESTRAINED framework_h_highangle epoch 0 parameters 157 fit 3897 restraints 248
{'epoch': 0, 'work': {'n': 3897, 'n_obs': 1713, 'R1_all': 0.2375749010914166, 'R1_obs': 0.12440582122542665, 'wR2': 0.30138887046220325}, 'test': {'n': 296, 'n_obs': 125, 'R1_all': 0.24733838907638642, 'R1_obs': 0.12154252162129296, 'wR2': 0.2524094984411498}, 'cost': 4654.330698517491, 'max_geom_z': 3.106538400387149, 'nfev': 8}
RESTRAINED framework_h_highangle epoch 1 parameters 157 fit 3897 restraints 248
{'epoch': 1, 'work': {'n': 3897, 'n_obs': 1713, 'R1_all': 0.23756492333428034, 'R1_obs': 0.12432712191642428, 'wR2': 0.30117841268446344}, 'test': {'n': 296, 'n_obs': 125, 'R1_all': 0.2467078090794507, 'R1_obs': 0.12050886391470468, 'wR2': 0.25141990052516017}, 'cost': 4653.092154277656, 'max_geom_z': 3.154252821634862, 'nfev': 5}
RESTRAINED framework_h_highangle epoch 2 parameters 157 fit 3897 restraints 248
{'epoch': 2, 'work': {'n': 3897, 'n_obs': 1713, 'R1_all': 0.2375840052466903, 'R1_obs': 0.12435588781088149, 'wR2': 0.301157477592912}, 'test': {'n': 296, 'n_obs': 125, 'R1_all': 0.24679572390405066, 'R1_obs': 0.12056245713857419, 'wR2': 0.2514276514966843}, 'cost': 4657.342110844886, 'max_geom_z': 3.165697217716845, 'nfev': 4}
RESTRAINED framework_h_highangle epoch 3 parameters 157 fit 3897 restraints 248
{'epoch': 3, 'work': {'n': 3897, 'n_obs': 1713, 'R1_all': 0.23758523104227483, 'R1_obs': 0.12435676874020289, 'wR2': 0.30115466504294064}, 'test': {'n': 296, 'n_obs': 125, 'R1_all': 0.246787197795733, 'R1_obs': 0.12054613560295935, 'wR2': 0.25140760446420557}, 'cost': 4657.482613228818, 'max_geom_z': 3.1671466452967145, 'nfev': 3}
FINAL framework_h_highangle {'n': 4193, 'n_obs': 1838, 'R1_all': 0.23820240235477808, 'R1_obs': 0.1241071490437679, 'wR2': 0.2980751721158548} test {'n': 296, 'n_obs': 125, 'R1_all': 0.246787197795733, 'R1_obs': 0.12054613560295935, 'wR2': 0.25140760446420557} scale 0.05163667858923186 fp -10.656729072416402 fpp2 18.912262384675632
Zr1 [0.544822 0.       0.10614 ] Ueig [0.05955 0.0659  0.10109]
Zr2 [0.53606  0.072119 0.      ] Ueig [0.05258 0.05704 0.08513]
O1 [0.461552 0.       0.238559] Ueig [0.07513 0.08302 0.25283]
O2 [0.518107 0.036214 0.10769 ] Ueig [0.06568 0.10973 0.19364]
O3 [0.473087 0.03631  0.      ] Ueig [0.07216 0.09405 0.23878]
O4 [0.518207 0.10511  0.082905] Ueig [0.06836 0.09307 0.12147]
O5 [0.398919 0.       0.088031] Ueig [0.08853 0.09504 0.28322]
O6 [0.466131 0.058984 0.15094 ] Ueig [0.06885 0.10192 0.16672]
C1 [0.494174 0.247087 0.457504] Ueig [0.0617  0.07264 0.28619]
C2 [0.462166 0.144371 0.291695] Ueig [0.06192 0.10342 0.33318]
C3 [0.522563 0.192583 0.226054] Ueig [0.06197 0.13325 0.25431]
C4 [0.461697 0.114941 0.242307] Ueig [0.07425 0.12885 0.25882]
C5 [0.49426  0.216111 0.331391] Ueig [0.06289 0.07983 0.24957]
C6 [0.493119 0.183474 0.283443] Ueig [0.06486 0.06917 0.26643]
C7 [0.49447  0.184243 0.458509] Ueig [0.08008 0.08872 0.39646]
C8 [0.521768 0.163665 0.176211] Ueig [0.06232 0.09928 0.21418]
C9 [0.494241 0.215941 0.415181] Ueig [0.06352 0.07871 0.29061]
C10 [0.491651 0.124918 0.185011] Ueig [0.07047 0.10784 0.15218]
C11 [0.494581 0.24729  0.290071] Ueig [0.07281 0.08757 0.23157]
C12 [0.491583 0.093961 0.13501 ] Ueig [0.07054 0.08793 0.13983]

STDERR:

Exit: 0
