Started: 2026-09-22T02:57:40.748378
Command: ["H:\\CrystalPilot-campaigns\\scxrd-agent-eval-20260921\\toolbox\\pyplain\\Scripts\\python.exe", "H:\\CrystalPilot-campaigns\\scxrd-agent-eval-20260921\\arena\\r09_P1N_nu1000\\deliverables\\raw_reproduction_20260922_025724\\deliverables\\solve_zr.py"]
Type 0 multiplicities [12, 6]
NEW BEST {'score': np.float64(13.45541445649333), 'type': 0, 'p': [0.04552754909638564, 0.03557499098071332, 0.10470829572341249, 2.256256067482437, -3.7143775807665973], 'sites': [[np.float64(0.5455275490963857), 0, np.float64(0.10470829572341249)], [np.float64(0.5355749909807133), np.float64(0.07114998196142663), 0]], 'B': 2.256256067482437, 'amplitude_scale': 0.024370605128709033}
trial 0 0 score 13.4554 params [ 0.045528  0.035575  0.104708  2.256256 -3.714378]
NEW BEST {'score': np.float64(13.455414456484188), 'type': 0, 'p': [0.04552753854759822, 0.03557499050650257, 0.10470827016699058, 2.256290579338338, -3.7143749829166945], 'sites': [[np.float64(0.5455275385475982), 0, np.float64(0.10470827016699058)], [np.float64(0.5355749905065026), np.float64(0.07114998101300514), 0]], 'B': 2.256290579338338, 'amplitude_scale': 0.02437066843996543}
trial 0 1 score 13.4554 params [ 0.045528  0.035575  0.104708  2.256291 -3.714375]
trial 0 2 score 24.9774 params [ 0.074058  0.037282  0.165246  0.1      -4.182462]
NEW BEST {'score': np.float64(13.455174965439415), 'type': 0, 'p': [0.045601834299506656, 0.03558368002633469, 0.10455372566824393, 2.2584258793406016, -3.7145317395854027], 'sites': [[np.float64(0.5456018342995067), 0, np.float64(0.10455372566824393)], [np.float64(0.5355836800263347), np.float64(0.07116736005266938), 0]], 'B': 2.2584258793406016, 'amplitude_scale': 0.024366848474576937}
trial 0 3 score 13.4552 params [ 0.045602  0.035584  0.104554  2.258426 -3.714532]
trial 0 4 score 13.4555 params [ 0.045599  0.035561  0.104703  2.250298 -3.715084]
trial 0 5 score 13.4555 params [ 0.045599  0.035561  0.104703  2.250299 -3.715084]
trial 0 6 score 13.4555 params [ 0.045599  0.035561  0.104703  2.250299 -3.715084]
trial 0 7 score 13.4555 params [ 0.045599  0.035561  0.104703  2.250299 -3.715084]
trial 0 8 score 13.4554 params [ 0.045528  0.035575  0.104709  2.256294 -3.714375]
trial 0 9 score 25.6451 params [ 0.074727  0.053607  0.103439  0.1      -4.183552]
trial 0 10 score 13.4554 params [ 0.045528  0.035575  0.104708  2.256259 -3.714378]
trial 0 11 score 13.4554 params [ 0.045528  0.035575  0.104708  2.256292 -3.714375]
trial 0 12 score 13.4555 params [ 0.045599  0.035561  0.104703  2.250298 -3.715084]
trial 0 13 score 13.4554 params [ 0.045528  0.035575  0.104708  2.256258 -3.714377]
Type 1 multiplicities [12, 6]
trial 1 0 score 17.3687 params [ 0.045927  0.036538  0.105845  1.300448 -3.858149]
trial 1 1 score 25.2108 params [ 0.071608  0.051941  0.124748  0.1      -4.15421 ]
trial 1 2 score 17.4496 params [ 0.046151  0.036398  0.116618  1.170185 -3.857882]
trial 1 3 score 23.9385 params [ 0.035997  0.055634  0.102453  0.1      -4.142921]
trial 1 4 score 24.9519 params [ 0.057854  0.030396  0.170974  0.1      -4.145809]
trial 1 5 score 17.4501 params [ 0.046257  0.036415  0.116495  1.150379 -3.859562]
trial 1 6 score 17.4496 params [ 0.046151  0.036398  0.116618  1.170185 -3.857882]
trial 1 7 score 17.4496 params [ 0.046151  0.036398  0.116618  1.170185 -3.857882]
trial 1 8 score 17.4496 params [ 0.046151  0.036398  0.116618  1.170224 -3.857879]
trial 1 9 score 24.0626 params [ 0.038488  0.054212  0.092216  0.1      -4.135472]
trial 1 10 score 17.4496 params [ 0.046151  0.036398  0.116618  1.170185 -3.857882]
trial 1 11 score 17.5029 params [ 0.04523   0.035756  0.116595  1.536761 -3.833087]
trial 1 12 score 23.3062 params [ 0.041008  0.020513  0.092239  0.1      -4.0422  ]
trial 1 13 score 17.3679 params [ 0.045938  0.036593  0.105826  1.281618 -3.859417]
Type 2 multiplicities [6, 6, 6]
trial 2 0 score 22.1797 params [ 0.051573  0.035643  0.101738  0.1      -4.08387 ]
trial 2 1 score 22.4405 params [ 0.056674  0.041338  0.093141  0.1      -4.099836]
trial 2 2 score 23.166 params [ 0.027698  0.043923  0.090642  2.020043 -3.9748  ]
trial 2 3 score 22.747 params [ 0.041312  0.021389  0.127133  0.1      -4.069613]
trial 2 4 score 22.6062 params [ 0.02048   0.034512  0.103873  1.637574 -3.950033]
trial 2 5 score 22.3912 params [ 0.056806  0.040706  0.102565  0.152893 -4.100739]
trial 2 6 score 22.3212 params [ 0.061076  0.046765  0.10714   0.1      -4.107598]
trial 2 7 score 22.3163 params [ 0.060964  0.045604  0.10881   0.1      -4.110793]
trial 2 8 score 21.086 params [ 0.0592    0.012468  0.107532  1.729422 -3.928325]
trial 2 9 score 22.7113 params [ 0.036314  0.051176  0.102938  0.1      -4.09432 ]
trial 2 10 score 23.4698 params [ 0.041974  0.021461  0.148319  0.1      -4.120011]
trial 2 11 score 22.076 params [ 0.052382  0.036534  0.090716  0.1      -4.083292]
trial 2 12 score 22.3147 params [ 0.061056  0.045404  0.107936  0.1      -4.111206]
trial 2 13 score 22.0688 params [ 0.05192   0.036052  0.089738  0.1      -4.081963]
FINAL {'score': np.float64(13.455174965439415), 'type': 0, 'p': [0.045601834299506656, 0.03558368002633469, 0.10455372566824393, 2.2584258793406016, -3.7145317395854027], 'sites': [[np.float64(0.5456018342995067), 0, np.float64(0.10455372566824393)], [np.float64(0.5355836800263347), np.float64(0.07116736005266938), 0]], 'B': 2.2584258793406016, 'amplitude_scale': 0.024366848474576937}
zr_fo peaks
[0.929167 0.4625   0.      ] 75.649
[0.454167 0.       0.108333] 71.403
[0.516667 0.0375   0.883333] 7.593
[0.541667 0.       0.758333] 7.484
[0.041667 0.470833 0.      ] 7.335
[0.895833 0.483333 0.075   ] 7.155
[0.408333 0.941667 0.85    ] 7.019
[0.604167 0.604167 0.091667] 6.417
[0.5      0.25     0.533333] 5.865
[0.854167 0.5375   0.708333] 4.952
[0.191667 0.520833 0.775   ] 4.705
[0.65     0.533333 0.241667] 4.655
[0.629167 0.125    0.183333] 4.6
[0.166667 0.645833 0.825   ] 4.375
[0.720833 0.504167 0.416667] 4.365
[0.720833 0.216667 0.333333] 4.328
[0.754167 0.245833 0.708333] 4.205
[0.183333 0.491667 0.283333] 4.151
[0.1875   0.495833 0.541667] 3.94
[0.491667 0.095833 0.866667] 3.43
[0.575    0.429167 0.641667] 3.288
[0.991667 0.004167 0.225   ] 3.022
[0.891667 0.945833 0.      ] 2.999
[0.458333 0.254167 0.      ] 2.809
[0.666667 0.333333 0.358333] 2.779
[0.483333 0.445833 0.908333] 2.72
[0.425    0.533333 0.      ] 2.629
[0.595833 0.404167 0.4     ] 2.614
[0.420833 0.983333 0.85    ] 2.45
[0.1625   0.466667 0.      ] 2.431
[0.495833 0.554167 0.95    ] 2.386
[0.429167 0.55     0.358333] 2.344
[0.770833 0.383333 0.      ] 2.342
[0.45     0.554167 0.05    ] 2.273
[0.820833 0.820833 0.2     ] 2.243
zr_diff peaks
[0.       0.529167 0.875   ] 11.651
[0.479167 0.929167 0.975   ] 9.392
[0.     0.4375 0.125 ] 8.622
[0.4625   0.4625   0.766667] 7.975
[0.483333 0.895833 0.925   ] 7.518
[0.483333 0.966667 0.108333] 7.407
[0.533333 0.941667 0.15    ] 7.173
[0.6      0.       0.091667] 6.94
[0.525  0.5625 0.    ] 6.794
[0.25     0.5      0.533333] 5.687
[0.479167 0.525    0.      ] 4.992
[0.4625   0.141667 0.708333] 4.963
[0.883333 0.35     0.758333] 4.71
[0.525    0.195833 0.225   ] 4.613
[0.370833 0.875    0.816667] 4.57
[0.8375   0.358333 0.825   ] 4.549
[0.783333 0.504167 0.666667] 4.44
[0.720833 0.216667 0.416667] 4.357
[0.754167 0.508333 0.708333] 4.02
[0.1875   0.495833 0.541667] 3.979
[0.495833 0.308333 0.716667] 3.966
[0.575    0.425    0.641667] 3.616
[0.945833 0.054167 0.      ] 3.141
[0.008333 0.008333 0.775   ] 3.126
[0.491667 0.4      0.866667] 3.049
[0.504167 0.558333 0.091667] 2.853
[0.595833 0.404167 0.408333] 2.758
[0.166667 0.7      0.      ] 2.675
[0.258333 0.458333 0.      ] 2.667
[0.333333 0.666667 0.641667] 2.631
[0.091667 0.420833 0.      ] 2.502
[0.604167 0.604167 0.      ] 2.497
[0.058333 0.529167 0.65    ] 2.415
[0.925    0.320833 0.      ] 2.354
[0.995833 0.425    0.      ] 2.278

STDERR:

Exit: 0
