Started: 2026-09-22T02:57:59.519335
Command: ["H:\\CrystalPilot-campaigns\\scxrd-agent-eval-20260921\\toolbox\\pyplain\\Scripts\\python.exe", "H:\\CrystalPilot-campaigns\\scxrd-agent-eval-20260921\\arena\\r09_P1N_nu1000\\deliverables\\raw_reproduction_20260922_025724\\deliverables\\restrained_refine.py", "--input", "framework_iso1", "--tag", "raw_nodisp", "--geometry-strength", "1", "--epochs", "5"]
RESTRAINED raw_nodisp epoch 0 parameters 155 fit 4086 restraints 248
{'epoch': 0, 'work': {'n': 4086, 'n_obs': 1891, 'R1_all': 0.27828454343163994, 'R1_obs': 0.191577434442332, 'wR2': 0.5186153339523987}, 'test': {'n': 309, 'n_obs': 138, 'R1_all': 0.2953397757913194, 'R1_obs': 0.2057150272138766, 'wR2': 0.3877644378066899}, 'cost': 17389.79974450465, 'max_geom_z': 3.360127683897046, 'nfev': 9}
RESTRAINED raw_nodisp epoch 1 parameters 155 fit 4086 restraints 248
{'epoch': 1, 'work': {'n': 4086, 'n_obs': 1891, 'R1_all': 0.2761912580421751, 'R1_obs': 0.1903137564016601, 'wR2': 0.5351133828003037}, 'test': {'n': 309, 'n_obs': 138, 'R1_all': 0.29467674172050706, 'R1_obs': 0.20606661357190334, 'wR2': 0.39071634899331376}, 'cost': 15397.14369756508, 'max_geom_z': 3.546827711071315, 'nfev': 8}
RESTRAINED raw_nodisp epoch 2 parameters 155 fit 4086 restraints 248
{'epoch': 2, 'work': {'n': 4086, 'n_obs': 1891, 'R1_all': 0.2757041425221611, 'R1_obs': 0.1899265379448401, 'wR2': 0.5385284182406322}, 'test': {'n': 309, 'n_obs': 138, 'R1_all': 0.29457792255875315, 'R1_obs': 0.2062439387754352, 'wR2': 0.3919088491715097}, 'cost': 15127.270894022842, 'max_geom_z': 3.520345691741061, 'nfev': 6}
RESTRAINED raw_nodisp epoch 3 parameters 155 fit 4086 restraints 248
{'epoch': 3, 'work': {'n': 4086, 'n_obs': 1891, 'R1_all': 0.2755710862003348, 'R1_obs': 0.1898173567871478, 'wR2': 0.5393513073368703}, 'test': {'n': 309, 'n_obs': 138, 'R1_all': 0.29454918941004227, 'R1_obs': 0.20631584429647787, 'wR2': 0.3922630359361104}, 'cost': 15068.471041804301, 'max_geom_z': 3.520455486519952, 'nfev': 5}
RESTRAINED raw_nodisp epoch 4 parameters 155 fit 4086 restraints 248
{'epoch': 4, 'work': {'n': 4086, 'n_obs': 1891, 'R1_all': 0.27552809859428806, 'R1_obs': 0.18978122307000134, 'wR2': 0.5395847422686868}, 'test': {'n': 309, 'n_obs': 138, 'R1_all': 0.2945399879611684, 'R1_obs': 0.20633736443903158, 'wR2': 0.39237532313788903}, 'cost': 15053.414283880727, 'max_geom_z': 3.520127033289344, 'nfev': 4}
FINAL raw_nodisp {'n': 4395, 'n_obs': 2029, 'R1_all': 0.27684011346179743, 'R1_obs': 0.19091048624731172, 'wR2': 0.5309220375201327} test {'n': 309, 'n_obs': 138, 'R1_all': 0.2945399879611684, 'R1_obs': 0.20633736443903158, 'wR2': 0.39237532313788903} scale 0.0393583055641874 fp 0.0 fpp2 0.0
Zr1 [0.544779 0.       0.105992] Ueig [0.08329 0.09548 0.12474]
Zr2 [0.536068 0.072136 0.      ] Ueig [0.08029 0.0812  0.11044]
O1 [0.46317  0.       0.239342] Ueig [0.04406 0.04444 0.20964]
O2 [0.517916 0.035832 0.105042] Ueig [0.03784 0.07139 0.17629]
O3 [0.473698 0.03546  0.      ] Ueig [0.04167 0.05572 0.17697]
O4 [0.518703 0.105451 0.08299 ] Ueig [0.03573 0.05555 0.08814]
O5 [0.399217 0.       0.089597] Ueig [0.05154 0.0631  0.23023]
O6 [0.465993 0.059352 0.150821] Ueig [0.04385 0.0617  0.12018]
C1 [0.496381 0.248191 0.454959] Ueig [0.03613 0.05368 0.21438]
C2 [0.462836 0.144209 0.291245] Ueig [0.05864 0.07273 0.21268]
C3 [0.523222 0.193308 0.22325 ] Ueig [0.05682 0.07523 0.1388 ]
C4 [0.461865 0.11293  0.2412  ] Ueig [0.04172 0.09442 0.17259]
C5 [0.495005 0.217688 0.329586] Ueig [0.03795 0.06666 0.15337]
C6 [0.493739 0.184806 0.280573] Ueig [0.04125 0.05461 0.16322]
C7 [0.49602  0.18342  0.460351] Ueig [0.05892 0.068   0.2257 ]
C8 [0.523171 0.163954 0.175085] Ueig [0.04104 0.07336 0.13049]
C9 [0.496079 0.217565 0.413039] Ueig [0.04018 0.06738 0.20145]
C10 [0.492233 0.12465  0.185923] Ueig [0.04644 0.07177 0.10272]
C11 [0.496491 0.248245 0.288928] Ueig [0.04087 0.07986 0.14922]
C12 [0.491973 0.093852 0.134581] Ueig [0.04253 0.05463 0.0998 ]

STDERR:

Exit: 0
