Started: 2026-09-22T02:58:09.739767
Command: ["H:\\CrystalPilot-campaigns\\scxrd-agent-eval-20260921\\toolbox\\pyplain\\Scripts\\python.exe", "H:\\CrystalPilot-campaigns\\scxrd-agent-eval-20260921\\arena\\r09_P1N_nu1000\\deliverables\\raw_reproduction_20260922_025724\\deliverables\\restrained_refine.py", "--input", "raw_nodisp", "--tag", "raw_disp", "--geometry-strength", "1", "--epochs", "5", "--dispersion"]
RESTRAINED raw_disp epoch 0 parameters 157 fit 4086 restraints 248
{'epoch': 0, 'work': {'n': 4086, 'n_obs': 1891, 'R1_all': 0.2682441294945021, 'R1_obs': 0.17829521589977362, 'wR2': 0.5540557403051453}, 'test': {'n': 309, 'n_obs': 138, 'R1_all': 0.2736124819270576, 'R1_obs': 0.18046188484014108, 'wR2': 0.3731178111923418}, 'cost': 13882.300373404853, 'max_geom_z': 4.471069018254745, 'nfev': 12}
RESTRAINED raw_disp epoch 1 parameters 157 fit 4086 restraints 248
{'epoch': 1, 'work': {'n': 4086, 'n_obs': 1891, 'R1_all': 0.26726757365933196, 'R1_obs': 0.17824682859373991, 'wR2': 0.5717925811330811}, 'test': {'n': 309, 'n_obs': 138, 'R1_all': 0.26944691505638296, 'R1_obs': 0.1759290179153579, 'wR2': 0.3705058514442104}, 'cost': 13337.805515894963, 'max_geom_z': 4.406590214362058, 'nfev': 7}
RESTRAINED raw_disp epoch 2 parameters 157 fit 4086 restraints 248
{'epoch': 2, 'work': {'n': 4086, 'n_obs': 1891, 'R1_all': 0.2672612329045295, 'R1_obs': 0.17835992114363058, 'wR2': 0.5782215621590753}, 'test': {'n': 309, 'n_obs': 138, 'R1_all': 0.2680343011285808, 'R1_obs': 0.1743086246647966, 'wR2': 0.3710222775276876}, 'cost': 13165.475760083064, 'max_geom_z': 4.531099750200331, 'nfev': 7}
RESTRAINED raw_disp epoch 3 parameters 157 fit 4086 restraints 248
{'epoch': 3, 'work': {'n': 4086, 'n_obs': 1891, 'R1_all': 0.2672424309866349, 'R1_obs': 0.17841164387844244, 'wR2': 0.5803869853722107}, 'test': {'n': 309, 'n_obs': 138, 'R1_all': 0.26753954591599743, 'R1_obs': 0.17378420084055607, 'wR2': 0.3710342413154911}, 'cost': 13110.068801657615, 'max_geom_z': 4.534487024832501, 'nfev': 5}
RESTRAINED raw_disp epoch 4 parameters 157 fit 4086 restraints 248
{'epoch': 4, 'work': {'n': 4086, 'n_obs': 1891, 'R1_all': 0.2672433472947506, 'R1_obs': 0.17842990968174746, 'wR2': 0.5811325447590889}, 'test': {'n': 309, 'n_obs': 138, 'R1_all': 0.26736188270624345, 'R1_obs': 0.1735939563054706, 'wR2': 0.3710751672722154}, 'cost': 13092.935544219938, 'max_geom_z': 4.542464625177063, 'nfev': 4}
FINAL raw_disp {'n': 4395, 'n_obs': 2029, 'R1_all': 0.2672515274508205, 'R1_obs': 0.17810005842273155, 'wR2': 0.5693811921526397} test {'n': 309, 'n_obs': 138, 'R1_all': 0.26736188270624345, 'R1_obs': 0.1735939563054706, 'wR2': 0.3710751672722154} scale 0.04972611803738914 fp -10.199671642935824 fpp2 40.76563698607664
Zr1 [0.544888 0.       0.106114] Ueig [0.06275 0.07142 0.1035 ]
Zr2 [0.536135 0.07227  0.      ] Ueig [0.05745 0.05943 0.08862]
O1 [0.463233 0.       0.240009] Ueig [0.06823 0.07373 0.22535]
O2 [0.517907 0.035815 0.10719 ] Ueig [0.06727 0.10839 0.19575]
O3 [0.473133 0.036397 0.      ] Ueig [0.06982 0.08218 0.223  ]
O4 [0.518757 0.105629 0.081032] Ueig [0.06515 0.08749 0.11509]
O5 [0.399112 0.       0.088263] Ueig [0.08709 0.09018 0.2688 ]
O6 [0.466083 0.059433 0.151487] Ueig [0.06753 0.09127 0.15703]
C1 [0.496534 0.248267 0.456425] Ueig [0.05686 0.07475 0.26334]
C2 [0.460612 0.14231  0.291533] Ueig [0.06883 0.1121  0.27249]
C3 [0.524319 0.194405 0.223389] Ueig [0.07332 0.10789 0.19022]
C4 [0.459431 0.111973 0.240811] Ueig [0.05743 0.12605 0.21596]
C5 [0.494934 0.217501 0.330926] Ueig [0.05164 0.08505 0.21776]
C6 [0.493801 0.184207 0.282282] Ueig [0.06377 0.07564 0.22127]
C7 [0.495584 0.183505 0.459165] Ueig [0.07768 0.10651 0.24135]
C8 [0.523519 0.164087 0.174099] Ueig [0.06205 0.0929  0.17927]
C9 [0.495903 0.217527 0.4146  ] Ueig [0.06085 0.08341 0.24825]
C10 [0.491486 0.12444  0.185979] Ueig [0.06214 0.09457 0.14357]
C11 [0.495861 0.247931 0.28889 ] Ueig [0.04405 0.10319 0.22684]
C12 [0.491936 0.094328 0.133399] Ueig [0.05788 0.09216 0.13008]

STDERR:

Exit: 0
