Started: 2026-09-22T02:57:33.010397
Command: ["H:\\CrystalPilot-campaigns\\scxrd-agent-eval-20260921\\toolbox\\pyplain\\Scripts\\python.exe", "H:\\CrystalPilot-campaigns\\scxrd-agent-eval-20260921\\arena\\r09_P1N_nu1000\\deliverables\\raw_reproduction_20260922_025724\\deliverables\\diagnose.py"]
[
 {
  "r": [
   [
    -1,
    0,
    0
   ],
   [
    -1,
    1,
    0
   ],
   [
    0,
    0,
    -1
   ]
  ],
  "pairs": 151682,
  "strong_n": 4107,
  "corr_strong": 0.9849113933276235,
  "R_strong": 0.06205287668050931,
  "R_low": 0.09071961958134984
 },
 {
  "r": [
   [
    -1,
    0,
    0
   ],
   [
    -1,
    1,
    0
   ],
   [
    0,
    0,
    1
   ]
  ],
  "pairs": 159991,
  "strong_n": 4378,
  "corr_strong": 0.9864059502800339,
  "R_strong": 0.05771251882939296,
  "R_low": 0.08559797744601196
 },
 {
  "r": [
   [
    -1,
    0,
    0
   ],
   [
    0,
    -1,
    0
   ],
   [
    0,
    0,
    -1
   ]
  ],
  "pairs": 178466,
  "strong_n": 5398,
  "corr_strong": 0.9886388331295778,
  "R_strong": 0.055175163127652596,
  "R_low": 0.08145565884908644
 },
 {
  "r": [
   [
    -1,
    0,
    0
   ],
   [
    0,
    -1,
    0
   ],
   [
    0,
    0,
    1
   ]
  ],
  "pairs": 155191,
  "strong_n": 4565,
  "corr_strong": 0.9859565871636522,
  "R_strong": 0.057707117918149024,
  "R_low": 0.0853175169231111
 },
 {
  "r": [
   [
    -1,
    1,
    0
   ],
   [
    -1,
    0,
    0
   ],
   [
    0,
    0,
    -1
   ]
  ],
  "pairs": 155340,
  "strong_n": 4357,
  "corr_strong": 0.9862564732528855,
  "R_strong": 0.05913197073451302,
  "R_low": 0.0861145841988115
 },
 {
  "r": [
   [
    -1,
    1,
    0
   ],
   [
    -1,
    0,
    0
   ],
   [
    0,
    0,
    1
   ]
  ],
  "pairs": 153252,
  "strong_n": 4275,
  "corr_strong": 0.9863238868086208,
  "R_strong": 0.05816690526724911,
  "R_low": 0.08596427740226428
 },
 {
  "r": [
   [
    -1,
    1,
    0
   ],
   [
    0,
    1,
    0
   ],
   [
    0,
    0,
    -1
   ]
  ],
  "pairs": 151158,
  "strong_n": 4208,
  "corr_strong": 0.9864510796697589,
  "R_strong": 0.05813370234333844,
  "R_low": 0.08719620233335268
 },
 {
  "r": [
   [
    -1,
    1,
    0
   ],
   [
    0,
    1,
    0
   ],
   [
    0,
    0,
    1
   ]
  ],
  "pairs": 161817,
  "strong_n": 4350,
  "corr_strong": 0.9870189308572006,
  "R_strong": 0.054411382743506986,
  "R_low": 0.08329949311249794
 },
 {
  "r": [
   [
    0,
    -1,
    0
   ],
   [
    -1,
    0,
    0
   ],
   [
    0,
    0,
    -1
   ]
  ],
  "pairs": 154769,
  "strong_n": 4114,
  "corr_strong": 0.9850080888008769,
  "R_strong": 0.05948414041192292,
  "R_low": 0.0874124460125971
 },
 {
  "r": [
   [
    0,
    -1,
    0
   ],
   [
    -1,
    0,
    0
   ],
   [
    0,
    0,
    1
   ]
  ],
  "pairs": 154489,
  "strong_n": 4177,
  "corr_strong": 0.9887338793870362,
  "R_strong": 0.05627409405939942,
  "R_low": 0.08485589532371206
 },
 {
  "r": [
   [
    0,
    -1,
    0
   ],
   [
    1,
    -1,
    0
   ],
   [
    0,
    0,
    -1
   ]
  ],
  "pairs": 155340,
  "strong_n": 4357,
  "corr_strong": 0.9862564732528858,
  "R_strong": 0.05913197073451304,
  "R_low": 0.0861145841988115
 },
 {
  "r": [
   [
    0,
    -1,
    0
   ],
   [
    1,
    -1,
    0
   ],
   [
    0,
    0,
    1
   ]
  ],
  "pairs": 153252,
  "strong_n": 4275,
  "corr_strong": 0.9863238868086208,
  "R_strong": 0.05816690526724911,
  "R_low": 0.08596427740226428
 },
 {
  "r": [
   [
    0,
    1,
    0
   ],
   [
    -1,
    1,
    0
   ],
   [
    0,
    0,
    -1
   ]
  ],
  "pairs": 153331,
  "strong_n": 4272,
  "corr_strong": 0.9865243631702766,
  "R_strong": 0.059269233384955676,
  "R_low": 0.08692991909611307
 },
 {
  "r": [
   [
    0,
    1,
    0
   ],
   [
    -1,
    1,
    0
   ],
   [
    0,
    0,
    1
   ]
  ],
  "pairs": 155535,
  "strong_n": 4334,
  "corr_strong": 0.9870549299749104,
  "R_strong": 0.0585776549278474,
  "R_low": 0.08607367327258342
 },
 {
  "r": [
   [
    0,
    1,
    0
   ],
   [
    1,
    0,
    0
   ],
   [
    0,
    0,
    -1
   ]
  ],
  "pairs": 154564,
  "strong_n": 4140,
  "corr_strong": 0.9864966960494591,
  "R_strong": 0.060085948202092045,
  "R_low": 0.08817453301878767
 },
 {
  "r": [
   [
    0,
    1,
    0
   ],
   [
    1,
    0,
    0
   ],
   [
    0,
    0,
    1
   ]
  ],
  "pairs": 154831,
  "strong_n": 4124,
  "corr_strong": 0.9849887894473576,
  "R_strong": 0.05857933714126684,
  "R_low": 0.08757338253722208
 },
 {
  "r": [
   [
    1,
    -1,
    0
   ],
   [
    0,
    -1,
    0
   ],
   [
    0,
    0,
    -1
   ]
  ],
  "pairs": 161520,
  "strong_n": 4329,
  "corr_strong": 0.9863133186981318,
  "R_strong": 0.059155948296432045,
  "R_low": 0.08750739851928657
 },
 {
  "r": [
   [
    1,
    -1,
    0
   ],
   [
    0,
    -1,
    0
   ],
   [
    0,
    0,
    1
   ]
  ],
  "pairs": 151175,
  "strong_n": 4180,
  "corr_strong": 0.9874783891234991,
  "R_strong": 0.05664357211664989,
  "R_low": 0.0854331466161033
 },
 {
  "r": [
   [
    1,
    -1,
    0
   ],
   [
    1,
    0,
    0
   ],
   [
    0,
    0,
    -1
   ]
  ],
  "pairs": 153331,
  "strong_n": 4272,
  "corr_strong": 0.9865243631702765,
  "R_strong": 0.059269233384955676,
  "R_low": 0.08692991909611308
 },
 {
  "r": [
   [
    1,
    -1,
    0
   ],
   [
    1,
    0,
    0
   ],
   [
    0,
    0,
    1
   ]
  ],
  "pairs": 155535,
  "strong_n": 4334,
  "corr_strong": 0.9870549299749101,
  "R_strong": 0.058577654927847396,
  "R_low": 0.0860736732725834
 },
 {
  "r": [
   [
    1,
    0,
    0
   ],
   [
    0,
    1,
    0
   ],
   [
    0,
    0,
    -1
   ]
  ],
  "pairs": 155436,
  "strong_n": 4632,
  "corr_strong": 0.9893917798939124,
  "R_strong": 0.048532109758026236,
  "R_low": 0.07560838833760986
 },
 {
  "r": [
   [
    1,
    0,
    0
   ],
   [
    0,
    1,
    0
   ],
   [
    0,
    0,
    1
   ]
  ],
  "pairs": 183951,
  "strong_n": 6228,
  "corr_strong": 1.0,
  "R_strong": 0.0,
  "R_low": 0.0
 },
 {
  "r": [
   [
    1,
    0,
    0
   ],
   [
    1,
    -1,
    0
   ],
   [
    0,
    0,
    -1
   ]
  ],
  "pairs": 159899,
  "strong_n": 4341,
  "corr_strong": 0.9868937863898424,
  "R_strong": 0.05887006122119618,
  "R_low": 0.08726553897019776
 },
 {
  "r": [
   [
    1,
    0,
    0
   ],
   [
    1,
    -1,
    0
   ],
   [
    0,
    0,
    1
   ]
  ],
  "pairs": 151735,
  "strong_n": 4119,
  "corr_strong": 0.9889413810497115,
  "R_strong": 0.054165346090331225,
  "R_low": 0.08390830399573321
 }
]
EQUAL MERGE [
  {
    "inv_d": [
      0,
      0.1
    ],
    "n": 6,
    "mean_I_sig": 24.106842802621582,
    "Rint": 0.08253879102958261
  },
  {
    "inv_d": [
      0.1,
      0.2
    ],
    "n": 45,
    "mean_I_sig": 23.345084335223152,
    "Rint": 0.09742668533291644
  },
  {
    "inv_d": [
      0.2,
      0.4
    ],
    "n": 281,
    "mean_I_sig": 18.011708307689094,
    "Rint": 0.13328192691669438
  },
  {
    "inv_d": [
      0.4,
      0.6
    ],
    "n": 694,
    "mean_I_sig": 10.887116442513276,
    "Rint": 0.24877001125161963
  },
  {
    "inv_d": [
      0.6,
      0.8
    ],
    "n": 1294,
    "mean_I_sig": 4.278958127526619,
    "Rint": 0.5881893522334869
  },
  {
    "inv_d": [
      0.8,
      1
    ],
    "n": 2075,
    "mean_I_sig": 1.32698237995786,
    "Rint": 0.9216842701704127
  },
  {
    "inv_d": [
      1,
      1.2
    ],
    "n": 3015,
    "mean_I_sig": 0.2641937096081607,
    "Rint": 0.9825727422634695
  },
  {
    "inv_d": [
      1.2,
      1.5
    ],
    "n": 3879,
    "mean_I_sig": 0.06070278796990884,
    "Rint": 0.977036380066098
  }
]

STDERR:

Exit: 0
