Started: 2026-09-22T02:58:20.544067
Command: ["H:\\CrystalPilot-campaigns\\scxrd-agent-eval-20260921\\toolbox\\pyplain\\Scripts\\python.exe", "H:\\CrystalPilot-campaigns\\scxrd-agent-eval-20260921\\arena\\r09_P1N_nu1000\\deliverables\\raw_reproduction_20260922_025724\\deliverables\\restrained_refine.py", "--input", "raw_disp", "--tag", "raw_h", "--geometry-strength", "4", "--epochs", "5", "--dispersion", "--hydrogens"]
RESTRAINED raw_h epoch 0 parameters 157 fit 4086 restraints 248
{'epoch': 0, 'work': {'n': 4086, 'n_obs': 1891, 'R1_all': 0.264764343866699, 'R1_obs': 0.1763161772199134, 'wR2': 0.6063299136068757}, 'test': {'n': 309, 'n_obs': 138, 'R1_all': 0.26038801828008046, 'R1_obs': 0.1651961701081101, 'wR2': 0.37125256500387604}, 'cost': 12938.242830963984, 'max_geom_z': 5.388393769890385, 'nfev': 8}
RESTRAINED raw_h epoch 1 parameters 157 fit 4086 restraints 248
{'epoch': 1, 'work': {'n': 4086, 'n_obs': 1891, 'R1_all': 0.2645927218847443, 'R1_obs': 0.176015795932532, 'wR2': 0.6053837779892618}, 'test': {'n': 309, 'n_obs': 138, 'R1_all': 0.2608598188074097, 'R1_obs': 0.16599437843416515, 'wR2': 0.37221420051835735}, 'cost': 12995.324678446446, 'max_geom_z': 4.820390081178196, 'nfev': 6}
RESTRAINED raw_h epoch 2 parameters 157 fit 4086 restraints 248
{'epoch': 2, 'work': {'n': 4086, 'n_obs': 1891, 'R1_all': 0.2645329998304429, 'R1_obs': 0.17593499363875414, 'wR2': 0.6053111695493704}, 'test': {'n': 309, 'n_obs': 138, 'R1_all': 0.2610000669067993, 'R1_obs': 0.16620578238258055, 'wR2': 0.37239776219779813}, 'cost': 12979.92994708299, 'max_geom_z': 4.608587276878389, 'nfev': 5}
RESTRAINED raw_h epoch 3 parameters 157 fit 4086 restraints 248
{'epoch': 3, 'work': {'n': 4086, 'n_obs': 1891, 'R1_all': 0.26451676208498953, 'R1_obs': 0.1759135036262362, 'wR2': 0.6053445383511723}, 'test': {'n': 309, 'n_obs': 138, 'R1_all': 0.26102614112223027, 'R1_obs': 0.16625683307088515, 'wR2': 0.37246409719091195}, 'cost': 12976.517722834815, 'max_geom_z': 4.555429116996734, 'nfev': 4}
RESTRAINED raw_h epoch 4 parameters 157 fit 4086 restraints 248
{'epoch': 4, 'work': {'n': 4086, 'n_obs': 1891, 'R1_all': 0.2645120604028454, 'R1_obs': 0.17590773167011733, 'wR2': 0.6053643490644022}, 'test': {'n': 309, 'n_obs': 138, 'R1_all': 0.26103287565376027, 'R1_obs': 0.1662696409411957, 'wR2': 0.37248435984828165}, 'cost': 12975.170619563236, 'max_geom_z': 4.5403921128484015, 'nfev': 3}
FINAL raw_h {'n': 4395, 'n_obs': 2029, 'R1_all': 0.26427196106134787, 'R1_obs': 0.1752503356792793, 'wR2': 0.5925144118166599} test {'n': 309, 'n_obs': 138, 'R1_all': 0.26103287565376027, 'R1_obs': 0.1662696409411957, 'wR2': 0.37248435984828165} scale 0.04838544897491723 fp -9.4553231415953 fpp2 40.8605193060843
Zr1 [0.544878 0.       0.106125] Ueig [0.06438 0.07225 0.105  ]
Zr2 [0.536137 0.072273 0.      ] Ueig [0.05809 0.06131 0.08986]
O1 [0.463073 0.       0.239934] Ueig [0.06369 0.06963 0.22567]
O2 [0.518038 0.036076 0.107204] Ueig [0.06685 0.09861 0.18823]
O3 [0.473365 0.036462 0.      ] Ueig [0.06957 0.07822 0.21469]
O4 [0.51875  0.105439 0.081163] Ueig [0.06106 0.08293 0.11185]
O5 [0.398977 0.       0.08814 ] Ueig [0.08253 0.08373 0.26215]
O6 [0.466204 0.059347 0.150715] Ueig [0.06237 0.08998 0.1512 ]
C1 [0.495324 0.247662 0.457303] Ueig [0.05557 0.07056 0.24934]
C2 [0.462724 0.14407  0.290855] Ueig [0.06749 0.0875  0.27928]
C3 [0.522844 0.193246 0.224095] Ueig [0.06632 0.11205 0.18655]
C4 [0.461839 0.114599 0.241549] Ueig [0.06374 0.10496 0.20531]
C5 [0.49503  0.216906 0.331257] Ueig [0.05711 0.07675 0.21397]
C6 [0.493551 0.183847 0.282411] Ueig [0.06271 0.07412 0.21914]
C7 [0.49514  0.184508 0.45845 ] Ueig [0.07853 0.08512 0.25506]
C8 [0.52226  0.163801 0.17606 ] Ueig [0.05932 0.08673 0.17747]
C9 [0.495185 0.216629 0.415032] Ueig [0.05821 0.07879 0.23644]
C10 [0.491933 0.124889 0.185067] Ueig [0.06235 0.08949 0.13633]
C11 [0.495289 0.247644 0.290413] Ueig [0.05747 0.0791  0.22291]
C12 [0.492082 0.09429  0.134071] Ueig [0.05574 0.08605 0.12897]

STDERR:

Exit: 0
