Started: 2026-09-22T02:57:46.989851
Command: ["H:\\CrystalPilot-campaigns\\scxrd-agent-eval-20260921\\toolbox\\pyplain\\Scripts\\python.exe", "H:\\CrystalPilot-campaigns\\scxrd-agent-eval-20260921\\arena\\r09_P1N_nu1000\\deliverables\\raw_reproduction_20260922_025724\\deliverables\\refine.py"]
Refining zr_refined atoms 2 parameters 6 reflections 4375
{'n': 4375, 'n_obs': 2009, 'R1_all': 0.5736992290274044, 'R1_obs': 0.5055607117413965, 'wR2': 0.7999047326475381} scale 0.01699044691045399 eval 8
Zr1 Zr [0.545144 0.       0.105107] U 0.0331 mult 12
Zr2 Zr [0.535682 0.071365 0.      ] U 0.0217 mult 6
1 [0.5375 0.075  0.    ] height 25.52 near [('Zr2', np.float64(0.123)), ('Zr1', np.float64(3.558)), ('Zr1', np.float64(3.558))]
2 [0.458333 0.       0.116667] height 24.37 near [('Zr1', np.float64(0.235)), ('Zr1', np.float64(3.408)), ('Zr2', np.float64(3.505))]
3 [0.4625   0.       0.241667] height 11.32 near [('Zr1', np.float64(2.288)), ('Zr1', np.float64(3.954)), ('Zr2', np.float64(4.913))]
4 [0.516667 0.033333 0.108333] height 10.96 near [('Zr1', np.float64(2.101)), ('Zr1', np.float64(2.101)), ('Zr2', np.float64(2.214))]
5 [0.475  0.0375 0.    ] height 10.46 near [('Zr2', np.float64(2.064)), ('Zr1', np.float64(2.161)), ('Zr1', np.float64(2.161))]
6 [0.516667 0.104167 0.075   ] height 10.31 near [('Zr2', np.float64(2.172)), ('Zr1', np.float64(3.591)), ('Zr1', np.float64(4.647))]
7 [0.4      0.       0.091667] height 9.74 near [('Zr1', np.float64(2.161)), ('Zr1', np.float64(3.912)), ('Zr2', np.float64(4.852))]
8 [0.466667 0.058333 0.15    ] height 9.57 near [('Zr1', np.float64(2.222)), ('Zr2', np.float64(3.522)), ('Zr1', np.float64(4.719))]
9 [0.5      0.25     0.466667] height 7.96 near [('Zr1', np.float64(10.856)), ('Zr1', np.float64(10.856)), ('Zr2', np.float64(10.993))]
10 [0.458333 0.141667 0.291667] height 7.0 near [('Zr1', np.float64(6.3)), ('Zr2', np.float64(6.971)), ('Zr1', np.float64(8.42))]
11 [0.520833 0.191667 0.216667] height 6.34 near [('Zr2', np.float64(6.186)), ('Zr1', np.float64(6.864)), ('Zr1', np.float64(8.241))]
12 [0.4625   0.116667 0.241667] height 6.33 near [('Zr1', np.float64(4.977)), ('Zr2', np.float64(5.708)), ('Zr1', np.float64(7.166))]
13 [0.495833 0.216667 0.333333] height 6.31 near [('Zr2', np.float64(8.626)), ('Zr1', np.float64(8.684)), ('Zr1', np.float64(10.325))]
14 [0.491667 0.183333 0.275   ] height 6.15 near [('Zr2', np.float64(7.118)), ('Zr1', np.float64(7.162)), ('Zr1', np.float64(8.89))]
15 [0.495833 0.1875   0.458333] height 6.13 near [('Zr1', np.float64(8.899)), ('Zr2', np.float64(9.392)), ('Zr1', np.float64(9.867))]
16 [0.520833 0.1625   0.175   ] height 6.04 near [('Zr2', np.float64(4.86)), ('Zr1', np.float64(5.668)), ('Zr1', np.float64(6.991))]
17 [0.495833 0.216667 0.416667] height 5.98 near [('Zr1', np.float64(9.371)), ('Zr2', np.float64(9.574)), ('Zr1', np.float64(10.91))]
18 [0.495833 0.125    0.183333] height 5.91 near [('Zr2', np.float64(4.406)), ('Zr1', np.float64(4.516)), ('Zr1', np.float64(6.236))]
19 [0.491667 0.245833 0.291667] height 5.53 near [('Zr2', np.float64(9.219)), ('Zr2', np.float64(9.219)), ('Zr1', np.float64(9.519))]
20 [0.491667 0.091667 0.133333] height 5.14 near [('Zr2', np.float64(3.144)), ('Zr1', np.float64(3.166)), ('Zr1', np.float64(5.005))]
21 [0.570833 0.145833 0.366667] height 4.97 near [('Zr2', np.float64(6.594)), ('Zr1', np.float64(6.799)), ('Zr1', np.float64(6.841))]
22 [0.    0.    0.225] height 4.36 near [('Zr1', np.float64(17.937)), ('Zr1', np.float64(17.937)), ('Zr1', np.float64(17.937))]
23 [0.466667 0.1625   0.      ] height 4.07 near [('Zr2', np.float64(5.453)), ('Zr1', np.float64(6.393)), ('Zr1', np.float64(6.393))]
24 [0.666667 0.333333 0.366667] height 4.01 near [('Zr2', np.float64(10.777)), ('Zr2', np.float64(10.777)), ('Zr2', np.float64(10.777))]
25 [0.104167 0.05     0.      ] height 3.83 near [('Zr1', np.float64(14.923)), ('Zr1', np.float64(14.923)), ('Zr1', np.float64(15.02))]
26 [0.55     0.120833 0.358333] height 3.82 near [('Zr1', np.float64(6.03)), ('Zr2', np.float64(6.198)), ('Zr1', np.float64(6.265))]
27 [0.408333 0.0875   0.      ] height 3.64 near [('Zr1', np.float64(4.938)), ('Zr1', np.float64(4.938)), ('Zr2', np.float64(5.335))]
28 [0.595833 0.191667 0.408333] height 3.57 near [('Zr2', np.float64(7.917)), ('Zr1', np.float64(8.415)), ('Zr1', np.float64(8.415))]
29 [0.533333 0.066667 0.275   ] height 3.3 near [('Zr1', np.float64(4.027)), ('Zr1', np.float64(4.027)), ('Zr2', np.float64(4.571))]
30 [0.458333 0.204167 0.      ] height 3.14 near [('Zr2', np.float64(7.215)), ('Zr1', np.float64(8.124)), ('Zr1', np.float64(8.124))]
31 [0.054167 0.       0.291667] height 3.03 near [('Zr1', np.float64(16.006)), ('Zr1', np.float64(17.03)), ('Zr1', np.float64(17.147))]
32 [0.375    0.166667 0.5     ] height 2.81 near [('Zr1', np.float64(10.767)), ('Zr1', np.float64(10.767)), ('Zr1', np.float64(12.043))]
33 [0.15     0.       0.141667] height 2.78 near [('Zr1', np.float64(11.963)), ('Zr1', np.float64(12.631)), ('Zr2', np.float64(14.126))]
34 [0.058333 0.029167 0.083333] height 2.76 near [('Zr1', np.float64(16.146)), ('Zr1', np.float64(16.146)), ('Zr1', np.float64(16.442))]
35 [0.616667 0.233333 0.      ] height 2.72 near [('Zr2', np.float64(5.497)), ('Zr1', np.float64(8.3)), ('Zr1', np.float64(8.3))]
36 [0.4125 0.0875 0.5   ] height 2.68 near [('Zr1', np.float64(7.952)), ('Zr1', np.float64(7.952)), ('Zr2', np.float64(9.784))]
37 [0.016667 0.       0.391667] height 2.64 near [('Zr1', np.float64(17.82)), ('Zr1', np.float64(18.144)), ('Zr1', np.float64(18.144))]
38 [0.495833 0.058333 0.1     ] height 2.61 near [('Zr1', np.float64(2.035)), ('Zr2', np.float64(2.159)), ('Zr1', np.float64(3.659))]
39 [0.       0.       0.341667] height 2.55 near [('Zr1', np.float64(18.254)), ('Zr1', np.float64(18.254)), ('Zr1', np.float64(18.254))]
40 [0.141667 0.070833 0.5     ] height 2.53 near [('Zr1', np.float64(15.344)), ('Zr1', np.float64(15.344)), ('Zr1', np.float64(15.344))]
41 [0.533333 0.116667 0.      ] height 2.49 near [('Zr2', np.float64(1.823)), ('Zr1', np.float64(4.399)), ('Zr1', np.float64(4.399))]
42 [0.554167 0.108333 0.075   ] height 2.45 near [('Zr2', np.float64(1.768)), ('Zr1', np.float64(4.111)), ('Zr1', np.float64(4.111))]
43 [0.179167 0.       0.216667] height 2.44 near [('Zr1', np.float64(10.962)), ('Zr1', np.float64(12.054)), ('Zr2', np.float64(13.301))]
44 [0.5      0.       0.366667] height 2.42 near [('Zr1', np.float64(4.691)), ('Zr1', np.float64(4.691)), ('Zr2', np.float64(6.554))]
45 [0.3   0.15  0.325] height 2.41 near [('Zr1', np.float64(10.973)), ('Zr1', np.float64(10.973)), ('Zr2', np.float64(12.346))]
46 [0.529167 0.058333 0.358333] height 2.36 near [('Zr1', np.float64(4.974)), ('Zr1', np.float64(4.974)), ('Zr2', np.float64(5.968))]
47 [0.425 0.    0.   ] height 2.36 near [('Zr1', np.float64(2.102)), ('Zr1', np.float64(2.102)), ('Zr2', np.float64(3.809))]
48 [0.5375 0.075  0.325 ] height 2.35 near [('Zr1', np.float64(4.791)), ('Zr1', np.float64(4.791)), ('Zr2', np.float64(5.4))]
49 [0.1    0.0125 0.    ] height 2.32 near [('Zr1', np.float64(14.265)), ('Zr1', np.float64(14.265)), ('Zr1', np.float64(15.997))]
50 [0.425    0.2125   0.458333] height 2.28 near [('Zr1', np.float64(10.719)), ('Zr1', np.float64(10.719)), ('Zr2', np.float64(11.461))]
51 [0.354167 0.045833 0.125   ] height 2.28 near [('Zr1', np.float64(5.098)), ('Zr1', np.float64(6.363)), ('Zr2', np.float64(6.986))]
52 [0.595833 0.191667 0.      ] height 2.27 near [('Zr2', np.float64(4.083)), ('Zr1', np.float64(6.964)), ('Zr1', np.float64(6.964))]
53 [0.3125   0.154167 0.15    ] height 2.27 near [('Zr1', np.float64(10.094)), ('Zr1', np.float64(10.237)), ('Zr1', np.float64(10.922))]
54 [0.391667 0.15     0.5     ] height 2.24 near [('Zr1', np.float64(9.913)), ('Zr1', np.float64(9.913)), ('Zr2', np.float64(11.301))]
55 [0.083333 0.041667 0.058333] height 2.23 near [('Zr1', np.float64(15.461)), ('Zr1', np.float64(15.461)), ('Zr1', np.float64(15.678))]
56 [0.345833 0.170833 0.158333] height 2.22 near [('Zr1', np.float64(9.616)), ('Zr1', np.float64(9.766)), ('Zr2', np.float64(10.319))]
57 [0.6125   0.304167 0.258333] height 2.21 near [('Zr2', np.float64(9.124)), ('Zr2', np.float64(9.261)), ('Zr1', np.float64(10.635))]
58 [0.333333 0.070833 0.      ] height 2.17 near [('Zr1', np.float64(6.83)), ('Zr1', np.float64(6.83)), ('Zr2', np.float64(7.92))]
59 [0.645833 0.291667 0.5     ] height 2.14 near [('Zr2', np.float64(11.175)), ('Zr1', np.float64(12.006)), ('Zr1', np.float64(12.006))]
60 [0.283333 0.141667 0.141667] height 2.13 near [('Zr1', np.float64(10.663)), ('Zr1', np.float64(10.663)), ('Zr1', np.float64(11.407))]

STDERR:

Exit: 0
