Started: 2026-09-22T02:57:52.535932
Command: ["H:\\CrystalPilot-campaigns\\scxrd-agent-eval-20260921\\toolbox\\pyplain\\Scripts\\python.exe", "H:\\CrystalPilot-campaigns\\scxrd-agent-eval-20260921\\arena\\r09_P1N_nu1000\\deliverables\\raw_reproduction_20260922_025724\\deliverables\\build_framework.py"]
Refining framework_iso1 atoms 20 parameters 72 reflections 4395
{'n': 4395, 'n_obs': 2029, 'R1_all': 0.3246423764311477, 'R1_obs': 0.23790029080465944, 'wR2': 0.49817480991339513} scale 0.031469124509378464 eval 11
Zr1 Zr [0.54477  0.       0.106093] U 0.0786 mult 12
Zr2 Zr [0.535967 0.071933 0.      ] U 0.0689 mult 6
O1 O [0.46346  0.       0.240466] U 0.0608 mult 12
O2 O [0.518304 0.036607 0.108095] U 0.071 mult 12
O3 O [0.473038 0.035821 0.      ] U 0.0632 mult 12
O4 O [0.518602 0.105099 0.08417 ] U 0.0373 mult 24
O5 O [0.397551 0.       0.083004] U 0.0815 mult 12
O6 O [0.466684 0.060073 0.151773] U 0.0593 mult 24
C1 C [0.49369  0.246845 0.458464] U 0.0611 mult 12
C2 C [0.462378 0.142233 0.294674] U 0.1054 mult 24
C3 C [0.52546  0.194598 0.222257] U 0.0774 mult 24
C4 C [0.459785 0.110642 0.240154] U 0.0765 mult 24
C5 C [0.494021 0.21656  0.333163] U 0.0799 mult 24
C6 C [0.495565 0.184896 0.281831] U 0.0817 mult 24
C7 C [0.495613 0.184169 0.460871] U 0.0903 mult 24
C8 C [0.524563 0.164929 0.171944] U 0.0602 mult 24
C9 C [0.493421 0.217941 0.421337] U 0.0874 mult 24
C10 C [0.493159 0.12459  0.184427] U 0.0666 mult 24
C11 C [0.498015 0.249008 0.288454] U 0.0747 mult 12
C12 C [0.492553 0.094186 0.133398] U 0.0483 mult 24
1 [0.441667 0.       0.091667] height 4.61 near [('Zr1', np.float64(0.583)), ('O5', np.float64(1.735)), ('O3', np.float64(2.019))]
2 [0.466667 0.       0.125   ] height 4.35 near [('Zr1', np.float64(0.547)), ('O2', np.float64(1.825)), ('O2', np.float64(1.825))]
3 [0.525 0.075 0.   ] height 4.22 near [('Zr2', np.float64(0.501)), ('O3', np.float64(1.838)), ('O4', np.float64(1.925))]
4 [0.570833 0.141667 0.358333] height 2.94 near [('C8', np.float64(3.919)), ('C8', np.float64(3.919)), ('C10', np.float64(4.003))]
5 [0.595833 0.191667 0.408333] height 2.48 near [('C7', np.float64(3.888)), ('C7', np.float64(3.888)), ('C3', np.float64(4.182))]
6 [0.445833 0.       0.225   ] height 2.34 near [('O1', np.float64(0.737)), ('Zr1', np.float64(2.009)), ('O6', np.float64(2.401))]
7 [0.404167 0.       0.116667] height 2.16 near [('O5', np.float64(0.616)), ('Zr1', np.float64(2.009)), ('O6', np.float64(2.473))]
8 [0.483333 0.       0.258333] height 2.01 near [('O1', np.float64(0.833)), ('O1', np.float64(2.106)), ('Zr1', np.float64(2.758))]
9 [0.508333 0.158333 0.175   ] height 1.92 near [('C8', np.float64(0.556)), ('C10', np.float64(1.158)), ('C3', np.float64(1.46))]
10 [0.408333 0.070833 0.5     ] height 1.84 near [('C7', np.float64(4.081)), ('C7', np.float64(4.081)), ('C2', np.float64(4.245))]
11 [0.458333 0.058333 0.125   ] height 1.84 near [('O6', np.float64(0.536)), ('C12', np.float64(1.381)), ('Zr1', np.float64(2.25))]
12 [0.666667 0.333333 0.366667] height 1.7 near [('C11', np.float64(5.87)), ('C11', np.float64(5.87)), ('C11', np.float64(5.87))]
13 [0.475  0.1625 0.275 ] height 1.67 near [('C2', np.float64(0.768)), ('C6', np.float64(0.852)), ('C4', np.float64(1.9))]
14 [0.458333 0.2      0.      ] height 1.65 near [('C8', np.float64(4.511)), ('C8', np.float64(4.511)), ('C3', np.float64(4.599))]
15 [0.604167 0.208333 0.      ] height 1.63 near [('C8', np.float64(3.934)), ('C8', np.float64(3.934)), ('C8', np.float64(3.934))]
16 [0.516667 0.1875   0.241667] height 1.56 near [('C3', np.float64(0.452)), ('C6', np.float64(1.027)), ('C8', np.float64(1.579))]
17 [0.470833 0.083333 0.133333] height 1.51 near [('C12', np.float64(0.737)), ('O6', np.float64(0.896)), ('C10', np.float64(1.639))]
18 [0.479167 0.2375   0.283333] height 1.49 near [('C11', np.float64(0.65)), ('C5', np.float64(1.475)), ('C5', np.float64(1.602))]
19 [0.5375   0.079167 0.258333] height 1.49 near [('O2', np.float64(2.885)), ('C12', np.float64(2.965)), ('O1', np.float64(3.022))]
20 [0.508333 0.225    0.4     ] height 1.49 near [('C9', np.float64(0.618)), ('C5', np.float64(1.213)), ('C1', np.float64(1.58))]
21 [0.445833 0.145833 0.      ] height 1.45 near [('C10', np.float64(3.881)), ('C10', np.float64(3.881)), ('C8', np.float64(3.991))]
22 [0.    0.    0.325] height 1.44 near [('C2', np.float64(16.083)), ('C2', np.float64(16.083)), ('C2', np.float64(16.083))]
23 [0.475    0.125    0.233333] height 1.44 near [('C4', np.float64(0.591)), ('C10', np.float64(1.085)), ('C2', np.float64(1.44))]
24 [0.654167 0.308333 0.325   ] height 1.44 near [('C3', np.float64(5.073)), ('C3', np.float64(5.073)), ('C11', np.float64(5.385))]
25 [0.508333 0.220833 0.333333] height 1.38 near [('C5', np.float64(0.499)), ('C6', np.float64(1.504)), ('C11', np.float64(1.544))]
26 [0.479167 0.120833 0.191667] height 1.35 near [('C10', np.float64(0.506)), ('C4', np.float64(1.04)), ('C12', np.float64(1.688))]
27 [0.658333 0.316667 0.283333] height 1.34 near [('C3', np.float64(5.111)), ('C3', np.float64(5.111)), ('C11', np.float64(5.464))]
28 [0.508333 0.104167 0.066667] height 1.33 near [('O4', np.float64(0.483)), ('C12', np.float64(1.234)), ('O6', np.float64(2.197))]
29 [0.458333 0.041667 0.      ] height 1.32 near [('O3', np.float64(0.719)), ('Zr1', np.float64(2.364)), ('Zr1', np.float64(2.364))]
30 [0.475    0.054167 0.175   ] height 1.29 near [('O6', np.float64(0.62)), ('C12', np.float64(1.527)), ('Zr1', np.float64(2.184))]
31 [0.391667 0.       0.016667] height 1.27 near [('O5', np.float64(1.126)), ('O5', np.float64(1.672)), ('O3', np.float64(2.782))]
32 [0.5125   0.029167 0.075   ] height 1.25 near [('O2', np.float64(0.61)), ('Zr2', np.float64(1.915)), ('Zr1', np.float64(2.011))]
33 [0.479167 0.208333 0.325   ] height 1.24 near [('C5', np.float64(0.523)), ('C11', np.float64(1.509)), ('C6', np.float64(1.537))]
34 [0.55     0.2625   0.033333] height 1.2 near [('C3', np.float64(3.911)), ('C8', np.float64(4.136)), ('C3', np.float64(4.531))]
35 [0.666667 0.333333 0.216667] height 1.17 near [('C3', np.float64(5.487)), ('C3', np.float64(5.487)), ('C3', np.float64(5.487))]
36 [0.516667 0.258333 0.458333] height 1.16 near [('C1', np.float64(0.78)), ('C9', np.float64(1.507)), ('C9', np.float64(1.507))]
37 [0.       0.       0.091667] height 1.15 near [('O5', np.float64(15.581)), ('O5', np.float64(15.581)), ('O5', np.float64(15.581))]
38 [0.1625 0.0375 0.5   ] height 1.14 near [('C2', np.float64(10.879)), ('C2', np.float64(10.879)), ('C9', np.float64(11.322))]
39 [0.616667 0.308333 0.275   ] height 1.13 near [('C11', np.float64(4.033)), ('C3', np.float64(4.181)), ('C3', np.float64(4.181))]
40 [0.   0.   0.15] height 1.09 near [('O5', np.float64(15.62)), ('O5', np.float64(15.62)), ('O5', np.float64(15.62))]
BONDS Zr1 [('O3', 2.141), ('O3', 2.141), ('O2', 2.15), ('O2', 2.15), ('O1', 2.255), ('O5', 2.293), ('O6', 2.294), ('O6', 2.294)]
BONDS Zr2 [('O3', 2.144), ('O3', 2.144), ('O2', 2.159), ('O2', 2.159), ('O4', 2.234), ('O4', 2.234), ('O4', 2.234), ('O4', 2.234)]
BONDS O1 [('Zr1', 2.255)]
BONDS O2 [('Zr1', 2.15), ('Zr1', 2.15), ('Zr2', 2.159)]
BONDS O3 [('Zr1', 2.141), ('Zr1', 2.141), ('Zr2', 2.144)]
BONDS O4 [('C12', 1.207), ('Zr2', 2.234)]
BONDS O5 [('Zr1', 2.293)]
BONDS O6 [('C12', 1.246), ('Zr1', 2.294)]
BONDS C1 [('C9', 1.285), ('C9', 1.285), ('C1', 1.38)]
BONDS C2 [('C4', 1.496), ('C6', 1.536)]
BONDS C3 [('C8', 1.418), ('C6', 1.432)]
BONDS C4 [('C10', 1.467), ('C2', 1.496)]
BONDS C5 [('C11', 1.412), ('C9', 1.466), ('C6', 1.532)]
BONDS C6 [('C3', 1.432), ('C5', 1.532), ('C2', 1.536)]
BONDS C7 [('C7', 1.3), ('C9', 1.518)]
BONDS C8 [('C3', 1.418), ('C10', 1.453)]
BONDS C9 [('C1', 1.285), ('C5', 1.466), ('C7', 1.518)]
BONDS C10 [('C12', 1.453), ('C8', 1.453), ('C4', 1.467)]
BONDS C11 [('C5', 1.412), ('C5', 1.412)]
BONDS C12 [('O4', 1.207), ('O6', 1.246), ('C10', 1.453)]

STDERR:

Exit: 0
