Started: 2026-09-22T02:57:24.358355
Command: ["H:\\CrystalPilot-campaigns\\scxrd-agent-eval-20260921\\toolbox\\pyplain\\Scripts\\python.exe", "H:\\CrystalPilot-campaigns\\scxrd-agent-eval-20260921\\arena\\r09_P1N_nu1000\\deliverables\\raw_reproduction_20260922_025724\\deliverables\\crystal.py"]
{
  "cell": [
    39.19,
    39.19,
    16.61,
    90,
    90,
    120
  ],
  "volume_A3": 22092.80153000264,
  "raw_reflections": 337815,
  "unique_P6mmm": 11289,
  "r_int_weighted_center": 0.6308254702438392,
  "index_min": [
    -56,
    -56,
    -24
  ],
  "index_max": [
    55,
    55,
    24
  ],
  "d_min": 0.6910782904312253,
  "I_range": [
    -24.66,
    1268.9
  ],
  "negative_fraction": 0.4195284401225523,
  "unique_I_gt_2sig": 2104,
  "redundancy": 29.9242625564709,
  "resolution_bins": [
    {
      "inv_d_lo": 0.0,
      "inv_d_hi": 0.14470140559270223,
      "n": 21,
      "mean_I_sig": 23.564672609032996,
      "fraction_2sig": 1.0
    },
    {
      "inv_d_lo": 0.14470140559270223,
      "inv_d_hi": 0.28940281118540445,
      "n": 117,
      "mean_I_sig": 21.34289904712994,
      "fraction_2sig": 0.9743589743589743
    },
    {
      "inv_d_lo": 0.28940281118540445,
      "inv_d_hi": 0.4341042167781067,
      "n": 283,
      "mean_I_sig": 15.281913420000732,
      "fraction_2sig": 0.8551236749116607
    },
    {
      "inv_d_lo": 0.4341042167781067,
      "inv_d_hi": 0.5788056223708089,
      "n": 509,
      "mean_I_sig": 11.152896633298898,
      "fraction_2sig": 0.7701375245579568
    },
    {
      "inv_d_lo": 0.5788056223708089,
      "inv_d_hi": 0.7235070279635112,
      "n": 807,
      "mean_I_sig": 6.65829339077073,
      "fraction_2sig": 0.6245353159851301
    },
    {
      "inv_d_lo": 0.7235070279635112,
      "inv_d_hi": 0.8682084335562134,
      "n": 1191,
      "mean_I_sig": 1.5961759919409464,
      "fraction_2sig": 0.31066330814441645
    },
    {
      "inv_d_lo": 0.8682084335562134,
      "inv_d_hi": 1.0129098391489155,
      "n": 1627,
      "mean_I_sig": 0.9148455801833414,
      "fraction_2sig": 0.20651505838967424
    },
    {
      "inv_d_lo": 1.0129098391489155,
      "inv_d_hi": 1.1576112447416178,
      "n": 2143,
      "mean_I_sig": 0.08009616330089346,
      "fraction_2sig": 0.03919738684087728
    },
    {
      "inv_d_lo": 1.1576112447416178,
      "inv_d_hi": 1.30231265033432,
      "n": 2508,
      "mean_I_sig": -0.2627751607459455,
      "fraction_2sig": 0.00518341307814992
    },
    {
      "inv_d_lo": 1.30231265033432,
      "inv_d_hi": 1.4470140559270224,
      "n": 2083,
      "mean_I_sig": 0.12079904750267786,
      "fraction_2sig": 0.01344215074411906
    }
  ]
}
Symmetry Ri: [([[-1, 0, 0], [-1, 1, 0], [0, 0, -1]], np.float64(0.5195)), ([[-1, 0, 0], [-1, 1, 0], [0, 0, 1]], np.float64(0.5248)), ([[-1, 0, 0], [0, -1, 0], [0, 0, -1]], np.float64(0.5387)), ([[-1, 0, 0], [0, -1, 0], [0, 0, 1]], np.float64(0.5197)), ([[-1, 1, 0], [-1, 0, 0], [0, 0, -1]], np.float64(0.4876)), ([[-1, 1, 0], [-1, 0, 0], [0, 0, 1]], np.float64(0.4884)), ([[-1, 1, 0], [0, 1, 0], [0, 0, -1]], np.float64(0.5183)), ([[-1, 1, 0], [0, 1, 0], [0, 0, 1]], np.float64(0.5242)), ([[0, -1, 0], [-1, 0, 0], [0, 0, -1]], np.float64(0.5211)), ([[0, -1, 0], [-1, 0, 0], [0, 0, 1]], np.float64(0.5199)), ([[0, -1, 0], [1, -1, 0], [0, 0, -1]], np.float64(0.4829)), ([[0, -1, 0], [1, -1, 0], [0, 0, 1]], np.float64(0.4822)), ([[0, 1, 0], [-1, 1, 0], [0, 0, -1]], np.float64(0.4436)), ([[0, 1, 0], [-1, 1, 0], [0, 0, 1]], np.float64(0.4433)), ([[0, 1, 0], [1, 0, 0], [0, 0, -1]], np.float64(0.5216)), ([[0, 1, 0], [1, 0, 0], [0, 0, 1]], np.float64(0.52)), ([[1, -1, 0], [0, -1, 0], [0, 0, -1]], np.float64(0.526)), ([[1, -1, 0], [0, -1, 0], [0, 0, 1]], np.float64(0.5166)), ([[1, -1, 0], [1, 0, 0], [0, 0, -1]], np.float64(0.4501)), ([[1, -1, 0], [1, 0, 0], [0, 0, 1]], np.float64(0.4496)), ([[1, 0, 0], [0, 1, 0], [0, 0, -1]], np.float64(0.5171)), ([[1, 0, 0], [0, 1, 0], [0, 0, 1]], np.float64(0.4055)), ([[1, 0, 0], [1, -1, 0], [0, 0, -1]], np.float64(0.5257)), ([[1, 0, 0], [1, -1, 0], [0, 0, 1]], np.float64(0.5167))]
Top Patterson peaks:
[0. 0. 0.] 28.211
[0.      0.      0.78125] 5.1579
[0.458333 0.541667 0.      ] 4.7473
[0.53125  0.       0.885417] 4.1138
[0.546875 0.       0.      ] 3.9557
[0.078125 0.       0.114583] 3.0665
[0.5 0.  0. ] 2.6565
[0.       0.390625 0.      ] 2.4888
[0.       0.458333 0.21875 ] 2.0187
[0.      0.      0.65625] 1.8063
[0.       0.       0.864583] 1.6654
[0.083333 0.463542 0.104167] 1.6617
[0.145833 0.072917 0.      ] 1.518
[0.098958 0.098958 0.      ] 1.4925
[0.911458 0.453125 0.21875 ] 1.25
[0.958333 0.979167 0.09375 ] 1.2126
[0.9375  0.96875 0.     ] 1.1715
[0.911458 0.911458 0.197917] 1.1546
[0.057292 0.       0.      ] 0.9196
[0.296875 0.046875 0.583333] 0.8704
[0.958333 0.723958 0.552083] 0.8505
[0.958333 0.786458 0.479167] 0.8448
[0.203125 0.25     0.427083] 0.8009
[0.244792 0.036458 0.333333] 0.7712
[0.255208 0.953125 0.354167] 0.7577

STDERR:

Exit: 0
