
 +++++++++++++++++++++++++++++++++++++++++++++++++++++++++++++++++++
 +  SHELXL -  CRYSTAL STRUCTURE REFINEMENT  -   MULTI-CPU VERSION  +
 +  Copyright(C) George M. Sheldrick 1993-2023     Version 2019/3  +
 +  job                        started at 19:41:42 on 21-Sep-2026  +
 +++++++++++++++++++++++++++++++++++++++++++++++++++++++++++++++++++

 Command line parameters: job -a50000 -b3000 -c624 -g0 -m0 -t4

 -a sets the approximate maximum number of atoms including hydrogens.
 -b sets the maximum number of full-matrix parameters (not used by CGLS).
 For example -b9000 allows refinement of 1000 anisotropic atoms or 3000
 with BLOC 1. For a 32-bit version, -b times the square root of the
 number of threads should not exceed about 65500. -c sets the reflection
 buffer size. This depends on the CPU cache size but will rarely
 need changing.

 -g sets the number of reflection groups used for calculating R_complete,
 This must be greater than 1 but not greater than the total number of
 reflections for refinement. -m sets the current reflection group number.
 This may not be less than 1 nor greater than the number set by -g. These
 command line flags override other ways of defining free-R reflections.
 The -m value is also used as a seed for the WIGL pseudo-random shifts.

 -t sets the number of threads, otherwise it is set to the apparent
 number of CPUs. For optimal performance on hyperthreading systems,
 -t should be set to a little more than half the number of CPUs;
 e.g. -t4 or -t5 for an Intel i7 processor.

 Running  4 threads on  4 processors

 TITL CrystalPilot cross-check in P 6/m m m
 CELL 0.68883 39.19000 39.19000 16.61000 90.0000 90.0000 120.0000
 ZERR 24 0.00000 0.00000 0.00000 0.0000 0.0000 0.0000
 LATT 1
 SYMM X-Y,X,Z
 SYMM Y,-X+Y,Z
 SYMM -Y,X-Y,Z
 SYMM -X+Y,-X,Z
 SYMM X-Y,-Y,-Z
 SYMM -X,-X+Y,-Z
 SYMM -X,-Y,Z
 SYMM Y,X,-Z
 SYMM -Y,-X,-Z
 SYMM -X+Y,Y,-Z
 SYMM X,X-Y,-Z
 SFAC C O Zr
 REM DISP lambda 0.68883 A is not a SHELXL built-in line (Cu/Mo/Ag K-alpha):
 REM DISP f'/f'' from cctbx (sasaki: C O Zr), mu = NIST attenuation in
 REM DISP barn/atom
 DISP $C 0.002 0.002 10.99
 DISP $O 0.007 0.006 30.28
 DISP $Zr -9.041 2.772 14341.91
 UNIT 546.0 124.0 18.0

 V =    22092.79     F(000) =    4988.0     Mu =   1.21 mm-1      Cell Wt =    10183.42    Rho =  0.765

  
 L.S. 6
 BOND $H
 CONF
 ACTA
 FMAP 2
 PLAN 20
  
 SHEL 999 1.000
  
 WGHT 0.100000 0.000000
 FVAR 0.05146
 ZR01  3   0.463835   0.536165   0.500000    10.25000     0.08664     0.08664 =
       0.06685     0.00000     0.00000     0.05480
 ZR02  3   0.544739   0.544739   0.393713    10.50000     0.09267     0.09267 =
       0.08406     0.01368     0.01368     0.05893
 O003  2   0.481260   0.586428   0.581178    11.00000     0.10557     0.10794 =
       0.09354    -0.00310    -0.00431     0.07257
 O004  2   0.533910   0.592828   0.649892    11.00000     0.11516     0.11937 =
       0.12307    -0.04070    -0.02921     0.07170
 O005  2   0.526661   0.562541   0.500000    10.50000     0.11986     0.22399 =
       0.10875     0.00000     0.00000     0.11536
 O006  2   0.538267   0.538267   0.262137    10.50000     0.20326     0.20326 =
       0.08732     0.02037     0.02037     0.15809
 O007  2   0.601029   0.601029   0.411655    10.50000     0.09298     0.09298 =
       0.28254     0.00827     0.00827     0.04372
 O008  2   0.517261   0.482739   0.393078    10.50000     0.11772     0.11772 =
       0.15113     0.02723    -0.02723     0.06194
 C009  1   0.507829   0.601595   0.634113    11.00000     0.10372     0.11140 =
       0.10641     0.00263    -0.00793     0.07074
 C00A  1   0.505000   0.689858   0.780162    11.00000     0.24770     0.11311 =
       0.08676     0.00284    -0.00561     0.12755
 O00B  1   0.477256   0.641379   0.673598    11.00000     0.16177     0.11845 =
       0.11398    -0.02339    -0.01098     0.10202
 C00C  1   0.507310   0.632652   0.686587    11.00000     0.15077     0.09777 =
       0.10975    -0.01910    -0.01615     0.08440
 O00D  1   0.474660   0.669158   0.722752    11.00000     0.21671     0.12802 =
       0.10392    -0.03247    -0.03446     0.10925
 C00E  1   0.504988   0.721803   0.831666    11.00000     0.22633     0.11231 =
       0.09659    -0.02486    -0.01495     0.11723
 O00F  1   0.504581   0.752290   0.787581    10.50000     0.21512     0.08984 =
       0.14596    -0.02337    -0.04673     0.10756
 O00G  1   0.538043   0.652445   0.741619    11.00000     0.18213     0.11087 =
       0.10030    -0.04160    -0.03651     0.08159
 C00H  1   0.504574   0.721260   0.914200    11.00000     0.25236     0.11525 =
       0.05850    -0.01455    -0.00667     0.10534
 C00I  1   0.502754   0.751377   0.957567    10.50000     0.28108     0.11800 =
       0.07482    -0.01165    -0.02329     0.14054
 O00J  1   0.537833   0.681877   0.791031    11.00000     0.25611     0.12728 =
       0.11027    -0.00340    -0.01521     0.13210
 O00K  2   0.570754   0.429246   0.134123    10.50000     0.29240
 O00L  1   0.504724   0.687496   0.958527    11.00000     0.27992     0.15238 =
       0.08608     0.01881     0.01344     0.14499
 C00M  1   0.739087   0.533480   0.500000    10.50000     0.27481
 C00N  1   0.594346   0.405654   0.098508    10.50000     0.20372
 C00P  1   0.768763   0.384381   0.500000    10.25000     0.59848
 C00Q  1   0.800483   0.400241   0.500000    10.25000     0.41081
 C00R  1   0.594771   0.672025   0.000000    10.50000     0.33543
 C00S  1   0.704197   0.560648   0.500000    10.50000     0.39336
 C00T  1   0.539253   0.460747   0.207711    10.50000     0.39239
 C00U  1   0.664960   0.584773   0.500000    10.50000     0.44759
 C00V  1   0.712205   0.424409   0.500000    10.25000     0.08805
 C00W  1   1.000000   1.000000   0.027156    10.08333     0.30203
 C00X  1   0.719243   0.621423   0.500000    10.50000     1.34362
 C00Y  1   0.586186   0.642208   0.065737    11.00000     0.85501
 C00Z  1   0.482216   0.408973   0.104805    11.00000     0.73624
 C010  1   0.770363   0.540727   0.500000    10.25000     0.54652
 C011  1   0.961978   0.923956   0.500000    10.25000     1.31055
 O012  2   0.643731   0.643731   0.239579    10.50000     0.64257
 C013  1   0.547432   0.452568   0.125261    10.50000     1.91423
 C014  1   0.930166   0.860332   0.597830    10.50000     1.29521
 O015  2   0.666667   0.333333   0.138550    10.16667     1.05749
 C016  1   1.000000   1.000000   0.130352    10.08333     2.00000
 C017  1   0.554718   0.445282  -0.156960    10.50000     1.25031
 C018  1   1.000000   1.000000   0.709858    10.08333     2.00000
 C019  1   0.747620   0.428955   0.500000    10.50000     0.92122
 C01A  1   0.550493   0.449507   0.000000    10.25000     1.37690
 C01B  1   0.926752   0.853505   0.727727    10.50000     1.21103
 C01C  1   0.780922   0.390461   0.579990    10.50000     1.37023
 C01D  1   0.752868   0.574630   0.603303    11.00000     0.73173
 C01E  1   0.935847   0.489832   0.500000    10.50000     1.56576
 HKLF 4



 Covalent radii and connectivity table for  CrystalPilot cross-check in P 6/m m m                                      
 C      0.770
 O      0.660
 ZR     1.590

 Zr01 - C01E_$13 C01E_$14 O005_$5 O005 O008_$3 O008_$1 O003_$4 O003_$6 O003_$5 O003 Zr02_$4 Zr02_$3
 Zr02 - O008_$3 O008 O005 O005_$7 O006 O007 O004_$7 O004_$4 Zr01_$1 Zr01 Zr02_$3 Zr02_$4
 O003 - C009 Zr01
 O004 - C009 Zr02_$4
 O005 - C01E_$13 Zr01 Zr02_$4 Zr02
 O006 - Zr02
 O007 - Zr02
 O008 - Zr02 Zr02_$3 Zr01_$1
 C009 - O004 O003 C00C
 C00A - O00D O00J C00E
 O00B - C00C O00D
 C00C - O00B O00G C009
 O00D - O00B C00A
 C00E - C00H O00F C00A
 O00F - C00E C00E_$8
 O00G - C00C O00J
 C00H - C00E C00I O00L
 C00I - C00I_$9 C00H_$8 C00H
 O00J - O00G C00A
 O00K - C017_$10 C013 C00N
 O00L - O00L_$9 C00H
 C00M - C010
 C00N - O00K
 C00P - C00Q C01C_$4 C01C
 C00Q - C00P C01C_$4 C01C
 C00R - C00Y_$10 C00Y
 C00S - no bonds found
 C00T - C017_$10 C013
 C00U - C00X
 C00V - C019 C019_$11
 C00W - C00W_$12 C016
 C00X - C00U
 C00Y - C00R
 C00Z - no bonds found
 C010 - C00M C00M_$11
 C011 - no bonds found
 O012 - no bonds found
 C013 - C017_$10 C00T O00K
 C014 - no bonds found
 O015 - no bonds found
 C016 - C00W
 C017 - C013_$10 O00K_$10 C00T_$10
 C018 - no bonds found
 C019 - C00V
 C01A - no bonds found
 C01B - no bonds found
 C01C - C00P C00Q
 C01D - no bonds found
 C01E - Zr01_$2 O005_$2 C01E_$15


 Operators for generating equivalent atoms:
 $1   -x+1, -y+1, -z+1
 $2   x-y+1, x, z
 $3   -x+1, -y+1, z
 $4   x, y, -z+1
 $5   -y+1, -x+1, z
 $6   -y+1, -x+1, -z+1
 $7   y, x, -z+1
 $8   x, x-y+1, z
 $9   x, y, -z+2
 $10  x, y, -z
 $11  -x+y+1, y, z
 $12  -x+2, -y+2, -z
 $13  y, -x+y+1, z
 $14  x-y, -y+1, -z+1
 $15  x, x-y, z

   179481  Reflections outside SHEL resolution limits rejected


   337815  Reflections read, of which  179481  rejected

 -39 =< h =< 39,    -39 =< k =< 39,    -16 =< l =< 16,   Max. 2-theta =   40.28

        0  Systematic absence violations (I>3sig(I)) before merging

        0  Inconsistent equivalents

     4395  Unique reflections, of which       0  suppressed

 R(int) = 0.5659     R(sigma) = 0.1066      Friedel opposites merged

 Maximum memory for data reduction =     6205 /    48177


 Reflection statistics for all twin components combined (TWST 0 set)
 Number of data for d > 1.000A (CIF: max) and d > 1.000A (CIF: full)
 (ignoring systematic absences):
 Unique reflections found (point group)       4395    4395
 Unique reflections possible (point group)    4401    4401
 Unique reflections found (Laue group)        4395    4395
 Unique reflections possible (Laue group)     4401    4401

 Special position constraints for Zr01
 z =  0.5000   y = -1.0 * x + 1.0000   U22 = 1.0 * U11   U23 = 0   U13 = 0   
 sof = 0.25000   
 Input constraints retained (at least in part) for  sof

 Special position constraints for Zr02
 y =  1.0 * x + 0.0000   U22 = 1.0 * U11   U13 = 1.0 * U23   sof = 0.50000   
 Input constraints retained (at least in part) for  sof

 Special position constraints for O005
 z =  0.5000   U23 = 0   U13 = 0   sof = 0.50000   
 Input constraints retained (at least in part) for  sof

 Special position constraints for O006
 y =  1.0 * x + 0.0000   U22 = 1.0 * U11   U13 = 1.0 * U23   sof = 0.50000   
 Input constraints retained (at least in part) for  sof

 Special position constraints for O007
 y =  1.0 * x + 0.0000   U22 = 1.0 * U11   U13 = 1.0 * U23   sof = 0.50000   
 Input constraints retained (at least in part) for  sof

 Special position constraints for O008
 y = -1.0 * x + 1.0000   U22 = 1.0 * U11   U13 =-1.0 * U23   sof = 0.50000   
 Input constraints retained (at least in part) for  sof

 Special position constraints for O00F
 y =  0.5 * x + 0.5000   U13 = 2.0 * U23   U12 = 0.5 * U11   sof = 0.50000   
 Input constraints retained (at least in part) for  sof

 Special position constraints for C00I
 y =  0.5 * x + 0.5000   U13 = 2.0 * U23   U12 = 0.5 * U11   sof = 0.50000   
 Input constraints retained (at least in part) for  sof

 Special position constraints for O00K
 y = -1.0 * x + 1.0000   sof = 0.50000   
 Input constraints retained (at least in part) for  sof

 Special position constraints for C00M
 z =  0.5000   sof = 0.50000   
 Input constraints retained (at least in part) for  sof

 Special position constraints for C00N
 y = -1.0 * x + 1.0000   sof = 0.50000   
 Input constraints retained (at least in part) for  sof

 Special position constraints for C00P
 z =  0.5000   y =  0.5 * x + 0.0000   sof = 0.25000   
 Input constraints retained (at least in part) for  sof

 Special position constraints for C00Q
 z =  0.5000   y =  0.5 * x + 0.0000   sof = 0.25000   
 Input constraints retained (at least in part) for  sof

 Special position constraints for C00R
 z =  0.0000   sof = 0.50000   
 Input constraints retained (at least in part) for  sof

 Special position constraints for C00S
 z =  0.5000   sof = 0.50000   
 Input constraints retained (at least in part) for  sof

 Special position constraints for C00T
 y = -1.0 * x + 1.0000   sof = 0.50000   
 Input constraints retained (at least in part) for  sof

 Special position constraints for C00U
 z =  0.5000   sof = 0.50000   
 Input constraints retained (at least in part) for  sof

 Special position constraints for C00V
 z =  0.5000   y =  2.0 * x - 1.0000   sof = 0.25000   
 Input constraints retained (at least in part) for  sof

 Special position constraints for C00W
 x =  1.0000   y =  1.0000   sof = 0.08333   
 Input constraints retained (at least in part) for  sof

 Special position constraints for C00X
 z =  0.5000   sof = 0.50000   
 Input constraints retained (at least in part) for  sof

 Special position constraints for C010
 z =  0.5000   y =  2.0 * x - 1.0000   sof = 0.25000   
 Input constraints retained (at least in part) for  sof

 Special position constraints for C011
 z =  0.5000   y =  2.0 * x - 1.0000   sof = 0.25000   
 Input constraints retained (at least in part) for  sof

 Special position constraints for O012
 y =  1.0 * x + 0.0000   sof = 0.50000   
 Input constraints retained (at least in part) for  sof

 Special position constraints for C013
 y = -1.0 * x + 1.0000   sof = 0.50000   
 Input constraints retained (at least in part) for  sof

 Special position constraints for C014
 y =  2.0 * x - 1.0000   sof = 0.50000   
 Input constraints retained (at least in part) for  sof

 Special position constraints for O015
 x =  0.6667   y =  0.3333   sof = 0.16667   
 Input constraints retained (at least in part) for  sof

 Special position constraints for C016
 x =  1.0000   y =  1.0000   sof = 0.08333   
 Input constraints retained (at least in part) for  sof

 Special position constraints for C017
 y = -1.0 * x + 1.0000   sof = 0.50000   
 Input constraints retained (at least in part) for  sof

 Special position constraints for C018
 x =  1.0000   y =  1.0000   sof = 0.08333   
 Input constraints retained (at least in part) for  sof

 Special position constraints for C019
 z =  0.5000   sof = 0.50000   
 Input constraints retained (at least in part) for  sof

 Special position constraints for C01A
 z =  0.0000   y = -1.0 * x + 1.0000   sof = 0.25000   
 Input constraints retained (at least in part) for  sof

 Special position constraints for C01B
 y =  2.0 * x - 1.0000   sof = 0.50000   
 Input constraints retained (at least in part) for  sof

 Special position constraints for C01C
 y =  0.5 * x + 0.0000   sof = 0.50000   
 Input constraints retained (at least in part) for  sof

 Special position constraints for C01E
 z =  0.5000   sof = 0.50000   
 Input constraints retained (at least in part) for  sof


 Least-squares cycle   1   Maximum vector length =  623   Memory required =     76 /   6854 /   347799

 wR2 =  0.3698 before cycle   1 for    4395 data and    235 /    235 parameters

 GooF = S =     1.772;     Restrained GooF =      1.772 for       0 restraints

 Weight = 1 / [ sigma^2(Fo^2) + ( 0.1000 * P )^2 +   0.00 * P ]   where  P = ( Max ( Fo^2, 0 ) + 2 * Fc^2 ) / 3

 Shifts scaled down to reduce maximum shift/esd from   18.21  to   15.00


     N      value        esd    shift/esd  parameter

     1     0.05184     0.00034     1.114    OSF
   182     0.17575     0.00780    11.250    U11 C00V
   197     1.15968     0.11688     5.246    U11 C010
   219     0.44888     0.00467     4.270     y  C019

 Mean shift/esd =   0.430  Maximum =    11.250 for  U11 C00V     

 Max. shift = 2.250 A for C016        Max. dU =-1.135 for C013     


 Least-squares cycle   2   Maximum vector length =  623   Memory required =     76 /   6854 /   347799

 wR2 =  0.3474 before cycle   2 for    4395 data and    235 /    235 parameters

 GooF = S =     1.649;     Restrained GooF =      1.649 for       0 restraints

 Weight = 1 / [ sigma^2(Fo^2) + ( 0.1000 * P )^2 +   0.00 * P ]   where  P = ( Max ( Fo^2, 0 ) + 2 * Fc^2 ) / 3


     N      value        esd    shift/esd  parameter

     1     0.05246     0.00032     1.920    OSF
   182     0.34091     0.01408    11.730    U11 C00V
   218     0.73395     0.00467    -3.034     x  C019

 Mean shift/esd =   0.407  Maximum =    11.730 for  U11 C00V     

 Max. shift = 5.538 A for C016        Max. dU =-0.369 for C01A     


 Least-squares cycle   3   Maximum vector length =  623   Memory required =     76 /   6854 /   347799

 wR2 =  0.3372 before cycle   3 for    4395 data and    235 /    235 parameters

 GooF = S =     1.597;     Restrained GooF =      1.597 for       0 restraints

 Weight = 1 / [ sigma^2(Fo^2) + ( 0.1000 * P )^2 +   0.00 * P ]   where  P = ( Max ( Fo^2, 0 ) + 2 * Fc^2 ) / 3


     N      value        esd    shift/esd  parameter

     1     0.05275     0.00031     0.920    OSF
   159     0.73692     0.00118    -3.804     x  C00M
   182     0.54578     0.03325     6.161    U11 C00V
   205     2.00000     0.30771     3.535    U11 C013
   211    -0.32533     0.05078    -5.075     z  C016
   212     2.00000     0.92649     3.066    U11 C016

 Mean shift/esd =   0.426  Maximum =     6.161 for  U11 C00V     

 Max. shift = 4.478 A for C019        Max. dU =-1.231 for C017     


 Least-squares cycle   4   Maximum vector length =  623   Memory required =     76 /   6854 /   347799

 wR2 =  0.3665 before cycle   4 for    4395 data and    235 /    235 parameters

 GooF = S =     1.750;     Restrained GooF =      1.750 for       0 restraints

 Weight = 1 / [ sigma^2(Fo^2) + ( 0.1000 * P )^2 +   0.00 * P ]   where  P = ( Max ( Fo^2, 0 ) + 2 * Fc^2 ) / 3


     N      value        esd    shift/esd  parameter

     1     0.05295     0.00035     0.561    OSF
   181     0.71959     0.00169     5.562     x  C00V
   196     0.72639     0.00595    -6.344     x  C010
   203     0.56269     0.00810     3.820     x  C013
   205     2.00000     0.71427     3.000    U11 C013
   211    -0.02150     0.08399     3.617     z  C016
   213     0.52440     0.00184    -4.004     x  C017
   220     1.18452     0.09760     3.734    U11 C019

 Mean shift/esd =   0.514  Maximum =    -6.344 for   x  C010     

 Max. shift = 5.047 A for C016        Max. dU =-1.924 for C018     


 Least-squares cycle   5   Maximum vector length =  623   Memory required =     76 /   6854 /   347799

 wR2 =  0.3863 before cycle   5 for    4395 data and    235 /    235 parameters

 GooF = S =     1.865;     Restrained GooF =      1.865 for       0 restraints

 Weight = 1 / [ sigma^2(Fo^2) + ( 0.1000 * P )^2 +   0.00 * P ]   where  P = ( Max ( Fo^2, 0 ) + 2 * Fc^2 ) / 3

 Shifts scaled down to reduce maximum shift/esd from   18.60  to   15.00


     N      value        esd    shift/esd  parameter

     1     0.05284     0.00037    -0.307    OSF
   182     0.75109     0.08090     3.219    U11 C00V
   197    -0.40000     0.43758    -6.125    U11 C010
   217     0.04503     0.00614     7.500    U11 C018
   220     1.83175     0.18081     3.580    U11 C019

 Mean shift/esd =   0.437  Maximum =     7.500 for  U11 C018     

 Max. shift = 4.377 A for C016        Max. dU =-1.665 for C010     


 Least-squares cycle   6   Maximum vector length =  623   Memory required =     76 /   6854 /   347799

 wR2 =  0.4232 before cycle   6 for    4395 data and    235 /    235 parameters

 GooF = S =     2.123;     Restrained GooF =      2.123 for       0 restraints

 Weight = 1 / [ sigma^2(Fo^2) + ( 0.1000 * P )^2 +   0.00 * P ]   where  P = ( Max ( Fo^2, 0 ) + 2 * Fc^2 ) / 3

 Shifts scaled down to reduce maximum shift/esd from   27.40  to   15.00


     N      value        esd    shift/esd  parameter

     1     0.05155     0.00040    -3.240    OSF
   181     0.71807     0.00296     1.313     x  C00V
   182     0.56457     0.12401    -1.504    U11 C00V
   197     0.02512     0.00348     7.500    U11 C010
   211    -0.21692     0.06187     1.101     z  C016
   217     0.11528     0.01130     6.218    U11 C018
   219     0.47412     0.01367     1.124     y  C019
   220     2.00000     0.41440     1.899    U11 C019
   226     0.77082     0.01295     1.640     x  C01C
   227     0.48568     0.03648    -1.564     z  C01C

 Mean shift/esd =   0.316  Maximum =     7.500 for  U11 C010     

 Max. shift = 1.261 A for C01C        Max. dU =-0.306 for C016     


 Largest correlation matrix elements

     0.925 U12 O006 / U11 O006               0.716 U12 O00D / U11 O00D               0.684 U12 O00B / U11 O00B
     0.872 U12 Zr02 / U11 Zr02               0.713 U12 C00E / U11 C00E               0.679 z C017 / z C013
     0.868 U12 Zr01 / U11 Zr01               0.699 U12 O00B / U22 O00B               0.677 U12 C00A / U22 C00A
     0.829 U12 O008 / U11 O008               0.695 U12 O005 / U22 O005               0.675 U12 O00J / U11 O00J
     0.816 U12 O007 / U11 O007               0.692 U12 O00L / U11 O00L               0.674 U12 O00D / U22 O00D
    -0.759 z C01B / U11 C014                 0.690 U12 O003 / U22 O003               0.669 U12 C00A / U11 C00A
     0.739 U12 O005 / U11 O005               0.689 U12 O00L / U22 O00L               0.667 U12 O003 / U11 O003
     0.718 U12 O00J / U22 O00J               0.688 U12 C00E / U22 C00E               0.665 U12 C00C / U11 C00C



  CrystalPilot cross-check in P 6/m m m                                      

 ATOM           x        y        z         sof        U11      U22      U33      U23      U13      U12       Ueq

 Zr01        0.46386  0.53614  0.50000    0.25000    0.08536  0.08536  0.06849  0.00000  0.00000  0.05353   0.07491
   0.00000   0.00005  0.00005  0.00000    0.00000    0.00233  0.00233  0.00258  0.00000  0.00000  0.00260   0.00136

 Zr02        0.54477  0.54477  0.39369    0.50000    0.09423  0.09423  0.08461  0.01342  0.01342  0.06023   0.08519
   0.00675   0.00008  0.00008  0.00017    0.00000    0.00183  0.00183  0.00215  0.00155  0.00155  0.00196   0.00119

 O003        0.48169  0.58666  0.58164    1.00000    0.10899  0.11232  0.09390  0.00504  0.00431  0.07781   0.09507
   0.02866   0.00034  0.00032  0.00068    0.00000    0.00856  0.00869  0.00770  0.00692  0.00680  0.00742   0.00329

 O004        0.53428  0.59306  0.64959    1.00000    0.11268  0.11964  0.12529 -0.03926 -0.03120  0.06961   0.11408
   0.02304   0.00034  0.00032  0.00069    0.00000    0.00945  0.00928  0.00949  0.00734  0.00752  0.00808   0.00393

 O005        0.52696  0.56295  0.50000    0.50000    0.13633  0.21740  0.10883  0.00000  0.00000  0.12277   0.13893
   0.03962   0.00052  0.00061  0.00000    0.00000    0.01482  0.01987  0.01226  0.00000  0.00000  0.01484   0.00679

 O006        0.53839  0.53839  0.26176    0.50000    0.20257  0.20257  0.08986  0.02498  0.02498  0.15558   0.14087
   0.04364   0.00050  0.00050  0.00091    0.00000    0.01365  0.01365  0.01123  0.01067  0.01067  0.01505   0.00631

 O007        0.60080  0.60080  0.41382    0.50000    0.09631  0.09631  0.27352  0.00788  0.00788  0.04788   0.15550
   0.03886   0.00039  0.00039  0.00132    0.00000    0.00846  0.00846  0.02158  0.01140  0.01140  0.01009   0.00731

 O008        0.51743  0.48257  0.39292    0.50000    0.11474  0.11474  0.15451  0.02494 -0.02494  0.06023   0.12673
   0.01707   0.00023  0.00023  0.00103    0.00000    0.00916  0.00916  0.01500  0.00557  0.00557  0.01041   0.00588

 C009        0.50869  0.60235  0.63489    1.00000    0.10372  0.12065  0.09971  0.00550 -0.01445  0.07173   0.10108
   0.04846   0.00060  0.00057  0.00116    0.00000    0.01537  0.01646  0.01450  0.01259  0.01245  0.01361   0.00570

 C00A        0.50591  0.69020  0.78042    1.00000    0.24238  0.11057  0.08660  0.00580 -0.00095  0.12186   0.13157
   0.05479   0.00079  0.00056  0.00109    0.00000    0.02598  0.01603  0.01355  0.01199  0.01566  0.01801   0.00741

 O00B        0.47766  0.64152  0.67356    1.00000    0.17361  0.11624  0.11307 -0.02482 -0.00809  0.10533   0.11970
   0.04199   0.00059  0.00054  0.00106    0.00000    0.01882  0.01485  0.01407  0.01184  0.01295  0.01501   0.00634

 C00C        0.50750  0.63276  0.68704    1.00000    0.14841  0.09379  0.11554 -0.02962 -0.02160  0.08531   0.10824
   0.04562   0.00063  0.00052  0.00115    0.00000    0.01813  0.01383  0.01469  0.01191  0.01364  0.01421   0.00580

 O00D        0.47518  0.66920  0.72234    1.00000    0.21387  0.12839  0.10832 -0.02893 -0.03655  0.11403   0.13754
   0.05136   0.00066  0.00061  0.00126    0.00000    0.02338  0.01668  0.01547  0.01343  0.01542  0.01734   0.00751

 C00E        0.50524  0.72155  0.83247    1.00000    0.22957  0.10074  0.10907 -0.02702 -0.01501  0.11401   0.13249
   0.04375   0.00064  0.00051  0.00118    0.00000    0.02285  0.01461  0.01485  0.01268  0.01485  0.01573   0.00706

 O00F        0.50502  0.75251  0.78708    0.50000    0.22035  0.09624  0.13905 -0.01474 -0.02948  0.11018   0.13809
   0.05464   0.00086  0.00043  0.00159    0.00000    0.03092  0.01238  0.02377  0.01069  0.02138  0.01546   0.01047

 O00G        0.53827  0.65204  0.74136    1.00000    0.18187  0.10644  0.10296 -0.04809 -0.03830  0.07984   0.12697
   0.04594   0.00063  0.00056  0.00114    0.00000    0.01906  0.01490  0.01360  0.01179  0.01385  0.01470   0.00667

 C00H        0.50525  0.72068  0.91513    1.00000    0.24944  0.12810  0.05439 -0.01870  0.00310  0.10805   0.13791
   0.04361   0.00065  0.00055  0.00101    0.00000    0.02395  0.01674  0.01183  0.01129  0.01316  0.01673   0.00756

 C00I        0.50495  0.75248  0.95741    0.50000    0.25359  0.12710  0.07083 -0.00510 -0.01020  0.12680   0.13645
   0.05438   0.00087  0.00043  0.00125    0.00000    0.03215  0.01288  0.01585  0.00846  0.01693  0.01608   0.01007

 O00J        0.53769  0.68156  0.79167    1.00000    0.24753  0.13948  0.12525 -0.00067 -0.02320  0.13847   0.15221
   0.04990   0.00072  0.00062  0.00118    0.00000    0.02506  0.01813  0.01652  0.01421  0.01652  0.01919   0.00796

 O00K        0.57008  0.42992  0.13536    0.50000    0.30240
   0.03731   0.00060  0.00060  0.00225    0.00000    0.01497

 O00L        0.50523  0.68731  0.95875    1.00000    0.28612  0.14357  0.08831  0.02846  0.01701  0.13762   0.15925
   0.04667   0.00069  0.00056  0.00089    0.00000    0.02521  0.01648  0.01247  0.01090  0.01354  0.01791   0.00830

 C00M        0.73870  0.53426  0.50000    0.50000    0.26875
   0.09233   0.00128  0.00143  0.00000    0.00000    0.02126

 C00N        0.59388  0.40612  0.09527    0.50000    0.20849
   0.03600   0.00059  0.00059  0.00217    0.00000    0.01460

 C00P        0.75689  0.37844  0.50000    0.25000    0.80243
   0.56942   0.00969  0.00484  0.00000    0.00000    0.15824

 C00Q        0.80154  0.40077  0.50000    0.25000    0.36012
   0.21322   0.00363  0.00181  0.00000    0.00000    0.04612

 C00R        0.59567  0.67331  0.00000    0.50000    0.35781
   0.13333   0.00191  0.00201  0.00000    0.00000    0.03064

 C00S        0.70495  0.56318  0.50000    0.50000    0.42200
   0.14377   0.00239  0.00213  0.00000    0.00000    0.03649

 C00T        0.54022  0.45978  0.21187    0.50000    0.37801
   0.07715   0.00135  0.00135  0.00464    0.00000    0.03320

 C00U        0.66750  0.58634  0.50000    0.50000    0.46507
   0.18766   0.00285  0.00305  0.00000    0.00000    0.04610

 C00V        0.71807  0.43614  0.50000    0.25000    0.56457
   0.34749   0.00296  0.00591  0.00000    0.00000    0.12401

 C00W        1.00000  1.00000  0.02990    0.08333    0.56232
   0.30816   0.00000  0.00000  0.01855    0.00000    0.11888

 C00X        0.66351  0.61970  0.50000    0.50000    1.14362
   0.41667   0.00597  0.00584  0.00000    0.00000    0.20088

 C00Y        0.57907  0.64274  0.05504    1.00000    1.04223
   0.29214   0.00407  0.00365  0.00694    0.00000    0.11712

 C00Z        0.48710  0.40320  0.10221    1.00000    0.73130
   0.25875   0.00330  0.00332  0.00566    0.00000    0.06031

 C010        0.74569  0.49138  0.50000    0.25000    0.02512
   0.02382   0.00020  0.00041  0.00000    0.00000    0.00348

 C011        0.95106  0.90212  0.50000    0.25000    1.06031
   0.51442   0.00438  0.00875  0.00000    0.00000    0.20512

 O012        0.64227  0.64227  0.23483    0.50000    0.68787
   0.16463   0.00188  0.00188  0.00432    0.00000    0.04804

 C013        0.55307  0.44693  0.14263    0.50000    1.33631
   0.46921   0.00580  0.00580  0.02825    0.00000    0.35375

 C014        0.94323  0.88646  0.61260    0.50000    2.00000
   0.96549   0.00766  0.01533  0.01951    0.00000    0.75111

 O015        0.66667  0.33333  0.15970    0.16667    1.00317
   0.18877   0.00000  0.00000  0.01136    0.00000    0.13372

 C016        1.00000  1.00000 -0.21692    0.08333    1.69379
   1.02769   0.00000  0.00000  0.06187    0.00000    1.01481

 C017        0.52736  0.47264 -0.15975    0.50000    0.75373
   0.22974   0.00254  0.00254  0.01383    0.00000    0.13574

 C018        1.00000  1.00000  0.51723    0.08333    0.11528
   0.04003   0.00000  0.00000  0.00241    0.00000    0.01130

 C019        0.59983  0.47412  0.50000    0.50000    2.00000
   0.80313   0.01194  0.01367  0.00000    0.00000    0.41440

 C01A        0.54717  0.45283  0.00000    0.25000    1.02200
   0.00000   0.00511  0.00511  0.00000    0.00000    0.25645

 C01B        0.92910  0.85819  0.70333    0.50000    1.18979
   0.51217   0.00388  0.00776  0.01675    0.00000    0.21486

 C01C        0.77082  0.38541  0.48568    0.50000    2.00000
   0.74579   0.01295  0.00647  0.03648    0.00000    0.56238

 C01D        0.75075  0.57480  0.59509    1.00000    0.68154
   0.17246   0.00211  0.00219  0.00403    0.00000    0.04999

 C01E        0.95753  0.50556  0.50000    0.50000    1.42752
   0.45617   0.00678  0.00655  0.00000    0.00000    0.24835



 Final Structure Factor Calculation for  CrystalPilot cross-check in P 6/m m m                                      

 Total number of l.s. parameters =   235  Maximum vector length =  623   Memory required =     76 /   6619 /    26789

 wR2 =  0.3895 before cycle   7 for    4395 data and      0 /    235 parameters

 GooF = S =     1.882;     Restrained GooF =      1.882 for       0 restraints

 Weight = 1 / [ sigma^2(Fo^2) + ( 0.1000 * P )^2 +   0.00 * P ]   where  P = ( Max ( Fo^2, 0 ) + 2 * Fc^2 ) / 3

 wR2 = 0.3895, GooF = S = 1.882, Restrained GooF = 1.882 for all data
 R1 = 0.1543 for 2063 Fo > 4sig(Fo) and 0.2465 for all 4395 data

 Occupancy sum of asymmetric unit =    28.67 for non-hydrogen and     0.00 for H and D atoms



 Principal mean square atomic displacements U

   0.0926   0.0685   0.0637   Zr01  
   0.1118   0.0758   0.0680   Zr02  
   0.1266   0.0930   0.0656   O003  
   0.1663   0.0929   0.0830   O004  
   0.2195   0.1088   0.0885   O005  
   0.2442   0.0940   0.0845   O006    may be split into  0.5440  0.5412  0.2639  and  0.5328  0.5356  0.2596
   0.2740   0.0969   0.0957   O007    may be split into  0.6011  0.6010  0.4265  and  0.6005  0.6006  0.4012
   0.1866   0.1166   0.0769   O008  
   0.1248   0.1123   0.0661   C009  
   0.2424   0.0889   0.0635   C00A    may be split into  0.5109  0.6902  0.7804  and  0.5009  0.6902  0.7805
   0.1805   0.1196   0.0590   O00B  
   0.1636   0.1082   0.0529   C00C  
   0.2263   0.1031   0.0832   O00D  
   0.2314   0.1161   0.0500   C00E  
   0.2299   0.1295   0.0549   O00F  
   0.1974   0.1278   0.0557   O00G  
   0.2522   0.1157   0.0458   C00H  
   0.2542   0.0849   0.0703   C00I    may be split into  0.5102  0.7525  0.9567  and  0.4997  0.7525  0.9581
   0.2530   0.1264   0.0772   O00J  
   0.2877   0.1199   0.0702   O00L  

 ** Warning:     4  atoms may be split and     0  atoms NPD **



 Analysis of variance for reflections employed in refinement      K = Mean[Fo^2] / Mean[Fc^2]  for group


 Fc/Fc(max)       0.000    0.006    0.010    0.014    0.020    0.026    0.033    0.043    0.060    0.099    1.000

 Number in group       497.     445.     385.     502.     444.     414.     392.     437.     439.     440.

            GooF      0.918    1.027    1.212    1.140    1.279    1.471    1.740    2.545    3.068    2.812

             K        2.767    0.844    1.285    1.106    1.072    1.042    1.020    1.048    1.151    1.054


 Resolution(A)    1.00     1.04     1.08     1.13     1.20     1.28     1.38     1.52     1.77     2.26     inf

 Number in group       445.     444.     438.     443.     436.     431.     437.     444.     437.     440.

            GooF      1.068    1.037    1.132    1.161    1.222    1.290    1.471    1.629    2.350    4.075

             K        1.247    1.106    1.081    1.059    0.984    0.888    0.982    1.015    1.092    1.082

             R1       0.447    0.369    0.323    0.296    0.338    0.307    0.169    0.134    0.144    0.194


 Recommended weighting scheme:  WGHT    0.2000    0.0000
 [Weight parameters refined to    0.3206       27.63  but appear excessive]


 Most Disagreeable Reflections (* if suppressed or used for Rfree).
 Error/esd is calculated as sqrt(wD^2/<wD^2>) where w is given by the weight
 formula, D = Fo^2-Fc^2 and <> refers to the average over all reflections.

     h   k   l          Fo^2          Fc^2    Error/esd  Fc/Fc(max)  Resolution(A)

    -2   4   0     150041.95       2326.22       8.59       0.064       9.80
    -4  12   2      12526.64       2475.41       8.06       0.067       2.99
    -3  10   0      11980.09       1706.88       7.82       0.055       3.82
    -2   7   2       8483.12       1696.69       7.81       0.055       4.55
    -1   4   0      53944.26      10674.60       7.48       0.138       9.41
    -1   4   2      13874.19       3554.25       7.05       0.080       6.23
    -4  12   1      15754.73       4311.26       6.81       0.088       3.15
    -3   9   3       7895.85       2032.83       6.70       0.060       3.38
     0   3   0      95090.73     439946.62       5.73       0.887      11.31
    -1   5   1       3529.95       1111.05       5.59       0.045       6.76
    -1   6   1       1039.54       4760.23       5.54       0.092       5.72
     0   7   2      28530.25       9934.05       5.27       0.133       4.19
    -5  15   1       4552.57       1481.29       5.11       0.051       2.54
    -4  16   0       9690.11       3095.24       5.09       0.074       2.35
     0   8   5       6865.08       2278.70       4.96       0.064       2.62
    -3  13   1       3839.22       1312.26       4.88       0.048       2.84
    -2  10   0      69148.03      27031.58       4.85       0.220       3.70
     0   3   3        228.15       1882.27       4.72       0.058       4.97
     0   9   4       5190.24       1632.49       4.64       0.054       2.79
    -4   8   6       4257.85       1219.12       4.56       0.047       2.41
     0   4   1      32992.04      13493.43       4.56       0.155       7.56
    -3   6   1      10504.23       4305.06       4.45       0.088       6.08
     0  12   3       7599.22       2901.67       4.35       0.072       2.52
    -3  10   1       2782.02        921.62       4.29       0.041       3.72
    -6  13   1        506.99       2190.50       4.27       0.063       2.96
     0  16   2       6420.17       2033.17       4.26       0.060       2.06
     0   6   1      12020.74       5206.27       4.18       0.096       5.35
    -2  10   1       6983.73       3150.64       4.15       0.075       3.61
    -4   8   0       1290.70       4417.03       4.14       0.089       4.90
    -2   9   0     153204.16      69929.16       4.11       0.353       4.15
    -2   9   4       4016.60       1699.42       4.10       0.055       2.93
    -4  16   3        492.67       2097.56       3.98       0.061       2.17
    -5  12   0       1620.55         24.64       3.93       0.007       3.25
     0   9   2      10533.82       4841.70       3.89       0.093       3.43
    -4   9   2       4048.24       1848.04       3.87       0.057       3.85
    -9  18   2       4397.96       1572.44       3.86       0.053       2.11
     0   8   4      20531.05       9769.49       3.79       0.132       2.97
    -6  17   0       3174.59       7887.55       3.74       0.119       2.27
     0   4   8       4426.75      10544.10       3.70       0.137       2.02
     0   5   3      11353.02       5470.67       3.68       0.099       4.29
    -1   7   0       1017.47       2851.92       3.65       0.071       5.18
    -2   5   1      12482.61      27794.88       3.65       0.223       7.05
    -3   9   2       3293.93       1509.92       3.58       0.052       3.80
    -4  16   2       1324.08        185.13       3.57       0.018       2.26
    -1   9   0       1790.92         56.96       3.50       0.010       3.97
    -2   7   0      36819.11      18914.46       3.49       0.184       5.43
     0   1   2      12350.06       6345.42       3.46       0.106       8.07
     0  12   1      17385.59       8860.96       3.45       0.126       2.79
     0   8   2      23525.46      12057.80       3.45       0.147       3.78
    -4   9   0       2714.27        992.96       3.43       0.042       4.35



 Bond lengths and angles

 Zr01 -          Distance        Angles
 C01E_$13  1.4583 (0.2255) 
 C01E_$14  1.4589 (0.2253)   92.10 (9.99)
 O005_$5   2.1505 (0.0175)  101.07 (8.59)   8.96 (9.05)
 O005      2.1499 (0.0175)    8.97 (9.07) 101.08 (8.58) 110.04 (1.09)
 O008_$3   2.1868 (0.0148)   66.20 (3.99)  66.17 (3.97)  70.50 (0.38)  70.54 (0.38)
 O008_$1   2.1868 (0.0148)   66.20 (3.99)  66.17 (3.97)  70.50 (0.38)  70.54 (0.38) 108.85 (0.94)
 O003_$4   2.2047 (0.0117)   84.95 (6.90) 141.84 (0.93) 141.80 (0.27)  77.93 (0.51)  78.03 (0.47) 142.48 (0.27)
 O003_$6   2.2052 (0.0117)  141.84 (0.94)  84.92 (6.90)  77.90 (0.51) 141.82 (0.27)  78.00 (0.47) 142.41 (0.27)  74.80 (0.54)
 O003_$5   2.2052 (0.0117)  141.84 (0.94)  84.92 (6.89)  77.90 (0.51) 141.82 (0.27) 142.41 (0.27)  78.00 (0.47) 119.62 (0.61)
 O003      2.2048 (0.0117)   84.95 (6.90) 141.84 (0.93) 141.80 (0.27)  77.93 (0.51) 142.48 (0.27)  78.03 (0.47)  75.91 (0.53)
 Zr02_$4   3.4955 (0.0032)   31.94 (2.66)  82.77 (7.58)  90.50 (0.48)  35.54 (0.27)  90.15 (0.41)  35.00 (0.24) 111.04 (0.28)
 Zr02_$3   3.4953 (0.0032)   82.77 (7.59)  31.94 (2.65)  35.53 (0.27)  90.51 (0.48)  34.97 (0.23)  90.13 (0.41) 110.32 (0.28)
                 Zr01            C01E_$13      C01E_$14      O005_$5       O005          O008_$3       O008_$1       O003_$4      

 Zr02 -          Distance        Angles
 O008_$3   2.1160 (0.0090) 
 O008      2.1148 (0.0090)   67.92 (0.70)
 O005      2.1472 (0.0102)   71.94 (0.64) 109.01 (0.76)
 O005_$7   2.1467 (0.0102)  108.99 (0.76)  71.95 (0.64)  69.34 (0.77)
 O006      2.2056 (0.0157)   84.25 (0.64)  84.31 (0.64) 144.78 (0.38) 144.91 (0.38)
 O007      2.2210 (0.0162)  145.16 (0.35) 145.18 (0.35)  82.69 (0.71)  82.70 (0.71) 105.14 (0.78)
 O004_$7   2.2458 (0.0114)  140.15 (0.47)  77.02 (0.49) 140.13 (0.52)  75.95 (0.52)  73.74 (0.37)  73.88 (0.37)
 O004_$4   2.2465 (0.0114)   77.02 (0.49) 140.15 (0.48)  75.92 (0.52) 140.11 (0.51)  73.64 (0.37)  73.86 (0.37) 125.28 (0.60)
 Zr01_$1   3.4952 (0.0032)   88.78 (0.43)  36.34 (0.40)  89.18 (0.47)  35.61 (0.46) 116.48 (0.32) 114.86 (0.36)  72.78 (0.30)
 Zr01      3.4955 (0.0032)   36.35 (0.40)  88.81 (0.44)  35.59 (0.46)  89.17 (0.47) 116.40 (0.32) 114.83 (0.36) 161.96 (0.31)
 Zr02_$3   3.5089 (0.0060)   33.95 (0.35)  33.98 (0.35)  90.19 (0.53)  90.20 (0.53)  83.52 (0.52) 171.34 (0.57) 109.27 (0.30)
 Zr02_$4   3.5315 (0.0055)   90.35 (0.47)  90.35 (0.47)  34.68 (0.39)  34.66 (0.39) 173.52 (0.53)  81.34 (0.57) 108.67 (0.32)
                 Zr02            O008_$3       O008          O005          O005_$7       O006          O007          O004_$7      

 O003 -          Distance        Angles
 C009      1.2766 (0.0181) 
 Zr01      2.2048 (0.0117)  132.27 (1.14)
                 O003            C009         

 O004 -          Distance        Angles
 C009      1.2501 (0.0177) 
 Zr02_$4   2.2466 (0.0114)  133.97 (1.23)
                 O004            C009         

 O005 -          Distance        Angles
 C01E_$13  0.7450 (0.2262) 
 Zr01      2.1499 (0.0175)   17.78 (9.99)
 Zr02_$4   2.1471 (0.0102)   99.50 (9.99) 108.87 (0.61)
 Zr02      2.1472 (0.0102)   99.50 (9.99) 108.87 (0.61) 110.64 (0.77)
                 O005            C01E_$13      Zr01          Zr02_$4      

 O006 -          Distance        Angles
 Zr02      2.2056 (0.0157) 
                 O006           

 O007 -          Distance        Angles
 Zr02      2.2210 (0.0161) 
                 O007           

 O008 -          Distance        Angles
 Zr02      2.1148 (0.0090) 
 Zr02_$3   2.1162 (0.0090)  112.07 (0.71)
 Zr01_$1   2.1867 (0.0148)  108.68 (0.53) 108.64 (0.53)
                 O008            Zr02          Zr02_$3      

 C009 -          Distance        Angles
 O004      1.2501 (0.0177) 
 O003      1.2766 (0.0179)  125.99 (1.88)
 C00C      1.4929 (0.0225)  117.97 (1.88) 115.92 (1.76)
                 C009            O004          O003         

 C00A -          Distance        Angles
 O00D      1.4377 (0.0240) 
 O00J      1.4568 (0.0250)  121.44 (1.76)
 C00E      1.5133 (0.0216)  119.91 (2.11) 118.64 (2.12)
                 C00A            O00D          O00J         

 O00B -          Distance        Angles
 C00C      1.3919 (0.0206) 
 O00D      1.3955 (0.0214)  119.46 (1.80)
                 O00B            C00C         

 C00C -          Distance        Angles
 O00B      1.3919 (0.0206) 
 O00G      1.3885 (0.0212)  125.36 (1.71)
 C009      1.4929 (0.0225)  117.98 (1.85) 116.49 (1.87)
                 C00C            O00B          O00G         

 O00D -          Distance        Angles
 O00B      1.3955 (0.0213) 
 C00A      1.4377 (0.0241)  118.08 (1.86)
                 O00D            O00B         

 C00E -          Distance        Angles
 C00H      1.3734 (0.0206) 
 O00F      1.4308 (0.0202)  123.23 (1.79)
 C00A      1.5133 (0.0215)  123.41 (1.60) 113.35 (1.64)
                 C00E            C00H          O00F         

 O00F -          Distance        Angles
 C00E      1.4308 (0.0201) 
 C00E_$8   1.4335 (0.0202)  116.47 (2.31)
                 O00F            C00E         

 O00G -          Distance        Angles
 C00C      1.3885 (0.0211) 
 O00J      1.4366 (0.0225)  117.18 (1.86)
                 O00G            C00C         

 C00H -          Distance        Angles
 C00E      1.3734 (0.0206) 
 C00I      1.4288 (0.0176)  118.01 (1.83)
 O00L      1.4946 (0.0206)  120.43 (1.53) 121.57 (1.52)
                 C00H            C00E          C00I         

 C00I -          Distance        Angles
 C00I_$9   1.4150 (0.0417) 
 C00H_$8   1.4417 (0.0176)  119.15 (1.06)
 C00H      1.4288 (0.0176)  119.43 (1.07) 121.41 (2.13)
                 C00I            C00I_$9       C00H_$8      

 O00J -          Distance        Angles
 O00G      1.4366 (0.0225) 
 C00A      1.4568 (0.0250)  118.19 (1.92)
                 O00J            O00G         

 O00K -          Distance        Angles
 C017_$10  3.0077 (0.1790) 
 C013      1.3545 (0.3852)    4.58 (9.99)
 C00N      1.7407 (0.0437)  165.22 (4.77) 162.01 (9.99)
                 O00K            C017_$10      C013         

 O00L -          Distance        Angles
 O00L_$9   1.3703 (0.0297) 
 C00H      1.4946 (0.0206)  118.99 (0.88)
                 O00L            O00L_$9      

 C00M -          Distance        Angles
 C010      1.8288 (0.0476) 
                 C00M           

 C00N -          Distance        Angles
 O00K      1.7407 (0.0436) 
                 C00N           

 C00P -          Distance        Angles
 C00Q      1.5166 (0.2817) 
 C01C_$4   0.7150 (0.5408)   46.50 (9.99)
 C01C      0.7149 (0.5409)   46.49 (9.99)  38.86 (9.99)
                 C00P            C00Q          C01C_$4      

 C00Q -          Distance        Angles
 C00P      1.5166 (0.2827) 
 C01C_$4   1.1483 (0.4018)   26.85 (9.99)
 C01C      1.1482 (0.4019)   26.84 (9.99)  23.91 (9.99)
                 C00Q            C00P          C01C_$4      

 C00R -          Distance        Angles
 C00Y_$10  1.3838 (0.1411) 
 C00Y      1.3840 (0.1412)   82.69 (9.99)
                 C00R            C00Y_$10     

 C00T -          Distance        Angles
 C017_$10  1.2873 (0.1914) 
 C013      1.3424 (0.4377)   78.32 (9.99)
                 C00T            C017_$10     

 C00U -          Distance        Angles
 C00X      1.3925 (0.1854) 
                 C00U           

 C00V -          Distance        Angles
 C019      5.7438 (0.5111) 
 C019_$11  5.4517 (0.5130)  147.78 (9.76)
                 C00V            C019         

 C00W -          Distance        Angles
 C00W_$12  0.9933 (0.6163) 
 C016      4.0997 (1.1278)    0.00 (0.46)
                 C00W            C00W_$12     

 C00X -          Distance        Angles
 C00U      1.3925 (0.1854) 
                 C00X           

 C00Y -          Distance        Angles
 C00R      1.3840 (0.1414) 
                 C00Y           

 C010 -          Distance        Angles
 C00M      1.8288 (0.0476) 
 C00M_$11  1.8312 (0.0481)   75.01 (2.81)
                 C010            C00M         

 C013 -          Distance        Angles
 C017_$10  1.6611 (0.4158) 
 C00T      1.3424 (0.4371)   49.37 (9.99)
 O00K      1.3545 (0.3855)  171.69 (9.99) 125.13 (9.99)
                 C013            C017_$10      C00T         

 C016 -          Distance        Angles
 C00W      4.0997 (1.1278) 
                 C016           

 C017 -          Distance        Angles
 C013_$10  1.6611 (0.4163) 
 O00K_$10  3.0078 (0.1791)    3.73 (9.99)
 C00T_$10  1.2872 (0.1915)   52.32 (9.99)  50.03 (7.14)
                 C017            C013_$10      O00K_$10     

 C019 -          Distance        Angles
 C00V      5.7438 (0.5107) 
                 C019           

 C01C -          Distance        Angles
 C00P      0.7149 (0.5391) 
 C00Q      1.1482 (0.4040)  106.67 (9.99)
                 C01C            C00P         

 C01E -          Distance        Angles
 Zr01_$2   1.4583 (0.2260) 
 O005_$2   0.7448 (0.2253)  153.24 (9.99)
 C01E_$15  2.1003 (0.4376)   43.96 (8.83) 162.80 (9.99)
                 C01E            Zr01_$2       O005_$2      



 Selected torsion angles

    -6.54 ( 2.79)  Zr02_$4 - O004 - C009 - O003
   169.35 ( 1.14)  Zr02_$4 - O004 - C009 - C00C
     5.07 ( 2.62)  Zr01 - O003 - C009 - O004
  -170.89 ( 1.03)  Zr01 - O003 - C009 - C00C
    -6.37 ( 3.16)  O00D - O00B - C00C - O00G
   178.65 ( 1.68)  O00D - O00B - C00C - C009
  -176.48 ( 1.71)  O004 - C009 - C00C - O00B
    -0.17 ( 2.46)  O003 - C009 - C00C - O00B
     8.09 ( 2.52)  O004 - C009 - C00C - O00G
  -175.60 ( 1.60)  O003 - C009 - C00C - O00G
     5.39 ( 2.89)  C00C - O00B - O00D - C00A
    -3.34 ( 2.95)  O00J - C00A - O00D - O00B
   177.74 ( 1.70)  C00E - C00A - O00D - O00B
   122.86 ( 2.36)  O00D - C00A - C00E - C00H
   -56.09 ( 3.13)  O00J - C00A - C00E - C00H
   -57.75 ( 2.92)  O00D - C00A - C00E - O00F
   123.30 ( 2.24)  O00J - C00A - C00E - O00F
     0.68 ( 4.58)  C00H - C00E - O00F - C00E_$8
  -178.71 ( 1.75)  C00A - C00E - O00F - C00E_$8
     4.59 ( 3.06)  O00B - C00C - O00G - O00J
   179.64 ( 1.61)  C009 - C00C - O00G - O00J
     0.11 ( 3.97)  O00F - C00E - C00H - C00I
   179.44 ( 2.30)  C00A - C00E - C00H - C00I
   179.60 ( 2.30)  O00F - C00E - C00H - O00L
    -1.07 ( 3.72)  C00A - C00E - C00H - O00L
   180.00 ( 1.56)  C00E - C00H - C00I - C00I_$9
     0.51 ( 2.93)  O00L - C00H - C00I - C00I_$9
    -0.95 ( 4.60)  C00E - C00H - C00I - C00H_$8
   179.56 ( 1.66)  O00L - C00H - C00I - C00H_$8
    -2.14 ( 2.80)  C00C - O00G - O00J - C00A
     1.72 ( 2.96)  O00D - C00A - O00J - O00G
  -179.35 ( 1.72)  C00E - C00A - O00J - O00G
  -179.98 ( 1.65)  C00E - C00H - O00L - O00L_$9
    -0.51 ( 2.91)  C00I - C00H - O00L - O00L_$9
   -54.59 (99.99)  C01C - C00P - C00Q - C01C_$4
    54.59 (99.99)  C01C_$4 - C00P - C00Q - C01C
  -172.10 ( 7.91)  C017_$10 - C00T - C013 - O00K
    46.18 (99.99)  C017_$10 - O00K - C013 - C00T
  -174.10 (10.96)  C00N - O00K - C013 - C00T
   -70.45 (47.78)  C01C_$4 - C00P - C01C - C00Q
    65.29 (53.01)  C01C_$4 - C00Q - C01C - C00P


 FMAP and GRID set by program

 FMAP   2   1 167
 GRID    -0.610  -1  -1     0.610   1   1

 R1 =  0.2400 for   4395 unique reflections after merging for Fourier


 Electron density synthesis with coefficients Fo-Fc

 Highest peak    0.71  at  1.0000  0.4511  0.3922  [  0.16 A from ZR02 ]
 Deepest hole   -3.05  at  0.7454  0.4908  0.5000  [  0.02 A from C010 ]


 Fourier peaks appended to .res file

              x       y       z       sof     U      Peak   Distances to nearest atoms (including eq.)

 Q1    1   0.6173  0.6173  0.5000   0.25000  0.05    0.70   1.57 O007  1.77 C00X  2.78 C00U  3.09 O005
 Q2    1   1.0000  1.0000  0.6030   0.08333  0.05    0.70   1.43 C018  2.00 C018  2.99 C016  3.74 C011
 Q3    1   0.7308  0.4616  0.5429   0.50000  0.05    0.68   1.12 C00V  1.24 C010  2.80 C00M  3.94 C00P
 Q4    1   0.7472  0.4608  0.5000   0.50000  0.05    0.54   1.07 C00V  1.23 C010  2.53 C00M  3.06 C00M
 Q5    1   0.6101  0.6101  0.1843   0.50000  0.05    0.53   1.52 O012  3.05 C00Y  3.09 O006  3.83 C00Z
 Q6    1   0.6667  0.3333  0.2633   0.16667  0.05    0.52   1.72 O015^a  4.98 C00P  4.98 C00P  5.11 C01C
 Q7    1   1.0000  1.0000 -0.1682   0.08333  0.05    0.51   0.81 C016  2.30 C00W  3.29 C00W  5.22 C018
 Q8    1   0.7689  0.4791  0.5000   0.50000  0.05    0.50   1.22 C010  1.86 C00V  1.87 C00M  2.94 C00M
 Q9    1   0.6479  0.3521  0.0000   0.25000  0.05    0.47   2.94 O015^a  3.99 C00N  5.35 C00I  5.39 C00H
 Q10   1   0.6219  0.3781  0.1079   0.50000  0.05    0.47   1.91 C00N  3.16 O015^a  3.16 O015^a  3.54 O00K
 Q11   1   0.6543  0.6543  0.5000   0.25000  0.05    0.46   1.57 C00X  2.54 O007  2.96 C00U  4.43 O012
 Q12   1   0.5671  0.5671  0.3597   0.50000  0.05    0.43   1.04 ZR02  1.60 O007  1.98 O006  2.01 O004
 Q13   1   0.5000  0.5000 -0.1509   0.25000  0.05    0.42   1.86 C017  2.38 O006  2.91 C00T^a  3.60 C013^a
 Q14   1   0.9212  0.8425  0.5000   0.25000  0.05    0.41   2.03 C011  2.39 C014  3.42 C01B  4.68 C011
 Q15   1   0.5680  0.5680  0.4278   0.50000  0.05    0.41   1.07 ZR02  1.31 O007  1.94 O005  1.94 O005
 Q16   1   0.6647  0.5747  0.5000   0.50000  0.05    0.40   0.41 C00U  1.79 C00X  1.85 C00S  3.37 C009
 Q17   1   0.6925  0.5397  0.5000   0.50000  0.05    0.40   0.80 C00S  1.93 C00M  2.47 C00U  2.54 C01D^a
 Q18   1   0.6881  0.6170  0.6060   1.00000  0.05    0.39   2.03 C00X  2.05 C00U  3.06 C00S  3.17 O007
 Q19   1   0.6667  0.3333  0.0675   0.16667  0.05    0.39   1.53 O015^a  3.77 O015^a  4.96 C00N  4.96 C00N
 Q20   1   0.5904  0.6448  0.0823   1.00000  0.05    0.38   0.61 C00Y  1.71 C00R  2.32 C00Y  2.68 C00Z

 Shortest distances between peaks (including symmetry equivalents)

      4   8  0.79      3   4  0.97     12  15  1.13      4   4  1.32      3   3  1.42      1  11  1.45      3   8  1.48
      9  19  1.70      9  19  1.70      4   8  1.91     16  17  2.14      9   9  2.21     19  19  2.24      1  15  2.27
     16  18  2.27      8   8  2.30     15  15  2.40      9  10  2.52      5  20  2.52     20  20  2.73      8  17  2.79
     11  18  2.99


 Time profile in seconds
 -----------------------

      0.02: Read and process instructions
      0.00: Fit rigid groups
      0.00: Interpret restraints etc.
      0.01: Generate connectivity array
      0.00: Analyse DFIX and DANG restraints
      0.00: Analyse SAME, SADI and NCSY restraints
      0.00: Generate CHIV restraints
      0.00: Check if bonds in residues restrained
      0.00: Generate DELU and RIGU restraints
      0.00: Generate SIMU restraints
      0.00: Generate ISOR restraints
      0.00: Analyse electron density
      0.00: Analyse other restraints etc.
      0.45: Read intensity data, sort/merge etc.
      0.00: Set up constraints
      0.00: OSF, H-atoms from difference map
      0.02: Set up l.s. refinement
      0.00: Generate idealized H-atoms
      0.06: Structure factors and derivatives
      0.02: Sum l.s. matrices
      0.00: Generate and apply antibumping restraints
      0.00: Apply other restraints
      0.02: Solve l.s. equations
      0.00: Generate HTAB table
      4.28: Other dependent quantities, CIF, tables
      0.01: Analysis of variance
      0.06: Merge reflections for Fourier and .fcf
      0.02: Fourier summations
      0.06: Peaksearch
      0.00: Analyse peaklist

 ** WARNING: These times are only approximate for multiple threads.
             To get better estimates run with -t1 **

   Please cite: G.M. Sheldrick (2015) "Crystal structure refinement with
   SHELXL", Acta Cryst., C71, 3-8 (Open Access) if SHELXL proves useful.

 +++++++++++++++++++++++++++++++++++++++++++++++++++++++++++++++++++++++++++++
 +  job           finished at 19:41:47   Total elapsed time:      5.06 secs  +
 +++++++++++++++++++++++++++++++++++++++++++++++++++++++++++++++++++++++++++++
