
 +++++++++++++++++++++++++++++++++++++++++++++++++++++++++++++++++++
 +  SHELXL -  CRYSTAL STRUCTURE REFINEMENT  -   MULTI-CPU VERSION  +
 +  Copyright(C) George M. Sheldrick 1993-2023     Version 2019/3  +
 +  job                        started at 19:50:20 on 21-Sep-2026  +
 +++++++++++++++++++++++++++++++++++++++++++++++++++++++++++++++++++

 Command line parameters: job -a50000 -b3000 -c624 -g0 -m0 -t4

 -a sets the approximate maximum number of atoms including hydrogens.
 -b sets the maximum number of full-matrix parameters (not used by CGLS).
 For example -b9000 allows refinement of 1000 anisotropic atoms or 3000
 with BLOC 1. For a 32-bit version, -b times the square root of the
 number of threads should not exceed about 65500. -c sets the reflection
 buffer size. This depends on the CPU cache size but will rarely
 need changing.

 -g sets the number of reflection groups used for calculating R_complete,
 This must be greater than 1 but not greater than the total number of
 reflections for refinement. -m sets the current reflection group number.
 This may not be less than 1 nor greater than the number set by -g. These
 command line flags override other ways of defining free-R reflections.
 The -m value is also used as a seed for the WIGL pseudo-random shifts.

 -t sets the number of threads, otherwise it is set to the apparent
 number of CPUs. For optimal performance on hyperthreading systems,
 -t should be set to a little more than half the number of CPUs;
 e.g. -t4 or -t5 for an Intel i7 processor.

 Running  4 threads on  4 processors

 TITL CrystalPilot cross-check in P 6/m m m
 CELL 0.68883 39.19000 39.19000 16.61000 90.0000 90.0000 120.0000
 ZERR 24 0.00000 0.00000 0.00000 0.0000 0.0000 0.0000
 LATT 1
 SYMM X-Y,X,Z
 SYMM Y,-X+Y,Z
 SYMM -Y,X-Y,Z
 SYMM -X+Y,-X,Z
 SYMM X-Y,-Y,-Z
 SYMM -X,-X+Y,-Z
 SYMM -X,-Y,Z
 SYMM Y,X,-Z
 SYMM -Y,-X,-Z
 SYMM -X+Y,Y,-Z
 SYMM X,X-Y,-Z
 SFAC C H O Zr
 REM DISP lambda 0.68883 A is not a SHELXL built-in line (Cu/Mo/Ag K-alpha):
 REM DISP f'/f'' from cctbx (sasaki: C O Zr; henke: H), mu = NIST attenuation
 REM DISP in barn/atom
 DISP $C 0.002 0.002 10.99
 DISP $H 0.000 0.000 0.62
 DISP $O 0.007 0.006 30.28
 DISP $Zr -9.041 2.772 14341.91
 UNIT 264.0 132.0 96.0 18.0

 V =    22092.79     F(000) =    3204.0     Mu =   1.20 mm-1      Cell Wt =     6481.65    Rho =  0.487

  
 L.S. 8
 BOND $H
 CONF
 ACTA
 FMAP 2
 PLAN 20
 ABIN
  
 SHEL 999 1.000
  
 WGHT 0.100000 0.000000
 FVAR 0.05143
 ZR1   4   0.463824   0.536176   0.500000    10.25000     0.08800     0.08800 =
       0.06886     0.00000     0.00000     0.05616
 ZR2   4   0.545032   0.545032   0.393644    10.50000     0.09168     0.09168 =
       0.08167     0.01240     0.01240     0.05709
 O1    3   0.482350   0.587286   0.582407    11.00000     0.10034     0.09533 =
       0.09795     0.00423     0.00124     0.06629
 O2    3   0.534245   0.593128   0.649693    11.00000     0.10539     0.12049 =
       0.12568    -0.04075    -0.03404     0.06958
 O3    3   0.527555   0.564012   0.500000    10.50000     0.10185     0.18609 =
       0.09851     0.00000     0.00000     0.08943
 O4    3   0.536260   0.536260   0.259685    10.50000     0.19496     0.19496 =
       0.07970     0.03825     0.03825     0.15239
 O5    3   0.600145   0.600145   0.409943    10.50000     0.11065     0.11065 =
       0.24701     0.02692     0.02692     0.05906
 O6    3   0.518191   0.481809   0.392856    10.50000     0.12943     0.12943 =
       0.12912     0.01571    -0.01571     0.08413
 C1    1   0.509379   0.602940   0.634916    11.00000     0.10275     0.11197 =
       0.08238    -0.00127    -0.02205     0.06329
 C2    1   0.505093   0.690052   0.780233    11.00000     0.21733     0.11457 =
       0.06946     0.00068    -0.02052     0.09205
 C3    1   0.477591   0.640775   0.675933    11.00000     0.15558     0.12073 =
       0.12366    -0.05163    -0.02370     0.09637
 AFIX 43
 H3    2   0.458038   0.627299   0.637690    11.00000    -1.20000
 AFIX 0
 C4    1   0.507797   0.632693   0.685890    11.00000     0.17009     0.10576 =
       0.09755    -0.03401    -0.02565     0.09349
 C5    1   0.476932   0.669555   0.724337    11.00000     0.17999     0.14756 =
       0.11260    -0.00285     0.00303     0.11203
 AFIX 43
 H5    2   0.456457   0.674860   0.718029    11.00000    -1.20000
 AFIX 0
 C6    1   0.505219   0.722137   0.830605    11.00000     0.22639     0.09775 =
       0.08996    -0.02241    -0.01565     0.10682
 C7    1   0.505124   0.752562   0.792810    10.50000     0.26570     0.11762 =
       0.09382    -0.01699    -0.03398     0.13285
 AFIX 43
 H7    2   0.504981   0.752490   0.736820    10.50000    -1.20000
 AFIX 0
 C8    1   0.537887   0.652272   0.739558    11.00000     0.23088     0.10594 =
       0.11663    -0.06443    -0.05632     0.10656
 AFIX 43
 H8    2   0.558189   0.646563   0.743258    11.00000    -1.20000
 AFIX 0
 C9    1   0.504645   0.722227   0.913193    11.00000     0.25395     0.10758 =
       0.08613     0.00504    -0.00448     0.11267
 C10   1   0.505063   0.752532   0.955916    10.50000     0.28069     0.10819 =
       0.08443     0.00126     0.00252     0.14034
 C11   1   0.537552   0.680537   0.787908    11.00000     0.24214     0.12362 =
       0.10881    -0.00456    -0.05408     0.10642
 AFIX 43
 H11   2   0.557506   0.693803   0.825490    11.00000    -1.20000
 AFIX 0
 C12   1   0.504494   0.690291   0.959583    11.00000     0.31074     0.15672 =
       0.08532    -0.01008     0.00070     0.15587
 AFIX 43
 H12   2   0.504396   0.669520   0.932300    11.00000    -1.20000
 AFIX 0
 HKLF 4



 Covalent radii and connectivity table for  CrystalPilot cross-check in P 6/m m m                                      
 C      0.770
 H      0.320
 O      0.660
 ZR     1.590

 Zr1 - O6_$2 O6_$1 O3 O3_$4 O1 O1_$5 O1_$4 O1_$3 Zr2_$2 Zr2_$1 Zr2_$3 Zr2
 Zr2 - O6_$2 O6 O3_$6 O3 O5 O2_$6 O2_$3 O4 Zr1 Zr1_$1 Zr2_$2 Zr2_$3
 O1 - C1 Zr1
 O2 - C1 Zr2_$3
 O3 - Zr2_$3 Zr2 Zr1
 O4 - Zr2
 O5 - Zr2
 O6 - Zr2_$2 Zr2 Zr1_$1
 C1 - O2 O1 C4
 C2 - C5 C11 C6
 C3 - C4 C5
 C4 - C8 C3 C1
 C5 - C2 C3
 C6 - C7 C9 C2
 C7 - C6_$7 C6
 C8 - C4 C11
 C9 - C6 C10 C12
 C10 - C9_$7 C9 C10_$8
 C11 - C8 C2
 C12 - C12_$8 C9


 Operators for generating equivalent atoms:
 $1   -x+1, -y+1, -z+1
 $2   -x+1, -y+1, z
 $3   x, y, -z+1
 $4   -y+1, -x+1, z
 $5   -y+1, -x+1, -z+1
 $6   y, x, -z+1
 $7   x, x-y+1, z
 $8   x, y, -z+2

   179481  Reflections outside SHEL resolution limits rejected


   337815  Reflections read, of which  179481  rejected

 -39 =< h =< 39,    -39 =< k =< 39,    -16 =< l =< 16,   Max. 2-theta =   40.28

        0  Systematic absence violations (I>3sig(I)) before merging

        0  Inconsistent equivalents

     4395  Unique reflections, of which       0  suppressed

 R(int) = 0.5659     R(sigma) = 0.1066      Friedel opposites merged

 Maximum memory for data reduction =     4551 /    48177


 Reflection statistics for all twin components combined (TWST 0 set)
 Number of data for d > 1.000A (CIF: max) and d > 1.000A (CIF: full)
 (ignoring systematic absences):
 Unique reflections found (point group)       4395    4395
 Unique reflections possible (point group)    4401    4401
 Unique reflections found (Laue group)        4395    4395
 Unique reflections possible (Laue group)     4401    4401

 Special position constraints for Zr1
 z =  0.5000   y = -1.0 * x + 1.0000   U22 = 1.0 * U11   U23 = 0   U13 = 0   
 sof = 0.25000   
 Input constraints retained (at least in part) for  sof

 Special position constraints for Zr2
 y =  1.0 * x + 0.0000   U22 = 1.0 * U11   U13 = 1.0 * U23   sof = 0.50000   
 Input constraints retained (at least in part) for  sof

 Special position constraints for O3
 z =  0.5000   U23 = 0   U13 = 0   sof = 0.50000   
 Input constraints retained (at least in part) for  sof

 Special position constraints for O4
 y =  1.0 * x + 0.0000   U22 = 1.0 * U11   U13 = 1.0 * U23   sof = 0.50000   
 Input constraints retained (at least in part) for  sof

 Special position constraints for O5
 y =  1.0 * x + 0.0000   U22 = 1.0 * U11   U13 = 1.0 * U23   sof = 0.50000   
 Input constraints retained (at least in part) for  sof

 Special position constraints for O6
 y = -1.0 * x + 1.0000   U22 = 1.0 * U11   U13 =-1.0 * U23   sof = 0.50000   
 Input constraints retained (at least in part) for  sof

 Special position constraints for C7
 y =  0.5 * x + 0.5000   U13 = 2.0 * U23   U12 = 0.5 * U11   sof = 0.50000   
 Input constraints retained (at least in part) for  sof

 Special position constraints for C10
 y =  0.5 * x + 0.5000   U13 = 2.0 * U23   U12 = 0.5 * U11   sof = 0.50000   
 Input constraints retained (at least in part) for  sof


 Default effective X-H and X-D distances for T =   20.0C 
 AFIX m =    1     2     3     4   4[N]  3[N]  15[B]  8[O]   9   9[N]   16
 d(X-H) =  0.98  0.97  0.96  0.93  0.86  0.89  1.10  0.82  0.93  0.86  0.93

 Note that these distances are chosen to give the best fit to the X-ray data
 and so avoid the introduction of systematic error.  The true internuclear
 distances are longer and do not vary with temperature!  The apparent
 variation with temperature is caused by libration.


 Least-squares cycle   1   Maximum vector length =  623   Memory required =     47 /   4982 /   233565

 wR2 =  0.2381 before cycle   1 for    4395 data and    155 /    155 parameters

 GooF = S =     1.090;     Restrained GooF =      1.090 for       0 restraints

 Weight = 1 / [ sigma^2(Fo^2) + ( 0.1000 * P )^2 +   0.00 * P ]   where  P = ( Max ( Fo^2, 0 ) + 2 * Fc^2 ) / 3


     N      value        esd    shift/esd  parameter

     1     0.05200     0.00019     3.027    OSF

 Mean shift/esd =   0.385  Maximum =     3.027 for  OSF          

 Max. shift = 0.015 A for C7        Max. dU = 0.006 for C10        


 Least-squares cycle   2   Maximum vector length =  623   Memory required =     47 /   4982 /   233565

 wR2 =  0.2367 before cycle   2 for    4395 data and    155 /    155 parameters

 GooF = S =     1.087;     Restrained GooF =      1.087 for       0 restraints

 Weight = 1 / [ sigma^2(Fo^2) + ( 0.1000 * P )^2 +   0.00 * P ]   where  P = ( Max ( Fo^2, 0 ) + 2 * Fc^2 ) / 3


     N      value        esd    shift/esd  parameter

     1     0.05216     0.00019     0.853    OSF

 Mean shift/esd =   0.134  Maximum =     0.853 for  OSF          

 Max. shift = 0.005 A for O4        Max. dU = 0.002 for C10        


 Least-squares cycle   3   Maximum vector length =  623   Memory required =     47 /   4982 /   233565

 wR2 =  0.2365 before cycle   3 for    4395 data and    155 /    155 parameters

 GooF = S =     1.086;     Restrained GooF =      1.086 for       0 restraints

 Weight = 1 / [ sigma^2(Fo^2) + ( 0.1000 * P )^2 +   0.00 * P ]   where  P = ( Max ( Fo^2, 0 ) + 2 * Fc^2 ) / 3


     N      value        esd    shift/esd  parameter

     1     0.05217     0.00019     0.070    OSF

 Mean shift/esd =   0.022  Maximum =    -0.121 for   x  O4       

 Max. shift = 0.001 A for O4        Max. dU = 0.000 for C10        


 Least-squares cycle   4   Maximum vector length =  623   Memory required =     47 /   4982 /   233565

 wR2 =  0.2365 before cycle   4 for    4395 data and    155 /    155 parameters

 GooF = S =     1.086;     Restrained GooF =      1.086 for       0 restraints

 Weight = 1 / [ sigma^2(Fo^2) + ( 0.1000 * P )^2 +   0.00 * P ]   where  P = ( Max ( Fo^2, 0 ) + 2 * Fc^2 ) / 3


     N      value        esd    shift/esd  parameter

     1     0.05218     0.00019     0.011    OSF

 Mean shift/esd =   0.007  Maximum =    -0.037 for   x  O4       

 Max. shift = 0.000 A for O4        Max. dU = 0.000 for C7         


 Least-squares cycle   5   Maximum vector length =  623   Memory required =     47 /   4982 /   233565

 wR2 =  0.2365 before cycle   5 for    4395 data and    155 /    155 parameters

 GooF = S =     1.086;     Restrained GooF =      1.086 for       0 restraints

 Weight = 1 / [ sigma^2(Fo^2) + ( 0.1000 * P )^2 +   0.00 * P ]   where  P = ( Max ( Fo^2, 0 ) + 2 * Fc^2 ) / 3


     N      value        esd    shift/esd  parameter

     1     0.05218     0.00019     0.003    OSF

 Mean shift/esd =   0.002  Maximum =    -0.010 for   x  O4       

 Max. shift = 0.000 A for C12        Max. dU = 0.000 for C11       


 Least-squares cycle   6   Maximum vector length =  623   Memory required =     47 /   4982 /   233565

 wR2 =  0.2365 before cycle   6 for    4395 data and    155 /    155 parameters

 GooF = S =     1.086;     Restrained GooF =      1.086 for       0 restraints

 Weight = 1 / [ sigma^2(Fo^2) + ( 0.1000 * P )^2 +   0.00 * P ]   where  P = ( Max ( Fo^2, 0 ) + 2 * Fc^2 ) / 3


     N      value        esd    shift/esd  parameter

     1     0.05218     0.00019     0.000    OSF

 Mean shift/esd =   0.001  Maximum =    -0.003 for   x  O4       

 Max. shift = 0.000 A for C12        Max. dU = 0.000 for C8        


 Least-squares cycle   7   Maximum vector length =  623   Memory required =     47 /   4982 /   233565

 wR2 =  0.2365 before cycle   7 for    4395 data and    155 /    155 parameters

 GooF = S =     1.086;     Restrained GooF =      1.086 for       0 restraints

 Weight = 1 / [ sigma^2(Fo^2) + ( 0.1000 * P )^2 +   0.00 * P ]   where  P = ( Max ( Fo^2, 0 ) + 2 * Fc^2 ) / 3


     N      value        esd    shift/esd  parameter

     1     0.05218     0.00019     0.000    OSF

 Mean shift/esd =   0.000  Maximum =     0.001 for   y  C8       

 Max. shift = 0.000 A for C8        Max. dU = 0.000 for C8         


 Least-squares cycle   8   Maximum vector length =  623   Memory required =     47 /   4982 /   233565

 wR2 =  0.2365 before cycle   8 for    4395 data and    155 /    155 parameters

 GooF = S =     1.086;     Restrained GooF =      1.086 for       0 restraints

 Weight = 1 / [ sigma^2(Fo^2) + ( 0.1000 * P )^2 +   0.00 * P ]   where  P = ( Max ( Fo^2, 0 ) + 2 * Fc^2 ) / 3


     N      value        esd    shift/esd  parameter

     1     0.05218     0.00019     0.000    OSF

 Mean shift/esd =   0.000  Maximum =     0.000 for   x  Zr2      

 Max. shift = 0.000 A for C12        Max. dU = 0.000 for C10       


 Largest correlation matrix elements

     0.930 U12 O4 / U11 O4                   0.685 U12 C9 / U11 C9                   0.660 U12 C6 / U11 C6
     0.883 U12 O6 / U11 O6                   0.685 U12 C8 / U22 C8                   0.659 U12 C4 / U22 C4
     0.870 U12 Zr1 / U11 Zr1                 0.678 U12 O1 / U22 O1                   0.654 U12 C3 / U22 C3
     0.866 U12 Zr2 / U11 Zr2                 0.677 U12 C4 / U11 C4                   0.651 U12 C5 / U22 C5
     0.829 U12 O5 / U11 O5                   0.670 U12 O3 / U11 O3                   0.650 U12 C6 / U22 C6
     0.715 U12 C5 / U11 C5                   0.668 U12 C8 / U11 C8                   0.649 U12 C3 / U11 C3
     0.704 U12 C12 / U11 C12                 0.667 U12 C9 / U22 C9                   0.630 U12 O3 / U22 O3
     0.691 U12 C12 / U22 C12                 0.663 U12 O1 / U11 O1                   0.623 U12 O2 / U22 O2



 Idealized hydrogen atom generation before cycle   9

 Name     x       y       z    AFIX  d(X-H)  shift  Bonded to  Conformation determined by
 H3    0.4579  0.6272  0.6379   43   0.930   0.000   C3            C4  C5  
 H5    0.4565  0.6748  0.7172   43   0.930   0.000   C5            C2  C3  
 H7    0.5041  0.7520  0.7365   43   0.930   0.000   C7            C6_$7  C6  
 H8    0.5585  0.6471  0.7434   43   0.930   0.000   C8            C4  C11  
 H11   0.5575  0.6939  0.8259   43   0.930   0.000   C11           C8  C2  
 H12   0.5043  0.6696  0.9325   43   0.930   0.000   C12           C12_$8  C9  



  CrystalPilot cross-check in P 6/m m m                                      

 ATOM           x        y        z         sof        U11      U22      U33      U23      U13      U12       Ueq

 Zr1         0.46382  0.53618  0.50000    0.25000    0.08998  0.08998  0.07061  0.00000  0.00000  0.05733   0.07804
   0.00000   0.00003  0.00003  0.00000    0.00000    0.00121  0.00121  0.00131  0.00000  0.00000  0.00134   0.00069

 Zr2         0.54507  0.54507  0.39363    0.50000    0.09348  0.09348  0.08304  0.01249  0.01249  0.05829   0.08487
   0.00338   0.00004  0.00004  0.00008    0.00000    0.00090  0.00090  0.00104  0.00078  0.00078  0.00097   0.00057

 O1          0.48233  0.58726  0.58206    1.00000    0.10369  0.09628  0.10046  0.00246  0.00078  0.06804   0.09212
   0.01280   0.00016  0.00015  0.00032    0.00000    0.00413  0.00398  0.00392  0.00333  0.00334  0.00349   0.00157

 O2          0.53431  0.59314  0.64976    1.00000    0.10484  0.12152  0.12713 -0.04274 -0.03714  0.06906   0.11229
   0.01142   0.00016  0.00016  0.00034    0.00000    0.00460  0.00465  0.00477  0.00370  0.00370  0.00396   0.00200

 O3          0.52761  0.56419  0.50000    0.50000    0.10168  0.18375  0.10117  0.00000  0.00000  0.08674   0.12203
   0.01608   0.00021  0.00025  0.00000    0.00000    0.00600  0.00823  0.00561  0.00000  0.00000  0.00595   0.00280

 O4          0.53578  0.53578  0.25975    0.50000    0.19963  0.19963  0.07917  0.03730  0.03730  0.15698   0.13407
   0.02113   0.00024  0.00024  0.00042    0.00000    0.00674  0.00674  0.00514  0.00487  0.00487  0.00735   0.00312

 O5          0.60031  0.60031  0.41082    0.50000    0.11359  0.11359  0.25353  0.03152  0.03152  0.05934   0.15910
   0.02050   0.00021  0.00021  0.00063    0.00000    0.00487  0.00487  0.01030  0.00595  0.00595  0.00573   0.00364

 O6          0.51819  0.48181  0.39243    0.50000    0.13537  0.13537  0.12973  0.01315 -0.01315  0.09013   0.12351
   0.00772   0.00010  0.00010  0.00046    0.00000    0.00520  0.00520  0.00675  0.00251  0.00251  0.00580   0.00282

 C1          0.50951  0.60295  0.63438    1.00000    0.10187  0.11632  0.08448 -0.00750 -0.02509  0.06265   0.09728
   0.02130   0.00029  0.00027  0.00052    0.00000    0.00762  0.00783  0.00638  0.00565  0.00573  0.00650   0.00275

 C2          0.50457  0.68960  0.78006    1.00000    0.21888  0.12221  0.06891  0.00319 -0.01501  0.10143   0.12948
   0.02788   0.00040  0.00031  0.00056    0.00000    0.01286  0.00901  0.00644  0.00620  0.00730  0.00925   0.00378

 C3          0.47747  0.64077  0.67608    1.00000    0.15831  0.12043  0.12562 -0.05378 -0.02409  0.09696   0.12266
   0.02068   0.00030  0.00027  0.00055    0.00000    0.00913  0.00769  0.00780  0.00635  0.00669  0.00734   0.00333

 H3          0.45788  0.62720  0.63794    1.00000    0.14719
                                          0.00000    0.00000

 C4          0.50774  0.63287  0.68614    1.00000    0.17804  0.10899  0.09689 -0.03112 -0.01990  0.09993   0.11545
   0.02447   0.00035  0.00028  0.00056    0.00000    0.01056  0.00760  0.00707  0.00612  0.00716  0.00810   0.00316

 C5          0.47685  0.66933  0.72396    1.00000    0.18680  0.14627  0.10659 -0.00774 -0.00074  0.11109   0.13419
   0.02759   0.00033  0.00032  0.00063    0.00000    0.01138  0.00950  0.00793  0.00729  0.00768  0.00899   0.00358

 H5          0.45649  0.67476  0.71717    1.00000    0.16102
                                          0.00000    0.00000

 C6          0.50505  0.72195  0.83051    1.00000    0.23078  0.10073  0.08627 -0.02338 -0.01519  0.10665   0.12869
   0.02203   0.00033  0.00026  0.00058    0.00000    0.01135  0.00754  0.00693  0.00637  0.00718  0.00784   0.00351

 C7          0.50466  0.75233  0.79252    0.50000    0.25716  0.12219  0.09838 -0.02113 -0.04227  0.12858   0.14425
   0.02814   0.00045  0.00023  0.00078    0.00000    0.01831  0.00748  0.01050  0.00544  0.01087  0.00916   0.00581

 H7          0.50409  0.75204  0.73654    0.50000    0.17310
                                          0.00000    0.00000

 C8          0.53806  0.65267  0.74000    1.00000    0.23828  0.10795  0.11400 -0.06533 -0.05816  0.10882   0.14352
   0.02435   0.00034  0.00028  0.00059    0.00000    0.01237  0.00788  0.00767  0.00650  0.00818  0.00856   0.00416

 H8          0.55849  0.64713  0.74342    1.00000    0.17222
                                          0.00000    0.00000

 C9          0.50462  0.72222  0.91281    1.00000    0.25627  0.10852  0.09196  0.00941  0.00105  0.11622   0.14113
   0.02392   0.00034  0.00027  0.00059    0.00000    0.01284  0.00789  0.00745  0.00641  0.00784  0.00861   0.00393

 C10         0.50492  0.75246  0.95568    0.50000    0.29440  0.10935  0.08910 -0.00034 -0.00067  0.14720   0.14372
   0.02971   0.00047  0.00023  0.00066    0.00000    0.01848  0.00585  0.00879  0.00478  0.00957  0.00924   0.00579

 C11         0.53761  0.68053  0.78819    1.00000    0.25120  0.12143  0.10800 -0.01286 -0.06490  0.10679   0.15415
   0.02380   0.00038  0.00031  0.00057    0.00000    0.01372  0.00879  0.00816  0.00673  0.00825  0.00952   0.00429

 H11         0.55749  0.69388  0.82586    1.00000    0.18498
                                          0.00000    0.00000

 C12         0.50442  0.69046  0.95958    1.00000    0.31667  0.15093  0.08886 -0.01383 -0.00288  0.15090   0.17037
   0.02291   0.00034  0.00030  0.00044    0.00000    0.01452  0.00883  0.00655  0.00575  0.00732  0.01012   0.00457

 H12         0.50428  0.66963  0.93246    1.00000    0.20445
                                          0.00000    0.00000



 Final Structure Factor Calculation for  CrystalPilot cross-check in P 6/m m m                                      

 Total number of l.s. parameters =   155  Maximum vector length =  623   Memory required =     47 /   4827 /    28035

 wR2 =  0.2365 before cycle   9 for    4395 data and      0 /    155 parameters

 GooF = S =     1.086;     Restrained GooF =      1.086 for       0 restraints

 Weight = 1 / [ sigma^2(Fo^2) + ( 0.1000 * P )^2 +   0.00 * P ]   where  P = ( Max ( Fo^2, 0 ) + 2 * Fc^2 ) / 3

 wR2 = 0.2365, GooF = S = 1.086, Restrained GooF = 1.086 for all data
 R1 = 0.0829 for 2063 Fo > 4sig(Fo) and 0.1294 for all 4395 data

 Occupancy sum of asymmetric unit =    15.75 for non-hydrogen and     5.50 for H and D atoms



 Principal mean square atomic displacements U

   0.0982   0.0706   0.0653   Zr1  
   0.1092   0.0751   0.0704   Zr2  
   0.1126   0.1003   0.0634   O1  
   0.1719   0.0879   0.0771   O2  
   0.1841   0.1012   0.0808   O3  
   0.2487   0.0853   0.0682   O4    may be split into  0.5416  0.5387  0.2627  and  0.5300  0.5329  0.2568
   0.2625   0.1085   0.1063   O5  
   0.1503   0.1429   0.0773   O6  
   0.1236   0.1055   0.0628   C1  
   0.2213   0.1033   0.0638   C2  
   0.1893   0.1265   0.0522   C3  
   0.1855   0.1042   0.0566   C4  
   0.1919   0.1135   0.0971   C5  
   0.2328   0.0974   0.0559   C6  
   0.2677   0.0878   0.0772   C7    may be split into  0.5099  0.7523  0.7894  and  0.4994  0.7523  0.7956
   0.2614   0.1284   0.0408   C8  
   0.2573   0.0967   0.0694   C9    may be split into  0.5095  0.7218  0.9128  and  0.4997  0.7227  0.9128
   0.2944   0.0891   0.0477   C10    may be split into  0.5107  0.7525  0.9556  and  0.4991  0.7525  0.9557
   0.2808   0.1061   0.0755   C11    may be split into  0.5420  0.6796  0.7836  and  0.5332  0.6815  0.7928
   0.3170   0.1136   0.0805   C12    may be split into  0.5100  0.6902  0.9594  and  0.4988  0.6907  0.9597

 ** Warning:     6  atoms may be split and     0  atoms NPD **



 Analysis of variance for reflections employed in refinement      K = Mean[Fo^2] / Mean[Fc^2]  for group


 Fc/Fc(max)       0.000    0.005    0.009    0.015    0.022    0.028    0.036    0.045    0.063    0.104    1.000

 Number in group       521.     421.     376.     487.     409.     443.     424.     438.     437.     439.

            GooF      0.691    0.699    1.079    0.581    0.749    0.898    1.009    1.374    1.512    1.707

             K      -21.719   -2.929    0.851    1.167    1.096    1.031    0.995    0.990    1.012    0.992


 Resolution(A)    1.00     1.04     1.08     1.13     1.20     1.28     1.38     1.52     1.77     2.26     inf

 Number in group       445.     444.     438.     443.     436.     431.     437.     444.     437.     440.

            GooF      0.666    0.704    0.706    0.761    0.678    0.840    0.938    0.926    1.019    2.415

             K        0.936    0.980    0.979    0.938    0.874    0.870    0.972    0.980    1.015    0.993

             R1       0.337    0.265    0.238    0.207    0.224    0.215    0.112    0.085    0.067    0.107


 Recommended weighting scheme:  WGHT    0.1369    0.0000


 Most Disagreeable Reflections (* if suppressed or used for Rfree).
 Error/esd is calculated as sqrt(wD^2/<wD^2>) where w is given by the weight
 formula, D = Fo^2-Fc^2 and <> refers to the average over all reflections.

     h   k   l          Fo^2          Fc^2    Error/esd  Fc/Fc(max)  Resolution(A)

    -2   6   2       2909.70         56.44      15.77       0.011       5.08
    -3   8   0       6238.08       1779.86       9.76       0.059       4.85
     0   9   0       9972.42       3512.41       7.35       0.083       3.77
    -3   6   2      33388.45      14779.58       7.21       0.170       5.13
    -1   5   0       1262.01        252.53       7.16       0.022       7.41
    -5  10   2       5081.21       2045.12       6.97       0.063       3.54
     0   3   2        957.17       2798.13       6.84       0.074       6.69
     0   2   2      25669.57      60112.89       6.52       0.344       7.46
     0   1   2      11943.54       5903.27       6.28       0.108       8.07
    -2   8   2      13409.26       7152.24       5.89       0.119       4.09
    -2   5   4       1567.92        620.90       5.69       0.035       3.66
    -2   6   4       2592.57       1282.90       5.59       0.050       3.49
    -1   3   2       1510.52       3122.31       5.52       0.078       6.97
    -1   2   2       3974.08       7759.33       5.26       0.123       7.65
     0   5   3      10979.32       6028.24       5.24       0.109       4.29
    -2   6   1      16071.58      29801.69       5.04       0.242       5.98
     0   4   1      31906.06      18416.78       4.92       0.190       7.56
    -3   8   2      28515.73      16999.77       4.89       0.183       4.19
    -2   6   3        524.94       1316.89       4.78       0.051       4.19
    -1   5   1       3413.75       1992.14       4.75       0.063       6.76
    -4   9   0       2624.92       1246.32       4.68       0.049       4.35
    -1   8   0       7389.05       4288.93       4.63       0.092       4.50
    -4  10   2       1881.09        954.57       4.57       0.043       3.53
    -2   6   0       6508.87      11332.23       4.48       0.149       6.41
    -1   9   0       1731.97        459.68       4.43       0.030       3.97
    -3   7   0       8426.94       5137.76       4.36       0.100       5.58
    -2   5   0       4394.96       7430.09       4.25       0.121       7.79
    -2  10   3       5792.40       3616.22       4.21       0.084       3.08
    -5  11   0       3441.64       1865.49       4.20       0.061       3.56
    -3   6   0      12172.60       7345.97       4.14       0.120       6.53
    -6  13   0       2775.11       1476.34       4.10       0.054       3.01
    -1   6   2      33598.17      21994.03       3.98       0.208       4.91
    -2   4   1     156392.59     245043.70       3.72       0.694       8.44
    -4  14   1       5614.12       3701.73       3.71       0.085       2.68
     0   7   0      14434.73      22651.32       3.62       0.211       4.85
     0   4   2      16456.35      25433.88       3.61       0.224       5.94
     0   8   1       1821.32        934.97       3.57       0.043       4.11
    -3  12   2       8176.98       5552.80       3.56       0.104       2.94
    -6  12   2       1389.61        592.81       3.56       0.034       3.04
     0   0   4       3691.63       6755.68       3.56       0.115       4.15
    -2   7   1       7063.25      10757.25       3.54       0.145       5.17
     0   4   0     233085.47     357955.12       3.49       0.839       8.48
    -4   8   2      12824.92       8692.13       3.46       0.131       4.22
     0   2  12       2989.67       5095.72       3.41       0.100       1.38
    -1   4   7       2000.90       1185.51       3.40       0.048       2.30
     0  11   0      48369.45      32353.60       3.38       0.252       3.09
    -1   4   0      52168.61      77948.33       3.37       0.391       9.41
    -1   8   3         51.06        567.96       3.36       0.033       3.49
    -2   5   1      12071.72      17835.19       3.33       0.187       7.05
    -2  11   1       9062.15       6316.71       3.33       0.111       3.28



 Bond lengths and angles

 Zr1 -           Distance        Angles
 O6_$2     2.1644 (0.0071) 
 O6_$1     2.1644 (0.0071)  111.28 (0.42)
 O3        2.1706 (0.0072)   71.59 (0.15)  71.59 (0.15)
 O3_$4     2.1707 (0.0072)   71.58 (0.15)  71.58 (0.15) 111.93 (0.45)
 O1        2.2222 (0.0054)  141.90 (0.13)  76.96 (0.20)  76.69 (0.21) 141.89 (0.13)
 O1_$5     2.2222 (0.0054)   76.96 (0.20) 141.90 (0.13) 141.89 (0.13)  76.69 (0.21) 120.36 (0.28)
 O1_$4     2.2222 (0.0054)  141.90 (0.13)  76.96 (0.20) 141.89 (0.13)  76.69 (0.21)  75.71 (0.25)  75.66 (0.25)
 O1_$3     2.2222 (0.0054)   76.96 (0.20) 141.90 (0.13)  76.69 (0.21) 141.89 (0.13)  75.66 (0.25)  75.71 (0.25) 120.36 (0.28)
 Zr2_$2    3.5034 (0.0016)   35.71 (0.11)  91.18 (0.18)  91.46 (0.20)  35.88 (0.12) 165.31 (0.15)  74.33 (0.14) 110.40 (0.13)
 Zr2_$1    3.5034 (0.0016)   91.18 (0.18)  35.71 (0.11)  91.46 (0.20)  35.88 (0.12) 110.41 (0.13) 110.40 (0.13)  74.33 (0.13)
 Zr2_$3    3.5034 (0.0016)   91.18 (0.18)  35.71 (0.11)  35.89 (0.12)  91.45 (0.20)  74.33 (0.14) 165.31 (0.15) 110.41 (0.13)
 Zr2       3.5035 (0.0016)   35.71 (0.11)  91.18 (0.18)  35.88 (0.12)  91.46 (0.20) 110.40 (0.13) 110.41 (0.13) 165.31 (0.15)
                 Zr1             O6_$2         O6_$1         O3            O3_$4         O1            O1_$5         O1_$4        

 Zr2 -           Distance        Angles
 O6_$2     2.1552 (0.0042) 
 O6        2.1553 (0.0042)   69.90 (0.32)
 O3_$6     2.1594 (0.0044)  110.43 (0.31)  71.98 (0.26)
 O3        2.1594 (0.0044)   71.98 (0.26) 110.43 (0.31)  70.17 (0.33)
 O5        2.1834 (0.0087)  144.47 (0.16) 144.47 (0.16)  83.00 (0.31)  83.00 (0.31)
 O2_$6     2.2450 (0.0056)  140.65 (0.23)  75.78 (0.22)  75.33 (0.23) 140.27 (0.24)  73.69 (0.18)
 O2_$3     2.2450 (0.0056)   75.79 (0.22) 140.65 (0.23) 140.26 (0.24)  75.32 (0.23)  73.69 (0.18) 125.58 (0.29)
 O4        2.2534 (0.0074)   81.86 (0.29)  81.86 (0.29) 144.08 (0.17) 144.08 (0.17) 106.81 (0.37)  74.68 (0.18)  74.68 (0.18)
 Zr1       3.5035 (0.0016)   35.89 (0.19)  89.60 (0.19)  89.88 (0.20)  36.10 (0.19) 115.72 (0.18) 161.72 (0.15)  72.70 (0.14)
 Zr1_$1    3.5036 (0.0016)   89.60 (0.19)  35.89 (0.19)  36.10 (0.19)  89.88 (0.20) 115.72 (0.18)  72.70 (0.14) 161.72 (0.15)
 Zr2_$2    3.5328 (0.0030)   34.95 (0.16)  34.96 (0.16)  90.86 (0.22)  90.86 (0.22) 172.49 (0.27) 109.00 (0.15) 109.00 (0.15)
 Zr2_$3    3.5335 (0.0027)   90.53 (0.21)  90.53 (0.21)  35.10 (0.16)  35.10 (0.16)  82.49 (0.27) 108.73 (0.16) 108.73 (0.16)
                 Zr2             O6_$2         O6            O3_$6         O3            O5            O2_$6         O2_$3        

 O1 -            Distance        Angles
 C1        1.2701 (0.0084) 
 Zr1       2.2222 (0.0053)  132.29 (0.56)
                 O1              C1           

 O2 -            Distance        Angles
 C1        1.2373 (0.0088) 
 Zr2_$3    2.2453 (0.0056)  134.48 (0.58)
                 O2              C1           

 O3 -            Distance        Angles
 Zr2_$3    2.1594 (0.0044) 
 Zr2       2.1594 (0.0044)  109.80 (0.33)
 Zr1       2.1706 (0.0072)  108.01 (0.25) 108.02 (0.25)
                 O3              Zr2_$3        Zr2          

 O4 -            Distance        Angles
 Zr2       2.2534 (0.0074) 
                 O4             

 O5 -            Distance        Angles
 Zr2       2.1834 (0.0086) 
                 O5             

 O6 -            Distance        Angles
 Zr2_$2    2.1552 (0.0042) 
 Zr2       2.1553 (0.0042)  110.09 (0.32)
 Zr1_$1    2.1644 (0.0071)  108.40 (0.24) 108.40 (0.24)
                 O6              Zr2_$2        Zr2          

 C1 -            Distance        Angles
 O2        1.2373 (0.0088) 
 O1        1.2701 (0.0083)  126.13 (0.90)
 C4        1.4833 (0.0111)  118.71 (0.88) 114.83 (0.89)
                 C1              O2            O1           

 C2 -            Distance        Angles
 C5        1.3477 (0.0117) 
 C11       1.5104 (0.0129)  117.14 (0.97)
 C6        1.5121 (0.0115)  123.10 (1.17) 119.67 (1.08)
                 C2              C5            C11          

 C3 -            Distance        Angles
 C4        1.3779 (0.0105) 
 C5        1.3830 (0.0107)  118.51 (0.95)
 H3        0.9300           120.74        120.74       
                 C3              C4            C5           

 C4 -            Distance        Angles
 C8        1.3757 (0.0113) 
 C3        1.3779 (0.0105)  123.38 (0.89)
 C1        1.4833 (0.0111)  117.01 (0.99) 119.55 (0.98)
                 C4              C8            C3           

 C5 -            Distance        Angles
 C2        1.3477 (0.0118) 
 C3        1.3830 (0.0107)  122.66 (1.04)
 H5        0.9300           118.67        118.67       
                 C5              C2            C3           

 C6 -            Distance        Angles
 C7        1.3542 (0.0097) 
 C9        1.3671 (0.0103)  116.98 (0.95)
 C2        1.5121 (0.0115)  118.55 (0.89) 124.44 (0.84)
                 C6              C7            C9           

 C7 -            Distance        Angles
 C6_$7     1.3542 (0.0097) 
 C6        1.3542 (0.0097)  124.43 (1.26)
 H7        0.9300           117.78        117.78       
                 C7              C6_$7         C6           

 C8 -            Distance        Angles
 C4        1.3757 (0.0112) 
 C11       1.3611 (0.0113)  118.74 (1.05)
 H8        0.9300           120.63        120.63       
                 C8              C4            C11          

 C9 -            Distance        Angles
 C6        1.3671 (0.0103) 
 C10       1.3776 (0.0098)  121.91 (0.92)
 C12       1.4639 (0.0104)  121.26 (0.84) 116.82 (0.86)
                 C9              C6            C10          

 C10 -           Distance        Angles
 C9_$7     1.3776 (0.0098) 
 C9        1.3776 (0.0098)  117.74 (1.15)
 C10_$8    1.4723 (0.0220)  121.13 (0.58) 121.13 (0.57)
                 C10             C9_$7         C9           

 C11 -           Distance        Angles
 C8        1.3611 (0.0112) 
 C2        1.5104 (0.0129)  119.53 (0.99)
 H11       0.9300           120.24        120.24       
                 C11             C8            C2           

 C12 -           Distance        Angles
 C12_$8    1.3428 (0.0148) 
 C9        1.4639 (0.0104)  122.05 (0.51)
 H12       0.9300           118.97        118.97       
                 C12             C12_$8        C9           



 Selected torsion angles

    -3.55 ( 1.43)  Zr2_$3 - O2 - C1 - O1
   169.57 ( 0.60)  Zr2_$3 - O2 - C1 - C4
     3.08 ( 1.32)  Zr1 - O1 - C1 - O2
  -170.26 ( 0.52)  Zr1 - O1 - C1 - C4
    -1.77 ( 1.60)  C5 - C3 - C4 - C8
  -178.76 ( 0.83)  C5 - C3 - C4 - C1
    10.50 ( 1.33)  O2 - C1 - C4 - C8
  -175.63 ( 0.82)  O1 - C1 - C4 - C8
  -172.32 ( 0.89)  O2 - C1 - C4 - C3
     1.55 ( 1.29)  O1 - C1 - C4 - C3
     1.18 ( 1.51)  C11 - C2 - C5 - C3
   177.59 ( 0.90)  C6 - C2 - C5 - C3
    -0.18 ( 1.56)  C4 - C3 - C5 - C2
   -54.73 ( 1.72)  C5 - C2 - C6 - C7
   121.59 ( 1.28)  C11 - C2 - C6 - C7
   123.13 ( 1.27)  C5 - C2 - C6 - C9
   -60.55 ( 1.60)  C11 - C2 - C6 - C9
     2.04 ( 2.61)  C9 - C6 - C7 - C6_$7
  -179.95 ( 1.09)  C2 - C6 - C7 - C6_$7
     2.54 ( 1.61)  C3 - C4 - C8 - C11
   179.60 ( 0.86)  C1 - C4 - C8 - C11
    -1.82 ( 2.15)  C7 - C6 - C9 - C10
  -179.71 ( 1.30)  C2 - C6 - C9 - C10
   179.11 ( 1.22)  C7 - C6 - C9 - C12
     1.23 ( 1.99)  C2 - C6 - C9 - C12
     1.69 ( 2.58)  C6 - C9 - C10 - C9_$7
  -179.21 ( 0.91)  C12 - C9 - C10 - C9_$7
  -179.27 ( 0.87)  C6 - C9 - C10 - C10_$8
    -0.16 ( 1.53)  C12 - C9 - C10 - C10_$8
    -1.40 ( 1.51)  C4 - C8 - C11 - C2
    -0.38 ( 1.48)  C5 - C2 - C11 - C8
  -176.91 ( 0.91)  C6 - C2 - C11 - C8
   179.28 ( 0.86)  C6 - C9 - C12 - C12_$8
     0.17 ( 1.54)  C10 - C9 - C12 - C12_$8


 FMAP and GRID set by program

 FMAP   2   1 167
 GRID    -0.610  -1  -1     0.610   1   1

 R1 =  0.1229 for   4395 unique reflections after merging for Fourier


 Electron density synthesis with coefficients Fo-Fc

 Highest peak    0.53  at  0.0000  0.5000  0.2284  [  1.50 A from O4 ]
 Deepest hole   -0.94  at  0.5000  0.0000  0.5000  [  2.17 A from O6 ]


 Fourier peaks appended to .res file

              x       y       z       sof     U      Peak   Distances to nearest atoms (including eq.)

 Q1    1   0.5000  0.5000  0.2284   0.25000  0.05    0.53   1.50 O4  2.99 O6  3.26 ZR2  3.78 O2
 Q2    1   0.6138  0.6138  0.5000   0.25000  0.05    0.48   1.57 O5  2.94 O3  3.22 ZR2  3.75 O2
 Q3    1   0.5470  0.5470  0.2109   0.50000  0.05    0.42   0.92 O4  3.04 ZR2  3.13 O2  3.34 O4
 Q4    1   0.4505  0.5495  0.4612   0.50000  0.05    0.40   1.11 ZR1  1.55 O1  2.41 O6  2.43 O1
 Q5    1   0.5480  0.5360  0.2767   1.00000  0.05    0.38   0.55 O4  1.99 ZR2  2.18 O2  2.66 O6
 Q6    1   0.5679  0.5530  0.3536   1.00000  0.05    0.29   1.03 ZR2  1.50 O2  1.90 O5  1.90 O4
 Q7    1   0.5620  0.5620  0.3541   0.50000  0.05    0.27   0.93 ZR2  1.77 O5  1.87 O4  2.00 O2
 Q8    1   1.0000  1.0000  0.4075   0.08333  0.05    0.26   15.66 O5  15.86 H11  15.95 O5  16.05 H8
 Q9    1   0.4376  0.6244  0.6517   1.00000  0.05    0.24   0.78 H3  1.42 C3  2.04 H5  2.05 C5
 Q10   1   0.4568  0.6083  0.7124   1.00000  0.05    0.22   1.27 C3  1.43 H3  1.78 C4  2.12 C5
 Q11   1   0.4645  0.6045  0.5969   1.00000  0.05    0.22   1.22 O1  1.25 H3  1.81 C3  1.90 C1
 Q12   1   0.5381  0.6249  0.6065   1.00000  0.05    0.22   1.12 C1  1.38 O2  1.91 C4  1.97 O1
 Q13   1   0.6320  0.6108  0.3998   1.00000  0.05    0.19   1.11 O5  2.73 O2  3.08 ZR2  3.33 O5
 Q14   1   0.5660  0.6612  0.6823   1.00000  0.05    0.18   1.12 H8  1.37 C8  1.98 C4  2.38 O2
 Q15   1   1.0000  1.0000  0.9202   0.08333  0.05    0.18   15.46 H11  15.95 H11  16.12 H8  16.22 C11
 Q16   1   0.5320  0.6211  0.6957   1.00000  0.05    0.17   1.26 C4  1.30 H8  1.30 C1  1.36 C8
 Q17   1   0.4542  0.6228  0.7386   1.00000  0.05    0.16   1.33 C3  1.60 C5  1.68 H3  2.02 H5
 Q18   1   0.4388  0.6397  0.6766   1.00000  0.05    0.16   1.26 H3  1.37 H5  1.49 C3  1.57 C5
 Q19   1   0.5482  0.6120  0.6791   1.00000  0.05    0.16   0.82 O2  1.56 C1  1.63 H8  2.09 C8
 Q20   1   0.5000  0.5000  0.0000   0.12500  0.05    0.15   4.54 O4  6.59 H8  6.63 O6  6.64 O2

 Shortest distances between peaks (including symmetry equivalents)

      6   7  0.51      9  18  0.71     10  17  0.76      5   5  0.82     16  19  0.91      6   6  1.01      3   5  1.18
      4   4  1.29     13  13  1.44     12  19  1.44      5   6  1.47     14  16  1.49     12  16  1.49     17  18  1.50
      5   7  1.56      9  10  1.57      9  17  1.60     14  19  1.69      5   6  1.73     10  18  1.80     12  14  1.80
      9  11  1.84      2  13  1.84      1   3  1.86      1   5  1.87      6  19  1.91     10  11  1.96      4  11  2.17
      7  19  2.34      5  19  2.42      9   9  2.43      3   7  2.45     11  18  2.46      3   6  2.48      6  13  2.52
     13  19  2.54      7  13  2.55     11  17  2.55     10  10  2.55     11  12  2.58     15  15  2.65      6  12  2.66
     11  11  2.71      6  16  2.72     12  13  2.72     10  16  2.75      6  13  2.79      9  18  2.83      6  19  2.83
     13  14  2.88     10  17  2.88     11  16  2.90      9  10  2.94      4  11  2.97      5  16  2.98


 Time profile in seconds
 -----------------------

      0.02: Read and process instructions
      0.00: Fit rigid groups
      0.00: Interpret restraints etc.
      0.00: Generate connectivity array
      0.00: Analyse DFIX and DANG restraints
      0.00: Analyse SAME, SADI and NCSY restraints
      0.00: Generate CHIV restraints
      0.00: Check if bonds in residues restrained
      0.00: Generate DELU and RIGU restraints
      0.00: Generate SIMU restraints
      0.00: Generate ISOR restraints
      0.00: Analyse electron density
      0.00: Analyse other restraints etc.
      0.44: Read intensity data, sort/merge etc.
      0.00: Set up constraints
      0.45: OSF, H-atoms from difference map
      0.02: Set up l.s. refinement
      0.00: Generate idealized H-atoms
      0.07: Structure factors and derivatives
      0.01: Sum l.s. matrices
      0.00: Generate and apply antibumping restraints
      0.00: Apply other restraints
      0.00: Solve l.s. equations
      0.00: Generate HTAB table
      7.34: Other dependent quantities, CIF, tables
      0.01: Analysis of variance
      0.06: Merge reflections for Fourier and .fcf
      0.05: Fourier summations
      0.05: Peaksearch
      0.00: Analyse peaklist

 ** WARNING: These times are only approximate for multiple threads.
             To get better estimates run with -t1 **

   Please cite: G.M. Sheldrick (2015) "Crystal structure refinement with
   SHELXL", Acta Cryst., C71, 3-8 (Open Access) if SHELXL proves useful.

 +++++++++++++++++++++++++++++++++++++++++++++++++++++++++++++++++++++++++++++
 +  job           finished at 19:50:29   Total elapsed time:      8.50 secs  +
 +++++++++++++++++++++++++++++++++++++++++++++++++++++++++++++++++++++++++++++
