
 +++++++++++++++++++++++++++++++++++++++++++++++++++++++++++++++++++
 +  SHELXL -  CRYSTAL STRUCTURE REFINEMENT  -   MULTI-CPU VERSION  +
 +  Copyright(C) George M. Sheldrick 1993-2023     Version 2019/3  +
 +  job                        started at 20:00:43 on 21-Sep-2026  +
 +++++++++++++++++++++++++++++++++++++++++++++++++++++++++++++++++++

 Command line parameters: job -a50000 -b3000 -c624 -g0 -m0 -t4

 -a sets the approximate maximum number of atoms including hydrogens.
 -b sets the maximum number of full-matrix parameters (not used by CGLS).
 For example -b9000 allows refinement of 1000 anisotropic atoms or 3000
 with BLOC 1. For a 32-bit version, -b times the square root of the
 number of threads should not exceed about 65500. -c sets the reflection
 buffer size. This depends on the CPU cache size but will rarely
 need changing.

 -g sets the number of reflection groups used for calculating R_complete,
 This must be greater than 1 but not greater than the total number of
 reflections for refinement. -m sets the current reflection group number.
 This may not be less than 1 nor greater than the number set by -g. These
 command line flags override other ways of defining free-R reflections.
 The -m value is also used as a seed for the WIGL pseudo-random shifts.

 -t sets the number of threads, otherwise it is set to the apparent
 number of CPUs. For optimal performance on hyperthreading systems,
 -t should be set to a little more than half the number of CPUs;
 e.g. -t4 or -t5 for an Intel i7 processor.

 Running  4 threads on  4 processors

 TITL CrystalPilot cross-check in P 6/m m m
 CELL 0.68883 39.19000 39.19000 16.61000 90.0000 90.0000 120.0000
 ZERR 3 0.00000 0.00000 0.00000 0.0000 0.0000 0.0000
 LATT 1
 SYMM X-Y,X,Z
 SYMM Y,-X+Y,Z
 SYMM -Y,X-Y,Z
 SYMM -X+Y,-X,Z
 SYMM X-Y,-Y,-Z
 SYMM -X,-X+Y,-Z
 SYMM -X,-Y,Z
 SYMM Y,X,-Z
 SYMM -Y,-X,-Z
 SYMM -X+Y,Y,-Z
 SYMM X,X-Y,-Z
 SFAC C H O Zr
 REM DISP lambda 0.68883 A is not a SHELXL built-in line (Cu/Mo/Ag K-alpha):
 REM DISP f'/f'' from cctbx (sasaki: C O Zr; henke: H), mu = NIST attenuation
 REM DISP in barn/atom
 DISP $C 0.002 0.002 10.99
 DISP $H 0.000 0.000 0.62
 DISP $O 0.007 0.006 30.28
 DISP $Zr -9.041 2.772 14341.91
 UNIT 264.0 132.0 96.0 18.0

 V =    22092.79     F(000) =    3204.0     Mu =   1.20 mm-1      Cell Wt =     6481.65    Rho =  0.487

  
 L.S. 12
 BOND $H
 CONF
 ACTA
 FMAP 2
 PLAN 20
 ABIN
 EQIV $1 X, Y, -Z+1
 EQIV $2 -X+1, -Y+1, Z
 EQIV $3 -X+1, -Y+1, -Z+1
 FREE ZR1 ZR2
 FREE ZR1 ZR2_$1
 FREE ZR1 ZR2_$2
 FREE ZR1 ZR2_$3
 FREE ZR2 ZR2_$1
 FREE ZR2 ZR2_$2
  
 SHEL 999 1.000
  
 SADI 0.020 O4 ZR2 O4B ZR2
 SIMU 0.040 0.080 O4 O4B
 SADI 0.020 O5 ZR2 O5B ZR2
 SIMU 0.040 0.080 O5 O5B
  
 WGHT 0.144400 0.000000
 FVAR 0.05121 0.80000 0.80000
 ZR1   4   0.463830   0.536170   0.500000    10.25000     0.08741     0.08741 =
       0.06894     0.00000     0.00000     0.05596
 ZR2   4   0.544998   0.544998   0.393677    10.50000     0.09119     0.09119 =
       0.08208     0.01233     0.01233     0.05712
 O1    3   0.482267   0.587240   0.582177    11.00000     0.10079     0.09652 =
       0.09770     0.00087    -0.00022     0.06690
 O2    3   0.534173   0.593110   0.649519    11.00000     0.10641     0.11896 =
       0.12844    -0.03937    -0.03322     0.07109
 O3    3   0.527374   0.563776   0.500000    10.50000     0.09943     0.19127 =
       0.09559     0.00000     0.00000     0.08851
 PART 1
 O4    3   0.536484   0.536484   0.260071    20.50000     0.13370
 O5    3   0.600080   0.600080   0.409779    30.50000     0.15366
 PART 0
 O6    3   0.518129   0.481871   0.393009    10.50000     0.12431     0.12431 =
       0.12761     0.01773    -0.01773     0.07785
 C1    1   0.509215   0.602806   0.634644    11.00000     0.10390     0.10741 =
       0.08301    -0.00210    -0.01856     0.06404
 C2    1   0.505177   0.690156   0.780632    11.00000     0.22042     0.11631 =
       0.07044     0.00012    -0.02232     0.09333
 C3    1   0.477794   0.641034   0.675753    11.00000     0.15220     0.11801 =
       0.12250    -0.04858    -0.02218     0.09238
 AFIX 43
 H3    2   0.458368   0.627760   0.637168    11.00000    -1.20000
 AFIX 0
 C4    1   0.507971   0.632754   0.685919    11.00000     0.16575     0.10765 =
       0.09745    -0.03156    -0.02631     0.09326
 C5    1   0.477059   0.669731   0.724580    11.00000     0.18024     0.14398 =
       0.11599    -0.00483     0.00363     0.11228
 AFIX 43
 H5    2   0.456553   0.675000   0.718396    11.00000    -1.20000
 AFIX 0
 C6    1   0.505300   0.722151   0.830803    11.00000     0.23172     0.09787 =
       0.09037    -0.02365    -0.01630     0.11078
 C7    1   0.505234   0.752617   0.792571    10.50000     0.26186     0.11786 =
       0.09419    -0.01602    -0.03203     0.13093
 AFIX 43
 H7    2   0.505136   0.752568   0.736581    10.50000    -1.20000
 AFIX 0
 C8    1   0.537918   0.652369   0.739777    11.00000     0.22794     0.10838 =
       0.11753    -0.06327    -0.05785     0.10736
 AFIX 43
 H8    2   0.558148   0.646570   0.743793    11.00000    -1.20000
 AFIX 0
 C9    1   0.504646   0.722129   0.913384    11.00000     0.25423     0.10858 =
       0.08475     0.00261    -0.00466     0.11223
 C10   1   0.505099   0.752549   0.956079    10.50000     0.27910     0.10920 =
       0.08329     0.00074     0.00148     0.13955
 C11   1   0.537732   0.680785   0.787929    11.00000     0.24696     0.12266 =
       0.10878    -0.00681    -0.05361     0.10849
 AFIX 43
 H11   2   0.557843   0.694225   0.825112    11.00000    -1.20000
 AFIX 0
 C12   1   0.504503   0.690137   0.959607    11.00000     0.31398     0.15666 =
       0.08483    -0.00747    -0.00032     0.15990
 AFIX 43
 H12   2   0.504411   0.669382   0.932269    11.00000    -1.20000
 AFIX 0
 PART 2
 O4B   3   0.500000   0.500000   0.228200   -20.50000     0.13370
 O5B   3   0.613700   0.613700   0.500000   -30.50000     0.15366
 PART 0
 HKLF 4



 Covalent radii and connectivity table for  CrystalPilot cross-check in P 6/m m m                                      
 C      0.770
 H      0.320
 O      0.660
 ZR     1.590

 Zr1 - O6_$3 O6_$2 O3 O3_$4 O1 O1_$5 O1_$4 O1_$1
 Zr2 - O6_$2 O6 O3_$6 O3 O5^a O4^a O2_$6 O2_$1 Zr1_$3
 O1 - C1 Zr1
 O2 - C1 Zr2_$1
 O3 - Zr2_$1 Zr2 Zr1
 O4^a - Zr2
 O5^a - Zr2
 O6 - Zr2_$2 Zr2 Zr1_$3
 C1 - O2 O1 C4
 C2 - C5 C11 C6
 C3 - C4 C5
 C4 - C8 C3 C1
 C5 - C2 C3
 C6 - C7 C9 C2
 C7 - C6_$7 C6
 C8 - C4 C11
 C9 - C6 C10 C12
 C10 - C9_$7 C9 C10_$8
 C11 - C8 C2
 C12 - C12_$8 C9
 O4B^b - no bonds found
 O5B^b - no bonds found


 Operators for generating equivalent atoms:
 $1   x, y, -z+1
 $2   -x+1, -y+1, z
 $3   -x+1, -y+1, -z+1
 $4   -y+1, -x+1, z
 $5   -y+1, -x+1, -z+1
 $6   y, x, -z+1
 $7   x, x-y+1, z
 $8   x, y, -z+2

   179481  Reflections outside SHEL resolution limits rejected


   337815  Reflections read, of which  179481  rejected

 -39 =< h =< 39,    -39 =< k =< 39,    -16 =< l =< 16,   Max. 2-theta =   40.28

        0  Systematic absence violations (I>3sig(I)) before merging

        0  Inconsistent equivalents

     4395  Unique reflections, of which       0  suppressed

 R(int) = 0.5659     R(sigma) = 0.1066      Friedel opposites merged

 Maximum memory for data reduction =     3119 /    48177


 Reflection statistics for all twin components combined (TWST 0 set)
 Number of data for d > 1.000A (CIF: max) and d > 1.000A (CIF: full)
 (ignoring systematic absences):
 Unique reflections found (point group)       4395    4395
 Unique reflections possible (point group)    4401    4401
 Unique reflections found (Laue group)        4395    4395
 Unique reflections possible (Laue group)     4401    4401

 Special position constraints for Zr1
 z =  0.5000   y = -1.0 * x + 1.0000   U22 = 1.0 * U11   U23 = 0   U13 = 0   
 sof = 0.25000   
 Input constraints retained (at least in part) for  sof

 Special position constraints for Zr2
 y =  1.0 * x + 0.0000   U22 = 1.0 * U11   U13 = 1.0 * U23   sof = 0.50000   
 Input constraints retained (at least in part) for  sof

 Special position constraints for O3
 z =  0.5000   U23 = 0   U13 = 0   sof = 0.50000   
 Input constraints retained (at least in part) for  sof

 Special position constraints for O4^a
 y =  1.0 * x + 0.0000   sof = 0.50000   
 Input constraints retained (at least in part) for  sof

 Special position constraints for O5^a
 y =  1.0 * x + 0.0000   sof = 0.50000   
 Input constraints retained (at least in part) for  sof

 Special position constraints for O6
 y = -1.0 * x + 1.0000   U22 = 1.0 * U11   U13 =-1.0 * U23   sof = 0.50000   
 Input constraints retained (at least in part) for  sof

 Special position constraints for C7
 y =  0.5 * x + 0.5000   U13 = 2.0 * U23   U12 = 0.5 * U11   sof = 0.50000   
 Input constraints retained (at least in part) for  sof

 Special position constraints for C10
 y =  0.5 * x + 0.5000   U13 = 2.0 * U23   U12 = 0.5 * U11   sof = 0.50000   
 Input constraints retained (at least in part) for  sof

 Special position constraints for O4B^b
 x =  0.5000   y =  0.5000   sof = 0.25000   
 Input constraints retained (at least in part) for  sof

 Special position constraints for O5B^b
 z =  0.5000   y =  1.0 * x + 0.0000   sof = 0.25000   
 Input constraints retained (at least in part) for  sof


 Default effective X-H and X-D distances for T =   20.0C 
 AFIX m =    1     2     3     4   4[N]  3[N]  15[B]  8[O]   9   9[N]   16
 d(X-H) =  0.98  0.97  0.96  0.93  0.86  0.89  1.10  0.82  0.93  0.86  0.93

 Note that these distances are chosen to give the best fit to the X-ray data
 and so avoid the introduction of systematic error.  The true internuclear
 distances are longer and do not vary with temperature!  The apparent
 variation with temperature is caused by libration.


 Least-squares cycle   1   Maximum vector length =  623   Memory required =     49 /   3550 /   233565

 wR2 =  0.2862 before cycle   1 for    4395 data and    155 /    155 parameters


 Disagreeable restraints before cycle    1

   Observed   Target    Error     Sigma     Restraint

                        1.0215    0.0200    SAME/SADI Zr2 O4^a Zr2 O4B^b
                        1.0448    0.0200    SAME/SADI Zr2 O5^a Zr2 O5B^b


 Summary of restraints applied in cycle    1

               ANTIBUMP  DFIX    DANG SAME/SADI CHIV/Z CHIV/NZ   FLAT    DELU    RIGU    SIMU    ISOR    SUMP

       Number       0       0       0       2       0       0       0       0       0       2       0       0

 rms sigma      0.0000  0.0000  0.0000  0.0200  0.0000  0.0000  0.0000  0.0000  0.0000  0.0800  0.0000  0.0000

 rms deviation  0.0000  0.0000  0.0000  1.0332  0.0000  0.0000  0.0000  0.0000  0.0000  0.0000  0.0000  0.0000


 GooF = S =     1.036;     Restrained GooF =      1.541 for       4 restraints

 Weight = 1 / [ sigma^2(Fo^2) + ( 0.1444 * P )^2 +   0.00 * P ]   where  P = ( Max ( Fo^2, 0 ) + 2 * Fc^2 ) / 3

 Shifts scaled down to reduce maximum shift/esd from   36.98  to   15.00


     N      value        esd    shift/esd  parameter

     1     0.05138     0.00023     0.724    OSF
     2     0.82006     0.01713     1.171   FVAR  2 
     3     0.84598     0.01830     2.512   FVAR  3 
   152     0.24303     0.00132    11.250     z  O4B^b
   154     0.60723     0.00060   -10.781     x  O5B^b

 Mean shift/esd =   0.363  Maximum =    11.250 for   z  O4B^b    

 Max. shift = 0.253 A for O5B^b        Max. dU =-0.013 for O4^a    


 Least-squares cycle   2   Maximum vector length =  623   Memory required =     49 /   3550 /   233565

 wR2 =  0.2726 before cycle   2 for    4395 data and    155 /    155 parameters


 Disagreeable restraints before cycle    2

   Observed   Target    Error     Sigma     Restraint

                        0.7929    0.0200    SAME/SADI Zr2 O4^a Zr2 O4B^b
                        0.8024    0.0200    SAME/SADI Zr2 O5^a Zr2 O5B^b


 Summary of restraints applied in cycle    2

               ANTIBUMP  DFIX    DANG SAME/SADI CHIV/Z CHIV/NZ   FLAT    DELU    RIGU    SIMU    ISOR    SUMP

       Number       0       0       0       2       0       0       0       0       0       2       0       0

 rms sigma      0.0000  0.0000  0.0000  0.0200  0.0000  0.0000  0.0000  0.0000  0.0000  0.0800  0.0000  0.0000

 rms deviation  0.0000  0.0000  0.0000  0.7977  0.0000  0.0000  0.0000  0.0000  0.0000  0.0125  0.0000  0.0000


 GooF = S =     0.988;     Restrained GooF =      1.296 for       4 restraints

 Weight = 1 / [ sigma^2(Fo^2) + ( 0.1444 * P )^2 +   0.00 * P ]   where  P = ( Max ( Fo^2, 0 ) + 2 * Fc^2 ) / 3

 Shifts scaled down to reduce maximum shift/esd from   29.62  to   15.00


     N      value        esd    shift/esd  parameter

     1     0.05135     0.00022    -0.117    OSF
     2     0.85595     0.01632     2.199   FVAR  2 
     3     0.90616     0.01712     3.514   FVAR  3 
   152     0.26234     0.00131    14.728     z  O4B^b
   154     0.59823     0.00061   -14.796     x  O5B^b

 Mean shift/esd =   0.393  Maximum =   -14.796 for   x  O5B^b    

 Max. shift = 0.353 A for O5B^b        Max. dU =-0.029 for O5B^b   


 Least-squares cycle   3   Maximum vector length =  623   Memory required =     49 /   3550 /   233565

 wR2 =  0.2681 before cycle   3 for    4395 data and    155 /    155 parameters


 Disagreeable restraints before cycle    3

   Observed   Target    Error     Sigma     Restraint

                        0.5225    0.0200    SAME/SADI Zr2 O4^a Zr2 O4B^b
                        0.5028    0.0200    SAME/SADI Zr2 O5^a Zr2 O5B^b


 Summary of restraints applied in cycle    3

               ANTIBUMP  DFIX    DANG SAME/SADI CHIV/Z CHIV/NZ   FLAT    DELU    RIGU    SIMU    ISOR    SUMP

       Number       0       0       0       2       0       0       0       0       0       2       0       0

 rms sigma      0.0000  0.0000  0.0000  0.0200  0.0000  0.0000  0.0000  0.0000  0.0000  0.0800  0.0000  0.0000

 rms deviation  0.0000  0.0000  0.0000  0.5127  0.0000  0.0000  0.0000  0.0000  0.0000  0.0247  0.0000  0.0000


 GooF = S =     0.971;     Restrained GooF =      1.106 for       4 restraints

 Weight = 1 / [ sigma^2(Fo^2) + ( 0.1444 * P )^2 +   0.00 * P ]   where  P = ( Max ( Fo^2, 0 ) + 2 * Fc^2 ) / 3

 Shifts scaled down to reduce maximum shift/esd from   19.18  to   15.00


     N      value        esd    shift/esd  parameter

     1     0.05128     0.00021    -0.323    OSF
     2     0.90988     0.01515     3.559   FVAR  2 
     3     0.94071     0.01504     2.298   FVAR  3 
   152     0.28145     0.00140    13.647     z  O4B^b
   154     0.58840     0.00067   -14.644     x  O5B^b

 Mean shift/esd =   0.410  Maximum =   -14.644 for   x  O5B^b    

 Max. shift = 0.386 A for O5B^b        Max. dU =-0.024 for O4B^b   


 Least-squares cycle   4   Maximum vector length =  623   Memory required =     49 /   3550 /   233565

 wR2 =  0.2682 before cycle   4 for    4395 data and    155 /    155 parameters


 Disagreeable restraints before cycle    4

   Observed   Target    Error     Sigma     Restraint

                        0.2854    0.0200    SAME/SADI Zr2 O4^a Zr2 O4B^b
                        0.2269    0.0200    SAME/SADI Zr2 O5^a Zr2 O5B^b


 Summary of restraints applied in cycle    4

               ANTIBUMP  DFIX    DANG SAME/SADI CHIV/Z CHIV/NZ   FLAT    DELU    RIGU    SIMU    ISOR    SUMP

       Number       0       0       0       2       0       0       0       0       0       2       0       0

 rms sigma      0.0000  0.0000  0.0000  0.0200  0.0000  0.0000  0.0000  0.0000  0.0000  0.0800  0.0000  0.0000

 rms deviation  0.0000  0.0000  0.0000  0.2578  0.0000  0.0000  0.0000  0.0000  0.0000  0.0137  0.0000  0.0000


 GooF = S =     0.971;     Restrained GooF =      1.007 for       4 restraints

 Weight = 1 / [ sigma^2(Fo^2) + ( 0.1444 * P )^2 +   0.00 * P ]   where  P = ( Max ( Fo^2, 0 ) + 2 * Fc^2 ) / 3


     N      value        esd    shift/esd  parameter

     1     0.05123     0.00021    -0.233    OSF
     2     0.96910     0.01352     4.380   FVAR  2 
     3     0.96239     0.01367     1.586   FVAR  3 
    41     0.60049     0.00026    -3.404     x  O5^a
   152     0.29599     0.00161     9.035     z  O4B^b
   154     0.58049     0.00079    -9.943     x  O5B^b

 Mean shift/esd =   0.409  Maximum =    -9.943 for   x  O5B^b    

 Max. shift = 0.310 A for O5B^b        Max. dU = 0.122 for O5B^b   


 Least-squares cycle   5   Maximum vector length =  623   Memory required =     49 /   3550 /   233565

 wR2 =  0.2657 before cycle   5 for    4395 data and    155 /    155 parameters


 Disagreeable restraints before cycle    5

   Observed   Target    Error     Sigma     Restraint

                        0.1319    0.0200    SAME/SADI Zr2 O4^a Zr2 O4B^b


 Summary of restraints applied in cycle    5

               ANTIBUMP  DFIX    DANG SAME/SADI CHIV/Z CHIV/NZ   FLAT    DELU    RIGU    SIMU    ISOR    SUMP

       Number       0       0       0       2       0       0       0       0       0       2       0       0

 rms sigma      0.0000  0.0000  0.0000  0.0200  0.0000  0.0000  0.0000  0.0000  0.0000  0.0800  0.0000  0.0000

 rms deviation  0.0000  0.0000  0.0000  0.1016  0.0000  0.0000  0.0000  0.0000  0.0000  0.0809  0.0000  0.0000


 GooF = S =     0.962;     Restrained GooF =      0.967 for       4 restraints

 Weight = 1 / [ sigma^2(Fo^2) + ( 0.1444 * P )^2 +   0.00 * P ]   where  P = ( Max ( Fo^2, 0 ) + 2 * Fc^2 ) / 3


     N      value        esd    shift/esd  parameter

     1     0.05118     0.00021    -0.236    OSF
     2     0.99306     0.01040     2.304   FVAR  2 
     3     0.99603     0.01382     2.435   FVAR  3 
   152     0.30587     0.00191     5.170     z  O4B^b

 Mean shift/esd =   0.212  Maximum =     5.170 for   z  O4B^b    

 Max. shift = 0.164 A for O4B^b        Max. dU = 0.045 for O5B^b   


 Least-squares cycle   6   Maximum vector length =  623   Memory required =     49 /   3550 /   233565

 wR2 =  0.2651 before cycle   6 for    4395 data and    155 /    155 parameters


 Summary of restraints applied in cycle    6

               ANTIBUMP  DFIX    DANG SAME/SADI CHIV/Z CHIV/NZ   FLAT    DELU    RIGU    SIMU    ISOR    SUMP

       Number       0       0       0       2       0       0       0       0       0       2       0       0

 rms sigma      0.0000  0.0000  0.0000  0.0200  0.0000  0.0000  0.0000  0.0000  0.0000  0.0800  0.0000  0.0000

 rms deviation  0.0000  0.0000  0.0000  0.0300  0.0000  0.0000  0.0000  0.0000  0.0000  0.1187  0.0000  0.0000


 GooF = S =     0.959;     Restrained GooF =      0.960 for       4 restraints

 Weight = 1 / [ sigma^2(Fo^2) + ( 0.1444 * P )^2 +   0.00 * P ]   where  P = ( Max ( Fo^2, 0 ) + 2 * Fc^2 ) / 3


     N      value        esd    shift/esd  parameter

     1     0.05115     0.00021    -0.130    OSF
     2     0.99723     0.00659     0.633   FVAR  2 
     3     1.00661     0.01373     0.770   FVAR  3 

 Mean shift/esd =   0.080  Maximum =     1.645 for   z  O4B^b    

 Max. shift = 0.057 A for O4B^b        Max. dU =-0.085 for O5B^b   


 Least-squares cycle   7   Maximum vector length =  623   Memory required =     49 /   3550 /   233565

 wR2 =  0.2651 before cycle   7 for    4395 data and    155 /    155 parameters


 Summary of restraints applied in cycle    7

               ANTIBUMP  DFIX    DANG SAME/SADI CHIV/Z CHIV/NZ   FLAT    DELU    RIGU    SIMU    ISOR    SUMP

       Number       0       0       0       2       0       0       0       0       0       2       0       0

 rms sigma      0.0000  0.0000  0.0000  0.0200  0.0000  0.0000  0.0000  0.0000  0.0000  0.0800  0.0000  0.0000

 rms deviation  0.0000  0.0000  0.0000  0.0053  0.0000  0.0000  0.0000  0.0000  0.0000  0.0631  0.0000  0.0000


 GooF = S =     0.959;     Restrained GooF =      0.959 for       4 restraints

 Weight = 1 / [ sigma^2(Fo^2) + ( 0.1444 * P )^2 +   0.00 * P ]   where  P = ( Max ( Fo^2, 0 ) + 2 * Fc^2 ) / 3


     N      value        esd    shift/esd  parameter

     1     0.05114     0.00021    -0.085    OSF
     2     1.00186     0.00652     0.709   FVAR  2 
     3     1.01827     0.01136     1.027   FVAR  3 

 Mean shift/esd =   0.044  Maximum =     1.027 for FVAR  3       

 Max. shift = 0.010 A for O4B^b        Max. dU =-0.055 for O5B^b   


 Least-squares cycle   8   Maximum vector length =  623   Memory required =     49 /   3550 /   233565

 wR2 =  0.2651 before cycle   8 for    4395 data and    155 /    155 parameters


 Summary of restraints applied in cycle    8

               ANTIBUMP  DFIX    DANG SAME/SADI CHIV/Z CHIV/NZ   FLAT    DELU    RIGU    SIMU    ISOR    SUMP

       Number       0       0       0       2       0       0       0       0       0       2       0       0

 rms sigma      0.0000  0.0000  0.0000  0.0200  0.0000  0.0000  0.0000  0.0000  0.0000  0.0800  0.0000  0.0000

 rms deviation  0.0000  0.0000  0.0000  0.0018  0.0000  0.0000  0.0000  0.0000  0.0000  0.0212  0.0000  0.0000


 GooF = S =     0.959;     Restrained GooF =      0.958 for       4 restraints

 Weight = 1 / [ sigma^2(Fo^2) + ( 0.1444 * P )^2 +   0.00 * P ]   where  P = ( Max ( Fo^2, 0 ) + 2 * Fc^2 ) / 3


     N      value        esd    shift/esd  parameter

     1     0.05112     0.00021    -0.067    OSF
     2     1.00818     0.00767     0.824   FVAR  2 
     3     1.03151     0.00973     1.361   FVAR  3 

 Mean shift/esd =   0.039  Maximum =     1.361 for FVAR  3       

 Max. shift = 0.005 A for O4B^b        Max. dU = 0.031 for O4B^b   


 Least-squares cycle   9   Maximum vector length =  623   Memory required =     49 /   3550 /   233565

 wR2 =  0.2649 before cycle   9 for    4395 data and    155 /    155 parameters


 Summary of restraints applied in cycle    9

               ANTIBUMP  DFIX    DANG SAME/SADI CHIV/Z CHIV/NZ   FLAT    DELU    RIGU    SIMU    ISOR    SUMP

       Number       0       0       0       2       0       0       0       0       0       2       0       0

 rms sigma      0.0000  0.0000  0.0000  0.0200  0.0000  0.0000  0.0000  0.0000  0.0000  0.0800  0.0000  0.0000

 rms deviation  0.0000  0.0000  0.0000  0.0000  0.0000  0.0000  0.0000  0.0000  0.0000  0.0009  0.0000  0.0000


 GooF = S =     0.958;     Restrained GooF =      0.958 for       4 restraints

 Weight = 1 / [ sigma^2(Fo^2) + ( 0.1444 * P )^2 +   0.00 * P ]   where  P = ( Max ( Fo^2, 0 ) + 2 * Fc^2 ) / 3


     N      value        esd    shift/esd  parameter

     1     0.05111     0.00021    -0.042    OSF
     2     1.01780     0.00864     1.113   FVAR  2 
     3     1.04340     0.00980     1.213   FVAR  3 

 Mean shift/esd =   0.035  Maximum =     1.213 for FVAR  3       

 Max. shift = 0.001 A for O6        Max. dU = 0.003 for O5B^b      


 Least-squares cycle  10   Maximum vector length =  623   Memory required =     49 /   3550 /   233565

 wR2 =  0.2647 before cycle  10 for    4395 data and    155 /    155 parameters


 Summary of restraints applied in cycle   10

               ANTIBUMP  DFIX    DANG SAME/SADI CHIV/Z CHIV/NZ   FLAT    DELU    RIGU    SIMU    ISOR    SUMP

       Number       0       0       0       2       0       0       0       0       0       2       0       0

 rms sigma      0.0000  0.0000  0.0000  0.0200  0.0000  0.0000  0.0000  0.0000  0.0000  0.0800  0.0000  0.0000

 rms deviation  0.0000  0.0000  0.0000  0.0000  0.0000  0.0000  0.0000  0.0000  0.0000  0.0002  0.0000  0.0000


 GooF = S =     0.957;     Restrained GooF =      0.957 for       4 restraints

 Weight = 1 / [ sigma^2(Fo^2) + ( 0.1444 * P )^2 +   0.00 * P ]   where  P = ( Max ( Fo^2, 0 ) + 2 * Fc^2 ) / 3


     N      value        esd    shift/esd  parameter

     1     0.05111     0.00021    -0.002    OSF
     2     1.02717     0.00870     1.078   FVAR  2 
     3     1.05338     0.00991     1.007   FVAR  3 

 Mean shift/esd =   0.030  Maximum =     1.078 for FVAR  2       

 Max. shift = 0.001 A for C1        Max. dU = 0.002 for O5B^b      


 Least-squares cycle  11   Maximum vector length =  623   Memory required =     49 /   3550 /   233565

 wR2 =  0.2644 before cycle  11 for    4395 data and    155 /    155 parameters


 Summary of restraints applied in cycle   11

               ANTIBUMP  DFIX    DANG SAME/SADI CHIV/Z CHIV/NZ   FLAT    DELU    RIGU    SIMU    ISOR    SUMP

       Number       0       0       0       2       0       0       0       0       0       2       0       0

 rms sigma      0.0000  0.0000  0.0000  0.0200  0.0000  0.0000  0.0000  0.0000  0.0000  0.0800  0.0000  0.0000

 rms deviation  0.0000  0.0000  0.0000  0.0000  0.0000  0.0000  0.0000  0.0000  0.0000  0.0000  0.0000  0.0000


 GooF = S =     0.956;     Restrained GooF =      0.956 for       4 restraints

 Weight = 1 / [ sigma^2(Fo^2) + ( 0.1444 * P )^2 +   0.00 * P ]   where  P = ( Max ( Fo^2, 0 ) + 2 * Fc^2 ) / 3


     N      value        esd    shift/esd  parameter

     1     0.05111     0.00021     0.000    OSF
     2     1.03536     0.00875     0.936   FVAR  2 
     3     1.06179     0.00999     0.841   FVAR  3 

 Mean shift/esd =   0.026  Maximum =     0.936 for FVAR  2       

 Max. shift = 0.001 A for O4B^b        Max. dU = 0.002 for O5B^b   


 Least-squares cycle  12   Maximum vector length =  623   Memory required =     49 /   3550 /   233565

 wR2 =  0.2643 before cycle  12 for    4395 data and    155 /    155 parameters


 Summary of restraints applied in cycle   12

               ANTIBUMP  DFIX    DANG SAME/SADI CHIV/Z CHIV/NZ   FLAT    DELU    RIGU    SIMU    ISOR    SUMP

       Number       0       0       0       2       0       0       0       0       0       2       0       0

 rms sigma      0.0000  0.0000  0.0000  0.0200  0.0000  0.0000  0.0000  0.0000  0.0000  0.0800  0.0000  0.0000

 rms deviation  0.0000  0.0000  0.0000  0.0000  0.0000  0.0000  0.0000  0.0000  0.0000  0.0000  0.0000  0.0000


 GooF = S =     0.956;     Restrained GooF =      0.955 for       4 restraints

 Weight = 1 / [ sigma^2(Fo^2) + ( 0.1444 * P )^2 +   0.00 * P ]   where  P = ( Max ( Fo^2, 0 ) + 2 * Fc^2 ) / 3


     N      value        esd    shift/esd  parameter

     1     0.05111     0.00021     0.000    OSF
     2     1.04251     0.00879     0.814   FVAR  2 
     3     1.06887     0.01005     0.705   FVAR  3 

 Mean shift/esd =   0.022  Maximum =     0.814 for FVAR  2       

 Max. shift = 0.000 A for O4B^b        Max. dU = 0.001 for O5B^b   


 Largest correlation matrix elements

     0.868 U12 O6 / U11 O6                   0.685 U12 C6 / U11 C6                   0.661 U12 C3 / U22 C3
     0.866 U12 Zr1 / U11 Zr1                 0.683 U12 C8 / U11 C8                   0.659 U12 C9 / U22 C9
     0.865 U12 Zr2 / U11 Zr2                 0.682 U12 C9 / U11 C9                   0.655 U12 C3 / U11 C3
     0.724 U12 C5 / U11 C5                   0.679 U12 O3 / U11 O3                   0.649 U12 C4 / U22 C4
     0.718 U12 C12 / U11 C12                 0.676 U12 O1 / U11 O1                   0.642 U12 O3 / U22 O3
     0.709 U12 C12 / U22 C12                 0.675 U12 C6 / U22 C6                   0.635 U12 C11 / U22 C11
     0.690 U12 C8 / U22 C8                   0.672 U12 C5 / U22 C5                   0.631 U12 O2 / U22 O2
     0.687 U12 O1 / U22 O1                   0.670 U12 C4 / U11 C4                   0.629 y O1 / x O1



 Idealized hydrogen atom generation before cycle  13

 Name     x       y       z    AFIX  d(X-H)  shift  Bonded to  Conformation determined by
 H3    0.4582  0.6276  0.6377   43   0.930   0.000   C3            C4  C5  
 H5    0.4563  0.6748  0.7190   43   0.930   0.000   C5            C2  C3  
 H7    0.5048  0.7524  0.7361   43   0.930   0.000   C7            C6_$7  C6  
 H8    0.5585  0.6469  0.7437   43   0.930   0.000   C8            C4  C11  
 H11   0.5573  0.6939  0.8259   43   0.930   0.000   C11           C8  C2  
 H12   0.5039  0.6691  0.9325   43   0.930   0.000   C12           C12_$8  C9  



  CrystalPilot cross-check in P 6/m m m                                      

 ATOM           x        y        z         sof        U11      U22      U33      U23      U13      U12       Ueq

 Zr1         0.46382  0.53618  0.50000    0.25000    0.08628  0.08628  0.06978  0.00000  0.00000  0.05481   0.07559
   0.00000   0.00003  0.00003  0.00000    0.00000    0.00121  0.00121  0.00132  0.00000  0.00000  0.00132   0.00071

 Zr2         0.54502  0.54502  0.39371    0.50000    0.09068  0.09068  0.08179  0.01213  0.01213  0.05663   0.08270
   0.00354   0.00004  0.00004  0.00009    0.00000    0.00093  0.00093  0.00107  0.00078  0.00078  0.00098   0.00060

 O1          0.48227  0.58723  0.58207    1.00000    0.10300  0.10005  0.09736 -0.00017 -0.00063  0.07140   0.09097
   0.01346   0.00016  0.00016  0.00033    0.00000    0.00421  0.00417  0.00396  0.00345  0.00343  0.00362   0.00162

 O2          0.53419  0.59309  0.64977    1.00000    0.10731  0.11973  0.12745 -0.03965 -0.03102  0.07111   0.11179
   0.01210   0.00017  0.00017  0.00036    0.00000    0.00472  0.00480  0.00494  0.00386  0.00382  0.00411   0.00203

 O3          0.52741  0.56385  0.50000    0.50000    0.10121  0.18716  0.09574  0.00000  0.00000  0.08896   0.12054
   0.01727   0.00023  0.00027  0.00000    0.00000    0.00624  0.00884  0.00570  0.00000  0.00000  0.00631   0.00296

 O4^a        0.53683  0.53683  0.25993    0.52126    0.13123
   0.01914   0.00022  0.00022  0.00053    0.00440    0.00335

 O5^a        0.60004  0.60004  0.40971    0.53444    0.16203
   0.02156   0.00025  0.00025  0.00058    0.00503    0.00419

 O6          0.51809  0.48191  0.39336    0.50000    0.12542  0.12542  0.12442  0.01788 -0.01788  0.07855   0.11805
   0.00809   0.00011  0.00011  0.00049    0.00000    0.00514  0.00514  0.00681  0.00256  0.00256  0.00576   0.00288

 C1          0.50915  0.60277  0.63459    1.00000    0.10650  0.10814  0.08213 -0.00133 -0.01668  0.06762   0.09272
   0.02226   0.00030  0.00027  0.00053    0.00000    0.00776  0.00755  0.00629  0.00557  0.00574  0.00651   0.00266

 C2          0.50538  0.69030  0.78064    1.00000    0.21657  0.10865  0.07229  0.00005 -0.02164  0.08758   0.12972
   0.02776   0.00042  0.00031  0.00057    0.00000    0.01324  0.00852  0.00653  0.00604  0.00755  0.00909   0.00397

 C3          0.47771  0.64094  0.67612    1.00000    0.15774  0.11922  0.12097 -0.05154 -0.02772  0.09513   0.12114
   0.02136   0.00031  0.00028  0.00057    0.00000    0.00929  0.00777  0.00769  0.00640  0.00678  0.00753   0.00335

 H3          0.45821  0.62760  0.63770    1.00000    0.14536
                                          0.00000    0.00000

 C4          0.50793  0.63268  0.68590    1.00000    0.16378  0.10510  0.09446 -0.02785 -0.02571  0.09130   0.11041
   0.02377   0.00034  0.00028  0.00056    0.00000    0.00998  0.00741  0.00688  0.00615  0.00698  0.00775   0.00306

 C5          0.47693  0.66962  0.72487    1.00000    0.17880  0.14270  0.11558 -0.00518  0.00573  0.10982   0.13261
   0.02866   0.00034  0.00033  0.00065    0.00000    0.01133  0.00953  0.00835  0.00761  0.00796  0.00903   0.00363

 H5          0.45632  0.67475  0.71902    1.00000    0.15913
                                          0.00000    0.00000

 C6          0.50521  0.72205  0.83082    1.00000    0.22759  0.09655  0.09184 -0.02261 -0.01513  0.10678   0.12722
   0.02298   0.00034  0.00027  0.00059    0.00000    0.01176  0.00733  0.00712  0.00634  0.00735  0.00796   0.00362

 C7          0.50503  0.75251  0.79213    0.50000    0.26338  0.11604  0.09103 -0.01549 -0.03098  0.13169   0.14045
   0.02978   0.00048  0.00024  0.00077    0.00000    0.01930  0.00708  0.00987  0.00540  0.01081  0.00965   0.00592

 H7          0.50477  0.75238  0.73614    0.50000    0.16854
                                          0.00000    0.00000

 C8          0.53811  0.65242  0.73982    1.00000    0.23209  0.10747  0.11746 -0.06226 -0.05975  0.10792   0.14211
   0.02442   0.00036  0.00029  0.00060    0.00000    0.01255  0.00794  0.00788  0.00678  0.00856  0.00874   0.00425

 H8          0.55852  0.64688  0.74365    1.00000    0.17053
                                          0.00000    0.00000

 C9          0.50478  0.72230  0.91310    1.00000    0.24931  0.10860  0.08678  0.00373 -0.00320  0.11063   0.13883
   0.02483   0.00036  0.00029  0.00059    0.00000    0.01337  0.00802  0.00722  0.00635  0.00786  0.00886   0.00410

 C10         0.50507  0.75254  0.95605    0.50000    0.27209  0.10753  0.08374  0.00035  0.00070  0.13604   0.13617
   0.03084   0.00048  0.00024  0.00068    0.00000    0.01821  0.00589  0.00830  0.00481  0.00962  0.00910   0.00562

 C11         0.53741  0.68066  0.78812    1.00000    0.25980  0.12277  0.10853 -0.00964 -0.05480  0.11289   0.15604
   0.02623   0.00041  0.00032  0.00061    0.00000    0.01497  0.00922  0.00840  0.00702  0.00869  0.01022   0.00466

 H11         0.55726  0.69387  0.82593    1.00000    0.18724
                                          0.00000    0.00000

 C12         0.50423  0.68997  0.95977    1.00000    0.30678  0.15721  0.08375 -0.00627  0.00129  0.15533   0.16510
   0.02488   0.00036  0.00032  0.00047    0.00000    0.01497  0.00944  0.00615  0.00594  0.00746  0.01069   0.00466

 H12         0.50387  0.66907  0.93249    1.00000    0.19812
                                          0.00000    0.00000

 O4B^b       0.50000  0.50000  0.31011    0.00000    0.13121
   0.03585   0.00000  0.00000  0.00216    0.00440    0.08149

 O5B^b       0.57732  0.57732  0.50000    0.00000    0.16205
   0.07744   0.00099  0.00099  0.00000    0.00503    0.08153



 Final Structure Factor Calculation for  CrystalPilot cross-check in P 6/m m m                                      

 Total number of l.s. parameters =   155  Maximum vector length =  623   Memory required =     49 /   3395 /    28035

 wR2 =  0.2641 before cycle  13 for    4395 data and      0 /    155 parameters


 Summary of restraints applied in cycle   13

               ANTIBUMP  DFIX    DANG SAME/SADI CHIV/Z CHIV/NZ   FLAT    DELU    RIGU    SIMU    ISOR    SUMP

       Number       0       0       0       2       0       0       0       0       0       2       0       0

 rms sigma      0.0000  0.0000  0.0000  0.0200  0.0000  0.0000  0.0000  0.0000  0.0000  0.0800  0.0000  0.0000

 rms deviation  0.0000  0.0000  0.0000  0.0000  0.0000  0.0000  0.0000  0.0000  0.0000  0.0000  0.0000  0.0000


 GooF = S =     0.955;     Restrained GooF =      0.955 for       4 restraints

 Weight = 1 / [ sigma^2(Fo^2) + ( 0.1444 * P )^2 +   0.00 * P ]   where  P = ( Max ( Fo^2, 0 ) + 2 * Fc^2 ) / 3

 wR2 = 0.2641, GooF = S = 0.955, Restrained GooF = 0.955 for all data
 R1 = 0.0893 for 2063 Fo > 4sig(Fo) and 0.1372 for all 4395 data

 Occupancy sum of asymmetric unit =    15.81 for non-hydrogen and     5.50 for H and D atoms



 Principal mean square atomic displacements U

   0.0941   0.0698   0.0629   Zr1  
   0.1062   0.0738   0.0681   Zr2  
   0.1153   0.0974   0.0602   O1  
   0.1676   0.0848   0.0829   O2  
   0.1874   0.0957   0.0784   O3  
   0.1480   0.1360   0.0702   O6  
   0.1198   0.0942   0.0642   C1  
   0.2250   0.0978   0.0664   C2  
   0.1876   0.1201   0.0557   C3  
   0.1748   0.0932   0.0632   C4  
   0.1857   0.1202   0.0920   C5  
   0.2295   0.0991   0.0531   C6  
   0.2688   0.0856   0.0669   C7    may be split into  0.5104  0.7525  0.7899  and  0.4997  0.7525  0.7943
   0.2578   0.1231   0.0454   C8  
   0.2509   0.0898   0.0758   C9    may be split into  0.5096  0.7217  0.9128  and  0.5000  0.7229  0.9134
   0.2721   0.0837   0.0527   C10    may be split into  0.5106  0.7525  0.9561  and  0.4995  0.7525  0.9560
   0.2810   0.1071   0.0799   C11    may be split into  0.5420  0.6798  0.7842  and  0.5328  0.6815  0.7921
   0.3068   0.1074   0.0810   C12    may be split into  0.5100  0.6900  0.9598  and  0.4985  0.6899  0.9597

 ** Warning:     5  atoms may be split and     0  atoms NPD **



 Analysis of variance for reflections employed in refinement      K = Mean[Fo^2] / Mean[Fc^2]  for group


 Fc/Fc(max)       0.000    0.005    0.008    0.015    0.022    0.028    0.036    0.045    0.062    0.101    1.000

 Number in group       523.     362.     463.     473.     407.     453.     424.     415.     432.     443.

            GooF      0.682    0.725    0.657    0.698    0.718    0.892    1.036    1.181    1.331    1.325

             K      -20.454   -3.374    0.598    1.236    1.057    1.038    0.985    1.007    1.028    0.997


 Resolution(A)    1.00     1.04     1.08     1.13     1.20     1.28     1.38     1.52     1.77     2.26     inf

 Number in group       445.     444.     438.     443.     436.     431.     437.     444.     437.     440.

            GooF      0.659    0.667    0.662    0.719    0.739    0.811    0.885    0.875    0.986    1.889

             K        0.898    0.969    0.967    0.948    0.864    0.861    0.963    0.982    1.049    0.994

             R1       0.337    0.260    0.234    0.214    0.244    0.222    0.119    0.095    0.075    0.114


 Recommended weighting scheme:  WGHT    0.1542    0.0000


 Most Disagreeable Reflections (* if suppressed or used for Rfree).
 Error/esd is calculated as sqrt(wD^2/<wD^2>) where w is given by the weight
 formula, D = Fo^2-Fc^2 and <> refers to the average over all reflections.

     h   k   l          Fo^2          Fc^2    Error/esd  Fc/Fc(max)  Resolution(A)

    -3   8   0       6498.86       1503.51       9.84       0.052       4.85
    -1   5   0       1314.76        214.56       7.86       0.020       7.41
     0   9   0      10389.31       4102.01       6.14       0.087       3.77
     0   3   2        997.18       3074.86       6.01       0.075       6.69
    -5  10   2       5293.64       2315.79       5.72       0.065       3.54
    -2   6   2       3031.35       7895.84       5.65       0.120       5.08
     0   1   2      12442.84       6051.55       5.39       0.105       8.07
    -3   6   2      34784.26      17306.19       5.22       0.178       5.13
     0   2   2      26742.70      60083.29       4.98       0.332       7.46
    -4  10   2       1959.73        877.56       4.97       0.040       3.53
    -6  12   2       1447.71        405.76       4.89       0.027       3.04
    -4   9   0       2734.66       1213.02       4.82       0.047       4.35
     0   5   3      11438.31       6025.71       4.73       0.105       4.29
     0   8   1       1897.46        739.70       4.71       0.037       4.11
    -1   9   0       1804.37        513.97       4.61       0.031       3.97
    -1   8   3         53.19        745.79       4.54       0.037       3.49
    -2  16   2       3904.77       2078.27       4.43       0.062       2.17
    -3   8   2      29707.83      16858.56       4.35       0.176       4.19
    -2   6   0       6780.98      13262.60       4.25       0.156       6.41
    -2   8   2      13969.84       8051.02       4.21       0.121       4.09
     0  12   2       1162.40       2636.76       4.17       0.070       2.68
     0   0   4       3845.96       8187.25       4.06       0.122       4.15
    -2  14   2       1170.45        473.13       3.98       0.029       2.47
    -1   2   2       4140.22       7674.26       3.94       0.119       7.65
     0   5   5        696.14       1698.72       3.90       0.056       2.98
    -1   8   0       7697.95       4511.76       3.88       0.091       4.50
    -2   4   6       2212.68       1102.34       3.85       0.045       2.66
    -2   5   0       4578.69       8327.52       3.84       0.124       7.79
    -3   7   0       8779.23       5221.40       3.84       0.098       5.58
    -7  18   7       1380.98        589.46       3.83       0.033       1.60
    -1   4   4        476.23       1097.21       3.80       0.045       3.80
    -4  10   6       3710.61       2191.05       3.74       0.063       2.26
    -3   9   5        619.37       1306.19       3.62       0.049       2.62
    -4  16   2       1334.03        637.40       3.57       0.034       2.26
    -2   6   1      16743.46      28748.53       3.56       0.230       5.98
    -7  14   3       1145.35        362.28       3.54       0.026       2.50
    -4  14   1       5848.82       3645.84       3.50       0.082       2.68
    -2  12   2        461.18         28.07       3.44       0.007       2.86
    -4  11   4       8203.66       5217.41       3.40       0.098       2.68
    -2  10   3       6034.55       3831.42       3.37       0.084       3.08
     0   9   3        629.05       1439.40       3.37       0.051       3.12
    -4  14   2       3027.26       1859.18       3.36       0.058       2.58
    -1   4   7       2084.55       1211.09       3.31       0.047       2.30
     0  14   2       1894.61        940.59       3.31       0.042       2.33
    -1   5   1       3556.47       2276.67       3.29       0.065       6.76
    -5  11   0       3585.52       2152.43       3.28       0.063       3.56
    -3   6   0      12681.48       7987.29       3.28       0.121       6.53
    -2  11   1       9440.99       6147.26       3.24       0.106       3.28
    -8  25   0       2866.05       5022.01       3.23       0.096       1.53
    -9  20   7       1021.84        412.62       3.22       0.027       1.51



 Bond lengths and angles

 Zr1 -           Distance        Angles
 O6_$3     2.1552 (0.0073) 
 O6_$2     2.1552 (0.0073)  110.55 (0.45)
 O3        2.1640 (0.0077)   71.29 (0.17)  71.29 (0.17)
 O3_$4     2.1640 (0.0077)   71.29 (0.17)  71.29 (0.17) 111.44 (0.49)
 O1        2.2220 (0.0056)   77.26 (0.22) 141.99 (0.14)  76.94 (0.23) 141.90 (0.13)
 O1_$5     2.2220 (0.0056)  141.99 (0.13)  77.26 (0.22) 141.90 (0.13)  76.94 (0.23) 120.27 (0.29)
 O1_$4     2.2220 (0.0056)   77.26 (0.22) 141.99 (0.13) 141.90 (0.13)  76.94 (0.23)  75.60 (0.27)  75.69 (0.27)
 O1_$1     2.2220 (0.0056)  141.99 (0.14)  77.26 (0.22)  76.94 (0.23) 141.90 (0.13)  75.69 (0.27)  75.60 (0.27) 120.27 (0.29)
                 Zr1             O6_$3         O6_$2         O3            O3_$4         O1            O1_$5         O1_$4        

 Zr2 -           Distance        Angles
 O6_$2     2.1496 (0.0045) 
 O6        2.1497 (0.0045)   69.69 (0.34)
 O3_$6     2.1558 (0.0047)  109.82 (0.33)  71.55 (0.28)
 O3        2.1558 (0.0047)   71.55 (0.28) 109.83 (0.33)  70.03 (0.35)
 O5^a      2.1726 (0.0099)  144.57 (0.17) 144.58 (0.17)  83.62 (0.31)  83.61 (0.31)
 O4^a      2.2451 (0.0088)   83.11 (0.29)  83.11 (0.29) 144.31 (0.17) 144.30 (0.18) 105.24 (0.35)
 O2_$6     2.2471 (0.0058)  140.70 (0.24)  75.96 (0.23)  75.48 (0.25) 140.35 (0.25)  73.57 (0.19)  74.23 (0.19)
 O2_$1     2.2471 (0.0058)   75.96 (0.23) 140.70 (0.24) 140.35 (0.25)  75.48 (0.25)  73.56 (0.19)  74.23 (0.19) 125.62 (0.31)
 Zr1_$3    3.5015 (0.0017)   89.34 (0.20)  35.62 (0.19)  35.93 (0.20)  89.72 (0.21) 116.00 (0.17) 115.28 (0.14)  72.65 (0.15)
                 Zr2             O6_$2         O6            O3_$6         O3            O5^a          O4^a          O2_$6        

 O1 -            Distance        Angles
 C1        1.2650 (0.0089) 
 Zr1       2.2220 (0.0056)  132.41 (0.55)
                 O1              C1           

 O2 -            Distance        Angles
 C1        1.2424 (0.0090) 
 Zr2_$1    2.2471 (0.0058)  134.43 (0.59)
                 O2              C1           

 O3 -            Distance        Angles
 Zr2_$1    2.1558 (0.0047) 
 Zr2       2.1558 (0.0047)  109.96 (0.35)
 Zr1       2.1640 (0.0076)  108.30 (0.27) 108.30 (0.27)
                 O3              Zr2_$1        Zr2          

 O4^a -          Distance        Angles
 Zr2       2.2451 (0.0088) 
                 O4^a           

 O5^a -          Distance        Angles
 Zr2       2.1726 (0.0098) 
                 O5^a           

 O6 -            Distance        Angles
 Zr2_$2    2.1496 (0.0045) 
 Zr2       2.1497 (0.0045)  110.31 (0.34)
 Zr1_$3    2.1551 (0.0073)  108.86 (0.25) 108.86 (0.25)
                 O6              Zr2_$2        Zr2          

 C1 -            Distance        Angles
 O2        1.2424 (0.0090) 
 O1        1.2650 (0.0089)  126.00 (0.89)
 C4        1.4692 (0.0114)  118.15 (0.90) 115.65 (0.88)
                 C1              O2            O1           

 C2 -            Distance        Angles
 C5        1.3616 (0.0124) 
 C11       1.4855 (0.0139)  116.75 (1.02)
 C6        1.5007 (0.0121)  121.97 (1.22) 121.26 (1.10)
                 C2              C5            C11          

 C3 -            Distance        Angles
 C4        1.3848 (0.0110) 
 C5        1.3978 (0.0114)  119.00 (0.96)
 H3        0.9300           120.50        120.50       
                 C3              C4            C5           

 C4 -            Distance        Angles
 C8        1.3725 (0.0116) 
 C3        1.3848 (0.0110)  122.78 (0.91)
 C1        1.4692 (0.0114)  117.75 (0.99) 119.42 (0.95)
                 C4              C8            C3           

 C5 -            Distance        Angles
 C2        1.3616 (0.0125) 
 C3        1.3978 (0.0114)  122.14 (1.05)
 H5        0.9300           118.92        118.93       
                 C5              C2            C3           

 C6 -            Distance        Angles
 C7        1.3589 (0.0101) 
 C9        1.3669 (0.0108)  117.45 (0.95)
 C2        1.5007 (0.0121)  118.04 (0.90) 124.50 (0.87)
                 C6              C7            C9           

 C7 -            Distance        Angles
 C6_$7     1.3588 (0.0101) 
 C6        1.3589 (0.0101)  123.55 (1.25)
 H7        0.9300           118.22        118.22       
                 C7              C6_$7         C6           

 C8 -            Distance        Angles
 C4        1.3725 (0.0115) 
 C11       1.3783 (0.0122)  118.36 (1.08)
 H8        0.9300           120.82        120.83       
                 C8              C4            C11          

 C9 -            Distance        Angles
 C6        1.3669 (0.0108) 
 C10       1.3780 (0.0102)  121.93 (0.95)
 C12       1.4762 (0.0111)  120.92 (0.87) 117.15 (0.88)
                 C9              C6            C10          

 C10 -           Distance        Angles
 C9_$7     1.3782 (0.0102) 
 C9        1.3780 (0.0102)  117.64 (1.18)
 C10_$8    1.4599 (0.0227)  121.17 (0.59) 121.18 (0.59)
                 C10             C9_$7         C9           

 C11 -           Distance        Angles
 C8        1.3783 (0.0122) 
 C2        1.4855 (0.0139)  120.92 (1.06)
 H11       0.9300           119.54        119.54       
                 C11             C8            C2           

 C12 -           Distance        Angles
 C12_$8    1.3364 (0.0156) 
 C9        1.4762 (0.0111)  121.67 (0.52)
 H12       0.9300           119.17        119.16       
                 C12             C12_$8        C9           



 Selected torsion angles

    -4.53 ( 1.45)  Zr2_$1 - O2 - C1 - O1
   170.00 ( 0.62)  Zr2_$1 - O2 - C1 - C4
     4.09 ( 1.36)  Zr1 - O1 - C1 - O2
  -170.56 ( 0.55)  Zr1 - O1 - C1 - C4
    -2.23 ( 1.64)  C5 - C3 - C4 - C8
  -179.60 ( 0.86)  C5 - C3 - C4 - C1
     9.55 ( 1.37)  O2 - C1 - C4 - C8
  -175.36 ( 0.86)  O1 - C1 - C4 - C8
  -172.96 ( 0.91)  O2 - C1 - C4 - C3
     2.14 ( 1.34)  O1 - C1 - C4 - C3
    -0.62 ( 1.54)  C11 - C2 - C5 - C3
   177.81 ( 0.94)  C6 - C2 - C5 - C3
     1.33 ( 1.59)  C4 - C3 - C5 - C2
   -56.78 ( 1.75)  C5 - C2 - C6 - C7
   121.57 ( 1.35)  C11 - C2 - C6 - C7
   122.46 ( 1.32)  C5 - C2 - C6 - C9
   -59.18 ( 1.73)  C11 - C2 - C6 - C9
     1.30 ( 2.69)  C9 - C6 - C7 - C6_$7
  -179.40 ( 1.12)  C2 - C6 - C7 - C6_$7
     2.37 ( 1.65)  C3 - C4 - C8 - C11
   179.77 ( 0.89)  C1 - C4 - C8 - C11
    -1.47 ( 2.24)  C7 - C6 - C9 - C10
   179.28 ( 1.38)  C2 - C6 - C9 - C10
   178.90 ( 1.28)  C7 - C6 - C9 - C12
    -0.34 ( 2.07)  C2 - C6 - C9 - C12
     1.65 ( 2.69)  C6 - C9 - C10 - C9_$7
  -178.71 ( 0.93)  C12 - C9 - C10 - C9_$7
  -179.28 ( 0.91)  C6 - C9 - C10 - C10_$8
     0.36 ( 1.60)  C12 - C9 - C10 - C10_$8
    -1.59 ( 1.62)  C4 - C8 - C11 - C2
     0.76 ( 1.59)  C5 - C2 - C11 - C8
  -177.68 ( 0.96)  C6 - C2 - C11 - C8
   179.28 ( 0.89)  C6 - C9 - C12 - C12_$8
    -0.36 ( 1.61)  C10 - C9 - C12 - C12_$8


 FMAP and GRID set by program

 FMAP   2   1 167
 GRID    -0.610  -1  -1     0.610   1   1

 R1 =  0.1305 for   4395 unique reflections after merging for Fourier


 Electron density synthesis with coefficients Fo-Fc

 Highest peak    0.81  at  0.0000  0.5000  0.2397  [  1.17 A from O4B ]
 Deepest hole   -0.85  at  0.5061  0.4939  0.5000  [  1.95 A from O6 ]


 Fourier peaks appended to .res file

              x       y       z       sof     U      Peak   Distances to nearest atoms (including eq.)

 Q1    1   0.5000  0.5000  0.2397   0.25000  0.05    0.81   1.17 O4B  1.48 O4  2.83 O6  3.11 ZR2
 Q2    1   0.6125  0.6125  0.5000   0.25000  0.05    0.67   1.38 O5B  1.58 O5  2.90 O3  3.18 ZR2
 Q3    1   0.5531  0.5531  0.2717   0.50000  0.05    0.63   0.67 O4  2.05 ZR2  2.18 O4B  2.42 O2
 Q4    1   0.4515  0.5485  0.4633   0.50000  0.05    0.44   1.04 ZR1  1.58 O1  2.37 O6  2.41 O1
 Q5    1   0.5656  0.5539  0.3574   1.00000  0.05    0.34   0.93 ZR2  1.61 O2  1.85 O5  1.89 O4
 Q6    1   0.5607  0.5607  0.3572   0.50000  0.05    0.33   0.86 ZR2  1.77 O5  1.87 O4  2.01 O2
 Q7    1   0.5972  0.5972  0.3608   0.50000  0.05    0.26   0.82 O5  2.12 ZR2  2.40 O2  2.44 O5B
 Q8    1   0.4586  0.6091  0.7025   1.00000  0.05    0.25   1.17 C3  1.30 H3  1.70 C4  2.14 C5
 Q9    1   0.5556  0.5556  0.1967   0.50000  0.05    0.25   1.28 O4  2.88 O4B  3.26 O2  3.30 ZR2
 Q10   1   0.4410  0.6237  0.6501   1.00000  0.05    0.24   0.65 H3  1.32 C3  2.06 C5  2.11 H5
 Q11   1   1.0000  1.0000  0.7075   0.08333  0.05    0.23   15.51 H11  15.79 O5  15.87 H8  16.13 C11
 Q12   1   0.4638  0.6038  0.6013   1.00000  0.05    0.21   1.22 H3  1.23 O1  1.78 C3  1.88 C1
 Q13   1   0.5245  0.5547  0.2179   1.00000  0.05    0.21   1.25 O4  2.41 O4B  2.58 O2  3.10 ZR2
 Q14   1   0.5394  0.6264  0.6071   1.00000  0.05    0.20   1.17 C1  1.41 O2  1.90 C4  2.03 O1
 Q15   1   0.5604  0.6456  0.7110   1.00000  0.05    0.19   0.55 H8  1.14 C8  1.90 C4  2.05 O2
 Q16   1   0.5270  0.6259  0.6901   1.00000  0.05    0.18   0.91 C4  1.22 C8  1.24 C1  1.41 H8
 Q17   1   0.4786  0.6126  0.6630   1.00000  0.05    0.17   1.09 C4  1.15 C3  1.28 H3  1.50 C1
 Q18   1   0.5574  0.5574  0.4206   0.50000  0.05    0.17   0.66 ZR2  1.53 O5B  1.68 O5  1.87 O3
 Q19   1   0.5375  0.6297  0.8042   1.00000  0.05    0.17   1.26 H8  1.39 C8  2.02 C11  2.26 H11
 Q20   1   0.4385  0.6467  0.6798   1.00000  0.05    0.17   1.16 H5  1.49 H3  1.51 C5  1.66 C3

 Shortest distances between peaks (including symmetry equivalents)

      5   6  0.40      5   5  0.80      8  17  0.98      6  18  1.06     10  20  1.07      5  18  1.13     12  17  1.14
     15  16  1.19      4   4  1.22      3   9  1.25      9  13  1.25      8  10  1.40      6   7  1.43      3   6  1.45
     14  16  1.46      3  13  1.46      3   5  1.50      5   7  1.52     10  12  1.66      8  12  1.72     15  19  1.74
     10  17  1.75     16  17  1.75      7  18  1.85      1  13  1.90     14  15  1.90     16  19  1.93      8  20  2.02
     13  13  2.05      1   3  2.15      4  12  2.24      3   7  2.28      1   9  2.29     14  17  2.35      2   7  2.39
      8  16  2.43      3  18  2.48      5  13  2.53      2  18  2.53     10  10  2.54     17  20  2.54     12  16  2.63
     12  14  2.64     18  18  2.64     12  12  2.65      8   8  2.66      6  13  2.66      6   9  2.67     12  20  2.68
      5   9  2.70     13  19  2.74      5  14  2.78      5  13  2.83     15  17  2.90      8  10  2.95


 Time profile in seconds
 -----------------------

      0.02: Read and process instructions
      0.00: Fit rigid groups
      0.00: Interpret restraints etc.
      0.00: Generate connectivity array
      0.00: Analyse DFIX and DANG restraints
      0.00: Analyse SAME, SADI and NCSY restraints
      0.00: Generate CHIV restraints
      0.00: Check if bonds in residues restrained
      0.00: Generate DELU and RIGU restraints
      0.00: Generate SIMU restraints
      0.00: Generate ISOR restraints
      0.00: Analyse electron density
      0.00: Analyse other restraints etc.
      0.45: Read intensity data, sort/merge etc.
      0.00: Set up constraints
      0.45: OSF, H-atoms from difference map
      0.05: Set up l.s. refinement
      0.00: Generate idealized H-atoms
      0.09: Structure factors and derivatives
      0.01: Sum l.s. matrices
      0.00: Generate and apply antibumping restraints
      0.00: Apply other restraints
      0.00: Solve l.s. equations
      0.00: Generate HTAB table
      7.48: Other dependent quantities, CIF, tables
      0.00: Analysis of variance
      0.06: Merge reflections for Fourier and .fcf
      0.06: Fourier summations
      0.03: Peaksearch
      0.00: Analyse peaklist

 ** WARNING: These times are only approximate for multiple threads.
             To get better estimates run with -t1 **

   Please cite: G.M. Sheldrick (2015) "Crystal structure refinement with
   SHELXL", Acta Cryst., C71, 3-8 (Open Access) if SHELXL proves useful.

 +++++++++++++++++++++++++++++++++++++++++++++++++++++++++++++++++++++++++++++
 +  job           finished at 20:00:51   Total elapsed time:      8.75 secs  +
 +++++++++++++++++++++++++++++++++++++++++++++++++++++++++++++++++++++++++++++
