
 +++++++++++++++++++++++++++++++++++++++++++++++++++++++++++++++++++
 +  SHELXL -  CRYSTAL STRUCTURE REFINEMENT  -   MULTI-CPU VERSION  +
 +  Copyright(C) George M. Sheldrick 1993-2023     Version 2019/3  +
 +  job                        started at 19:42:10 on 21-Sep-2026  +
 +++++++++++++++++++++++++++++++++++++++++++++++++++++++++++++++++++

 Command line parameters: job -a50000 -b3000 -c624 -g0 -m0 -t4

 -a sets the approximate maximum number of atoms including hydrogens.
 -b sets the maximum number of full-matrix parameters (not used by CGLS).
 For example -b9000 allows refinement of 1000 anisotropic atoms or 3000
 with BLOC 1. For a 32-bit version, -b times the square root of the
 number of threads should not exceed about 65500. -c sets the reflection
 buffer size. This depends on the CPU cache size but will rarely
 need changing.

 -g sets the number of reflection groups used for calculating R_complete,
 This must be greater than 1 but not greater than the total number of
 reflections for refinement. -m sets the current reflection group number.
 This may not be less than 1 nor greater than the number set by -g. These
 command line flags override other ways of defining free-R reflections.
 The -m value is also used as a seed for the WIGL pseudo-random shifts.

 -t sets the number of threads, otherwise it is set to the apparent
 number of CPUs. For optimal performance on hyperthreading systems,
 -t should be set to a little more than half the number of CPUs;
 e.g. -t4 or -t5 for an Intel i7 processor.

 Running  4 threads on  4 processors

 TITL CrystalPilot cross-check in P 6/m m m
 CELL 0.68883 39.19000 39.19000 16.61000 90.0000 90.0000 120.0000
 ZERR 24 0.00000 0.00000 0.00000 0.0000 0.0000 0.0000
 LATT 1
 SYMM X-Y,X,Z
 SYMM Y,-X+Y,Z
 SYMM -Y,X-Y,Z
 SYMM -X+Y,-X,Z
 SYMM X-Y,-Y,-Z
 SYMM -X,-X+Y,-Z
 SYMM -X,-Y,Z
 SYMM Y,X,-Z
 SYMM -Y,-X,-Z
 SYMM -X+Y,Y,-Z
 SYMM X,X-Y,-Z
 SFAC C O Zr
 REM DISP lambda 0.68883 A is not a SHELXL built-in line (Cu/Mo/Ag K-alpha):
 REM DISP f'/f'' from cctbx (sasaki: C O Zr), mu = NIST attenuation in
 REM DISP barn/atom
 DISP $C 0.002 0.002 10.99
 DISP $O 0.007 0.006 30.28
 DISP $Zr -9.041 2.772 14341.91
 UNIT 556.0 124.0 18.0

 V =    22092.79     F(000) =    5048.0     Mu =   1.21 mm-1      Cell Wt =    10303.52    Rho =  0.774

  
 L.S. 6
 BOND $H
 CONF
 ACTA
 FMAP 2
 PLAN 20
  
 SHEL 999 1.000
  
 WGHT 0.100000 0.000000
 FVAR 0.05146
 ZR01  3   0.463835   0.536165   0.500000    10.25000     0.08664     0.08664 =
       0.06685     0.00000     0.00000     0.05480
 ZR02  3   0.544739   0.544739   0.393713    10.50000     0.09267     0.09267 =
       0.08406     0.01368     0.01368     0.05893
 O003  2   0.481260   0.586428   0.581178    11.00000     0.10557     0.10794 =
       0.09354    -0.00310    -0.00431     0.07257
 O004  2   0.533910   0.592828   0.649892    11.00000     0.11516     0.11937 =
       0.12307    -0.04070    -0.02921     0.07170
 O005  2   0.526661   0.562541   0.500000    10.50000     0.11986     0.22399 =
       0.10875     0.00000     0.00000     0.11536
 O006  2   0.538267   0.538267   0.262137    10.50000     0.20326     0.20326 =
       0.08732     0.02037     0.02037     0.15809
 O007  2   0.601029   0.601029   0.411655    10.50000     0.09298     0.09298 =
       0.28254     0.00827     0.00827     0.04372
 O008  2   0.517261   0.482739   0.393078    10.50000     0.11772     0.11772 =
       0.15113     0.02723    -0.02723     0.06194
 C009  1   0.507829   0.601595   0.634113    11.00000     0.10372     0.11140 =
       0.10641     0.00263    -0.00793     0.07074
 C00A  1   0.505000   0.689858   0.780162    11.00000     0.24770     0.11311 =
       0.08676     0.00284    -0.00561     0.12755
 O00B  1   0.477256   0.641379   0.673598    11.00000     0.16177     0.11845 =
       0.11398    -0.02339    -0.01098     0.10202
 C00C  1   0.507310   0.632652   0.686587    11.00000     0.15077     0.09777 =
       0.10975    -0.01910    -0.01615     0.08440
 O00D  1   0.474660   0.669158   0.722752    11.00000     0.21671     0.12802 =
       0.10392    -0.03247    -0.03446     0.10925
 C00E  1   0.504988   0.721803   0.831666    11.00000     0.22633     0.11231 =
       0.09659    -0.02486    -0.01495     0.11723
 O00F  1   0.504581   0.752290   0.787581    10.50000     0.21512     0.08984 =
       0.14596    -0.02337    -0.04673     0.10756
 O00G  1   0.538043   0.652445   0.741619    11.00000     0.18213     0.11087 =
       0.10030    -0.04160    -0.03651     0.08159
 C00H  1   0.504574   0.721260   0.914200    11.00000     0.25236     0.11525 =
       0.05850    -0.01455    -0.00667     0.10534
 C00I  1   0.502754   0.751377   0.957567    10.50000     0.28108     0.11800 =
       0.07482    -0.01165    -0.02329     0.14054
 O00J  1   0.537833   0.681877   0.791031    11.00000     0.25611     0.12728 =
       0.11027    -0.00340    -0.01521     0.13210
 O00K  2   0.570754   0.429246   0.134123    10.50000     0.29240
 O00L  1   0.504724   0.687496   0.958527    11.00000     0.27992     0.15238 =
       0.08608     0.01881     0.01344     0.14499
 C00M  1   0.739087   0.533480   0.500000    10.50000     0.27481
 C00N  1   0.594346   0.405654   0.098508    10.50000     0.20372
 C00O  1   0.628239   0.628239   0.464327    10.50000     0.90775
 C00P  1   0.768763   0.384381   0.500000    10.25000     0.59848
 C00Q  1   0.800483   0.400241   0.500000    10.25000     0.41081
 C00R  1   0.594771   0.672025   0.000000    10.50000     0.33543
 C00S  1   0.704197   0.560648   0.500000    10.50000     0.39336
 C00T  1   0.539253   0.460747   0.207711    10.50000     0.39239
 C00U  1   0.664960   0.584773   0.500000    10.50000     0.44759
 C00V  1   0.712205   0.424409   0.500000    10.25000     0.08805
 C00X  1   0.719243   0.621423   0.500000    10.50000     1.34362
 C00Y  1   0.586186   0.642208   0.065737    11.00000     0.85501
 C00Z  1   0.482216   0.408973   0.104805    11.00000     0.73624
 C010  1   0.770363   0.540727   0.500000    10.25000     0.54652
 C011  1   0.961978   0.923956   0.500000    10.25000     1.31055
 O012  2   0.643731   0.643731   0.239579    10.50000     0.64257
 C013  1   0.547432   0.452568   0.125261    10.50000     1.91423
 C014  1   0.930166   0.860332   0.597830    10.50000     1.29521
 O015  2   0.666667   0.333333   0.138550    10.16667     1.05749
 C016  1   1.000000   1.000000   0.130352    10.08333     2.00000
 C017  1   0.554718   0.445282  -0.156960    10.50000     1.25031
 C018  1   1.000000   1.000000   0.709858    10.08333     2.00000
 C019  1   0.747620   0.428955   0.500000    10.50000     0.92122
 C01A  1   0.550493   0.449507   0.000000    10.25000     1.37690
 C01B  1   0.926752   0.853505   0.727727    10.50000     1.21103
 C01C  1   0.780922   0.390461   0.579990    10.50000     1.37023
 C01D  1   0.752868   0.574630   0.603303    11.00000     0.73173
 C01E  1   0.935847   0.489832   0.500000    10.50000     1.56576
 HKLF 4



 Covalent radii and connectivity table for  CrystalPilot cross-check in P 6/m m m                                      
 C      0.770
 O      0.660
 ZR     1.590

 Zr01 - C01E_$12 C01E_$13 O005_$5 O005 O008_$3 O008_$1 O003_$4 O003_$6 O003_$5 O003 Zr02_$4 Zr02_$3
 Zr02 - O008_$3 O008 O005 O005_$7 O006 O007 O004_$7 O004_$4 Zr01_$1 Zr01 Zr02_$3 Zr02_$4
 O003 - C009 Zr01
 O004 - C009 Zr02_$4
 O005 - C01E_$12 Zr01 Zr02_$4 Zr02
 O006 - Zr02
 O007 - C00O Zr02
 O008 - Zr02 Zr02_$3 Zr01_$1
 C009 - O004 O003 C00C
 C00A - O00D O00J C00E
 O00B - C00C O00D
 C00C - O00B O00G C009
 O00D - O00B C00A
 C00E - C00H O00F C00A
 O00F - C00E C00E_$8
 O00G - C00C O00J
 C00H - C00E C00I O00L
 C00I - C00I_$9 C00H_$8 C00H
 O00J - O00G C00A
 O00K - C017_$10 C013 C00N
 O00L - O00L_$9 C00H
 C00M - C010
 C00N - O00K
 C00O - C00O_$4 O007
 C00P - C00Q C01C_$4 C01C
 C00Q - C00P C01C_$4 C01C
 C00R - C00Y_$10 C00Y
 C00S - no bonds found
 C00T - C017_$10 C013
 C00U - C00X
 C00V - C019 C019_$11
 C00X - C00U
 C00Y - C00R
 C00Z - no bonds found
 C010 - C00M C00M_$11
 C011 - no bonds found
 O012 - no bonds found
 C013 - C017_$10 C00T O00K
 C014 - no bonds found
 O015 - no bonds found
 C016 - no bonds found
 C017 - C013_$10 O00K_$10 C00T_$10
 C018 - no bonds found
 C019 - C00V
 C01A - no bonds found
 C01B - no bonds found
 C01C - C00P C00Q
 C01D - no bonds found
 C01E - Zr01_$2 O005_$2 C01E_$14


 Operators for generating equivalent atoms:
 $1   -x+1, -y+1, -z+1
 $2   x-y+1, x, z
 $3   -x+1, -y+1, z
 $4   x, y, -z+1
 $5   -y+1, -x+1, z
 $6   -y+1, -x+1, -z+1
 $7   y, x, -z+1
 $8   x, x-y+1, z
 $9   x, y, -z+2
 $10  x, y, -z
 $11  -x+y+1, y, z
 $12  y, -x+y+1, z
 $13  x-y, -y+1, -z+1
 $14  x, x-y, z

   179481  Reflections outside SHEL resolution limits rejected


   337815  Reflections read, of which  179481  rejected

 -39 =< h =< 39,    -39 =< k =< 39,    -16 =< l =< 16,   Max. 2-theta =   40.28

        0  Systematic absence violations (I>3sig(I)) before merging

        0  Inconsistent equivalents

     4395  Unique reflections, of which       0  suppressed

 R(int) = 0.5659     R(sigma) = 0.1066      Friedel opposites merged

 Maximum memory for data reduction =     6324 /    48177


 Reflection statistics for all twin components combined (TWST 0 set)
 Number of data for d > 1.000A (CIF: max) and d > 1.000A (CIF: full)
 (ignoring systematic absences):
 Unique reflections found (point group)       4395    4395
 Unique reflections possible (point group)    4401    4401
 Unique reflections found (Laue group)        4395    4395
 Unique reflections possible (Laue group)     4401    4401

 Special position constraints for Zr01
 z =  0.5000   y = -1.0 * x + 1.0000   U22 = 1.0 * U11   U23 = 0   U13 = 0   
 sof = 0.25000   
 Input constraints retained (at least in part) for  sof

 Special position constraints for Zr02
 y =  1.0 * x + 0.0000   U22 = 1.0 * U11   U13 = 1.0 * U23   sof = 0.50000   
 Input constraints retained (at least in part) for  sof

 Special position constraints for O005
 z =  0.5000   U23 = 0   U13 = 0   sof = 0.50000   
 Input constraints retained (at least in part) for  sof

 Special position constraints for O006
 y =  1.0 * x + 0.0000   U22 = 1.0 * U11   U13 = 1.0 * U23   sof = 0.50000   
 Input constraints retained (at least in part) for  sof

 Special position constraints for O007
 y =  1.0 * x + 0.0000   U22 = 1.0 * U11   U13 = 1.0 * U23   sof = 0.50000   
 Input constraints retained (at least in part) for  sof

 Special position constraints for O008
 y = -1.0 * x + 1.0000   U22 = 1.0 * U11   U13 =-1.0 * U23   sof = 0.50000   
 Input constraints retained (at least in part) for  sof

 Special position constraints for O00F
 y =  0.5 * x + 0.5000   U13 = 2.0 * U23   U12 = 0.5 * U11   sof = 0.50000   
 Input constraints retained (at least in part) for  sof

 Special position constraints for C00I
 y =  0.5 * x + 0.5000   U13 = 2.0 * U23   U12 = 0.5 * U11   sof = 0.50000   
 Input constraints retained (at least in part) for  sof

 Special position constraints for O00K
 y = -1.0 * x + 1.0000   sof = 0.50000   
 Input constraints retained (at least in part) for  sof

 Special position constraints for C00M
 z =  0.5000   sof = 0.50000   
 Input constraints retained (at least in part) for  sof

 Special position constraints for C00N
 y = -1.0 * x + 1.0000   sof = 0.50000   
 Input constraints retained (at least in part) for  sof

 Special position constraints for C00O
 y =  1.0 * x + 0.0000   sof = 0.50000   
 Input constraints retained (at least in part) for  sof

 Special position constraints for C00P
 z =  0.5000   y =  0.5 * x + 0.0000   sof = 0.25000   
 Input constraints retained (at least in part) for  sof

 Special position constraints for C00Q
 z =  0.5000   y =  0.5 * x + 0.0000   sof = 0.25000   
 Input constraints retained (at least in part) for  sof

 Special position constraints for C00R
 z =  0.0000   sof = 0.50000   
 Input constraints retained (at least in part) for  sof

 Special position constraints for C00S
 z =  0.5000   sof = 0.50000   
 Input constraints retained (at least in part) for  sof

 Special position constraints for C00T
 y = -1.0 * x + 1.0000   sof = 0.50000   
 Input constraints retained (at least in part) for  sof

 Special position constraints for C00U
 z =  0.5000   sof = 0.50000   
 Input constraints retained (at least in part) for  sof

 Special position constraints for C00V
 z =  0.5000   y =  2.0 * x - 1.0000   sof = 0.25000   
 Input constraints retained (at least in part) for  sof

 Special position constraints for C00X
 z =  0.5000   sof = 0.50000   
 Input constraints retained (at least in part) for  sof

 Special position constraints for C010
 z =  0.5000   y =  2.0 * x - 1.0000   sof = 0.25000   
 Input constraints retained (at least in part) for  sof

 Special position constraints for C011
 z =  0.5000   y =  2.0 * x - 1.0000   sof = 0.25000   
 Input constraints retained (at least in part) for  sof

 Special position constraints for O012
 y =  1.0 * x + 0.0000   sof = 0.50000   
 Input constraints retained (at least in part) for  sof

 Special position constraints for C013
 y = -1.0 * x + 1.0000   sof = 0.50000   
 Input constraints retained (at least in part) for  sof

 Special position constraints for C014
 y =  2.0 * x - 1.0000   sof = 0.50000   
 Input constraints retained (at least in part) for  sof

 Special position constraints for O015
 x =  0.6667   y =  0.3333   sof = 0.16667   
 Input constraints retained (at least in part) for  sof

 Special position constraints for C016
 x =  1.0000   y =  1.0000   sof = 0.08333   
 Input constraints retained (at least in part) for  sof

 Special position constraints for C017
 y = -1.0 * x + 1.0000   sof = 0.50000   
 Input constraints retained (at least in part) for  sof

 Special position constraints for C018
 x =  1.0000   y =  1.0000   sof = 0.08333   
 Input constraints retained (at least in part) for  sof

 Special position constraints for C019
 z =  0.5000   sof = 0.50000   
 Input constraints retained (at least in part) for  sof

 Special position constraints for C01A
 z =  0.0000   y = -1.0 * x + 1.0000   sof = 0.25000   
 Input constraints retained (at least in part) for  sof

 Special position constraints for C01B
 y =  2.0 * x - 1.0000   sof = 0.50000   
 Input constraints retained (at least in part) for  sof

 Special position constraints for C01C
 y =  0.5 * x + 0.0000   sof = 0.50000   
 Input constraints retained (at least in part) for  sof

 Special position constraints for C01E
 z =  0.5000   sof = 0.50000   
 Input constraints retained (at least in part) for  sof


 Least-squares cycle   1   Maximum vector length =  623   Memory required =     75 /   6974 /   349283

 wR2 =  0.3621 before cycle   1 for    4395 data and    236 /    236 parameters

 GooF = S =     1.729;     Restrained GooF =      1.729 for       0 restraints

 Weight = 1 / [ sigma^2(Fo^2) + ( 0.1000 * P )^2 +   0.00 * P ]   where  P = ( Max ( Fo^2, 0 ) + 2 * Fc^2 ) / 3

 Shifts scaled down to reduce maximum shift/esd from   18.36  to   15.00


     N      value        esd    shift/esd  parameter

     1     0.05178     0.00033     0.951    OSF
   185     0.17360     0.00760    11.250    U11 C00V
   198     1.15191     0.11399     5.311    U11 C010
   220     0.45474     0.00447     5.769     y  C019

 Mean shift/esd =   0.367  Maximum =    11.250 for  U11 C00V     

 Max. shift = 1.185 A for C018        Max. dU = 0.605 for C010     


 Least-squares cycle   2   Maximum vector length =  623   Memory required =     75 /   6974 /   349283

 wR2 =  0.3390 before cycle   2 for    4395 data and    236 /    236 parameters

 GooF = S =     1.604;     Restrained GooF =      1.604 for       0 restraints

 Weight = 1 / [ sigma^2(Fo^2) + ( 0.1000 * P )^2 +   0.00 * P ]   where  P = ( Max ( Fo^2, 0 ) + 2 * Fc^2 ) / 3


     N      value        esd    shift/esd  parameter

     1     0.05236     0.00031     1.848    OSF
   185     0.33382     0.01336    11.989    U11 C00V

 Mean shift/esd =   0.372  Maximum =    11.989 for  U11 C00V     

 Max. shift = 0.683 A for C010        Max. dU = 0.230 for C013     


 Least-squares cycle   3   Maximum vector length =  623   Memory required =     75 /   6974 /   349283

 wR2 =  0.3254 before cycle   3 for    4395 data and    236 /    236 parameters

 GooF = S =     1.536;     Restrained GooF =      1.536 for       0 restraints

 Weight = 1 / [ sigma^2(Fo^2) + ( 0.1000 * P )^2 +   0.00 * P ]   where  P = ( Max ( Fo^2, 0 ) + 2 * Fc^2 ) / 3


     N      value        esd    shift/esd  parameter

     1     0.05237     0.00030     0.054    OSF
   185     0.52464     0.03160     6.039    U11 C00V

 Mean shift/esd =   0.335  Maximum =     6.039 for  U11 C00V     

 Max. shift = 1.893 A for C017        Max. dU =-1.266 for C01A     


 Least-squares cycle   4   Maximum vector length =  623   Memory required =     75 /   6974 /   349283

 wR2 =  0.3486 before cycle   4 for    4395 data and    236 /    236 parameters

 GooF = S =     1.654;     Restrained GooF =      1.654 for       0 restraints

 Weight = 1 / [ sigma^2(Fo^2) + ( 0.1000 * P )^2 +   0.00 * P ]   where  P = ( Max ( Fo^2, 0 ) + 2 * Fc^2 ) / 3

 Shifts scaled down to reduce maximum shift/esd from   16.28  to   15.00


     N      value        esd    shift/esd  parameter

     1     0.05245     0.00033     0.218    OSF
   205     0.18882     0.03280     3.731     z  C013
   216     2.00000     0.22837     4.322    U11 C017
   223     0.22863     0.01090     7.500    U11 C01A

 Mean shift/esd =   0.434  Maximum =     7.500 for  U11 C01A     

 Max. shift = 7.323 A for C018        Max. dU =-2.400 for C016     


 Least-squares cycle   5   Maximum vector length =  623   Memory required =     75 /   6974 /   349283

 wR2 =  0.3855 before cycle   5 for    4395 data and    236 /    236 parameters

 GooF = S =     1.863;     Restrained GooF =      1.863 for       0 restraints

 Weight = 1 / [ sigma^2(Fo^2) + ( 0.1000 * P )^2 +   0.00 * P ]   where  P = ( Max ( Fo^2, 0 ) + 2 * Fc^2 ) / 3

 Shifts scaled down to reduce maximum shift/esd from   20.26  to   15.00


     N      value        esd    shift/esd  parameter

     1     0.05233     0.00037    -0.326    OSF
   213     0.04015     0.00549     7.500    U11 C016
   221     1.37609     0.12772     3.084    U11 C019
   223     0.38616     0.01989     7.919    U11 C01A

 Mean shift/esd =   0.370  Maximum =     7.919 for  U11 C01A     

 Max. shift = 1.916 A for C018        Max. dU =-0.810 for C017     


 Least-squares cycle   6   Maximum vector length =  623   Memory required =     75 /   6974 /   349283

 wR2 =  0.3588 before cycle   6 for    4395 data and    236 /    236 parameters

 GooF = S =     1.709;     Restrained GooF =      1.709 for       0 restraints

 Weight = 1 / [ sigma^2(Fo^2) + ( 0.1000 * P )^2 +   0.00 * P ]   where  P = ( Max ( Fo^2, 0 ) + 2 * Fc^2 ) / 3

 Shifts scaled down to reduce maximum shift/esd from   17.09  to   15.00


     N      value        esd    shift/esd  parameter

     1     0.05245     0.00034     0.367    OSF
   178     0.53959     0.00091     2.134     x  C00T
   194     0.40805     0.00272     1.118     y  C00Z
   199     0.93484     0.00702    -2.089     x  C011
   202     0.23688     0.00386    -1.012     z  O012
   205     0.16661     0.02034     1.467     z  C013
   206     0.86765     0.34323    -1.851    U11 C013
   207     0.93254     0.00493     1.120     x  C014
   213     0.15106     0.00803    13.812    U11 C016
   214     0.55368     0.00409     2.719     x  C017
   215    -0.21835     0.01876     1.297     z  C017
   216     2.00000     0.28140     3.236    U11 C017
   217     0.10694     0.16332    -2.562     z  C018
   218     2.00000     1.10580     2.017    U11 C018
   219     0.72933     0.00732     5.593     x  C019
   222     0.56520     0.00117    -1.131     x  C01A
   223     0.58715     0.03618     5.556    U11 C01A
   226     1.78074     0.27034     1.110    U11 C01B

 Mean shift/esd =   0.387  Maximum =    13.812 for  U11 C016     

 Max. shift = 6.950 A for C018        Max. dU = 0.810 for C017     


 Largest correlation matrix elements

     0.926 U12 O006 / U11 O006               0.708 U12 O00J / U22 O00J               0.685 U12 O00D / U11 O00D
     0.871 U12 Zr01 / U11 Zr01               0.707 U12 C00E / U11 C00E               0.680 U12 C00E / U22 C00E
     0.870 U12 Zr02 / U11 Zr02              -0.705 U11 C018 / z C018                 0.668 y C00Z / x C00Z
     0.824 U12 O008 / U11 O008               0.696 U12 O00L / U22 O00L               0.667 U12 C00A / U11 C00A
     0.815 U12 O007 / U11 O007               0.692 U12 O005 / U22 O005               0.666 U12 O00B / U11 O00B
     0.733 U11 C00O / z C00O                 0.692 y C00Y / x C00Y                   0.665 U12 C00A / U22 C00A
     0.727 U12 O005 / U11 O005               0.686 U12 O003 / U22 O003               0.665 U12 O00J / U11 O00J
     0.720 U12 O00L / U11 O00L               0.686 U12 O00B / U22 O00B               0.659 U12 C00H / U11 C00H



  CrystalPilot cross-check in P 6/m m m                                      

 ATOM           x        y        z         sof        U11      U22      U33      U23      U13      U12       Ueq

 Zr01        0.46382  0.53618  0.50000    0.25000    0.08760  0.08760  0.06921  0.00000  0.00000  0.05513   0.07644
   0.00000   0.00004  0.00004  0.00000    0.00000    0.00194  0.00194  0.00214  0.00000  0.00000  0.00214   0.00112

 Zr02        0.54471  0.54471  0.39371    0.50000    0.09472  0.09472  0.08531  0.01371  0.01371  0.06047   0.08576
   0.00550   0.00006  0.00006  0.00013    0.00000    0.00148  0.00148  0.00176  0.00127  0.00127  0.00157   0.00098

 O003        0.48142  0.58649  0.58157    1.00000    0.11026  0.11127  0.09558 -0.00170 -0.00278  0.07598   0.09655
   0.02312   0.00028  0.00026  0.00055    0.00000    0.00701  0.00709  0.00641  0.00564  0.00546  0.00606   0.00271

 O004        0.53408  0.59300  0.64975    1.00000    0.11651  0.11994  0.12841 -0.04254 -0.03145  0.07079   0.11643
   0.01876   0.00027  0.00026  0.00057    0.00000    0.00769  0.00736  0.00773  0.00597  0.00611  0.00649   0.00320

 O005        0.52711  0.56301  0.50000    0.50000    0.12635  0.22920  0.10815  0.00000  0.00000  0.12042   0.14055
   0.03257   0.00043  0.00050  0.00000    0.00000    0.01189  0.01674  0.00976  0.00000  0.00000  0.01214   0.00559

 O006        0.53856  0.53856  0.26201    0.50000    0.20532  0.20532  0.08796  0.02238  0.02238  0.15774   0.14172
   0.03570   0.00041  0.00041  0.00074    0.00000    0.01146  0.01146  0.00903  0.00853  0.00853  0.01249   0.00527

 O007        0.60105  0.60105  0.41253    0.50000    0.09942  0.09942  0.27746  0.00739  0.00739  0.04735   0.15981
   0.03342   0.00034  0.00034  0.00122    0.00000    0.00715  0.00715  0.01867  0.00967  0.00967  0.00853   0.00623

 O008        0.51734  0.48266  0.39314    0.50000    0.11749  0.11749  0.15766  0.02908 -0.02908  0.05940   0.13059
   0.01413   0.00019  0.00019  0.00085    0.00000    0.00746  0.00746  0.01264  0.00468  0.00468  0.00847   0.00492

 C009        0.50816  0.60189  0.63434    1.00000    0.10413  0.11753  0.10300  0.00432 -0.01369  0.07065   0.10145
   0.03899   0.00049  0.00045  0.00095    0.00000    0.01284  0.01309  0.01201  0.01017  0.01012  0.01104   0.00459

 C00A        0.50550  0.69009  0.78041    1.00000    0.24310  0.11629  0.08394  0.00911  0.00183  0.12288   0.13310
   0.04517   0.00065  0.00047  0.00090    0.00000    0.02132  0.01361  0.01096  0.00998  0.01281  0.01501   0.00608

 O00B        0.47706  0.64123  0.67275    1.00000    0.16869  0.12117  0.11762 -0.02452 -0.00853  0.10980   0.11923
   0.03437   0.00048  0.00044  0.00089    0.00000    0.01452  0.01222  0.01184  0.00974  0.01049  0.01186   0.00506

 C00C        0.50669  0.63265  0.68614    1.00000    0.15592  0.09640  0.10661 -0.03010 -0.02103  0.08391   0.11039
   0.03736   0.00052  0.00043  0.00092    0.00000    0.01502  0.01130  0.01177  0.00961  0.01110  0.01161   0.00469

 O00D        0.47509  0.66938  0.72193    1.00000    0.21222  0.12922  0.10359 -0.02055 -0.03004  0.10561   0.13934
   0.04280   0.00054  0.00051  0.00104    0.00000    0.01906  0.01370  0.01237  0.01099  0.01252  0.01414   0.00606

 C00E        0.50509  0.72197  0.83100    1.00000    0.25005  0.11156  0.09519 -0.02889 -0.01622  0.12500   0.13689
   0.03579   0.00053  0.00042  0.00097    0.00000    0.01917  0.01251  0.01199  0.01034  0.01213  0.01336   0.00589

 O00F        0.50486  0.75243  0.78761    0.50000    0.22859  0.09582  0.13164 -0.01468 -0.02936  0.11430   0.13726
   0.04621   0.00073  0.00036  0.00132    0.00000    0.02598  0.00997  0.01858  0.00884  0.01768  0.01299   0.00857

 O00G        0.53811  0.65247  0.74078    1.00000    0.18751  0.11043  0.10300 -0.04078 -0.03014  0.08585   0.12860
   0.03853   0.00052  0.00046  0.00093    0.00000    0.01606  0.01243  0.01117  0.00977  0.01140  0.01232   0.00544

 C00H        0.50506  0.72122  0.91442    1.00000    0.24171  0.12216  0.06830 -0.01320 -0.00162  0.10765   0.13664
   0.03560   0.00052  0.00044  0.00086    0.00000    0.01907  0.01324  0.01026  0.00927  0.01103  0.01341   0.00593

 C00I        0.50427  0.75213  0.95789    0.50000    0.27422  0.11962  0.07410 -0.00489 -0.00977  0.13711   0.13880
   0.04479   0.00072  0.00036  0.00103    0.00000    0.02666  0.00990  0.01306  0.00707  0.01414  0.01333   0.00831

 O00J        0.53810  0.68190  0.79158    1.00000    0.24774  0.12931  0.11986 -0.00277 -0.01786  0.13150   0.14909
   0.03988   0.00059  0.00049  0.00096    0.00000    0.02083  0.01421  0.01316  0.01101  0.01310  0.01539   0.00649

 O00K        0.57024  0.42976  0.13420    0.50000    0.29605
   0.02721   0.00042  0.00042  0.00164    0.00000    0.01081

 O00L        0.50472  0.68755  0.95881    1.00000    0.29402  0.14604  0.08913  0.02385  0.01545  0.14606   0.16038
   0.03796   0.00055  0.00046  0.00075    0.00000    0.02123  0.01342  0.01014  0.00877  0.01112  0.01493   0.00685

 C00M        0.74012  0.53505  0.50000    0.50000    0.25981
   0.07601   0.00103  0.00129  0.00000    0.00000    0.01648

 C00N        0.59446  0.40554  0.09329    0.50000    0.21188
   0.02996   0.00047  0.00047  0.00180    0.00000    0.01212

 C00O        0.62556  0.62556  0.50793    0.50000    1.11426
   0.68971   0.00305  0.00305  0.04211    0.00000    0.14748

 C00P        0.75647  0.37823  0.50000    0.25000    0.53522
   0.40298   0.00686  0.00343  0.00000    0.00000    0.11306

 C00Q        0.79977  0.39988  0.50000    0.25000    0.46812
   0.23991   0.00408  0.00204  0.00000    0.00000    0.05249

 C00R        0.59688  0.67448  0.00000    0.50000    0.32812
   0.09461   0.00136  0.00143  0.00000    0.00000    0.02149

 C00S        0.70614  0.56133  0.50000    0.50000    0.40694
   0.13050   0.00195  0.00204  0.00000    0.00000    0.03166

 C00T        0.53959  0.46041  0.22440    0.50000    0.32343
   0.06860   0.00091  0.00091  0.00413    0.00000    0.02646

 C00U        0.66562  0.58803  0.50000    0.50000    0.43252
   0.13771   0.00213  0.00194  0.00000    0.00000    0.03247

 C00V        0.71626  0.43251  0.50000    0.25000    0.50757
   0.21995   0.00187  0.00374  0.00000    0.00000    0.05257

 C00X        0.72496  0.60260  0.50000    0.50000    1.37686
   0.58453   0.00920  0.00803  0.00000    0.00000    0.27023

 C00Y        0.57892  0.63835  0.06871    1.00000    0.86835
   0.21396   0.00288  0.00263  0.00457    0.00000    0.07053

 C00Z        0.48978  0.40805  0.08437    1.00000    0.70540
   0.22062   0.00283  0.00272  0.00439    0.00000    0.04943

 C010        0.74273  0.48547  0.50000    0.25000    0.65649
   0.34857   0.00296  0.00593  0.00000    0.00000    0.08070

 C011        0.93484  0.86967  0.50000    0.25000    2.00000
   0.82519   0.00702  0.01404  0.00000    0.00000    0.60350

 O012        0.64275  0.64275  0.23688    0.50000    0.62934
   0.13574   0.00151  0.00151  0.00386    0.00000    0.03786

 C013        0.53154  0.46846  0.16661    0.50000    0.86765
   0.33778   0.00427  0.00427  0.02034    0.00000    0.34323

 C014        0.93254  0.86509  0.61263    0.50000    1.66435
   0.61076   0.00493  0.00985  0.01865    0.00000    0.39749

 O015        0.66667  0.33333  0.16830    0.16667    0.93226
   0.16140   0.00000  0.00000  0.00972    0.00000    0.10820

 C016        1.00000  1.00000 -0.28465    0.08333    0.15106
   0.02788   0.00000  0.00000  0.00168    0.00000    0.00803

 C017        0.55368  0.44632 -0.21835    0.50000    2.00000
   0.31161   0.00409  0.00409  0.01876    0.00000    0.28140

 C018        1.00000  1.00000  0.10694    0.08333    2.00000
   2.71274   0.00000  0.00000  0.16332    0.00000    1.10580

 C019        0.72933  0.45961  0.50000    0.50000    1.23931
   0.56516   0.00732  0.00875  0.00000    0.00000    0.23153

 C01A        0.56520  0.43480  0.00000    0.25000    0.58715
   0.00000   0.00117  0.00117  0.00000    0.00000    0.03618

 C01B        0.92984  0.85968  0.71862    0.50000    1.78074
   0.53582   0.00409  0.00817  0.01580    0.00000    0.27034

 C01C        0.78240  0.39120  0.56360    0.50000    1.26332
   0.68491   0.00993  0.00496  0.01644    0.00000    0.27157

 C01D        0.75065  0.57003  0.59503    1.00000    0.69269
   0.16690   0.00197  0.00216  0.00397    0.00000    0.04966

 C01E        0.94554  0.49881  0.50000    0.50000    0.93111
   0.26597   0.00393  0.00413  0.00000    0.00000    0.14820



 Final Structure Factor Calculation for  CrystalPilot cross-check in P 6/m m m                                      

 Total number of l.s. parameters =   236  Maximum vector length =  623   Memory required =     75 /   6738 /    26789

 wR2 =  0.3371 before cycle   7 for    4395 data and      0 /    236 parameters

 GooF = S =     1.595;     Restrained GooF =      1.595 for       0 restraints

 Weight = 1 / [ sigma^2(Fo^2) + ( 0.1000 * P )^2 +   0.00 * P ]   where  P = ( Max ( Fo^2, 0 ) + 2 * Fc^2 ) / 3

 wR2 = 0.3371, GooF = S = 1.595, Restrained GooF = 1.595 for all data
 R1 = 0.1302 for 2063 Fo > 4sig(Fo) and 0.2187 for all 4395 data

 Occupancy sum of asymmetric unit =    29.08 for non-hydrogen and     0.00 for H and D atoms



 Principal mean square atomic displacements U

   0.0952   0.0692   0.0649   Zr01  
   0.1126   0.0761   0.0685   Zr02  
   0.1247   0.0954   0.0695   O003  
   0.1711   0.0969   0.0813   O004  
   0.2295   0.1082   0.0840   O005  
   0.2463   0.0952   0.0837   O006    may be split into  0.5442  0.5414  0.2639  and  0.5329  0.5357  0.2601
   0.2779   0.1041   0.0974   O007    may be split into  0.6013  0.6012  0.4251  and  0.6008  0.6009  0.4000
   0.1987   0.1179   0.0752   O008  
   0.1228   0.1129   0.0687   C009  
   0.2431   0.0892   0.0670   C00A    may be split into  0.5105  0.6902  0.7806  and  0.5005  0.6900  0.7803
   0.1804   0.1210   0.0563   O00B  
   0.1659   0.1073   0.0580   C00C  
   0.2200   0.1061   0.0919   O00D  
   0.2518   0.1072   0.0518   C00E  
   0.2368   0.1234   0.0516   O00F  
   0.1972   0.1254   0.0632   O00G  
   0.2433   0.1041   0.0625   C00H  
   0.2747   0.0736   0.0681   C00I    may be split into  0.5100  0.7521  0.9572  and  0.4986  0.7521  0.9585
   0.2505   0.1191   0.0776   O00J  
   0.2952   0.1123   0.0737   O00L    may be split into  0.5102  0.6876  0.9598  and  0.4993  0.6875  0.9578

 ** Warning:     5  atoms may be split and     0  atoms NPD **



 Analysis of variance for reflections employed in refinement      K = Mean[Fo^2] / Mean[Fc^2]  for group


 Fc/Fc(max)       0.000    0.006    0.010    0.015    0.020    0.026    0.034    0.045    0.062    0.107    1.000

 Number in group       487.     419.     488.     403.     408.     459.     423.     427.     446.     435.

            GooF      0.883    0.938    1.040    1.093    1.138    1.401    1.533    1.833    2.354    2.635

             K        1.014    0.768    0.935    1.061    1.077    1.090    1.014    1.017    1.024    1.050


 Resolution(A)    1.00     1.04     1.08     1.13     1.20     1.28     1.38     1.52     1.77     2.26     inf

 Number in group       445.     444.     438.     443.     436.     431.     437.     444.     437.     440.

            GooF      1.037    0.987    1.047    1.084    1.052    1.102    1.150    1.159    1.790    3.572

             K        1.283    1.124    1.121    1.079    1.000    0.901    0.992    0.990    1.071    1.051

             R1       0.442    0.353    0.318    0.286    0.300    0.277    0.140    0.103    0.109    0.176


 Recommended weighting scheme:  WGHT    0.2000    0.0000
 [Weight parameters refined to    0.2898        0.00  but appear excessive]


 Most Disagreeable Reflections (* if suppressed or used for Rfree).
 Error/esd is calculated as sqrt(wD^2/<wD^2>) where w is given by the weight
 formula, D = Fo^2-Fc^2 and <> refers to the average over all reflections.

     h   k   l          Fo^2          Fc^2    Error/esd  Fc/Fc(max)  Resolution(A)

    -2   4   0     144256.95       6457.69       9.66       0.113       9.80
    -3  10   0      11518.19       2141.91       8.46       0.065       3.82
    -5  10   2       5051.58        848.17       7.72       0.041       3.54
     0   3   0      91424.42     449234.16       6.92       0.946      11.31
    -3   9   3       7591.42       2776.81       6.13       0.074       3.38
    -2   7   2       8156.04       3204.51       5.83       0.080       4.55
    -2   6   5       3567.31       1235.93       5.82       0.050       2.95
     0   7   2      27430.24      10623.58       5.67       0.145       4.19
    -4  12   0       2235.95       7794.74       5.66       0.125       3.21
    -4   9   0       2609.62        451.51       5.65       0.030       4.35
    -2  10   0      66481.96      26350.82       5.64       0.229       3.70
    -2   9   0     147297.22      59024.04       5.60       0.343       4.15
     0   6   0     120787.76      43978.05       5.47       0.296       5.66
    -3   9   6       2327.34        644.82       5.44       0.036       2.32
     0   0   4       3670.10      12896.22       5.25       0.160       4.15
    -5  10   1        334.93       2433.05       5.05       0.070       3.81
    -1   8   2       5453.42       2366.52       5.05       0.069       3.95
     0   3   4       2941.51       1042.06       4.75       0.046       3.90
     0   9   4       4990.13       1915.21       4.74       0.062       2.79
    -3   8   2      28349.44      13947.58       4.62       0.167       4.19
    -5  14   2       3230.03       1404.92       4.49       0.053       2.62
    -5  15   1       4377.04       1985.09       4.47       0.063       2.54
    -3   6   1      10099.23       4801.91       4.44       0.098       6.08
    -1   4   0      51864.39      25223.34       4.43       0.224       9.41
    -2   5   1      12001.33      27425.69       4.41       0.234       7.05
    -1  10   2       5705.05       2812.86       4.36       0.075       3.27
     0  15   2       4378.41       1795.24       4.33       0.060       2.18
    -5  15   0       1933.89       4985.96       4.31       0.100       2.57
    -4  11   2      16382.77       8467.27       4.28       0.130       3.24
    -6  17   0       3052.19       7230.56       4.20       0.120       2.27
    -1   3   2       1501.71       3360.63       4.15       0.082       6.97
    -6  12   0      27499.86      12979.18       4.14       0.161       3.27
    -1   9   0       1721.87         78.96       4.06       0.013       3.97
    -6  12   2       1381.51       3382.51       3.89       0.082       3.04
    -4  14   4        345.01       1511.29       3.88       0.055       2.27
    -3   8   0       6201.70      12560.02       3.79       0.158       4.85
     0   6   4      30630.19      16728.42       3.73       0.183       3.35
    -3  12   0      15745.71       8542.38       3.72       0.130       3.14
    -2   4   3       1287.35        336.18       3.71       0.026       4.82
     0   1   1      25500.64      50560.36       3.66       0.317      14.92
    -2  10   1       6714.47       3728.38       3.65       0.086       3.61
    -2  11   2        840.65        102.21       3.61       0.014       3.10
    -2   6   2       2892.74       1547.65       3.59       0.056       5.08
    -5  19   0       5682.99       2735.46       3.57       0.074       1.99
    -3  13   3       1685.55       3489.83       3.56       0.083       2.55
    -5  12   0       1558.07        344.87       3.56       0.026       3.25
    -1   2   4      13412.00       7511.64       3.55       0.122       4.06
    -4  13   2       2854.38       1475.44       3.55       0.054       2.77
     0  10   2       5340.81       2818.64       3.55       0.075       3.14
     0   5   3      10915.29       6054.32       3.54       0.110       4.29



 Bond lengths and angles

 Zr01 -          Distance        Angles
 C01E_$12  1.1874 (0.1399) 
 C01E_$13  1.1874 (0.1400)  118.51 (9.99)
 O005_$5   2.1559 (0.0145)  114.24 (6.67)   4.27 (7.02)
 O005      2.1560 (0.0145)    4.27 (7.00) 114.25 (6.68) 109.98 (0.89)
 O008_$3   2.1874 (0.0122)   72.61 (3.57)  72.63 (3.57)  70.42 (0.31)  70.40 (0.31)
 O008_$1   2.1874 (0.0122)   72.61 (3.58)  72.63 (3.57)  70.42 (0.31)  70.40 (0.31) 108.48 (0.78)
 O003_$4   2.1999 (0.0097)   74.82 (5.24) 141.07 (1.42) 141.73 (0.22)  78.12 (0.42)  78.18 (0.38) 142.62 (0.22)
 O003_$6   2.1999 (0.0097)  141.07 (1.42)  74.82 (5.25)  78.12 (0.42) 141.73 (0.22)  78.19 (0.38) 142.64 (0.22)  74.44 (0.44)
 O003_$5   2.1999 (0.0097)  141.07 (1.42)  74.82 (5.25)  78.12 (0.42) 141.73 (0.22) 142.64 (0.22)  78.19 (0.38) 119.36 (0.49)
 O003      2.2000 (0.0097)   74.82 (5.24) 141.07 (1.42) 141.73 (0.22)  78.13 (0.42) 142.62 (0.22)  78.18 (0.38)  76.03 (0.44)
 Zr02_$4   3.4951 (0.0027)   37.81 (3.89)  94.12 (5.90)  90.44 (0.39)  35.54 (0.22)  89.96 (0.34)  34.87 (0.19) 111.24 (0.23)
 Zr02_$3   3.4959 (0.0027)   94.11 (5.89)  37.81 (3.88)  35.54 (0.22)  90.43 (0.39)  34.88 (0.19)  89.96 (0.34) 110.30 (0.23)
                 Zr01            C01E_$12      C01E_$13      O005_$5       O005          O008_$3       O008_$1       O003_$4      

 Zr02 -          Distance        Angles
 O008_$3   2.1107 (0.0074) 
 O008      2.1120 (0.0074)   67.79 (0.58)
 O005      2.1450 (0.0085)   72.08 (0.52) 109.00 (0.62)
 O005_$7   2.1456 (0.0085)  109.00 (0.62)  72.05 (0.52)  69.23 (0.64)
 O006      2.2013 (0.0127)   84.54 (0.54)  84.30 (0.54) 145.16 (0.32) 144.71 (0.31)
 O007      2.2299 (0.0140)  145.35 (0.29) 145.32 (0.29)  83.02 (0.63)  83.02 (0.63) 104.48 (0.69)
 O004_$7   2.2507 (0.0092)  140.00 (0.38)  76.99 (0.40) 140.05 (0.43)  75.93 (0.44)  73.41 (0.31)  73.76 (0.32)
 O004_$4   2.2497 (0.0092)   77.02 (0.40) 140.02 (0.38)  75.97 (0.44) 140.08 (0.43)  73.81 (0.30)  73.77 (0.32) 125.40 (0.49)
 Zr01_$1   3.4958 (0.0026)   88.73 (0.36)  36.32 (0.33)  89.22 (0.39)  35.74 (0.38) 116.31 (0.27) 115.18 (0.33)  72.66 (0.25)
 Zr01      3.4951 (0.0027)   36.33 (0.33)  88.73 (0.36)  35.75 (0.38)  89.23 (0.39) 116.65 (0.27) 115.20 (0.33) 161.91 (0.25)
 Zr02_$3   3.5051 (0.0049)   33.90 (0.29)  33.89 (0.29)  90.37 (0.44)  90.34 (0.44)  83.58 (0.43) 171.94 (0.52) 109.11 (0.24)
 Zr02_$4   3.5310 (0.0044)   90.26 (0.39)  90.26 (0.39)  34.60 (0.32)  34.63 (0.32) 173.58 (0.44)  81.94 (0.52) 108.71 (0.26)
                 Zr02            O008_$3       O008          O005          O005_$7       O006          O007          O004_$7      

 O003 -          Distance        Angles
 C009      1.2644 (0.0148) 
 Zr01      2.2000 (0.0097)  131.93 (0.91)
                 O003            C009         

 O004 -          Distance        Angles
 C009      1.2541 (0.0142) 
 Zr02_$4   2.2498 (0.0092)  133.19 (0.98)
                 O004            C009         

 O005 -          Distance        Angles
 C01E_$12  0.9759 (0.1376) 
 Zr01      2.1560 (0.0145)    5.20 (8.67)
 Zr02_$4   2.1449 (0.0085)  111.21 (4.27) 108.71 (0.50)
 Zr02      2.1450 (0.0085)  111.21 (4.27) 108.71 (0.50) 110.79 (0.64)
                 O005            C01E_$12      Zr01          Zr02_$4      

 O006 -          Distance        Angles
 Zr02      2.2013 (0.0127) 
                 O006           

 O007 -          Distance        Angles
 C00O      1.8730 (0.5869) 
 Zr02      2.2299 (0.0139)  130.20 (9.99)
                 O007            C00O         

 O008 -          Distance        Angles
 Zr02      2.1120 (0.0074) 
 Zr02_$3   2.1108 (0.0074)  112.21 (0.58)
 Zr01_$1   2.1872 (0.0121)  108.79 (0.43) 108.80 (0.43)
                 O008            Zr02          Zr02_$3      

 C009 -          Distance        Angles
 O004      1.2541 (0.0142) 
 O003      1.2644 (0.0146)  127.03 (1.49)
 C00C      1.5055 (0.0181)  117.81 (1.53) 115.07 (1.40)
                 C009            O004          O003         

 C00A -          Distance        Angles
 O00D      1.4337 (0.0199) 
 O00J      1.4766 (0.0207)  121.79 (1.46)
 C00E      1.5122 (0.0178)  119.67 (1.77) 118.52 (1.72)
                 C00A            O00D          O00J         

 O00B -          Distance        Angles
 C00C      1.3788 (0.0168) 
 O00D      1.4056 (0.0178)  118.76 (1.49)
                 O00B            C00C         

 C00C -          Distance        Angles
 O00B      1.3788 (0.0168) 
 O00G      1.4097 (0.0175)  125.44 (1.41)
 C009      1.5055 (0.0181)  118.50 (1.53) 115.86 (1.53)
                 C00C            O00B          O00G         

 O00D -          Distance        Angles
 O00B      1.4056 (0.0178) 
 C00A      1.4337 (0.0200)  118.80 (1.55)
                 O00D            O00B         

 C00E -          Distance        Angles
 C00H      1.3860 (0.0171) 
 O00F      1.3970 (0.0166)  122.24 (1.46)
 C00A      1.5122 (0.0178)  122.57 (1.32) 115.18 (1.37)
                 C00E            C00H          O00F         

 O00F -          Distance        Angles
 C00E      1.3970 (0.0166) 
 C00E_$8   1.3998 (0.0166)  117.95 (1.93)
                 O00F            C00E         

 O00G -          Distance        Angles
 C00C      1.4097 (0.0175) 
 O00J      1.4294 (0.0185)  118.16 (1.54)
                 O00G            C00C         

 C00H -          Distance        Angles
 C00E      1.3860 (0.0171) 
 C00I      1.4229 (0.0144)  119.31 (1.44)
 O00L      1.5058 (0.0167)  120.50 (1.23) 120.17 (1.24)
                 C00H            C00E          C00I         

 C00I -          Distance        Angles
 C00I_$9   1.3990 (0.0343) 
 C00H_$8   1.4247 (0.0144)  120.45 (0.86)
 C00H      1.4229 (0.0143)  120.48 (0.86) 119.02 (1.72)
                 C00I            C00I_$9       C00H_$8      

 O00J -          Distance        Angles
 O00G      1.4294 (0.0185) 
 C00A      1.4766 (0.0207)  116.79 (1.55)
                 O00J            O00G         

 O00K -          Distance        Angles
 C017_$10  2.0677 (0.2908) 
 C013      2.6895 (0.2747)   31.81 (9.34)
 C00N      1.7680 (0.0344)  158.82 (7.97) 168.94 (7.66)
                 O00K            C017_$10      C013         

 O00L -          Distance        Angles
 O00L_$9   1.3684 (0.0248) 
 C00H      1.5058 (0.0167)  119.31 (0.73)
                 O00L            O00L_$9      

 C00M -          Distance        Angles
 C010      1.9752 (0.1478) 
                 C00M           

 C00N -          Distance        Angles
 O00K      1.7680 (0.0344) 
                 C00N           

 C00O -          Distance        Angles
 C00O_$4   0.2635 (1.3988) 
 O007      1.8730 (0.5843)   32.25 (9.99)
                 C00O            C00O_$4      

 C00P -          Distance        Angles
 C00Q      1.4703 (0.1914) 
 C01C_$4   1.3751 (0.4180)   50.23 (9.99)
 C01C      1.3752 (0.4178)   50.23 (9.99) 100.39 (9.99)
                 C00P            C00Q          C01C_$4      

 C00Q -          Distance        Angles
 C00P      1.4703 (0.1920) 
 C01C_$4   1.2107 (0.3028)   60.80 (9.99)
 C01C      1.2108 (0.3027)   60.81 (9.99) 121.50 (9.99)
                 C00Q            C00P          C01C_$4      

 C00R -          Distance        Angles
 C00Y_$10  1.6750 (0.0841) 
 C00Y      1.6751 (0.0841)   85.89 (6.33)
                 C00R            C00Y_$10     

 C00T -          Distance        Angles
 C017_$10  0.6771 (0.3078) 
 C013      1.0751 (0.3384)  107.70 (9.99)
                 C00T            C017_$10     

 C00U -          Distance        Angles
 C00X      2.0989 (0.3017) 
                 C00U           

 C00V -          Distance        Angles
 C019      0.8639 (0.3657) 
 C019_$11  0.8653 (0.3650)    2.49 (9.99)
                 C00V            C019         

 C00X -          Distance        Angles
 C00U      2.0989 (0.3009) 
                 C00X           

 C00Y -          Distance        Angles
 C00R      1.6751 (0.0841) 
                 C00Y           

 C010 -          Distance        Angles
 C00M      1.9752 (0.1476) 
 C00M_$11  1.9866 (0.1473)   65.67 (6.85)
                 C010            C00M         

 C013 -          Distance        Angles
 C017_$10  1.4342 (0.4042) 
 C00T      1.0751 (0.3383)   26.73 (9.99)
 O00K      2.6895 (0.2749)   49.45 (9.99)  74.87 (9.99)
                 C013            C017_$10      C00T         

 C017 -          Distance        Angles
 C013_$10  1.4342 (0.4037) 
 O00K_$10  2.0677 (0.2910)   98.74 (9.99)
 C00T_$10  0.6771 (0.3071)   45.57 (9.99) 140.03 (9.99)
                 C017            C013_$10      O00K_$10     

 C019 -          Distance        Angles
 C00V      0.8639 (0.3644) 
                 C019           

 C01C -          Distance        Angles
 C00P      1.3752 (0.4156) 
 C00Q      1.2108 (0.3026)   68.96 (9.99)
                 C01C            C00P         

 C01E -          Distance        Angles
 Zr01_$2   1.1875 (0.1403) 
 O005_$2   0.9757 (0.1380)  170.53 (9.99)
 C01E_$14  2.0411 (0.2941)   30.74 (6.84) 139.80 (8.86)
                 C01E            Zr01_$2       O005_$2      



 Selected torsion angles

    -6.69 ( 2.28)  Zr02_$4 - O004 - C009 - O003
   169.83 ( 0.91)  Zr02_$4 - O004 - C009 - C00C
     5.24 ( 2.17)  Zr01 - O003 - C009 - O004
  -171.36 ( 0.82)  Zr01 - O003 - C009 - C00C
    -6.41 ( 2.49)  O00D - O00B - C00C - O00G
   178.80 ( 1.33)  O00D - O00B - C00C - C009
  -176.57 ( 1.38)  O004 - C009 - C00C - O00B
     0.36 ( 2.00)  O003 - C009 - C00C - O00B
     8.14 ( 1.99)  O004 - C009 - C00C - O00G
  -174.92 ( 1.28)  O003 - C009 - C00C - O00G
     4.30 ( 2.32)  C00C - O00B - O00D - C00A
    -1.57 ( 2.39)  O00J - C00A - O00D - O00B
   176.88 ( 1.41)  C00E - C00A - O00D - O00B
   123.80 ( 1.91)  O00D - C00A - C00E - C00H
   -57.69 ( 2.50)  O00J - C00A - C00E - C00H
   -56.39 ( 2.45)  O00D - C00A - C00E - O00F
   122.11 ( 1.92)  O00J - C00A - C00E - O00F
     0.77 ( 3.90)  C00H - C00E - O00F - C00E_$8
  -179.03 ( 1.54)  C00A - C00E - O00F - C00E_$8
     5.26 ( 2.46)  O00B - C00C - O00G - O00J
  -179.83 ( 1.31)  C009 - C00C - O00G - O00J
     0.82 ( 3.30)  O00F - C00E - C00H - C00I
  -179.39 ( 1.92)  C00A - C00E - C00H - C00I
   179.12 ( 1.91)  O00F - C00E - C00H - O00L
    -1.09 ( 3.01)  C00A - C00E - C00H - O00L
  -179.93 ( 1.29)  C00E - C00H - C00I - C00I_$9
     1.77 ( 2.31)  O00L - C00H - C00I - C00I_$9
    -2.41 ( 3.71)  C00E - C00H - C00I - C00H_$8
   179.29 ( 1.36)  O00L - C00H - C00I - C00H_$8
    -2.06 ( 2.24)  C00C - O00G - O00J - C00A
     0.47 ( 2.36)  O00D - C00A - O00J - O00G
  -178.00 ( 1.39)  C00E - C00A - O00J - O00G
   179.97 ( 1.34)  C00E - C00H - O00L - O00L_$9
    -1.75 ( 2.28)  C00I - C00H - O00L - O00L_$9
  -175.31 ( 0.19)  Zr02 - O007 - C00O - C00O_$4
  -176.31 ( 1.64)  C01C - C00P - C00Q - C01C_$4
   176.31 ( 1.65)  C01C_$4 - C00P - C00Q - C01C
    16.20 ( 7.86)  C017_$10 - C00T - C013 - O00K
    -2.89 ( 0.39)  C01C_$4 - C00P - C01C - C00Q
     3.78 ( 3.47)  C01C_$4 - C00Q - C01C - C00P


 FMAP and GRID set by program

 FMAP   2   1 167
 GRID    -0.610  -1  -1     0.610   1   1

 R1 =  0.2125 for   4395 unique reflections after merging for Fourier


 Electron density synthesis with coefficients Fo-Fc

 Highest peak    0.60  at  1.0000  0.0000  0.4000  [  1.92 A from C016 ]
 Deepest hole   -1.87  at  1.0000  0.0000  0.2892  [  0.08 A from C016 ]


 Fourier peaks appended to .res file

              x       y       z       sof     U      Peak   Distances to nearest atoms (including eq.)

 Q1    1   1.0000  1.0000 -0.4000   0.08333  0.05    0.60   1.92 C016  4.58 C014  4.72 C011  4.87 C018
 Q2    1   0.6146  0.6146  0.5000   0.25000  0.05    0.51   0.45 C00O  1.55 O007  2.68 C00U  2.99 O005
 Q3    1   0.6116  0.6116  0.1864   0.50000  0.05    0.51   1.48 O012  2.81 C00Y  3.13 O006  3.78 O007
 Q4    1   0.6209  0.3791  0.1105   0.50000  0.05    0.48   1.81 C00N  3.25 O015^a  3.25 O015^a  3.46 O00K
 Q5    1   0.5000  0.5000  0.1488   0.25000  0.05    0.46   2.16 C013^a  2.41 O006  2.97 C00T  3.58 C00Z
 Q6    1   1.0000  1.0000  0.1710   0.08333  0.05    0.45   1.06 C018  1.89 C016  4.62 C018  5.10 C01B
 Q7    1   1.0000  1.0000 -0.5000   0.04167  0.05    0.44   3.58 C016  4.42 C011  4.95 C014  5.99 C01B
 Q8    1   0.6515  0.3485  0.0000   0.25000  0.05    0.43   2.98 O015^a  4.17 C00N  5.41 C00I  5.51 C00H
 Q9    1   1.0000  1.0000  0.0000   0.04167  0.05    0.43   1.78 C018  4.73 C016  6.67 C01B  7.90 C014
 Q10   1   0.6980  0.3959  0.1500   0.50000  0.05    0.42   2.15 O015^a  2.15 O015^a  3.84 O00F  3.91 C00E
 Q11   1   0.5690  0.5690  0.3562   0.50000  0.05    0.42   1.14 ZR02  1.57 O007  1.97 O006  2.01 O004
 Q12   1   0.6859  0.6161  0.6019   1.00000  0.05    0.42   1.96 C00U  2.51 C00X  3.01 C00O  3.08 O007
 Q13   1   0.6554  0.6554  0.5000   0.25000  0.05    0.40   1.18 C00O  2.58 O007  2.86 C00U  4.17 C00X
 Q14   1   0.6667  0.3333  0.2633   0.16667  0.05    0.38   1.58 O015^a  4.87 C01C^a  4.87 C01C^a  4.97 C00P
 Q15   1   0.6667  0.3333  0.0642   0.16667  0.05    0.37   1.73 O015^a  3.86 O015^a  4.93 C00N  4.93 C00N
 Q16   1   0.6923  0.3077  0.0000   0.25000  0.05    0.37   3.29 O015^a  4.12 C00I  4.50 C00H  4.57 C00N
 Q17   1   0.6647  0.5699  0.5000   0.50000  0.05    0.36   0.69 C00U  1.82 C00S  2.05 C00X  3.24 C00O
 Q18   1   0.4605  0.4226  0.1564   1.00000  0.05    0.36   1.93 C00Z  2.31 O006  2.45 C013^a  2.55 C00Y
 Q19   1   0.6660  0.6410  0.3132   1.00000  0.05    0.35   1.58 O012  2.77 O007  3.28 C00O  3.52 C00O
 Q20   1   0.5797  0.6546  0.0000   0.50000  0.05    0.34   0.73 C00R  1.30 C00Y  2.95 C00Z  3.81 O00L

 Shortest distances between peaks (including symmetry equivalents)

      8  15  1.48      8  16  1.52      2  13  1.60      1   7  1.66     19  19  1.70      8   8  1.78     15  16  2.04
     12  19  2.08     15  15  2.13     12  17  2.31      3  18  2.50     10  16  2.52     10  15  2.56     18  18  2.58
      5  18  2.63      8  16  2.77      4   8  2.77      3  19  2.80      4  10  2.83      4  10  2.83     10  14  2.84
     10  14  2.84     10  14  2.84      6   9  2.84     12  13  2.92      2  11  2.98


 Time profile in seconds
 -----------------------

      0.02: Read and process instructions
      0.00: Fit rigid groups
      0.00: Interpret restraints etc.
      0.00: Generate connectivity array
      0.00: Analyse DFIX and DANG restraints
      0.00: Analyse SAME, SADI and NCSY restraints
      0.00: Generate CHIV restraints
      0.00: Check if bonds in residues restrained
      0.00: Generate DELU and RIGU restraints
      0.00: Generate SIMU restraints
      0.00: Generate ISOR restraints
      0.00: Analyse electron density
      0.00: Analyse other restraints etc.
      0.46: Read intensity data, sort/merge etc.
      0.01: Set up constraints
      0.01: OSF, H-atoms from difference map
      0.02: Set up l.s. refinement
      0.00: Generate idealized H-atoms
      0.06: Structure factors and derivatives
      0.02: Sum l.s. matrices
      0.00: Generate and apply antibumping restraints
      0.00: Apply other restraints
      0.00: Solve l.s. equations
      0.00: Generate HTAB table
      4.38: Other dependent quantities, CIF, tables
      0.01: Analysis of variance
      0.07: Merge reflections for Fourier and .fcf
      0.04: Fourier summations
      0.05: Peaksearch
      0.00: Analyse peaklist

 ** WARNING: These times are only approximate for multiple threads.
             To get better estimates run with -t1 **

   Please cite: G.M. Sheldrick (2015) "Crystal structure refinement with
   SHELXL", Acta Cryst., C71, 3-8 (Open Access) if SHELXL proves useful.

 +++++++++++++++++++++++++++++++++++++++++++++++++++++++++++++++++++++++++++++
 +  job           finished at 19:42:15   Total elapsed time:      5.19 secs  +
 +++++++++++++++++++++++++++++++++++++++++++++++++++++++++++++++++++++++++++++
