Started: 2026-09-22T02:56:52.195858
Command: ["H:\\CrystalPilot-campaigns\\scxrd-agent-eval-20260921\\toolbox\\pyplain\\Scripts\\python.exe", "H:\\CrystalPilot-campaigns\\scxrd-agent-eval-20260921\\arena\\r09_P1N_nu1000\\deliverables\\restrained_refine.py", "--input", "framework_conservative_cv", "--tag", "reproduced_final", "--dispersion", "--hydrogens", "--geometry-strength", "4", "--all-data", "--epochs", "5"]
RESTRAINED reproduced_final epoch 0 parameters 157 fit 4395 restraints 248
{'epoch': 0, 'work': {'n': 4086, 'n_obs': 1891, 'R1_all': 0.26459578013889246, 'R1_obs': 0.17616251318361015, 'wR2': 0.6128629259941196}, 'test': {'n': 309, 'n_obs': 138, 'R1_all': 0.2540085376781767, 'R1_obs': 0.15915048589123076, 'wR2': 0.36517401455980925}, 'cost': 13555.142418024698, 'max_geom_z': 4.789689898244838, 'nfev': 6}
RESTRAINED reproduced_final epoch 1 parameters 157 fit 4395 restraints 248
{'epoch': 1, 'work': {'n': 4086, 'n_obs': 1891, 'R1_all': 0.26456702177690056, 'R1_obs': 0.17620818282081924, 'wR2': 0.6146294298566143}, 'test': {'n': 309, 'n_obs': 138, 'R1_all': 0.2537410572330586, 'R1_obs': 0.15887029175914488, 'wR2': 0.365367928045361}, 'cost': 13492.445843529778, 'max_geom_z': 4.829780461103681, 'nfev': 4}
RESTRAINED reproduced_final epoch 2 parameters 157 fit 4395 restraints 248
{'epoch': 2, 'work': {'n': 4086, 'n_obs': 1891, 'R1_all': 0.26456197538708215, 'R1_obs': 0.17621550212378273, 'wR2': 0.6151531035072141}, 'test': {'n': 309, 'n_obs': 138, 'R1_all': 0.25361682337778835, 'R1_obs': 0.15873898288488886, 'wR2': 0.36541753562285506}, 'cost': 13477.88028464373, 'max_geom_z': 4.837482907176565, 'nfev': 3}
RESTRAINED reproduced_final epoch 3 parameters 157 fit 4395 restraints 248
{'epoch': 3, 'work': {'n': 4086, 'n_obs': 1891, 'R1_all': 0.26455983363831165, 'R1_obs': 0.17621767222405937, 'wR2': 0.6153126693334773}, 'test': {'n': 309, 'n_obs': 138, 'R1_all': 0.25358611168583267, 'R1_obs': 0.15870678222089887, 'wR2': 0.36544088598865676}, 'cost': 13473.755595381619, 'max_geom_z': 4.839448002452151, 'nfev': 3}
RESTRAINED reproduced_final epoch 4 parameters 157 fit 4395 restraints 248
{'epoch': 4, 'work': {'n': 4086, 'n_obs': 1891, 'R1_all': 0.26455889010918754, 'R1_obs': 0.1762182680781635, 'wR2': 0.6153677417980169}, 'test': {'n': 309, 'n_obs': 138, 'R1_all': 0.25357552642706815, 'R1_obs': 0.1586959161273235, 'wR2': 0.3654484049495151}, 'cost': 13472.512955775983, 'max_geom_z': 4.839316643606857, 'nfev': 2}
FINAL reproduced_final {'n': 4395, 'n_obs': 2029, 'R1_all': 0.26380092564978425, 'R1_obs': 0.17502310149937525, 'wR2': 0.6017544447848602} test {'n': 309, 'n_obs': 138, 'R1_all': 0.25357552642706815, 'R1_obs': 0.1586959161273235, 'wR2': 0.3654484049495151} scale 0.049026382804778536 fp -9.73237470978546 fpp2 38.8706317343861
Zr1 [0.544826 0.       0.106177] Ueig [0.06406 0.07144 0.10391]
Zr2 [0.536128 0.072256 0.      ] Ueig [0.05795 0.06079 0.08872]
O1 [0.462882 0.       0.240261] Ueig [0.06562 0.07411 0.22747]
O2 [0.518098 0.036196 0.107136] Ueig [0.06847 0.10029 0.1876 ]
O3 [0.473662 0.036603 0.      ] Ueig [0.072   0.08117 0.20631]
O4 [0.518706 0.105311 0.081147] Ueig [0.0617  0.08202 0.11379]
O5 [0.398717 0.       0.08841 ] Ueig [0.08249 0.08864 0.26761]
O6 [0.466045 0.05921  0.150671] Ueig [0.064   0.09105 0.15394]
C1 [0.495432 0.247716 0.457335] Ueig [0.05575 0.07269 0.25379]
C2 [0.462689 0.144223 0.290403] Ueig [0.06674 0.09048 0.27861]
C3 [0.522938 0.193364 0.223997] Ueig [0.07004 0.11408 0.19102]
C4 [0.461765 0.114653 0.2412  ] Ueig [0.0679  0.09922 0.202  ]
C5 [0.495088 0.216971 0.331147] Ueig [0.06086 0.07835 0.21681]
C6 [0.493637 0.184033 0.282231] Ueig [0.06555 0.07668 0.23055]
C7 [0.495273 0.184789 0.458526] Ueig [0.07994 0.08403 0.25607]
C8 [0.522267 0.16381  0.176211] Ueig [0.05934 0.08671 0.18645]
C9 [0.495233 0.216672 0.415119] Ueig [0.06    0.07929 0.23269]
C10 [0.491856 0.124898 0.185006] Ueig [0.06326 0.08952 0.138  ]
C11 [0.495395 0.247698 0.29038 ] Ueig [0.05762 0.08158 0.22578]
C12 [0.491981 0.094175 0.134124] Ueig [0.06136 0.08423 0.12819]

STDERR:

Exit: 0
