
 ++++++++++++++++++++++++++++++++++++++++++++++++++++++++++++++++++++++
 +  SHELXT  -  CRYSTAL STRUCTURE SOLUTION - VERSION 2018/2            +
 +  Copyright(c)  George M. Sheldrick 2010-2018  All Rights Reserved  +
 +  Started at 19:25:53 on 21 Sep 2026                                +
 ++++++++++++++++++++++++++++++++++++++++++++++++++++++++++++++++++++++

 Command line parameters:  -t4 -d1 job

  4 threads running in parallel

 Unit-cell:  39.190  39.190  16.610   90.00   90.00  120.00

 -a set to extend space group search because atom heavier than Sc expected

 Laue group identified as number 12:   6/mmm                       

  337815 reflections read from file job.hkl

 R(sym) = 0.6842,  R(rim) = 0.6961,  R(pim) = 0.1228

 Highest resln. = 0.691 A. For 1.2>d>1.1, <I/sig> =   5.8 and %(F>4sig) = 98.6
   11289 unique reflections converted to    46260  with d > 1.000 A  in P1

   44132 data added to fill out missing data to  0.800A in P1

 Fourier grid:   144 x 144 x  60:   0.272 x 0.272 x 0.277 A

 Mean |E^2-1|    0kl  1.159    h0l  1.159    hk0  1.139    Rest  0.675
  4714 Reflections with E < 0.380 employed for R(weak)

   40 unique Patterson peaks with heights greater than  18 selected as
 superposition vectors

 Setup:   0.542 secs

  4 threads running in parallel

  Try N(iter)  CC   R(weak)   CHEM    CFOM    best  Sig(min) N(P1) Vol/N
    1   100   87.76  0.1480  0.7957  0.7297  0.7297  2.161   618   35.75
    2   100   86.72  0.1380  0.7043  0.7292  0.7297  2.329   640   34.52
    3   100   87.05  0.1399  0.7446  0.7306  0.7306  2.315   628   35.18
    4   100   88.90  0.1443  0.7199  0.7447  0.7447  2.462   625   35.35
    5   146   87.53  0.1434  0.6846  0.7319  0.7447  2.292   641   34.47
    6   146   87.85  0.1461  0.6247  0.7324  0.7447  2.415   668   33.07
    7   146   87.74  0.1522  0.6940  0.7251  0.7447  2.470   625   35.35
    8   146   86.86  0.1358  0.7365  0.7328  0.7447  2.334   608   36.34
    9   214   87.64  0.1479  0.6237  0.7285  0.7447  2.367   622   35.52
   10   214   87.77  0.1428  0.6495  0.7349  0.7447  2.451   616   35.86
   11   214   87.55  0.1385  0.7070  0.7370  0.7447  2.428   601   36.76
   12   214   88.10  0.1532  0.6114  0.7278  0.7447  2.391   615   35.92

      12 attempts, solution  4 selected with best CFOM = 0.7447, Alpha0 = 0.254

 Structure solution:      15.868 secs

   4 Centrosymmetric and  14 non-centrosymmetric space groups evaluated

 Space group determination:     660.126 secs

   R1  Rweak Alpha SysAbs  Orientation      Space group  Flack_x  File  Formula
 0.352 0.074 0.143 0.00      as input       P6/mmm               job_a  C225 O128 Zr9
 0.297 0.052 0.126 0.00      as input       P6mm          0.47   job_b  C493 O273 Zr18
 0.328 0.051 0.137 0.00      as input       P-6m2         0.43   job_c  C367 O311 Zr18
 0.390 0.067 0.136 0.00      as input       P-62m         0.44   job_d  C695 O258 I18
 0.402 0.071 0.147 0.00      as input       P622          0.49   job_e  C359 O133 Zr9

 Assign elements and isotropic refinement    43.517 secs

  Please cite: G.M. Sheldrick (2015) "SHELXT - Integrated space-group
  and crystal-structure determination", Acta Cryst., A71, 3-8 (Open
  Access) if SHELXT proves useful.

 ++++++++++++++++++++++++++++++++++++++++++++++++++++++++++++++++++
 +  SHELXT finished at 19:37:53    Total time:      720.052 secs  +
 ++++++++++++++++++++++++++++++++++++++++++++++++++++++++++++++++++
